--- stdout ---
{"level":"info","msg":"request","method":"GET","route":"/sign-in","status":200,"elapsed_ms":0,"request_id":"20339252-ee68-45c9-8457-224c37db8bd0","time":"2026-09-17T22:29:11.867Z"}
{"level":"info","msg":"request","method":"POST","route":"/api/auth/login","status":200,"elapsed_ms":57,"request_id":"cb73fe9e-a169-4c26-8935-03dc70340878","time":"2026-09-17T22:29:13.690Z"}
{"level":"info","msg":"request","method":"GET","route":"/account","status":200,"elapsed_ms":5,"request_id":"5b0dcbd7-7342-4fea-a384-dea86b5e3b9c","time":"2026-09-17T22:29:13.699Z"}
{"level":"info","msg":"request","method":"GET","route":"/","status":200,"elapsed_ms":1,"request_id":"e6f16db4-ab6d-4114-80f2-35bb6d2fd4e7","time":"2026-09-17T22:29:14.661Z"}
{"level":"info","msg":"request","method":"GET","route":"/","status":200,"elapsed_ms":2,"request_id":"20a44670-72cc-4927-b643-369f380a1e7b","time":"2026-09-17T22:30:17.669Z"}
{"level":"info","msg":"request","method":"GET","route":"/","status":200,"elapsed_ms":0,"request_id":"887a1933-e83b-462e-8f31-3e0422285b0a","time":"2026-09-17T22:30:25.358Z"}
{"level":"info","msg":"request","method":"GET","route":"/signin","status":404,"elapsed_ms":2,"request_id":"cc7e4b43-1291-48fa-b423-4255f1dc27ad","time":"2026-09-17T22:31:35.100Z"}
{"level":"info","msg":"request","method":"GET","route":"/sign-in","status":200,"elapsed_ms":0,"request_id":"9ffd4f34-b5c9-4dce-8afe-da4e2249cfb9","time":"2026-09-17T22:31:35.578Z"}
{"level":"info","msg":"request","method":"POST","route":"/api/auth/login","status":200,"elapsed_ms":72,"request_id":"f0fe664c-f3c5-453f-83ab-36731e8e1469","time":"2026-09-17T22:31:37.413Z"}
{"level":"info","msg":"request","method":"GET","route":"/account","status":200,"elapsed_ms":13,"request_id":"2211f92e-dbbd-4cbd-a2a7-265e50a0f586","time":"2026-09-17T22:31:37.430Z"}
{"level":"info","msg":"request","method":"GET","route":"/","status":200,"elapsed_ms":1,"request_id":"1f1ba8a4-8d69-4182-bfb8-10ea3bf926c5","time":"2026-09-17T22:31:38.376Z"}
{"level":"info","msg":"request","method":"GET","route":"/","status":200,"elapsed_ms":1,"request_id":"c813a470-0d68-4c40-a814-ec555c424396","time":"2026-09-17T22:31:41.776Z"}
{"level":"info","msg":"request","method":"GET","route":"/","status":200,"elapsed_ms":0,"request_id":"0f10917d-856a-4ea2-a26d-e9f934284eec","time":"2026-09-17T22:31:49.715Z"}
{"level":"info","msg":"request","method":"GET","route":"/signin","status":404,"elapsed_ms":2,"request_id":"6dae0f9a-612f-4534-ae50-e0fb16b2a78d","time":"2026-09-17T22:32:47.079Z"}
{"level":"info","msg":"request","method":"GET","route":"/sign-in","status":200,"elapsed_ms":1,"request_id":"aa81482b-ecd1-46ef-b27b-16ba9fb89dde","time":"2026-09-17T22:32:47.568Z"}
{"level":"info","msg":"request","method":"POST","route":"/api/auth/login","status":200,"elapsed_ms":81,"request_id":"eb71c1a4-3ed7-4ebc-8e15-4c175c38ed49","time":"2026-09-17T22:32:49.416Z"}
{"level":"info","msg":"request","method":"GET","route":"/account","status":200,"elapsed_ms":11,"request_id":"eb1fc126-0fbc-4f1e-8770-932c8e4e45b3","time":"2026-09-17T22:32:49.431Z"}
{"level":"info","msg":"request","method":"GET","route":"/","status":200,"elapsed_ms":3,"request_id":"c782e37e-613c-4164-ae7a-c3af53070746","time":"2026-09-17T22:32:50.399Z"}
{"level":"info","msg":"request","method":"GET","route":"/","status":200,"elapsed_ms":1,"request_id":"cb7f8d30-d9ef-40a7-b7b1-3bd97d386538","time":"2026-09-17T22:32:54.018Z"}
{"level":"info","msg":"request","method":"GET","route":"/shop","status":200,"elapsed_ms":3,"request_id":"ecafafee-3f94-49f6-beb0-be10b574def8","time":"2026-09-17T22:33:00.836Z"}
{"level":"info","msg":"request","method":"GET","route":"/shop","status":200,"elapsed_ms":3,"request_id":"7f5d62b8-c20b-4944-9177-cbdc3c4a6420","time":"2026-09-17T22:33:13.097Z"}
{"level":"info","msg":"request","method":"GET","route":"/signin","status":404,"elapsed_ms":2,"request_id":"eb809fb1-de41-4511-ae03-be68d2501c95","time":"2026-09-17T22:33:45.941Z"}
{"level":"info","msg":"request","method":"GET","route":"/sign-in","status":200,"elapsed_ms":1,"request_id":"37235c4b-af43-4170-bac4-8cad936d8a87","time":"2026-09-17T22:33:46.417Z"}
{"level":"info","msg":"request","method":"POST","route":"/api/auth/login","status":200,"elapsed_ms":80,"request_id":"74d66780-665b-4e00-9b0b-65a5c1b425c9","time":"2026-09-17T22:33:48.270Z"}
{"level":"info","msg":"request","method":"GET","route":"/account","status":200,"elapsed_ms":11,"request_id":"0d161b5f-330a-4914-8de4-99c3ab48a6fa","time":"2026-09-17T22:33:48.285Z"}
{"level":"info","msg":"request","method":"GET","route":"/","status":200,"elapsed_ms":2,"request_id":"4abc769e-7647-457d-9cb9-e2b243e2242a","time":"2026-09-17T22:33:49.220Z"}
{"level":"info","msg":"request","method":"GET","route":"/shop/compact","status":200,"elapsed_ms":3,"request_id":"50b0df11-12a7-432b-9f48-bb50cc9158d9","time":"2026-09-17T22:33:52.638Z"}
{"level":"info","msg":"request","method":"GET","route":"/shop/compact","status":200,"elapsed_ms":5,"request_id":"3c788dc3-82e4-4483-9bc0-2e59ecbadd91","time":"2026-09-17T22:34:04.118Z"}
{"level":"info","msg":"request","method":"GET","route":"/shop/flagship","status":200,"elapsed_ms":21,"request_id":"731747c3-282c-494c-baee-9529935e8648","time":"2026-09-17T22:34:43.256Z"}
{"level":"info","msg":"request","method":"GET","route":"/signin","status":404,"elapsed_ms":2,"request_id":"f793ce54-a537-4bdb-81f1-0bad243425ea","time":"2026-09-17T22:35:26.507Z"}
{"level":"info","msg":"request","method":"GET","route":"/sign-in","status":200,"elapsed_ms":0,"request_id":"e91cbba3-8c06-487a-9cb4-89cd9bc4d648","time":"2026-09-17T22:35:26.993Z"}
{"level":"info","msg":"request","method":"POST","route":"/api/auth/login","status":200,"elapsed_ms":63,"request_id":"cb173a19-32d0-4a65-9f62-c0f9def4e4ba","time":"2026-09-17T22:35:28.824Z"}
{"level":"info","msg":"request","method":"GET","route":"/account","status":200,"elapsed_ms":12,"request_id":"98e0ce9a-d049-4e2e-957f-cc4751af039e","time":"2026-09-17T22:35:28.840Z"}
{"level":"info","msg":"request","method":"GET","route":"/","status":200,"elapsed_ms":1,"request_id":"8cb29a5e-5ec5-47ae-84ed-7d2f067d5593","time":"2026-09-17T22:35:29.797Z"}
{"level":"info","msg":"request","method":"GET","route":"/","status":200,"elapsed_ms":0,"request_id":"1618fd26-a7e0-4394-acc4-00f2756cf311","time":"2026-09-17T22:35:33.150Z"}
{"level":"info","msg":"request","method":"GET","route":"/shop","status":200,"elapsed_ms":3,"request_id":"bad7e5fb-883a-4f71-a241-0353e74a13f9","time":"2026-09-17T22:35:40.326Z"}
{"level":"info","msg":"request","method":"GET","route":"/shop/case","status":200,"elapsed_ms":7,"request_id":"4e90af16-61a4-4c83-bb30-2639838a6037","time":"2026-09-17T22:35:45.244Z"}
{"level":"info","msg":"request","method":"POST","route":"/api/cart/lines","status":200,"elapsed_ms":11,"request_id":"36795ea5-b0b2-497d-8b29-faf2efc27832","time":"2026-09-17T22:35:50.210Z"}
{"level":"info","msg":"request","method":"GET","route":"/cart","status":200,"elapsed_ms":7,"request_id":"e4a45f46-d5b2-4b98-935d-fed83e76d87a","time":"2026-09-17T22:35:56.455Z"}
{"level":"error","msg":"request","method":"PATCH","route":"/api/cart/lines/21","status":500,"elapsed_ms":26,"request_id":"1b7c8d90-1e90-4260-b1c9-a7432d15c0d3","time":"2026-09-17T22:36:18.322Z"}
{"level":"error","msg":"request","method":"PATCH","route":"/api/cart/lines/21","status":500,"elapsed_ms":23,"request_id":"d03b1780-9d8f-4a79-a224-1c7c198da7dd","time":"2026-09-17T22:36:28.823Z"}
{"level":"info","msg":"request","method":"GET","route":"/cart","status":200,"elapsed_ms":27,"request_id":"9014d3d2-78d2-415c-9ed0-ed10d265a113","time":"2026-09-17T22:36:38.662Z"}
{"level":"error","msg":"request","method":"PATCH","route":"/api/cart/lines/21","status":500,"elapsed_ms":13,"request_id":"2df0ee20-303c-4ae3-aad9-1493a9c75bea","time":"2026-09-17T22:36:53.142Z"}
{"level":"info","msg":"request","method":"GET","route":"/cart","status":200,"elapsed_ms":23,"request_id":"91a29b9c-b4a0-41e4-a078-1d990a975223","time":"2026-09-17T22:37:12.410Z"}
{"level":"error","msg":"request","method":"PATCH","route":"/api/cart/lines/21","status":500,"elapsed_ms":20,"request_id":"885b0c16-9403-4921-9c41-0559dc60bf4c","time":"2026-09-17T22:37:21.304Z"}
{"level":"info","msg":"request","method":"GET","route":"/cart","status":200,"elapsed_ms":17,"request_id":"01cbcc73-5ecf-40ce-85ad-29818c0e8fb0","time":"2026-09-17T22:37:43.337Z"}
{"level":"info","msg":"request","method":"GET","route":"/signin","status":404,"elapsed_ms":2,"request_id":"827853ff-d0a1-487c-a7f2-83ed32a3c5c5","time":"2026-09-17T22:38:30.054Z"}
{"level":"info","msg":"request","method":"GET","route":"/sign-in","status":200,"elapsed_ms":1,"request_id":"d4216c23-56d4-487f-be30-0d5dc8d40a35","time":"2026-09-17T22:38:30.525Z"}
{"level":"info","msg":"request","method":"POST","route":"/api/auth/login","status":200,"elapsed_ms":74,"request_id":"58deaa0b-4ab2-4b01-a19f-7bdd75d18b4a","time":"2026-09-17T22:38:32.379Z"}
{"level":"info","msg":"request","method":"GET","route":"/account","status":200,"elapsed_ms":12,"request_id":"6bf42741-19ca-4fec-8824-b3fdfeabc7af","time":"2026-09-17T22:38:32.395Z"}
{"level":"info","msg":"request","method":"GET","route":"/","status":200,"elapsed_ms":1,"request_id":"a0515bd1-3aed-4aeb-bac5-fd864e5dc32e","time":"2026-09-17T22:38:33.325Z"}
{"level":"info","msg":"request","method":"GET","route":"/","status":200,"elapsed_ms":1,"request_id":"48dca62e-8957-4cd0-a28f-b099b6cf9836","time":"2026-09-17T22:38:36.244Z"}
{"level":"info","msg":"request","method":"GET","route":"/shop","status":200,"elapsed_ms":5,"request_id":"432a412d-914b-4f75-8629-e5b2753c7389","time":"2026-09-17T22:38:42.995Z"}
{"level":"info","msg":"request","method":"GET","route":"/shop/mount","status":200,"elapsed_ms":3,"request_id":"b1a14ad9-b359-4c93-821b-4353a1f9a671","time":"2026-09-17T22:38:48.462Z"}
{"level":"info","msg":"request","method":"GET","route":"/signin","status":404,"elapsed_ms":1,"request_id":"8cfd5e91-4021-4c52-8a97-811162330895","time":"2026-09-17T22:38:59.271Z"}
{"level":"info","msg":"request","method":"GET","route":"/sign-in","status":200,"elapsed_ms":1,"request_id":"f7e2aea7-f2a8-4de4-8035-4bd6e0a08ef3","time":"2026-09-17T22:38:59.750Z"}
{"level":"info","msg":"request","method":"POST","route":"/api/auth/login","status":200,"elapsed_ms":53,"request_id":"ff38361d-77be-477a-a230-fb07616377f0","time":"2026-09-17T22:39:01.557Z"}
{"level":"info","msg":"request","method":"GET","route":"/account","status":200,"elapsed_ms":5,"request_id":"f3b61796-49b9-4532-8b5b-5d821878ae08","time":"2026-09-17T22:39:01.565Z"}
{"level":"info","msg":"request","method":"GET","route":"/","status":200,"elapsed_ms":1,"request_id":"6cebc1f5-9ec7-41d8-8791-69d0ef782e18","time":"2026-09-17T22:39:02.529Z"}
{"level":"info","msg":"request","method":"GET","route":"/","status":200,"elapsed_ms":1,"request_id":"fd94cf85-f297-440b-a086-505df89dee34","time":"2026-09-17T22:39:06.372Z"}
{"level":"info","msg":"request","method":"GET","route":"/doctor","status":200,"elapsed_ms":2,"request_id":"127d2897-5f04-4f93-9895-33d845d7f1e6","time":"2026-09-17T22:39:14.120Z"}
{"level":"info","msg":"request","method":"GET","route":"/doctor","status":200,"elapsed_ms":1,"request_id":"0d58743c-0fdf-4545-81ba-4a9fb5e111a2","time":"2026-09-17T22:39:55.516Z"}
{"level":"info","msg":"request","method":"GET","route":"/signin","status":404,"elapsed_ms":4,"request_id":"4caca15b-4c4a-41ac-9793-5cca13c8cdb4","time":"2026-09-17T22:40:35.395Z"}
{"level":"info","msg":"request","method":"GET","route":"/sign-in","status":200,"elapsed_ms":1,"request_id":"62d1225b-e470-4f65-b0f3-848e6dc4a04c","time":"2026-09-17T22:40:35.878Z"}
{"level":"info","msg":"request","method":"POST","route":"/api/auth/login","status":200,"elapsed_ms":66,"request_id":"7158156a-3f1f-40bd-9f5e-d6a0bd454c69","time":"2026-09-17T22:40:37.723Z"}
{"level":"info","msg":"request","method":"GET","route":"/account","status":200,"elapsed_ms":14,"request_id":"4b953978-d718-4d73-b041-a4cd31522279","time":"2026-09-17T22:40:37.740Z"}
{"level":"info","msg":"request","method":"GET","route":"/","status":200,"elapsed_ms":1,"request_id":"c3c36b77-fdfe-4fef-a393-2308a74e8cc7","time":"2026-09-17T22:40:38.685Z"}
{"level":"info","msg":"request","method":"GET","route":"/","status":200,"elapsed_ms":1,"request_id":"5acefcc2-49c6-4f9d-a010-8496fe0aa990","time":"2026-09-17T22:40:42.262Z"}
{"level":"info","msg":"request","method":"GET","route":"/shop","status":200,"elapsed_ms":2,"request_id":"5098875c-3091-49f5-951c-ef9ea63f422c","time":"2026-09-17T22:40:49.741Z"}
{"level":"info","msg":"request","method":"GET","route":"/shop/compact","status":200,"elapsed_ms":5,"request_id":"e83edb13-e29b-42d8-bada-743e3f718f70","time":"2026-09-17T22:40:55.041Z"}
{"level":"info","msg":"request","method":"POST","route":"/api/cart/lines","status":200,"elapsed_ms":7,"request_id":"c6b694c3-0d8c-48cf-8b7b-135d7ded823b","time":"2026-09-17T22:40:59.807Z"}
{"level":"info","msg":"request","method":"GET","route":"/cart","status":200,"elapsed_ms":5,"request_id":"2816a81f-c784-4755-9ae1-01675b03e177","time":"2026-09-17T22:41:04.739Z"}
{"level":"info","msg":"request","method":"GET","route":"/checkout/where-it-goes","status":200,"elapsed_ms":3,"request_id":"93cac2f6-e78e-414e-8342-cc4ed9e83621","time":"2026-09-17T22:41:12.103Z"}
{"level":"info","msg":"request","method":"GET","route":"/cart","status":200,"elapsed_ms":2,"request_id":"e2b7b910-f983-48d7-a8af-7d0fd9dd1a5a","time":"2026-09-17T22:41:30.138Z"}
{"level":"info","msg":"request","method":"GET","route":"/checkout/where-it-goes","status":200,"elapsed_ms":6,"request_id":"d4ef072f-9323-4505-b1d7-0626f10f0f86","time":"2026-09-17T22:41:44.464Z"}
{"level":"info","msg":"request","method":"POST","route":"/api/cart/delivery","status":200,"elapsed_ms":6,"request_id":"d9f4e667-66a8-4c80-b110-fc6c4db441a7","time":"2026-09-17T22:41:54.881Z"}
{"level":"info","msg":"request","method":"GET","route":"/checkout/how-it-gets-there","status":200,"elapsed_ms":2,"request_id":"49e4b32a-e415-45ab-a7d2-17f765a225b7","time":"2026-09-17T22:41:54.889Z"}
{"level":"info","msg":"request","method":"GET","route":"/cart","status":200,"elapsed_ms":7,"request_id":"934d4c03-c371-41a3-9e8e-d1e22b1f8820","time":"2026-09-17T22:42:03.949Z"}
{"level":"info","msg":"request","method":"DELETE","route":"/api/cart/lines/22","status":200,"elapsed_ms":5,"request_id":"696e7479-e95b-4420-b4a0-97addaa9576c","time":"2026-09-17T22:42:16.080Z"}
{"level":"info","msg":"request","method":"GET","route":"/cart","status":200,"elapsed_ms":5,"request_id":"a5b2ddb0-fd07-4294-88c9-74cfc46af027","time":"2026-09-17T22:42:16.092Z"}
{"level":"info","msg":"request","method":"GET","route":"/signin","status":404,"elapsed_ms":1,"request_id":"80beb59c-1124-4a5a-a03a-150f23e64ab8","time":"2026-09-17T22:42:26.866Z"}
{"level":"info","msg":"request","method":"GET","route":"/sign-in","status":200,"elapsed_ms":0,"request_id":"697dafb8-509f-463f-a806-c2d3d4f62b41","time":"2026-09-17T22:42:27.332Z"}
{"level":"info","msg":"request","method":"POST","route":"/api/auth/login","status":200,"elapsed_ms":62,"request_id":"acfd6256-8f0b-451d-b5a9-cef8ed07ff13","time":"2026-09-17T22:42:29.155Z"}
{"level":"info","msg":"request","method":"GET","route":"/account","status":200,"elapsed_ms":18,"request_id":"4e1a8fdc-4ef3-4374-96a8-4b799091cc22","time":"2026-09-17T22:42:29.177Z"}
{"level":"info","msg":"request","method":"GET","route":"/","status":200,"elapsed_ms":2,"request_id":"b67c430c-9112-4a68-aaf0-4cdbe462d773","time":"2026-09-17T22:42:30.125Z"}
{"level":"info","msg":"request","method":"GET","route":"/account/cameras","status":200,"elapsed_ms":4,"request_id":"781aa6a8-d1f5-4922-ace6-259260ceda9f","time":"2026-09-17T22:42:33.439Z"}
{"level":"info","msg":"request","method":"GET","route":"/account/orders","status":200,"elapsed_ms":7,"request_id":"9eaba2c5-3637-4d80-a02d-f7dc3dd9c043","time":"2026-09-17T22:42:39.755Z"}
{"level":"info","msg":"request","method":"POST","route":"/sign-out","status":303,"elapsed_ms":5,"request_id":"cbbed5e8-c01a-422e-a260-37414c21857b","time":"2026-09-17T22:42:45.746Z"}
{"level":"info","msg":"request","method":"GET","route":"/","status":200,"elapsed_ms":1,"request_id":"8db56fd9-5677-40d5-9f6a-539fbbad906d","time":"2026-09-17T22:42:45.750Z"}
{"level":"info","msg":"request","method":"GET","route":"/account/cameras","status":302,"elapsed_ms":0,"request_id":"966e9b69-f2be-4e19-ab86-0b2b67d35f9a","time":"2026-09-17T22:42:54.626Z"}
{"level":"info","msg":"request","method":"GET","route":"/sign-in","status":200,"elapsed_ms":1,"request_id":"e120a6bb-2f8a-48b4-8879-5eebf3d1618b","time":"2026-09-17T22:42:54.629Z"}
{"level":"info","msg":"request","method":"POST","route":"/api/auth/login","status":200,"elapsed_ms":51,"request_id":"e61d003f-f36b-4d40-b648-9f0aa7d07338","time":"2026-09-17T22:43:03.896Z"}
{"level":"info","msg":"request","method":"GET","route":"/account/cameras","status":200,"elapsed_ms":7,"request_id":"0340b806-629f-4801-b894-6a3547297ac0","time":"2026-09-17T22:43:03.908Z"}
{"level":"info","msg":"request","method":"GET","route":"/account/orders","status":200,"elapsed_ms":3,"request_id":"7273b3a3-644f-4609-84b1-baa0ab9ff63a","time":"2026-09-17T22:43:09.064Z"}
{"level":"info","msg":"request","method":"GET","route":"/account/cameras","status":200,"elapsed_ms":7,"request_id":"bf6a59a3-6140-4d08-b248-2c14a62b101e","time":"2026-09-17T22:43:19.828Z"}
{"level":"info","msg":"request","method":"GET","route":"/account/cameras/VA2609NRWB2Z","status":200,"elapsed_ms":6,"request_id":"796a37eb-74df-462f-8296-6acdc67aa00f","time":"2026-09-17T22:43:26.574Z"}
{"level":"info","msg":"request","method":"GET","route":"/account/cameras","status":200,"elapsed_ms":3,"request_id":"a12b7c78-e843-459a-ae5b-722593b984f9","time":"2026-09-17T22:43:40.882Z"}
{"level":"info","msg":"request","method":"GET","route":"/account","status":200,"elapsed_ms":9,"request_id":"c3148e3f-82af-43fa-b981-eb67ab3f4de8","time":"2026-09-17T22:44:04.019Z"}
{"level":"info","msg":"request","method":"GET","route":"/api/account/devices","status":200,"elapsed_ms":2,"request_id":"6db976f6-ee48-4bbc-a774-a67da4946c6f","time":"2026-09-17T22:44:15.111Z"}
{"level":"info","msg":"request","method":"GET","route":"/api/products","status":200,"elapsed_ms":8,"request_id":"a27a0a37-f92f-4956-8114-018a7ae1b36a","time":"2026-09-17T22:44:25.545Z"}
{"level":"info","msg":"request","method":"GET","route":"/api/account/orders","status":200,"elapsed_ms":1,"request_id":"cb9fd708-6ec1-4ec3-b6e1-c7f7c1e0c414","time":"2026-09-17T22:44:25.558Z"}
{"level":"info","msg":"request","method":"GET","route":"/api/devices","status":404,"elapsed_ms":0,"request_id":"e0087b63-3c2c-494b-84ae-c7738c9c3950","time":"2026-09-17T22:44:25.565Z"}
{"level":"info","msg":"request","method":"GET","route":"/api/account","status":404,"elapsed_ms":1,"request_id":"3e1c0667-f8f9-4e5f-8165-c2a33e7962e7","time":"2026-09-17T22:44:25.573Z"}
{"level":"info","msg":"request","method":"GET","route":"/api/account/devices/VA2609NRWB2Z","status":200,"elapsed_ms":6,"request_id":"b71d87ea-6f92-4389-917b-560e52ee9ca6","time":"2026-09-17T22:44:32.791Z"}
{"level":"info","msg":"request","method":"GET","route":"/account/cameras","status":200,"elapsed_ms":13,"request_id":"478fa063-8225-4fec-8c61-9a87a94b1011","time":"2026-09-17T22:45:01.930Z"}
{"level":"info","msg":"request","method":"POST","route":"/api/account/devices","status":404,"elapsed_ms":3,"request_id":"e79cd7bc-833a-4f5a-aaa2-35a5ec2488aa","time":"2026-09-17T22:45:09.865Z"}
{"level":"info","msg":"request","method":"POST","route":"/sign-out","status":303,"elapsed_ms":1,"request_id":"92a7baeb-4326-4533-86d6-77ba3cfda602","time":"2026-09-17T22:45:16.252Z"}
{"level":"info","msg":"request","method":"GET","route":"/","status":200,"elapsed_ms":0,"request_id":"a37de0b2-f4f3-4672-a0c0-62ba1c85a405","time":"2026-09-17T22:45:16.254Z"}
{"level":"info","msg":"request","method":"GET","route":"/sign-in","status":200,"elapsed_ms":1,"request_id":"f52cc894-0a7c-44e1-8b1b-690403b31b15","time":"2026-09-17T22:45:22.864Z"}
{"level":"info","msg":"request","method":"POST","route":"/api/auth/login","status":200,"elapsed_ms":56,"request_id":"9d5abb8a-591d-4626-823e-64cebb067ea4","time":"2026-09-17T22:45:31.849Z"}
{"level":"info","msg":"request","method":"GET","route":"/account/cameras","status":200,"elapsed_ms":10,"request_id":"28ca2075-e31a-4287-a85f-b5b1f6aa9001","time":"2026-09-17T22:45:31.863Z"}
{"level":"info","msg":"request","method":"GET","route":"/api/account/devices","status":200,"elapsed_ms":3,"request_id":"3038add9-706a-4a5d-9297-2f121c0a035e","time":"2026-09-17T22:45:36.389Z"}
{"level":"info","msg":"request","method":"GET","route":"/account/cameras/VA2609KTMHX4","status":200,"elapsed_ms":5,"request_id":"84a418af-73f8-407e-9dcc-bc1f989a8c88","time":"2026-09-17T22:45:39.863Z"}
{"level":"info","msg":"request","method":"GET","route":"/account/cameras/VA2609KTMHX4","status":200,"elapsed_ms":4,"request_id":"ac4e602e-986b-4cf5-ab5d-8fc18abeb8f4","time":"2026-09-17T22:45:42.745Z"}
{"level":"info","msg":"request","method":"GET","route":"/api/account/devices","status":200,"elapsed_ms":8,"request_id":"85660b91-76f0-4efb-b074-778e901cc12f","time":"2026-09-17T22:46:00.841Z"}
{"level":"info","msg":"request","method":"GET","route":"/api/account/devices","status":200,"elapsed_ms":3,"request_id":"be3a9063-2c50-4b00-92ee-5b2c8c3023d4","time":"2026-09-17T22:46:00.857Z"}
{"level":"info","msg":"request","method":"GET","route":"/api/account/devices","status":200,"elapsed_ms":2,"request_id":"8d468186-d618-4a71-8db0-f470c8649bbe","time":"2026-09-17T22:46:00.865Z"}
{"level":"info","msg":"request","method":"GET","route":"/api/orders/VE-2026-0001","status":200,"elapsed_ms":2,"request_id":"09b1444e-9cb8-4bac-879e-b3f973c449be","time":"2026-09-17T22:46:00.873Z"}
{"level":"info","msg":"request","method":"GET","route":"/signin","status":404,"elapsed_ms":1,"request_id":"f05daacd-f813-4c09-b5af-8e49e8721458","time":"2026-09-17T22:46:25.037Z"}
{"level":"info","msg":"request","method":"GET","route":"/sign-in","status":200,"elapsed_ms":1,"request_id":"6b151dd7-b967-45c7-9279-517da192e2f0","time":"2026-09-17T22:46:25.521Z"}
{"level":"info","msg":"request","method":"POST","route":"/api/auth/login","status":200,"elapsed_ms":60,"request_id":"d718ddba-3f94-4d8d-8983-67f463a2eb87","time":"2026-09-17T22:46:27.317Z"}
{"level":"info","msg":"request","method":"GET","route":"/account","status":200,"elapsed_ms":5,"request_id":"0263135b-e5d2-4e9e-9003-a4a55f3a5475","time":"2026-09-17T22:46:27.326Z"}
{"level":"info","msg":"request","method":"GET","route":"/","status":200,"elapsed_ms":1,"request_id":"6ae668a8-ec39-4ffd-a4b9-02e3a815d096","time":"2026-09-17T22:46:28.292Z"}
{"level":"info","msg":"request","method":"GET","route":"/","status":200,"elapsed_ms":1,"request_id":"777ce295-13f4-489e-92e7-e6158936cf31","time":"2026-09-17T22:46:31.866Z"}
{"level":"info","msg":"request","method":"GET","route":"/shop","status":200,"elapsed_ms":2,"request_id":"1936e035-e220-4910-a241-c3d0513d1828","time":"2026-09-17T22:46:39.489Z"}
{"level":"info","msg":"request","method":"GET","route":"/cart","status":200,"elapsed_ms":5,"request_id":"e1570e96-8d5c-4e62-81e3-b4ec3e2fcd74","time":"2026-09-17T22:46:56.880Z"}
{"level":"info","msg":"request","method":"GET","route":"/downloads","status":200,"elapsed_ms":12,"request_id":"7735770c-a0e2-4a25-98a7-7012358a844d","time":"2026-09-17T22:47:13.178Z"}
{"level":"info","msg":"request","method":"GET","route":"/account","status":200,"elapsed_ms":26,"request_id":"75821b8f-2813-4b56-bb5e-47ea10f1bf6a","time":"2026-09-17T22:47:25.096Z"}
{"level":"info","msg":"request","method":"GET","route":"/signin","status":404,"elapsed_ms":1,"request_id":"53e84cae-bf7e-4a52-a85b-e3c822aa99d1","time":"2026-09-17T22:47:44.302Z"}
{"level":"info","msg":"request","method":"GET","route":"/sign-in","status":200,"elapsed_ms":1,"request_id":"db76747f-3156-4535-a1cb-ba07dc9e0693","time":"2026-09-17T22:47:44.781Z"}
{"level":"info","msg":"request","method":"POST","route":"/api/auth/login","status":200,"elapsed_ms":71,"request_id":"6d998fd0-4aa8-4426-8fc0-660c1b8a2592","time":"2026-09-17T22:47:46.642Z"}
{"level":"info","msg":"request","method":"GET","route":"/account","status":200,"elapsed_ms":6,"request_id":"34f9567e-4cba-410c-9cf2-9a4b9315a49c","time":"2026-09-17T22:47:46.652Z"}
{"level":"info","msg":"request","method":"GET","route":"/","status":200,"elapsed_ms":1,"request_id":"ddbe110c-1087-413c-be9f-b431e3d26c82","time":"2026-09-17T22:47:47.590Z"}
{"level":"info","msg":"request","method":"GET","route":"/","status":200,"elapsed_ms":0,"request_id":"11300b90-8a2c-406f-b028-0babc55a4c94","time":"2026-09-17T22:47:50.816Z"}
{"level":"info","msg":"request","method":"GET","route":"/shop","status":200,"elapsed_ms":15,"request_id":"71e61ef2-531d-42f1-85cd-c74f33b331f1","time":"2026-09-17T22:48:27.097Z"}
{"level":"info","msg":"request","method":"GET","route":"/account/cameras","status":200,"elapsed_ms":16,"request_id":"8a565197-352a-4388-80ce-a4827fbb413c","time":"2026-09-17T22:48:47.404Z"}
{"level":"info","msg":"request","method":"GET","route":"/cart","status":200,"elapsed_ms":8,"request_id":"5740d5e8-9148-4623-8766-fc5407fc0347","time":"2026-09-17T22:49:07.281Z"}
{"level":"info","msg":"request","method":"GET","route":"/signin","status":404,"elapsed_ms":1,"request_id":"92d61aad-42d6-4e0c-8c15-3351fd2aeb5b","time":"2026-09-17T22:49:34.179Z"}
{"level":"info","msg":"request","method":"GET","route":"/sign-in","status":200,"elapsed_ms":1,"request_id":"42a0fbe4-c61b-4886-88ff-7f359a5d48de","time":"2026-09-17T22:49:34.655Z"}
{"level":"info","msg":"request","method":"POST","route":"/api/auth/login","status":200,"elapsed_ms":69,"request_id":"564740e1-2523-4c8a-b77a-1b6cc6d871d6","time":"2026-09-17T22:49:36.484Z"}
{"level":"info","msg":"request","method":"GET","route":"/account","status":200,"elapsed_ms":13,"request_id":"6bb2bfc0-2ac2-4e51-9ffd-f7766f8ac13d","time":"2026-09-17T22:49:36.502Z"}
{"level":"info","msg":"request","method":"GET","route":"/","status":200,"elapsed_ms":2,"request_id":"5594473e-4e72-44d1-8fd0-317f8cbd6448","time":"2026-09-17T22:49:37.473Z"}
{"level":"info","msg":"request","method":"GET","route":"/","status":200,"elapsed_ms":1,"request_id":"d59340b4-3c81-4b9e-9420-16ccedd734f3","time":"2026-09-17T22:49:40.559Z"}
{"level":"info","msg":"request","method":"GET","route":"/shop","status":200,"elapsed_ms":4,"request_id":"8e89808d-dff6-46fe-9b4f-26f7a848287f","time":"2026-09-17T22:49:54.912Z"}
{"level":"info","msg":"request","method":"GET","route":"/shop","status":200,"elapsed_ms":3,"request_id":"6bda9399-b912-4dbb-afe2-cab1a0df1869","time":"2026-09-17T22:50:10.116Z"}
{"level":"info","msg":"request","method":"GET","route":"/shop/compact","status":200,"elapsed_ms":7,"request_id":"aefcc046-69c5-4a96-bf9f-fade575fcbc7","time":"2026-09-17T22:50:22.649Z"}
{"level":"info","msg":"request","method":"GET","route":"/cart","status":200,"elapsed_ms":16,"request_id":"c581935d-894e-4457-a32a-6cda8a469953","time":"2026-09-17T22:50:45.758Z"}
{"level":"info","msg":"request","method":"GET","route":"/account/cameras","status":200,"elapsed_ms":28,"request_id":"cca2d622-f0b8-490c-8e15-98fd9f40518b","time":"2026-09-17T22:50:58.269Z"}
{"level":"info","msg":"request","method":"GET","route":"/signin","status":404,"elapsed_ms":1,"request_id":"0a95b07e-1eca-442a-8f76-2ede4ac6550b","time":"2026-09-17T22:51:32.099Z"}
{"level":"info","msg":"request","method":"GET","route":"/sign-in","status":200,"elapsed_ms":0,"request_id":"557d3230-969c-453f-a964-bbb350284d5e","time":"2026-09-17T22:51:32.579Z"}
{"level":"info","msg":"request","method":"POST","route":"/api/auth/login","status":200,"elapsed_ms":67,"request_id":"89cdf2e1-37c8-463a-be81-d137f973db52","time":"2026-09-17T22:51:34.408Z"}
{"level":"info","msg":"request","method":"GET","route":"/account","status":200,"elapsed_ms":11,"request_id":"35aa2b3e-0a30-4dbc-9293-73cac4fad798","time":"2026-09-17T22:51:34.424Z"}
{"level":"info","msg":"request","method":"GET","route":"/","status":200,"elapsed_ms":1,"request_id":"35df1de4-b3e8-4145-8167-d6937f748557","time":"2026-09-17T22:51:35.375Z"}
{"level":"info","msg":"request","method":"GET","route":"/","status":200,"elapsed_ms":1,"request_id":"ef916281-33db-47b4-9d89-7427a69327a8","time":"2026-09-17T22:51:40.308Z"}
{"level":"info","msg":"request","method":"GET","route":"/shop","status":200,"elapsed_ms":3,"request_id":"b5751749-3002-4673-b928-84af21599ae2","time":"2026-09-17T22:51:48.428Z"}
{"level":"info","msg":"request","method":"GET","route":"/sign-in","status":200,"elapsed_ms":2,"request_id":"8c91757c-ef70-4133-96cf-34092a386525","time":"2026-09-17T22:52:30.146Z"}
{"level":"info","msg":"request","method":"POST","route":"/api/auth/login","status":200,"elapsed_ms":61,"request_id":"3e556830-d68a-42f0-b768-c7d393bcfa9c","time":"2026-09-17T22:52:42.507Z"}
{"level":"info","msg":"request","method":"GET","route":"/account","status":200,"elapsed_ms":13,"request_id":"f7fa7f38-540e-4436-965d-069ccc324eb3","time":"2026-09-17T22:52:42.525Z"}
{"level":"info","msg":"request","method":"GET","route":"/shop/compact","status":200,"elapsed_ms":7,"request_id":"59f97bef-8e09-4e63-8220-6f785f7d82d0","time":"2026-09-17T22:52:59.600Z"}
{"level":"info","msg":"request","method":"POST","route":"/api/cart/lines","status":200,"elapsed_ms":8,"request_id":"fdd7d495-c0a9-4e5c-988f-d5d81acdae39","time":"2026-09-17T22:53:24.639Z"}
{"level":"info","msg":"request","method":"GET","route":"/cart","status":200,"elapsed_ms":4,"request_id":"1305a1bb-b630-4b45-aacc-9a806cb97de3","time":"2026-09-17T22:53:34.688Z"}
{"level":"info","msg":"request","method":"GET","route":"/account","status":200,"elapsed_ms":25,"request_id":"273497f2-1196-4de4-a311-b90bbc1771f6","time":"2026-09-17T22:54:10.685Z"}
{"level":"info","msg":"request","method":"GET","route":"/account/cameras/VC2609PVDA7Q","status":200,"elapsed_ms":11,"request_id":"58ddc20d-cf1e-4898-a4a4-8a94d0dcc100","time":"2026-09-17T22:54:26.217Z"}
{"level":"info","msg":"request","method":"GET","route":"/signin","status":404,"elapsed_ms":2,"request_id":"5eddf19a-a1ba-46b5-9116-5f5eae08b9b6","time":"2026-09-17T22:55:35.238Z"}
{"level":"info","msg":"request","method":"GET","route":"/sign-in","status":200,"elapsed_ms":1,"request_id":"117c77d6-e4c2-421a-92b0-aa2a8a98c6e6","time":"2026-09-17T22:55:35.725Z"}
{"level":"info","msg":"request","method":"POST","route":"/api/auth/login","status":200,"elapsed_ms":86,"request_id":"3c461fca-465f-4e97-b1fa-8a33baaf3b56","time":"2026-09-17T22:55:37.597Z"}
{"level":"info","msg":"request","method":"GET","route":"/account","status":200,"elapsed_ms":12,"request_id":"50cf89e0-7e56-4b10-9e2a-d91db619b026","time":"2026-09-17T22:55:37.614Z"}
{"level":"info","msg":"request","method":"GET","route":"/","status":200,"elapsed_ms":2,"request_id":"0d15f212-4af9-4c8c-95ae-d89634fbd616","time":"2026-09-17T22:55:38.546Z"}
{"level":"info","msg":"request","method":"GET","route":"/","status":200,"elapsed_ms":1,"request_id":"663e4f29-4829-488f-b930-5fb9be1d9ae4","time":"2026-09-17T22:55:41.997Z"}
{"level":"info","msg":"request","method":"GET","route":"/account/cameras","status":200,"elapsed_ms":8,"request_id":"20fc697a-59c8-4f4d-a0ca-c62d41e130e0","time":"2026-09-17T22:55:49.366Z"}
{"level":"info","msg":"request","method":"POST","route":"/api/account/devices","status":201,"elapsed_ms":7,"request_id":"c6408ea4-3c43-4832-95c2-5de21664b98a","time":"2026-09-17T22:56:00.699Z"}
{"level":"info","msg":"request","method":"GET","route":"/account/cameras","status":200,"elapsed_ms":4,"request_id":"2e04aeb9-0de1-401c-9294-fba7647fd46e","time":"2026-09-17T22:56:00.708Z"}
{"level":"info","msg":"request","method":"GET","route":"/doctor","status":200,"elapsed_ms":1,"request_id":"9ec7aabd-5453-4cf8-b23f-c0f3d91829b9","time":"2026-09-17T22:56:06.996Z"}
{"level":"info","msg":"request","method":"GET","route":"/api/firmware/manifest","status":200,"elapsed_ms":2,"request_id":"82d99cb0-85f5-4187-89ec-592c4002bdf7","time":"2026-09-17T22:56:16.852Z"}
{"level":"info","msg":"request","method":"GET","route":"/api/devices/VC2609PVDA7Q/summary","status":200,"elapsed_ms":1,"request_id":"ed6cd96c-9708-4d2d-8b07-ae0eb0dc8bb7","time":"2026-09-17T22:56:16.856Z"}
{"level":"info","msg":"request","method":"POST","route":"/api/flash-sessions","status":409,"elapsed_ms":5,"request_id":"92825156-0cfa-4ca0-b2b3-973c020430fc","time":"2026-09-17T22:56:28.930Z"}
{"level":"info","msg":"request","method":"POST","route":"/api/flash-sessions","status":409,"elapsed_ms":4,"request_id":"6c1e5228-99cf-4eb7-a63e-39fcde096268","time":"2026-09-17T22:56:44.493Z"}
{"level":"info","msg":"request","method":"GET","route":"/shop/flagship","status":200,"elapsed_ms":6,"request_id":"5ae968c3-aaba-42aa-8f1b-f7417086153c","time":"2026-09-17T22:56:52.297Z"}
{"level":"info","msg":"request","method":"POST","route":"/api/cart/lines","status":200,"elapsed_ms":11,"request_id":"6ea0bf72-77df-494d-bd6f-715d8f13dbbd","time":"2026-09-17T22:56:59.751Z"}
{"level":"info","msg":"request","method":"GET","route":"/account","status":200,"elapsed_ms":16,"request_id":"edef4bcb-cf48-4fbf-b59a-1c4a7529e738","time":"2026-09-17T22:57:12.291Z"}
{"level":"info","msg":"request","method":"GET","route":"/cart","status":200,"elapsed_ms":5,"request_id":"4871465e-ceae-4ac7-82e1-73e26da9e2f8","time":"2026-09-17T22:57:20.372Z"}
{"level":"info","msg":"request","method":"GET","route":"/account/cameras/VA2609KTMHX4","status":200,"elapsed_ms":9,"request_id":"4ca55e77-b63d-48f7-a1df-1719781f06d7","time":"2026-09-17T22:57:29.579Z"}
{"level":"info","msg":"request","method":"PATCH","route":"/api/account/devices/VA2609KTMHX4","status":200,"elapsed_ms":5,"request_id":"5bf8236b-239e-4e85-be64-085ca9514679","time":"2026-09-17T22:57:38.428Z"}
{"level":"info","msg":"request","method":"GET","route":"/account/cameras/VA2609KTMHX4","status":200,"elapsed_ms":3,"request_id":"9cc06ddb-995e-4f62-bb47-fbda60f8bd54","time":"2026-09-17T22:57:38.436Z"}
{"level":"info","msg":"request","method":"PATCH","route":"/api/account/devices/VA2609KTMHX4","status":200,"elapsed_ms":6,"request_id":"07b1770d-8818-4843-99e8-6af872787651","time":"2026-09-17T22:57:54.323Z"}
{"level":"info","msg":"request","method":"GET","route":"/account/cameras/VA2609KTMHX4","status":200,"elapsed_ms":3,"request_id":"ac191437-8b1b-4ae0-af66-3d61104eaba7","time":"2026-09-17T22:57:54.332Z"}
{"level":"info","msg":"request","method":"GET","route":"/cart","status":200,"elapsed_ms":6,"request_id":"e0a8faf0-8590-4465-a576-54e6d7318601","time":"2026-09-17T22:58:09.674Z"}
{"level":"info","msg":"request","method":"GET","route":"/checkout/where-it-goes","status":200,"elapsed_ms":2,"request_id":"e00c3ab7-ce42-46df-8214-f4b4756ff3e1","time":"2026-09-17T22:58:14.647Z"}
{"level":"info","msg":"request","method":"GET","route":"/doctor","status":200,"elapsed_ms":5,"request_id":"3d26ece4-49f9-466c-ba77-26e72cae538b","time":"2026-09-17T22:58:38.977Z"}
{"level":"info","msg":"request","method":"GET","route":"/shop/flagship","status":200,"elapsed_ms":26,"request_id":"e851f3c0-92a7-4464-8dec-16f962c486d5","time":"2026-09-17T22:59:18.496Z"}
{"level":"info","msg":"request","method":"POST","route":"/api/cart/lines","status":200,"elapsed_ms":6,"request_id":"afb2f8c9-91c7-49ae-90d6-9ea8bca118de","time":"2026-09-17T22:59:34.295Z"}
{"level":"info","msg":"request","method":"GET","route":"/signin","status":404,"elapsed_ms":1,"request_id":"7355d1fc-d3fd-4bb9-9196-3196274fe5d2","time":"2026-09-17T23:00:01.885Z"}
{"level":"info","msg":"request","method":"GET","route":"/sign-in","status":200,"elapsed_ms":0,"request_id":"234f9fbd-1acf-49b8-a1ec-b34af5b7967f","time":"2026-09-17T23:00:02.374Z"}
{"level":"info","msg":"request","method":"POST","route":"/api/auth/login","status":200,"elapsed_ms":62,"request_id":"b4eb1029-df18-4c58-b10b-02588013800a","time":"2026-09-17T23:00:04.191Z"}
{"level":"info","msg":"request","method":"GET","route":"/account","status":200,"elapsed_ms":14,"request_id":"f2591414-c999-4e86-8c47-d3b7319caca7","time":"2026-09-17T23:00:04.210Z"}
{"level":"info","msg":"request","method":"GET","route":"/","status":200,"elapsed_ms":1,"request_id":"69091b9d-a63f-4b05-9584-2e33cc6d5a97","time":"2026-09-17T23:00:05.145Z"}
{"level":"info","msg":"request","method":"GET","route":"/shop","status":200,"elapsed_ms":2,"request_id":"b84b4bc8-575f-4d69-8eac-82289a7d3409","time":"2026-09-17T23:00:13.943Z"}
{"level":"info","msg":"request","method":"GET","route":"/cart","status":200,"elapsed_ms":6,"request_id":"065a9249-38b7-4b44-906b-2656d97d3b94","time":"2026-09-17T23:00:43.783Z"}
{"level":"info","msg":"request","method":"GET","route":"/account","status":200,"elapsed_ms":32,"request_id":"fa9f2335-99f2-45b9-8949-fbb3cb092b55","time":"2026-09-17T23:01:09.487Z"}
{"level":"info","msg":"request","method":"GET","route":"/cart","status":200,"elapsed_ms":15,"request_id":"762b5975-e6f3-457f-930d-7660521596a3","time":"2026-09-17T23:01:46.003Z"}
{"level":"info","msg":"request","method":"GET","route":"/signin","status":404,"elapsed_ms":2,"request_id":"21612c94-38e8-46ba-80ad-9771f131cc7a","time":"2026-09-17T23:02:12.125Z"}
{"level":"info","msg":"request","method":"GET","route":"/sign-in","status":200,"elapsed_ms":1,"request_id":"1ca00a15-b4c0-4d88-8496-15a5b5373432","time":"2026-09-17T23:02:12.612Z"}
{"level":"info","msg":"request","method":"POST","route":"/api/auth/login","status":200,"elapsed_ms":59,"request_id":"dcb67700-bc2b-4291-ab48-9ce538576889","time":"2026-09-17T23:02:14.434Z"}
{"level":"info","msg":"request","method":"GET","route":"/account","status":200,"elapsed_ms":12,"request_id":"c2525721-0374-4023-a488-521d22179f57","time":"2026-09-17T23:02:14.450Z"}
{"level":"info","msg":"request","method":"GET","route":"/","status":200,"elapsed_ms":1,"request_id":"c17860e1-bd23-4fe1-a020-3477e1896044","time":"2026-09-17T23:02:15.406Z"}
{"level":"info","msg":"request","method":"GET","route":"/","status":200,"elapsed_ms":0,"request_id":"b3ab39ef-c2d7-465a-a6f7-7efd6a4498c5","time":"2026-09-17T23:02:21.932Z"}
{"level":"info","msg":"request","method":"GET","route":"/cart","status":200,"elapsed_ms":8,"request_id":"e9f57deb-1c2e-4ec6-898e-94b57a68a329","time":"2026-09-17T23:02:32.739Z"}
{"level":"info","msg":"request","method":"GET","route":"/shop/flagship","status":200,"elapsed_ms":8,"request_id":"eff0d0f1-176a-4954-b415-f2a81966faac","time":"2026-09-17T23:02:43.737Z"}
{"level":"info","msg":"request","method":"POST","route":"/api/cart/lines","status":200,"elapsed_ms":19,"request_id":"8a506765-b724-4af0-9fc9-6228f12c6ebd","time":"2026-09-17T23:02:51.314Z"}
{"level":"info","msg":"request","method":"GET","route":"/cart","status":200,"elapsed_ms":3,"request_id":"5a2bdf6c-3379-4a88-8e55-bdad7d725834","time":"2026-09-17T23:03:08.319Z"}
{"level":"info","msg":"request","method":"GET","route":"/sign-in","status":200,"elapsed_ms":1,"request_id":"aeac1e3a-3087-4890-9096-0d612950e006","time":"2026-09-17T23:03:21.079Z"}
{"level":"info","msg":"request","method":"POST","route":"/api/auth/login","status":200,"elapsed_ms":60,"request_id":"3017fe72-057a-4044-95ff-ed5615515e41","time":"2026-09-17T23:03:38.476Z"}
{"level":"info","msg":"request","method":"GET","route":"/account","status":200,"elapsed_ms":12,"request_id":"268cef67-e944-4d01-ad86-7a995d92243b","time":"2026-09-17T23:03:38.492Z"}
{"level":"info","msg":"request","method":"GET","route":"/cart","status":200,"elapsed_ms":6,"request_id":"a055debf-333f-48e3-a446-aab3e71d1c7c","time":"2026-09-17T23:03:51.344Z"}
{"level":"info","msg":"request","method":"GET","route":"/shop","status":200,"elapsed_ms":6,"request_id":"ab5c9840-23f3-4d0e-ae45-2c704bdfb404","time":"2026-09-17T23:03:59.176Z"}
{"level":"info","msg":"request","method":"GET","route":"/cart","status":200,"elapsed_ms":4,"request_id":"af708b41-149d-4898-8235-3b5f11ccc66f","time":"2026-09-17T23:04:09.080Z"}
{"level":"info","msg":"request","method":"GET","route":"/cart","status":200,"elapsed_ms":3,"request_id":"8aea34b3-a44c-489e-ad44-aaf29012f113","time":"2026-09-17T23:04:15.074Z"}
{"level":"info","msg":"request","method":"GET","route":"/shop/compact","status":200,"elapsed_ms":7,"request_id":"0f7b6b50-d22f-4f5f-8f7c-f8685df94c7f","time":"2026-09-17T23:04:26.382Z"}
{"level":"info","msg":"request","method":"POST","route":"/api/cart/lines","status":200,"elapsed_ms":9,"request_id":"b1b70259-2616-4a58-910f-bdf49dba6bd5","time":"2026-09-17T23:04:45.260Z"}
{"level":"info","msg":"request","method":"GET","route":"/cart","status":200,"elapsed_ms":5,"request_id":"09a3cb81-5c96-4c56-bbb0-4502520efefa","time":"2026-09-17T23:04:48.046Z"}
{"level":"info","msg":"request","method":"GET","route":"/api/cart","status":200,"elapsed_ms":3,"request_id":"fba3e688-4b78-4c5b-9221-b3954a65b54c","time":"2026-09-17T23:05:02.232Z"}
{"level":"info","msg":"request","method":"GET","route":"/admin","status":404,"elapsed_ms":2,"request_id":"6e3d6af9-eb84-467a-a7a4-1be1c6ad2236","time":"2026-09-17T23:05:21.194Z"}
{"level":"info","msg":"request","method":"GET","route":"/account","status":200,"elapsed_ms":32,"request_id":"3dcf51f3-2173-476d-b2d7-9662dd0929f0","time":"2026-09-17T23:05:45.864Z"}
{"level":"info","msg":"request","method":"POST","route":"/sign-out","status":303,"elapsed_ms":2,"request_id":"d21132bb-4543-4b81-a1e5-e2072dca3b73","time":"2026-09-17T23:05:51.449Z"}
{"level":"info","msg":"request","method":"GET","route":"/","status":200,"elapsed_ms":0,"request_id":"a73aa9a1-9ca0-4d77-9a7c-76e2b53848f1","time":"2026-09-17T23:05:51.451Z"}
{"level":"info","msg":"request","method":"GET","route":"/sign-in","status":200,"elapsed_ms":1,"request_id":"e510886c-cfb3-40ab-99c0-62d74dd1f99d","time":"2026-09-17T23:05:59.574Z"}
{"level":"info","msg":"request","method":"POST","route":"/api/auth/login","status":200,"elapsed_ms":66,"request_id":"aa0ace0a-e9c5-4e92-8fc1-a160ad43ef0d","time":"2026-09-17T23:06:09.740Z"}
{"level":"info","msg":"request","method":"GET","route":"/account","status":200,"elapsed_ms":5,"request_id":"8d83ff73-0936-47a0-be53-5ee7ec675705","time":"2026-09-17T23:06:09.750Z"}
{"level":"info","msg":"request","method":"GET","route":"/shop/flagship","status":200,"elapsed_ms":5,"request_id":"0f591d16-9e73-4cc7-bea1-3e6541b800ac","time":"2026-09-17T23:06:11.910Z"}
{"level":"info","msg":"request","method":"GET","route":"/api/products","status":200,"elapsed_ms":4,"request_id":"2990dc7d-3cf5-44ec-beaa-897f2b5a4234","time":"2026-09-17T23:06:23.275Z"}
{"level":"info","msg":"request","method":"GET","route":"/shop/flagship","status":200,"elapsed_ms":4,"request_id":"0c37a878-7943-48f3-8a94-8504cae9ce33","time":"2026-09-17T23:06:40.990Z"}
{"level":"info","msg":"request","method":"POST","route":"/api/cart/lines","status":200,"elapsed_ms":10,"request_id":"4b5fc064-63e9-4765-b63c-44d36b5f8b75","time":"2026-09-17T23:06:45.794Z"}
{"level":"info","msg":"request","method":"GET","route":"/cart","status":200,"elapsed_ms":3,"request_id":"193aec65-8fc4-4c47-a117-ee60306aca01","time":"2026-09-17T23:06:48.986Z"}
{"level":"info","msg":"request","method":"GET","route":"/api/cart","status":200,"elapsed_ms":3,"request_id":"c981c464-5039-47d9-aeb1-80ed9209f36e","time":"2026-09-17T23:06:55.188Z"}
{"level":"info","msg":"request","method":"GET","route":"/sign-in","status":200,"elapsed_ms":1,"request_id":"f10392c0-99aa-4e1f-b2b3-34e769502bbf","time":"2026-09-17T23:06:57.308Z"}
{"level":"info","msg":"request","method":"POST","route":"/api/auth/login","status":200,"elapsed_ms":61,"request_id":"611e5286-13b4-4185-b3ac-e55536ff06cd","time":"2026-09-17T23:07:10.048Z"}
{"level":"info","msg":"request","method":"GET","route":"/account","status":200,"elapsed_ms":14,"request_id":"5c76995c-1df9-45a5-a999-a3666c8a945e","time":"2026-09-17T23:07:10.068Z"}
{"level":"info","msg":"request","method":"GET","route":"/cart","status":200,"elapsed_ms":3,"request_id":"bd2a94b7-4acb-4231-8956-c47fbf79b94b","time":"2026-09-17T23:07:11.858Z"}
{"level":"info","msg":"request","method":"GET","route":"/api/cart/lines/28","status":404,"elapsed_ms":0,"request_id":"1c38c729-a54e-45a9-acfb-acebd2350849","time":"2026-09-17T23:07:16.721Z"}
{"level":"info","msg":"request","method":"GET","route":"/shop/flagship","status":200,"elapsed_ms":7,"request_id":"7c2fd2cd-782a-4d5c-b117-05c49f18b0ed","time":"2026-09-17T23:07:19.754Z"}
{"level":"info","msg":"request","method":"GET","route":"/signin","status":404,"elapsed_ms":0,"request_id":"672852ae-47ba-4578-a647-351d03037276","time":"2026-09-17T23:07:31.022Z"}
{"level":"info","msg":"request","method":"GET","route":"/sign-in","status":200,"elapsed_ms":0,"request_id":"5fa964c4-516e-4432-a583-ea72c7b97bae","time":"2026-09-17T23:07:31.489Z"}
{"level":"info","msg":"request","method":"POST","route":"/api/auth/login","status":200,"elapsed_ms":57,"request_id":"192413f1-a4cd-4dc3-b1c6-fe6adea3ad2f","time":"2026-09-17T23:07:33.314Z"}
{"level":"info","msg":"request","method":"GET","route":"/account","status":200,"elapsed_ms":5,"request_id":"1e4a5776-0f25-4a3e-bedd-ecd21c126988","time":"2026-09-17T23:07:33.322Z"}
{"level":"info","msg":"request","method":"GET","route":"/","status":200,"elapsed_ms":1,"request_id":"adc8c8b6-51c8-425e-b069-63e70cce4775","time":"2026-09-17T23:07:34.298Z"}
{"level":"info","msg":"request","method":"GET","route":"/","status":200,"elapsed_ms":2,"request_id":"da49a836-8aac-4e31-952e-3c6def861323","time":"2026-09-17T23:07:38.906Z"}
{"level":"info","msg":"request","method":"GET","route":"/","status":200,"elapsed_ms":2,"request_id":"4f856238-85d0-480d-bb9f-b93b56db084b","time":"2026-09-17T23:08:02.164Z"}
{"level":"info","msg":"request","method":"GET","route":"/signin","status":404,"elapsed_ms":2,"request_id":"b456531a-d9ad-428b-9a57-97377899fc78","time":"2026-09-17T23:08:54.432Z"}
{"level":"info","msg":"request","method":"GET","route":"/sign-in","status":200,"elapsed_ms":1,"request_id":"56a6d137-a04b-472a-bc3e-82f2e4741713","time":"2026-09-17T23:08:54.911Z"}
{"level":"info","msg":"request","method":"POST","route":"/api/auth/login","status":200,"elapsed_ms":67,"request_id":"fb4d0dd4-04ea-4974-95b6-e956b81a63c2","time":"2026-09-17T23:08:56.764Z"}
{"level":"info","msg":"request","method":"GET","route":"/account","status":200,"elapsed_ms":13,"request_id":"59d82ba5-6d9d-4b0f-a59d-5f1002b8c0ee","time":"2026-09-17T23:08:56.781Z"}
{"level":"info","msg":"request","method":"GET","route":"/","status":200,"elapsed_ms":1,"request_id":"38d6c838-129e-4445-9d35-95235f162bc7","time":"2026-09-17T23:08:57.729Z"}
{"level":"info","msg":"request","method":"GET","route":"/","status":200,"elapsed_ms":0,"request_id":"68979313-0bc0-4bab-9e51-f768591f0ed0","time":"2026-09-17T23:09:02.459Z"}
{"level":"info","msg":"request","method":"GET","route":"/","status":200,"elapsed_ms":1,"request_id":"ff59f3f5-5df8-4ffe-beeb-3f839933c01d","time":"2026-09-17T23:09:10.906Z"}
{"level":"info","msg":"request","method":"GET","route":"/admin","status":404,"elapsed_ms":0,"request_id":"b9a9f804-c31f-43ef-9c67-bd89990c53fb","time":"2026-09-17T23:09:18.290Z"}
{"level":"info","msg":"request","method":"GET","route":"/staff","status":404,"elapsed_ms":0,"request_id":"a8d4dab8-abd6-4e0b-b4d3-e6b3f4ef206e","time":"2026-09-17T23:09:18.298Z"}
{"level":"info","msg":"request","method":"GET","route":"/returns","status":404,"elapsed_ms":0,"request_id":"b3f3edd1-24fd-4125-939d-bde8a3acfd93","time":"2026-09-17T23:09:18.304Z"}
{"level":"info","msg":"request","method":"GET","route":"/rma","status":404,"elapsed_ms":1,"request_id":"0355e60c-419c-4727-9a12-1c34b2fc3394","time":"2026-09-17T23:09:18.311Z"}
{"level":"info","msg":"request","method":"GET","route":"/jobs","status":404,"elapsed_ms":0,"request_id":"cb3477f5-c1aa-4b44-8c0c-577f55b0a012","time":"2026-09-17T23:09:18.317Z"}
{"level":"info","msg":"request","method":"GET","route":"/careers","status":404,"elapsed_ms":1,"request_id":"c377d239-d41a-4892-81ac-59a0fb9268bf","time":"2026-09-17T23:09:18.323Z"}
{"level":"info","msg":"request","method":"GET","route":"/terms","status":404,"elapsed_ms":1,"request_id":"11fa978f-c471-433e-ad50-97bafb66d99b","time":"2026-09-17T23:09:18.329Z"}
{"level":"info","msg":"request","method":"GET","route":"/privacy","status":404,"elapsed_ms":1,"request_id":"b7a34f9d-1119-4ce3-b48a-dc32e145f5b4","time":"2026-09-17T23:09:18.336Z"}
{"level":"info","msg":"request","method":"GET","route":"/legal","status":404,"elapsed_ms":1,"request_id":"d5a34fbd-8865-4775-a038-5c73301fa7de","time":"2026-09-17T23:09:18.343Z"}
{"level":"info","msg":"request","method":"GET","route":"/api/admin","status":404,"elapsed_ms":1,"request_id":"a8700885-5fb8-4888-b5c2-4e4d35868df6","time":"2026-09-17T23:09:25.340Z"}
{"level":"info","msg":"request","method":"GET","route":"/api/staff","status":404,"elapsed_ms":0,"request_id":"91d9226c-9beb-4608-b3ef-d53ef021194d","time":"2026-09-17T23:09:25.346Z"}
{"level":"info","msg":"request","method":"GET","route":"/api/returns","status":404,"elapsed_ms":0,"request_id":"ac14cdd6-770e-43d0-ae71-c6eeee121d13","time":"2026-09-17T23:09:25.351Z"}
{"level":"info","msg":"request","method":"GET","route":"/api/rma","status":404,"elapsed_ms":0,"request_id":"4a46a279-61bc-4269-ab6c-321af30b18b4","time":"2026-09-17T23:09:25.357Z"}
{"level":"info","msg":"request","method":"GET","route":"/api/jobs","status":404,"elapsed_ms":0,"request_id":"010474a0-0671-4ce4-8eb2-a36fa0cf5058","time":"2026-09-17T23:09:25.362Z"}
{"level":"info","msg":"request","method":"GET","route":"/api/careers","status":404,"elapsed_ms":1,"request_id":"93bb7c47-a81f-4525-b890-f1965c03af62","time":"2026-09-17T23:09:25.368Z"}
{"level":"info","msg":"request","method":"GET","route":"/api/legal","status":404,"elapsed_ms":1,"request_id":"6352f252-f25c-4296-9055-eec2ab98447b","time":"2026-09-17T23:09:25.374Z"}
{"level":"info","msg":"request","method":"GET","route":"/api/terms","status":404,"elapsed_ms":0,"request_id":"255c599f-c09f-460a-b696-7900766db6f4","time":"2026-09-17T23:09:25.378Z"}
{"level":"info","msg":"request","method":"GET","route":"/api/privacy","status":404,"elapsed_ms":0,"request_id":"98162131-8122-4e65-9251-fbe090cc558c","time":"2026-09-17T23:09:25.384Z"}
{"level":"info","msg":"request","method":"GET","route":"/sitemap.xml","status":404,"elapsed_ms":1,"request_id":"fe31e130-b2f0-4a12-8de1-8aa364c0020e","time":"2026-09-17T23:09:30.698Z"}
{"level":"info","msg":"request","method":"GET","route":"/robots.txt","status":404,"elapsed_ms":0,"request_id":"0ba45c2a-6066-4283-b98d-ffa72ff47906","time":"2026-09-17T23:09:30.705Z"}
{"level":"info","msg":"request","method":"GET","route":"/account","status":200,"elapsed_ms":20,"request_id":"ca38e551-4238-4cab-9419-430c51ce9d2b","time":"2026-09-17T23:09:30.730Z"}
{"level":"info","msg":"request","method":"GET","route":"/shop","status":200,"elapsed_ms":2,"request_id":"ed0f9810-5968-43eb-b410-16e6e7b16a1f","time":"2026-09-17T23:09:30.738Z"}
{"level":"info","msg":"request","method":"GET","route":"/downloads","status":200,"elapsed_ms":4,"request_id":"ca7705b2-31e6-4188-84b9-a27a167b2d0a","time":"2026-09-17T23:09:30.748Z"}
{"level":"info","msg":"request","method":"GET","route":"/doctor","status":200,"elapsed_ms":0,"request_id":"f31f203e-f55a-438b-a98a-1e9780c2f0b8","time":"2026-09-17T23:09:30.755Z"}
{"level":"info","msg":"request","method":"GET","route":"/admin/login","status":404,"elapsed_ms":0,"request_id":"28bf6794-f80f-4230-b7b3-63b6da2bbf1f","time":"2026-09-17T23:09:38.021Z"}
{"level":"info","msg":"request","method":"GET","route":"/staff/orders","status":404,"elapsed_ms":0,"request_id":"aef81b92-ca65-48b5-b246-33e059b0c814","time":"2026-09-17T23:09:38.027Z"}
{"level":"info","msg":"request","method":"GET","route":"/returns/new","status":404,"elapsed_ms":1,"request_id":"58da3d41-2c1e-4a89-87fe-a0276dde2684","time":"2026-09-17T23:09:38.033Z"}
{"level":"info","msg":"request","method":"GET","route":"/rma/new","status":404,"elapsed_ms":0,"request_id":"cd306185-e197-43cd-8b55-1d05d591cdf8","time":"2026-09-17T23:09:38.038Z"}
{"level":"info","msg":"request","method":"GET","route":"/jobs/example","status":404,"elapsed_ms":0,"request_id":"f29b7f78-7f84-48cd-bec9-e18c29c7bb28","time":"2026-09-17T23:09:38.044Z"}
{"level":"info","msg":"request","method":"GET","route":"/careers/example","status":404,"elapsed_ms":0,"request_id":"225d31a6-14a9-44b5-bf94-b1dcac7f2f84","time":"2026-09-17T23:09:38.050Z"}
{"level":"info","msg":"request","method":"GET","route":"/legal/terms","status":404,"elapsed_ms":1,"request_id":"0667120d-57f1-46ab-8fe8-3ef3eaca7368","time":"2026-09-17T23:09:38.056Z"}
{"level":"info","msg":"request","method":"GET","route":"/legal/privacy","status":404,"elapsed_ms":0,"request_id":"2e30dffd-5aa6-4c25-add3-8e236a3cb145","time":"2026-09-17T23:09:38.061Z"}
{"level":"info","msg":"request","method":"GET","route":"/signin","status":404,"elapsed_ms":1,"request_id":"386792a3-cf49-4d83-a4c1-39bd429e0f36","time":"2026-09-17T23:09:56.386Z"}
{"level":"info","msg":"request","method":"GET","route":"/sign-in","status":200,"elapsed_ms":0,"request_id":"e73d0dff-3f0c-46e2-8829-06b50077638e","time":"2026-09-17T23:09:56.857Z"}
{"level":"info","msg":"request","method":"POST","route":"/api/auth/login","status":200,"elapsed_ms":62,"request_id":"486cd2f4-59f9-4880-801b-f118aeeb02da","time":"2026-09-17T23:09:58.705Z"}
{"level":"info","msg":"request","method":"GET","route":"/account","status":200,"elapsed_ms":5,"request_id":"30baea08-2007-4ef8-952a-d2199eb9828a","time":"2026-09-17T23:09:58.715Z"}
{"level":"info","msg":"request","method":"GET","route":"/","status":200,"elapsed_ms":2,"request_id":"eada6f92-32a1-4c57-a0d0-5c5a844755c9","time":"2026-09-17T23:09:59.686Z"}
{"level":"info","msg":"request","method":"GET","route":"/","status":200,"elapsed_ms":0,"request_id":"ba4eb380-7109-4c33-b706-3dc4bc3af1fe","time":"2026-09-17T23:10:03.200Z"}
{"level":"info","msg":"request","method":"GET","route":"/package.json","status":404,"elapsed_ms":1,"request_id":"627782cf-152c-41b8-b370-4104d5517263","time":"2026-09-17T23:10:06.542Z"}
{"level":"info","msg":"request","method":"GET","route":"/package-lock.json","status":404,"elapsed_ms":1,"request_id":"a8e06283-7a98-40f8-9166-c698e4b1c57d","time":"2026-09-17T23:10:17.206Z"}
{"level":"info","msg":"request","method":"GET","route":"/pnpm-lock.yaml","status":404,"elapsed_ms":0,"request_id":"b53602b8-a9d5-45e4-9a1d-f27a5f98790f","time":"2026-09-17T23:10:17.213Z"}
{"level":"info","msg":"request","method":"GET","route":"/yarn.lock","status":404,"elapsed_ms":0,"request_id":"493c678b-50d4-4fdc-b7d0-5225e1f42327","time":"2026-09-17T23:10:17.219Z"}
{"level":"info","msg":"request","method":"GET","route":"/_astro/hoisted.DQ0KOJQm.js.map","status":404,"elapsed_ms":1,"request_id":"589920a9-6fd0-43d3-a16d-8651f77e64d2","time":"2026-09-17T23:10:17.226Z"}
{"level":"info","msg":"request","method":"GET","route":"/.well-known/appspecific/com.chrome.devtools.json","status":404,"elapsed_ms":1,"request_id":"ed1ff959-54c2-4e60-8afb-b19a571f40ab","time":"2026-09-17T23:10:17.232Z"}
{"level":"info","msg":"request","method":"GET","route":"/","status":200,"elapsed_ms":1,"request_id":"16007172-fefa-48fc-a676-e9b5323c02d8","time":"2026-09-17T23:10:22.403Z"}
{"level":"info","msg":"request","method":"GET","route":"/@fs/package.json","status":404,"elapsed_ms":1,"request_id":"f04376ac-a407-4428-bd37-abaf117b4bbd","time":"2026-09-17T23:10:29.945Z"}
{"level":"info","msg":"request","method":"GET","route":"/@fs/app/package.json","status":404,"elapsed_ms":0,"request_id":"770ed170-6a8f-44fd-93ca-895c5d8f421c","time":"2026-09-17T23:10:29.952Z"}
{"level":"info","msg":"request","method":"GET","route":"/@fs/workspace/package.json","status":404,"elapsed_ms":0,"request_id":"28f37873-12bd-4b82-91ee-6bf351dd4ca3","time":"2026-09-17T23:10:29.958Z"}
{"level":"info","msg":"request","method":"GET","route":"/@fs/home/node/app/package.json","status":404,"elapsed_ms":0,"request_id":"4e4305fb-9629-4b32-8c33-c0a81a4592f2","time":"2026-09-17T23:10:29.964Z"}
{"level":"info","msg":"request","method":"GET","route":"/package.json","status":404,"elapsed_ms":1,"request_id":"a13d3bde-6df7-46e0-9c08-9f88e0fc2717","time":"2026-09-17T23:10:29.970Z"}
{"level":"info","msg":"request","method":"GET","route":"/src/package.json","status":404,"elapsed_ms":0,"request_id":"16e883c0-6817-4f05-8f36-3bada67a3724","time":"2026-09-17T23:10:29.976Z"}
{"level":"info","msg":"request","method":"GET","route":"/signin","status":404,"elapsed_ms":1,"request_id":"624f9cc8-e7a0-419f-8368-13c1f6433f8e","time":"2026-09-17T23:10:39.876Z"}
{"level":"info","msg":"request","method":"GET","route":"/sign-in","status":200,"elapsed_ms":1,"request_id":"eb9ac54e-aba9-4c79-9d14-cdf59de6f543","time":"2026-09-17T23:10:40.350Z"}
{"level":"info","msg":"request","method":"POST","route":"/api/auth/login","status":200,"elapsed_ms":73,"request_id":"65c4f9a9-8894-411f-a2ee-b9bc2ae2421b","time":"2026-09-17T23:10:42.213Z"}
{"level":"info","msg":"request","method":"GET","route":"/account","status":200,"elapsed_ms":13,"request_id":"6e122ee0-deba-408c-bb1b-cc110190aef8","time":"2026-09-17T23:10:42.231Z"}
{"level":"info","msg":"request","method":"GET","route":"/","status":200,"elapsed_ms":1,"request_id":"6e0fe701-582a-414b-857d-cb140462c21e","time":"2026-09-17T23:10:43.171Z"}
{"level":"info","msg":"request","method":"GET","route":"/","status":200,"elapsed_ms":0,"request_id":"84344ff9-1f06-4911-a253-d1a504df3cb8","time":"2026-09-17T23:10:47.624Z"}
{"level":"info","msg":"request","method":"GET","route":"/","status":200,"elapsed_ms":2,"request_id":"d7a54c7b-1ea3-4e73-b108-0fabcc183d2f","time":"2026-09-17T23:11:23.656Z"}
{"level":"info","msg":"request","method":"GET","route":"/shop","status":200,"elapsed_ms":16,"request_id":"d194e5cc-bd4d-45e6-b19b-60c146dc0ea9","time":"2026-09-17T23:11:29.404Z"}
{"level":"info","msg":"request","method":"GET","route":"/shop","status":200,"elapsed_ms":5,"request_id":"235ce81a-b0ca-4084-acdc-04dee0852dcd","time":"2026-09-17T23:11:33.728Z"}
{"level":"info","msg":"request","method":"GET","route":"/shop/flagship","status":200,"elapsed_ms":2,"request_id":"4f0ea146-5af1-452b-8222-b39e26e5ccc5","time":"2026-09-17T23:11:40.259Z"}
{"level":"info","msg":"request","method":"GET","route":"/downloads","status":200,"elapsed_ms":3,"request_id":"73e4240e-3705-4c70-a828-cb3f44e56073","time":"2026-09-17T23:11:40.270Z"}
{"level":"info","msg":"request","method":"GET","route":"/cart","status":200,"elapsed_ms":4,"request_id":"47ada1a0-3f29-4f90-bcec-21468b87b1c1","time":"2026-09-17T23:11:40.280Z"}
{"level":"info","msg":"request","method":"GET","route":"/account/cameras","status":200,"elapsed_ms":8,"request_id":"7bf2f091-70b8-430e-87f0-c62e2bc0ca2c","time":"2026-09-17T23:11:40.295Z"}
{"level":"info","msg":"request","method":"GET","route":"/doctor","status":200,"elapsed_ms":2,"request_id":"d86fb8cc-2be6-4001-878a-5cb1893edaed","time":"2026-09-17T23:11:40.303Z"}
{"level":"info","msg":"request","method":"GET","route":"/shop/case","status":200,"elapsed_ms":7,"request_id":"e5202f6e-62a9-44fe-a3ad-fe511f335259","time":"2026-09-17T23:11:54.678Z"}
{"level":"info","msg":"request","method":"POST","route":"/api/cart/lines","status":200,"elapsed_ms":9,"request_id":"60a77635-c6af-496b-b391-f383eb7b8e57","time":"2026-09-17T23:12:01.916Z"}
{"level":"info","msg":"request","method":"GET","route":"/cart","status":200,"elapsed_ms":5,"request_id":"f5d4e690-4ccf-4316-9cd9-b197cdbff323","time":"2026-09-17T23:12:06.547Z"}
{"level":"info","msg":"request","method":"GET","route":"/checkout/where-it-goes","status":200,"elapsed_ms":5,"request_id":"9d659284-73f4-45fa-b4bb-94495296c84b","time":"2026-09-17T23:12:13.346Z"}
{"level":"info","msg":"request","method":"GET","route":"/checkout/where-it-goes","status":200,"elapsed_ms":4,"request_id":"4dec84ab-0f8c-4730-944c-681f9917816a","time":"2026-09-17T23:12:20.136Z"}
{"level":"info","msg":"request","method":"POST","route":"/api/cart/delivery","status":200,"elapsed_ms":6,"request_id":"07c40729-d410-451f-a9a5-ce985b634430","time":"2026-09-17T23:12:48.046Z"}
{"level":"info","msg":"request","method":"GET","route":"/checkout/how-it-gets-there","status":200,"elapsed_ms":2,"request_id":"e22a3c42-1320-4416-9aa8-23d459e4f925","time":"2026-09-17T23:12:48.052Z"}
{"level":"info","msg":"request","method":"GET","route":"/checkout/how-it-gets-there","status":200,"elapsed_ms":6,"request_id":"9b78187a-30e5-4c85-ac6c-f838e25fc4bc","time":"2026-09-17T23:13:00.133Z"}
{"level":"info","msg":"request","method":"GET","route":"/account/orders","status":200,"elapsed_ms":25,"request_id":"9cb2e9fe-ace9-4e0a-919c-fe769a8df0bd","time":"2026-09-17T23:13:08.501Z"}
{"level":"info","msg":"request","method":"GET","route":"/account","status":200,"elapsed_ms":16,"request_id":"b84c013c-7729-4374-a697-fea4e7dbb11d","time":"2026-09-17T23:13:08.528Z"}
{"level":"info","msg":"request","method":"POST","route":"/api/cart/delivery","status":200,"elapsed_ms":7,"request_id":"aaf113e7-92fc-4f74-b691-f0c279cd71e0","time":"2026-09-17T23:13:16.360Z"}
{"level":"info","msg":"request","method":"POST","route":"/api/cart/delivery","status":200,"elapsed_ms":8,"request_id":"10407630-7f82-41f0-85da-b8186acb9eaa","time":"2026-09-17T23:13:19.022Z"}
{"level":"info","msg":"request","method":"GET","route":"/checkout/payment","status":200,"elapsed_ms":2,"request_id":"05c40d30-f2a0-40d8-b9fd-d90b9881da15","time":"2026-09-17T23:13:19.041Z"}
{"level":"info","msg":"request","method":"GET","route":"/checkout/payment","status":200,"elapsed_ms":5,"request_id":"a31b411c-6d6b-4637-954f-3bae66035903","time":"2026-09-17T23:13:27.698Z"}
{"level":"info","msg":"request","method":"POST","route":"/api/orders","status":201,"elapsed_ms":318,"request_id":"bedb2743-272e-4e43-aa33-bfacf4420064","time":"2026-09-17T23:13:36.788Z"}
{"level":"info","msg":"request","method":"GET","route":"/orders/VE-2026-0013","status":200,"elapsed_ms":4,"request_id":"31a36b38-7c81-4895-af88-f1d9efffe314","time":"2026-09-17T23:13:36.796Z"}
{"level":"info","msg":"request","method":"GET","route":"/orders/VE-2026-0013","status":200,"elapsed_ms":12,"request_id":"af406ce2-bcb7-4def-8b6d-b31ea46738a2","time":"2026-09-17T23:13:55.465Z"}
{"level":"info","msg":"request","method":"GET","route":"/signin","status":404,"elapsed_ms":1,"request_id":"47b6598e-a85d-45fb-b61a-25c282dad207","time":"2026-09-17T23:14:13.325Z"}
{"level":"info","msg":"request","method":"GET","route":"/sign-in","status":200,"elapsed_ms":1,"request_id":"ff8aadd6-e7cb-4a23-a4c5-dad1c6d52cf6","time":"2026-09-17T23:14:13.822Z"}
{"level":"info","msg":"request","method":"POST","route":"/api/auth/login","status":200,"elapsed_ms":74,"request_id":"5e3c6671-33bf-4dd5-98c9-e95add29500a","time":"2026-09-17T23:14:15.669Z"}
{"level":"info","msg":"request","method":"GET","route":"/account","status":200,"elapsed_ms":14,"request_id":"d253ca11-6ec1-4799-af5c-ededb1be6271","time":"2026-09-17T23:14:15.687Z"}
{"level":"info","msg":"request","method":"GET","route":"/","status":200,"elapsed_ms":2,"request_id":"35154190-3caa-4af5-b38a-dc13f6acf41a","time":"2026-09-17T23:14:16.634Z"}
{"level":"info","msg":"request","method":"GET","route":"/","status":200,"elapsed_ms":0,"request_id":"6ac863df-709e-4dbb-a97c-e9f0d479399c","time":"2026-09-17T23:14:20.365Z"}
{"level":"info","msg":"request","method":"GET","route":"/","status":200,"elapsed_ms":2,"request_id":"a1b366ad-e3f6-46ab-9085-c80662712c21","time":"2026-09-17T23:14:29.704Z"}
{"level":"info","msg":"request","method":"GET","route":"/account","status":200,"elapsed_ms":6,"request_id":"1f84d071-e157-4bd3-8f0d-ba44c45d28dd","time":"2026-09-17T23:14:29.720Z"}
{"level":"info","msg":"request","method":"GET","route":"/downloads","status":200,"elapsed_ms":3,"request_id":"15afa240-e0bc-4cee-bf6d-6d4cac919847","time":"2026-09-17T23:14:29.731Z"}
{"level":"info","msg":"request","method":"GET","route":"/shop","status":200,"elapsed_ms":3,"request_id":"ac547ee6-739b-463e-9b8a-87a661575aeb","time":"2026-09-17T23:14:34.487Z"}
{"level":"info","msg":"request","method":"GET","route":"/shop","status":200,"elapsed_ms":3,"request_id":"4993a68f-2b0c-4a28-b0a6-c0fd38e98edf","time":"2026-09-17T23:14:40.586Z"}
{"level":"info","msg":"request","method":"GET","route":"/account","status":200,"elapsed_ms":12,"request_id":"21f2c518-ef6d-4f00-9bad-4194f3093e3d","time":"2026-09-17T23:14:54.363Z"}
{"level":"info","msg":"request","method":"GET","route":"/doctor","status":200,"elapsed_ms":6,"request_id":"e6877b0b-66e5-49da-98cd-3edf47518c59","time":"2026-09-17T23:15:04.743Z"}
{"level":"info","msg":"request","method":"GET","route":"/doctor","status":200,"elapsed_ms":1,"request_id":"4c13688c-3fee-4a6f-b8cf-71edc9212d3c","time":"2026-09-17T23:15:18.030Z"}
{"level":"info","msg":"request","method":"GET","route":"/cart","status":200,"elapsed_ms":7,"request_id":"70d57a79-c100-4ddd-9f8b-4d09c0337cdc","time":"2026-09-17T23:15:18.050Z"}
{"level":"info","msg":"request","method":"GET","route":"/sign-in","status":200,"elapsed_ms":0,"request_id":"d27442ee-0035-4cc5-bd3e-1135d0f78f54","time":"2026-09-17T23:15:18.059Z"}
{"level":"info","msg":"request","method":"GET","route":"/shop/case","status":200,"elapsed_ms":9,"request_id":"8b0e5e9d-3f3f-48dd-a5ae-eded72bb71b8","time":"2026-09-17T23:15:22.229Z"}
{"level":"info","msg":"request","method":"POST","route":"/api/cart/lines","status":200,"elapsed_ms":5,"request_id":"bbc6ec7f-c891-4fc9-9915-085e388e14ba","time":"2026-09-17T23:15:30.380Z"}
{"level":"info","msg":"request","method":"GET","route":"/cart","status":200,"elapsed_ms":4,"request_id":"907be30e-6139-4644-8c8c-37b8a067d803","time":"2026-09-17T23:15:46.144Z"}
{"level":"info","msg":"request","method":"GET","route":"/checkout/where-it-goes","status":200,"elapsed_ms":7,"request_id":"9cbfa5dd-cb5b-4e62-ac87-7843caa90c60","time":"2026-09-17T23:16:00.889Z"}
{"level":"info","msg":"request","method":"GET","route":"/shop/case","status":200,"elapsed_ms":5,"request_id":"a746fc43-b1f6-436b-a402-b44af81a7e9f","time":"2026-09-17T23:16:10.102Z"}
{"level":"info","msg":"request","method":"GET","route":"/signin","status":404,"elapsed_ms":1,"request_id":"f8ace778-f2d4-479b-b494-2c0265638f7e","time":"2026-09-17T23:16:32.064Z"}
{"level":"info","msg":"request","method":"GET","route":"/sign-in","status":200,"elapsed_ms":0,"request_id":"5c77cb5f-e50d-4bc6-ab01-d05b46e8d920","time":"2026-09-17T23:16:32.552Z"}
{"level":"info","msg":"request","method":"POST","route":"/api/auth/login","status":200,"elapsed_ms":84,"request_id":"01c22199-39a5-46dd-b47f-7703841ae4a2","time":"2026-09-17T23:16:34.433Z"}
{"level":"info","msg":"request","method":"GET","route":"/account","status":200,"elapsed_ms":14,"request_id":"51a0e3d4-2be0-415e-b5c3-36fbeb26bbbf","time":"2026-09-17T23:16:34.454Z"}
{"level":"info","msg":"request","method":"GET","route":"/","status":200,"elapsed_ms":0,"request_id":"51d1f225-610c-4c36-9bcc-022aa2c45594","time":"2026-09-17T23:16:35.365Z"}
{"level":"info","msg":"request","method":"GET","route":"/","status":200,"elapsed_ms":1,"request_id":"dae15508-b45b-477e-ae3c-fd916fcbb915","time":"2026-09-17T23:16:38.518Z"}
{"level":"info","msg":"request","method":"GET","route":"/","status":200,"elapsed_ms":2,"request_id":"6db75c93-b117-49be-9b6c-dc3323a4fffa","time":"2026-09-17T23:16:45.161Z"}
{"level":"info","msg":"request","method":"GET","route":"/shop/compact","status":200,"elapsed_ms":4,"request_id":"3c4d2494-ebef-47b3-bcb2-6d3acb7b026d","time":"2026-09-17T23:16:48.261Z"}
{"level":"info","msg":"request","method":"GET","route":"/shop/compact","status":200,"elapsed_ms":4,"request_id":"39afd1c8-222f-4c79-bf9b-de4f0b841d69","time":"2026-09-17T23:16:56.403Z"}
{"level":"info","msg":"request","method":"POST","route":"/api/cart/lines","status":200,"elapsed_ms":9,"request_id":"bc84edcb-d4bd-4fe6-b1b3-4847bc465942","time":"2026-09-17T23:17:02.204Z"}
{"level":"info","msg":"request","method":"GET","route":"/cart","status":200,"elapsed_ms":8,"request_id":"09f42e1e-09be-473e-91b0-c7547f5c20e1","time":"2026-09-17T23:17:09.436Z"}
{"level":"info","msg":"request","method":"GET","route":"/cart","status":200,"elapsed_ms":5,"request_id":"ff918f3b-cf57-461e-8389-f8e85c8b835b","time":"2026-09-17T23:17:14.232Z"}
{"level":"info","msg":"request","method":"GET","route":"/checkout/where-it-goes","status":200,"elapsed_ms":3,"request_id":"101df5a9-d3df-4f7f-83ba-7f8ea1acebbc","time":"2026-09-17T23:17:20.637Z"}
{"level":"info","msg":"request","method":"POST","route":"/api/cart/delivery","status":200,"elapsed_ms":5,"request_id":"011fdf37-aa2d-4953-ba1f-e0c422100351","time":"2026-09-17T23:17:32.200Z"}
{"level":"info","msg":"request","method":"GET","route":"/checkout/how-it-gets-there","status":200,"elapsed_ms":2,"request_id":"3b942964-689d-43f2-89bf-d148b46db456","time":"2026-09-17T23:17:32.206Z"}
{"level":"info","msg":"request","method":"GET","route":"/checkout/how-it-gets-there","status":200,"elapsed_ms":3,"request_id":"35fa0b3d-81bd-4229-88d1-e1781abe33b0","time":"2026-09-17T23:17:38.135Z"}
{"level":"info","msg":"request","method":"POST","route":"/api/cart/delivery","status":200,"elapsed_ms":6,"request_id":"870ca65f-e4ee-47b3-9913-e36c4f2a0e74","time":"2026-09-17T23:17:42.734Z"}
{"level":"info","msg":"request","method":"POST","route":"/api/cart/delivery","status":200,"elapsed_ms":7,"request_id":"e19cb29c-b359-4009-b4a7-242009a8f968","time":"2026-09-17T23:17:44.917Z"}
{"level":"info","msg":"request","method":"GET","route":"/checkout/payment","status":200,"elapsed_ms":3,"request_id":"346cc178-fc31-45a2-af18-5a790aef36e1","time":"2026-09-17T23:17:44.925Z"}
{"level":"info","msg":"request","method":"GET","route":"/checkout/payment","status":200,"elapsed_ms":6,"request_id":"f612f38d-7833-49f0-a895-915b90705965","time":"2026-09-17T23:17:52.295Z"}
{"level":"info","msg":"request","method":"POST","route":"/api/orders","status":201,"elapsed_ms":350,"request_id":"150c722c-f062-4e29-bee7-d713e674ce26","time":"2026-09-17T23:17:59.326Z"}
{"level":"info","msg":"request","method":"GET","route":"/orders/VE-2026-0014","status":200,"elapsed_ms":4,"request_id":"5d314e0b-91ea-4929-837f-f9bf8002812a","time":"2026-09-17T23:17:59.336Z"}
{"level":"info","msg":"request","method":"GET","route":"/orders/VE-2026-0014","status":200,"elapsed_ms":10,"request_id":"ceb6f606-2245-4131-a70c-f9a30b8f653d","time":"2026-09-17T23:18:20.834Z"}
{"level":"info","msg":"request","method":"GET","route":"/api/cart","status":200,"elapsed_ms":5,"request_id":"8a02ccbd-fdc4-4c65-a209-6b170e1f508b","time":"2026-09-17T23:18:25.476Z"}
{"level":"info","msg":"request","method":"GET","route":"/api/cart/lines","status":404,"elapsed_ms":0,"request_id":"68d86dbd-055f-4c07-8e02-dbd4c16b6dae","time":"2026-09-17T23:18:25.485Z"}
{"level":"info","msg":"request","method":"GET","route":"/account/orders/VE-2026-0014","status":200,"elapsed_ms":4,"request_id":"e1e2d7d1-a2d0-44c3-abe2-b39bc22b1da4","time":"2026-09-17T23:18:25.496Z"}
{"level":"info","msg":"request","method":"GET","route":"/cart","status":200,"elapsed_ms":4,"request_id":"962bc4e1-511b-4097-afc3-10421dde4647","time":"2026-09-17T23:18:32.913Z"}
{"level":"info","msg":"request","method":"POST","route":"/api/cart/protection","status":200,"elapsed_ms":12,"request_id":"8c071098-9d5a-4bd4-949f-00b53bc56a8e","time":"2026-09-17T23:18:43.755Z"}
{"level":"info","msg":"request","method":"GET","route":"/cart","status":200,"elapsed_ms":2,"request_id":"4a1e6eca-e841-428c-8f8c-7b2e0263e6b4","time":"2026-09-17T23:18:43.764Z"}
{"level":"info","msg":"request","method":"GET","route":"/api/cart","status":200,"elapsed_ms":3,"request_id":"90dab18c-9f47-467a-9af5-ff254282083c","time":"2026-09-17T23:18:58.802Z"}
{"level":"info","msg":"request","method":"POST","route":"/api/cart/protection","status":200,"elapsed_ms":7,"request_id":"41c638be-a861-4d6e-bf3b-a7c6b861a515","time":"2026-09-17T23:19:08.559Z"}
{"level":"info","msg":"request","method":"GET","route":"/cart","status":200,"elapsed_ms":2,"request_id":"13314c36-9e63-493d-a906-a3a5b07479a5","time":"2026-09-17T23:19:08.567Z"}
{"level":"info","msg":"request","method":"GET","route":"/signin","status":404,"elapsed_ms":1,"request_id":"f3d86b9c-5bad-4898-a114-dfcee42dad98","time":"2026-09-17T23:19:29.323Z"}
{"level":"info","msg":"request","method":"GET","route":"/sign-in","status":200,"elapsed_ms":1,"request_id":"35ddad13-c38e-465b-bf96-09e726ef99b4","time":"2026-09-17T23:19:29.811Z"}
{"level":"info","msg":"request","method":"POST","route":"/api/auth/login","status":200,"elapsed_ms":57,"request_id":"396d3f2f-1b2d-48b4-8b37-aa8408332406","time":"2026-09-17T23:19:31.622Z"}
{"level":"info","msg":"request","method":"GET","route":"/account","status":200,"elapsed_ms":14,"request_id":"f2a70b52-66e0-4060-b911-e0c07ae1b532","time":"2026-09-17T23:19:31.639Z"}
{"level":"info","msg":"request","method":"GET","route":"/","status":200,"elapsed_ms":2,"request_id":"c0c67468-0443-4ae4-9e71-30371ca04f46","time":"2026-09-17T23:19:32.601Z"}
{"level":"info","msg":"request","method":"GET","route":"/","status":200,"elapsed_ms":1,"request_id":"a8ab2a01-5fc1-4353-bae8-37bd24d963f1","time":"2026-09-17T23:19:36.704Z"}
{"level":"info","msg":"request","method":"GET","route":"/account/cameras","status":200,"elapsed_ms":5,"request_id":"1e68eec8-c807-46be-9907-ed12e5baf6dc","time":"2026-09-17T23:19:49.461Z"}
{"level":"info","msg":"request","method":"GET","route":"/account/cameras","status":200,"elapsed_ms":2,"request_id":"a7f3d719-3a11-4e3d-81f9-7b2928730c33","time":"2026-09-17T23:19:52.765Z"}
{"level":"info","msg":"request","method":"GET","route":"/account","status":200,"elapsed_ms":9,"request_id":"e1d8d66c-a3d5-4dbf-9c24-f0d03f835044","time":"2026-09-17T23:20:04.350Z"}
{"level":"info","msg":"request","method":"GET","route":"/account/orders","status":200,"elapsed_ms":13,"request_id":"a4af9aad-1864-48bf-8ef4-9e1c31261ac8","time":"2026-09-17T23:20:04.374Z"}
{"level":"info","msg":"request","method":"GET","route":"/api/account/devices","status":200,"elapsed_ms":3,"request_id":"0956932b-509b-4d08-b55d-fbebba8a1ad8","time":"2026-09-17T23:20:04.384Z"}
{"level":"info","msg":"request","method":"GET","route":"/api/account/orders","status":200,"elapsed_ms":2,"request_id":"a8860158-624f-424e-8c83-8d82168e1c04","time":"2026-09-17T23:20:04.393Z"}
{"level":"info","msg":"request","method":"GET","route":"/account/orders/VE-2026-0001","status":200,"elapsed_ms":7,"request_id":"298b7c13-7305-45e9-a958-b129a0424dfc","time":"2026-09-17T23:20:09.872Z"}
{"level":"info","msg":"request","method":"GET","route":"/api/account/orders/VE-2026-0001","status":200,"elapsed_ms":2,"request_id":"3b31d270-df8d-4caa-a004-f17da0f3cfd4","time":"2026-09-17T23:20:16.478Z"}
{"level":"info","msg":"request","method":"GET","route":"/api/account/orders/VE-2026-0002","status":404,"elapsed_ms":1,"request_id":"2c3142a4-d08a-435d-9bbc-69ffd744f402","time":"2026-09-17T23:20:16.485Z"}
{"level":"info","msg":"request","method":"GET","route":"/account/orders/VE-2026-0002","status":302,"elapsed_ms":1,"request_id":"e513640b-8369-4ca5-bd15-2beef1e4d9dd","time":"2026-09-17T23:20:16.491Z"}
{"level":"info","msg":"request","method":"GET","route":"/404","status":404,"elapsed_ms":0,"request_id":"08497900-3ff3-48a5-ba26-9e68b0c3b79a","time":"2026-09-17T23:20:16.494Z"}
{"level":"info","msg":"request","method":"GET","route":"/account/cameras/VC2609PVDA7Q","status":200,"elapsed_ms":2,"request_id":"21482e5b-4a3a-44df-8e85-37b6820a06bd","time":"2026-09-17T23:20:16.502Z"}
{"level":"info","msg":"request","method":"POST","route":"/sign-out","status":303,"elapsed_ms":3,"request_id":"72d268c0-15a3-45e2-88d5-678a83bb0b1d","time":"2026-09-17T23:20:23.627Z"}
{"level":"info","msg":"request","method":"GET","route":"/","status":200,"elapsed_ms":1,"request_id":"f65354e6-5070-479f-a134-c6ac06961db6","time":"2026-09-17T23:20:23.631Z"}
{"level":"info","msg":"request","method":"GET","route":"/sign-in","status":200,"elapsed_ms":1,"request_id":"b4bb20ef-a9e1-4aa1-a972-7a1ba82fb90c","time":"2026-09-17T23:20:37.447Z"}
{"level":"info","msg":"request","method":"POST","route":"/api/auth/login","status":200,"elapsed_ms":72,"request_id":"0c8798b7-1964-45a3-b872-e45eed39f88f","time":"2026-09-17T23:20:49.109Z"}
{"level":"info","msg":"request","method":"GET","route":"/account","status":200,"elapsed_ms":4,"request_id":"b5027afe-4209-49af-98e8-53cc48ae39a4","time":"2026-09-17T23:20:49.119Z"}
{"level":"info","msg":"request","method":"GET","route":"/api/account/orders","status":200,"elapsed_ms":5,"request_id":"c63bcfe1-3779-483c-9d7d-7dc531a105ad","time":"2026-09-17T23:20:59.181Z"}
{"level":"info","msg":"request","method":"GET","route":"/api/account/devices","status":200,"elapsed_ms":2,"request_id":"2c9bf88c-23d4-4e0f-b294-a8a46524845a","time":"2026-09-17T23:20:59.196Z"}
{"level":"info","msg":"request","method":"GET","route":"/api/account/orders/VE-2026-0001","status":404,"elapsed_ms":1,"request_id":"ec5796ba-a819-41b3-954a-d1e7ecd29405","time":"2026-09-17T23:20:59.203Z"}
{"level":"info","msg":"request","method":"GET","route":"/account/orders/VE-2026-0001","status":302,"elapsed_ms":2,"request_id":"3f13015e-8424-4c86-b0a8-cf5b4bcb95fe","time":"2026-09-17T23:20:59.209Z"}
{"level":"info","msg":"request","method":"GET","route":"/404","status":404,"elapsed_ms":0,"request_id":"5cbe08b8-9888-479b-8bd0-90811eadf6c0","time":"2026-09-17T23:20:59.211Z"}
{"level":"info","msg":"request","method":"GET","route":"/account/cameras/VC2609PVDA7Q","status":302,"elapsed_ms":1,"request_id":"559eddeb-b55d-48ae-82aa-12c5403b81df","time":"2026-09-17T23:20:59.218Z"}
{"level":"info","msg":"request","method":"GET","route":"/404","status":404,"elapsed_ms":0,"request_id":"e175b50b-c4b0-4f94-b587-cf7d366003f8","time":"2026-09-17T23:20:59.220Z"}
{"level":"info","msg":"request","method":"GET","route":"/account","status":200,"elapsed_ms":3,"request_id":"95ba29f2-fd26-4c88-8820-b04a696ea1d1","time":"2026-09-17T23:20:59.228Z"}
{"level":"info","msg":"request","method":"GET","route":"/signin","status":404,"elapsed_ms":1,"request_id":"ea089c8d-3e7b-474e-9659-0bf6bd9834d4","time":"2026-09-17T23:21:18.347Z"}
{"level":"info","msg":"request","method":"GET","route":"/sign-in","status":200,"elapsed_ms":2,"request_id":"5af95410-363a-40c8-ab79-cb6fc38f5fb9","time":"2026-09-17T23:21:18.846Z"}
{"level":"info","msg":"request","method":"POST","route":"/api/auth/login","status":200,"elapsed_ms":57,"request_id":"6aac0c0d-996a-4f56-a0b9-fa234a483dd2","time":"2026-09-17T23:21:20.669Z"}
{"level":"info","msg":"request","method":"GET","route":"/account","status":200,"elapsed_ms":13,"request_id":"b230b132-963c-49f9-b880-f95b2b4e3ea8","time":"2026-09-17T23:21:20.686Z"}
{"level":"info","msg":"request","method":"GET","route":"/","status":200,"elapsed_ms":1,"request_id":"f0f6dde6-2b73-4aac-935e-16c7fbf5f0ed","time":"2026-09-17T23:21:21.637Z"}
{"level":"info","msg":"request","method":"GET","route":"/","status":200,"elapsed_ms":0,"request_id":"cb65f02b-05b3-4d37-ba8d-b81fa47f36fd","time":"2026-09-17T23:21:25.898Z"}
{"level":"info","msg":"request","method":"GET","route":"/","status":200,"elapsed_ms":0,"request_id":"9cb3ec3f-743a-4a0d-9870-5a08c4a20cd1","time":"2026-09-17T23:21:37.496Z"}
{"level":"info","msg":"request","method":"GET","route":"/shop","status":200,"elapsed_ms":3,"request_id":"4e565ba9-62d4-423c-9a83-93a0d1ac7c99","time":"2026-09-17T23:21:40.179Z"}
{"level":"info","msg":"request","method":"GET","route":"/shop","status":200,"elapsed_ms":6,"request_id":"7ff5c09d-b06f-40ce-b2c3-0c5c7d724000","time":"2026-09-17T23:21:51.160Z"}
{"level":"info","msg":"request","method":"GET","route":"/downloads","status":200,"elapsed_ms":13,"request_id":"be406ee8-6739-49bf-a3ba-4f6b0c925b25","time":"2026-09-17T23:21:56.142Z"}
{"level":"info","msg":"request","method":"GET","route":"/doctor","status":200,"elapsed_ms":1,"request_id":"37301c47-3381-4df3-b660-6d6eb45d47cc","time":"2026-09-17T23:21:56.160Z"}
{"level":"info","msg":"request","method":"GET","route":"/sign-in","status":200,"elapsed_ms":0,"request_id":"03e34f51-7db2-498e-b25c-60153403c5e5","time":"2026-09-17T23:21:56.167Z"}
{"level":"info","msg":"request","method":"GET","route":"/account","status":200,"elapsed_ms":13,"request_id":"6353a47e-da29-4761-a6f5-320db953d49f","time":"2026-09-17T23:21:56.188Z"}
{"level":"info","msg":"request","method":"GET","route":"/robots.txt","status":404,"elapsed_ms":4,"request_id":"904dd6a0-bb4d-45c8-a341-1c3e7c246547","time":"2026-09-17T23:22:04.942Z"}
{"level":"info","msg":"request","method":"GET","route":"/sitemap.xml","status":404,"elapsed_ms":1,"request_id":"c2bade1d-a706-4ddf-83fd-b6306cc865bc","time":"2026-09-17T23:22:04.952Z"}
{"level":"info","msg":"request","method":"GET","route":"/api","status":404,"elapsed_ms":0,"request_id":"910cb6cb-d5f2-4b23-8a0e-c38057e7f3a6","time":"2026-09-17T23:22:04.959Z"}
{"level":"info","msg":"request","method":"GET","route":"/api/firmware/manifest","status":200,"elapsed_ms":5,"request_id":"8056a6f6-69e7-414a-baac-caee6b61cbae","time":"2026-09-17T23:22:14.433Z"}
{"level":"info","msg":"request","method":"GET","route":"/api/firmware/manifest","status":200,"elapsed_ms":2,"request_id":"30c69be6-e64a-42f5-b08c-604d9172b4c1","time":"2026-09-17T23:22:14.444Z"}
{"level":"info","msg":"request","method":"GET","route":"/api/devices/VC2609PVDA7Q/summary","status":200,"elapsed_ms":1,"request_id":"e568b149-dfa1-402f-b6de-5b312eb52216","time":"2026-09-17T23:22:14.452Z"}
{"level":"info","msg":"request","method":"GET","route":"/api/devices/VA2609KTMHX4/summary","status":200,"elapsed_ms":1,"request_id":"696f546f-aa0e-483a-b002-9e341402747e","time":"2026-09-17T23:22:14.459Z"}
{"level":"info","msg":"request","method":"GET","route":"/account/cameras","status":200,"elapsed_ms":3,"request_id":"0b9e9a20-8a8b-4fa3-8e8c-2ab5728a8b14","time":"2026-09-17T23:22:14.467Z"}
{"level":"info","msg":"request","method":"GET","route":"/account","status":200,"elapsed_ms":8,"request_id":"2389cabf-ac6f-41b2-969b-346d2224fb0c","time":"2026-09-17T23:22:21.991Z"}
{"level":"info","msg":"request","method":"GET","route":"/src/lib/db.ts","status":404,"elapsed_ms":2,"request_id":"13acb48d-cad9-4d33-a1d7-811ce92a3ae0","time":"2026-09-17T23:22:33.706Z"}
{"level":"info","msg":"request","method":"GET","route":"/src/lib/seed.ts","status":404,"elapsed_ms":1,"request_id":"7e7bb754-cbf1-4d43-ba82-57e7142547f5","time":"2026-09-17T23:22:33.716Z"}
{"level":"info","msg":"request","method":"GET","route":"/src/db/seed.ts","status":404,"elapsed_ms":1,"request_id":"5cde5b3b-12d1-4bb7-9821-6e2ceb85d3c1","time":"2026-09-17T23:22:33.723Z"}
{"level":"info","msg":"request","method":"GET","route":"/seed.ts","status":404,"elapsed_ms":0,"request_id":"a1569bd2-10ac-4d90-8c79-1d4cf70d4497","time":"2026-09-17T23:22:33.728Z"}
{"level":"info","msg":"request","method":"GET","route":"/api/health","status":200,"elapsed_ms":0,"request_id":"678f6deb-6808-4e98-bbd7-1b5fe456607e","time":"2026-09-17T23:22:33.734Z"}
{"level":"info","msg":"request","method":"POST","route":"/sign-out","status":303,"elapsed_ms":3,"request_id":"43033da7-9ba4-42bc-a51a-191363ff758f","time":"2026-09-17T23:22:38.594Z"}
{"level":"info","msg":"request","method":"GET","route":"/","status":200,"elapsed_ms":0,"request_id":"64fd0b1e-14a4-413f-98e6-93a3d2bd9dd3","time":"2026-09-17T23:22:38.597Z"}
{"level":"info","msg":"request","method":"GET","route":"/sign-in","status":200,"elapsed_ms":2,"request_id":"83bb555a-9f5f-493d-9f40-7b17c154369a","time":"2026-09-17T23:22:56.774Z"}
{"level":"info","msg":"request","method":"POST","route":"/api/auth/login","status":200,"elapsed_ms":73,"request_id":"23144372-36f5-4f43-af15-841cd37c3e8f","time":"2026-09-17T23:23:10.840Z"}
{"level":"info","msg":"request","method":"GET","route":"/account","status":200,"elapsed_ms":6,"request_id":"6bfe059b-f2fc-4a56-a7e6-75a52d07a1e7","time":"2026-09-17T23:23:10.851Z"}
{"level":"info","msg":"request","method":"GET","route":"/account/cameras","status":200,"elapsed_ms":5,"request_id":"7ae9987b-095d-4e02-a691-68b2e4301e2d","time":"2026-09-17T23:23:24.657Z"}
{"level":"info","msg":"request","method":"GET","route":"/api/devices/VA2609NRWB2Z/summary","status":200,"elapsed_ms":1,"request_id":"f84f56fb-6534-49cb-8a25-aee54e9100e4","time":"2026-09-17T23:23:24.670Z"}
{"level":"info","msg":"request","method":"GET","route":"/api/devices/VC2609PVDA7Q/summary","status":200,"elapsed_ms":1,"request_id":"b13119cb-2a18-47e4-a519-09d0eff93c44","time":"2026-09-17T23:23:24.679Z"}
{"level":"info","msg":"request","method":"GET","route":"/api/devices","status":404,"elapsed_ms":1,"request_id":"f503d92f-0ba0-4ff1-baa0-392d613b7e63","time":"2026-09-17T23:23:31.139Z"}
{"level":"info","msg":"request","method":"GET","route":"/api/firmware/manifest","status":400,"elapsed_ms":1,"request_id":"91011b18-917d-4847-b1d4-415a47e9707c","time":"2026-09-17T23:23:31.149Z"}
{"level":"info","msg":"request","method":"GET","route":"/shop/flagship","status":200,"elapsed_ms":3,"request_id":"17e36f87-4155-48d8-825f-02dd02ef05f0","time":"2026-09-17T23:23:31.159Z"}
{"level":"info","msg":"request","method":"GET","route":"/shop/cable","status":200,"elapsed_ms":2,"request_id":"64a931ab-09bf-4801-95c6-c4fb4aedef51","time":"2026-09-17T23:23:31.169Z"}
{"level":"info","msg":"request","method":"GET","route":"/cart","status":200,"elapsed_ms":4,"request_id":"84cc94cc-dee8-4db3-b5fe-6be1016637f5","time":"2026-09-17T23:23:31.179Z"}
{"level":"info","msg":"request","method":"GET","route":"/signin","status":404,"elapsed_ms":2,"request_id":"2ad9e156-426c-4b61-8f91-c533b9d141ea","time":"2026-09-17T23:23:48.174Z"}
{"level":"info","msg":"request","method":"GET","route":"/sign-in","status":200,"elapsed_ms":0,"request_id":"4bbc74b4-e0d2-4e74-ae05-63f1d78d705c","time":"2026-09-17T23:23:48.680Z"}
{"level":"info","msg":"request","method":"POST","route":"/api/auth/login","status":200,"elapsed_ms":56,"request_id":"8ad8f4c6-c890-47c8-8a47-acb217f35ecf","time":"2026-09-17T23:23:50.535Z"}
{"level":"info","msg":"request","method":"GET","route":"/account","status":200,"elapsed_ms":14,"request_id":"db0183ef-32fe-4f14-a4b6-2c2c620428be","time":"2026-09-17T23:23:50.555Z"}
{"level":"info","msg":"request","method":"GET","route":"/","status":200,"elapsed_ms":2,"request_id":"155f27d2-5fa5-47b1-a0a0-3a21014ba504","time":"2026-09-17T23:23:51.514Z"}
{"level":"info","msg":"request","method":"GET","route":"/","status":200,"elapsed_ms":1,"request_id":"507d2ed7-3e36-41f4-8958-5846e19dab21","time":"2026-09-17T23:23:54.535Z"}
{"level":"info","msg":"request","method":"GET","route":"/","status":200,"elapsed_ms":0,"request_id":"34cf3ded-f09c-4dcc-b0bc-cf7202df59dd","time":"2026-09-17T23:24:02.144Z"}
{"level":"info","msg":"request","method":"GET","route":"/shop","status":200,"elapsed_ms":3,"request_id":"a56f06e0-db8f-42f2-b05c-7ce2b9d29a4f","time":"2026-09-17T23:24:18.842Z"}
{"level":"info","msg":"request","method":"GET","route":"/shop","status":200,"elapsed_ms":5,"request_id":"c9f02e32-bb43-4b9c-8f70-650bae3dc39b","time":"2026-09-17T23:24:23.923Z"}
{"level":"info","msg":"request","method":"GET","route":"/package.json","status":404,"elapsed_ms":1,"request_id":"9ab81968-2964-43ab-b86d-4d7050f4de7b","time":"2026-09-17T23:24:32.806Z"}
{"level":"info","msg":"request","method":"GET","route":"/src/config.ts","status":404,"elapsed_ms":0,"request_id":"5d8653fe-d334-4681-b198-a05653c99ac1","time":"2026-09-17T23:24:32.816Z"}
{"level":"info","msg":"request","method":"GET","route":"/src/config.js","status":404,"elapsed_ms":0,"request_id":"e1063f5d-9139-442d-b6e5-79ce20c89c0e","time":"2026-09-17T23:24:32.822Z"}
{"level":"info","msg":"request","method":"GET","route":"/server/config.ts","status":404,"elapsed_ms":0,"request_id":"18db4005-52e5-4276-853a-c50dd06de423","time":"2026-09-17T23:24:32.828Z"}
{"level":"info","msg":"request","method":"GET","route":"/api/config","status":404,"elapsed_ms":0,"request_id":"db99a25e-ff66-494d-91df-a3c58f872a40","time":"2026-09-17T23:24:32.835Z"}
{"level":"info","msg":"request","method":"GET","route":"/_astro/hoisted.DQ0KOJQm.js.map","status":404,"elapsed_ms":3,"request_id":"d764efb7-640d-47b6-aeae-378fa3fc2e87","time":"2026-09-17T23:24:39.889Z"}
{"level":"info","msg":"request","method":"GET","route":"/scripts/letter.js.map","status":404,"elapsed_ms":1,"request_id":"c8bd242f-f684-4d14-98de-2c0798843880","time":"2026-09-17T23:24:39.903Z"}
{"level":"info","msg":"request","method":"GET","route":"/robots.txt","status":404,"elapsed_ms":1,"request_id":"b0021092-dac8-467c-9b64-6a598cea5ce3","time":"2026-09-17T23:24:39.913Z"}
{"level":"info","msg":"request","method":"GET","route":"/.well-known/appspecific/com.chrome.devtools.json","status":404,"elapsed_ms":1,"request_id":"495186ce-513f-4f35-bba9-5f8147f6121e","time":"2026-09-17T23:24:39.920Z"}
{"level":"info","msg":"request","method":"GET","route":"/_astro/manifest.json","status":404,"elapsed_ms":1,"request_id":"c522a488-61fe-4ba8-b24a-e11ec80b4bf2","time":"2026-09-17T23:24:39.928Z"}
{"level":"info","msg":"request","method":"GET","route":"/signin","status":404,"elapsed_ms":1,"request_id":"aa68a130-f742-48e7-99c4-935a01bec90e","time":"2026-09-17T23:25:00.472Z"}
{"level":"info","msg":"request","method":"GET","route":"/sign-in","status":200,"elapsed_ms":1,"request_id":"a58ae116-c720-4396-ac3d-080eb4c9bec8","time":"2026-09-17T23:25:00.973Z"}
{"level":"info","msg":"request","method":"POST","route":"/api/auth/login","status":200,"elapsed_ms":75,"request_id":"afb5a2b3-c1e9-4fad-bd82-067680cc98df","time":"2026-09-17T23:25:02.827Z"}
{"level":"info","msg":"request","method":"GET","route":"/account","status":200,"elapsed_ms":11,"request_id":"8d6dea41-1af5-4b7f-af25-812596774b62","time":"2026-09-17T23:25:02.842Z"}
{"level":"info","msg":"request","method":"GET","route":"/","status":200,"elapsed_ms":1,"request_id":"441f7c7f-1798-494e-be87-7a6b58c8eae7","time":"2026-09-17T23:25:03.775Z"}
{"level":"info","msg":"request","method":"GET","route":"/","status":200,"elapsed_ms":0,"request_id":"88b95e91-0a50-4c52-9c3a-cdb7fbb61149","time":"2026-09-17T23:25:10.313Z"}
{"level":"info","msg":"request","method":"GET","route":"/shop","status":200,"elapsed_ms":6,"request_id":"79df683f-fabb-4f6b-a27d-f851bc953847","time":"2026-09-17T23:25:21.647Z"}
{"level":"info","msg":"request","method":"GET","route":"/downloads","status":200,"elapsed_ms":7,"request_id":"b1e76d00-7c8e-4163-aa39-54b9c46734ba","time":"2026-09-17T23:25:28.849Z"}
{"level":"info","msg":"request","method":"GET","route":"/downloads","status":200,"elapsed_ms":7,"request_id":"676a704f-0f42-48eb-853f-b172f059417e","time":"2026-09-17T23:25:39.346Z"}
{"level":"info","msg":"request","method":"GET","route":"/downloads/1.4.3","status":200,"elapsed_ms":4,"request_id":"74a536fe-132c-43eb-85cc-95fc964c2cfc","time":"2026-09-17T23:25:42.941Z"}
{"level":"info","msg":"request","method":"GET","route":"/downloads/1.4.3","status":200,"elapsed_ms":2,"request_id":"782e8c8d-a5ba-47fd-b812-fd5f8d23155e","time":"2026-09-17T23:25:48.503Z"}
{"level":"info","msg":"request","method":"GET","route":"/_astro/hoisted.JI1xUt9x.js.map","status":404,"elapsed_ms":1,"request_id":"796585a2-4700-4a1d-b767-9b76459e5efa","time":"2026-09-17T23:25:55.602Z"}
{"level":"info","msg":"request","method":"GET","route":"/_astro/hoisted.DQ0KOJQm.js.map","status":404,"elapsed_ms":0,"request_id":"afd0e981-9ff1-4e82-9534-433d6e8045c1","time":"2026-09-17T23:25:55.609Z"}

--- stderr ---
{"level":"error","msg":"api_error","error":"missing FROM-clause entry for table \"v\"","stack":"error: missing FROM-clause entry for table \"v\"\n    at /app/node_modules/pg-pool/index.js:45:11\n    at process.processTicksAndRejections (node:internal/process/task_queues:95:5)\n    at async guardedQuery (file:///app/dist/server/chunks/pool_DifDkjYx.mjs:23:12)\n    at async setLineQuantity (file:///app/dist/server/chunks/cart_CB9dsG5b.mjs:209:16)\n    at async file:///app/dist/server/_astro-internal_middleware.mjs:200:7\n    at async dispatch (file:///app/node_modules/hono/dist/compose.js:22:17)\n    at async file:///app/dist/server/_astro-internal_middleware.mjs:20:5\n    at async dispatch (file:///app/node_modules/hono/dist/compose.js:22:17)\n    at async file:///app/node_modules/hono/dist/hono-base.js:308:25\n    at async file:///app/dist/server/_astro-internal_middleware.mjs:1020:21","request_id":"3da72167-9ce3-4aab-9b3d-2f4d29338b3c","time":"2026-09-17T22:36:18.308Z"}
{"level":"error","msg":"api_error","error":"missing FROM-clause entry for table \"v\"","stack":"error: missing FROM-clause entry for table \"v\"\n    at /app/node_modules/pg-pool/index.js:45:11\n    at process.processTicksAndRejections (node:internal/process/task_queues:95:5)\n    at async guardedQuery (file:///app/dist/server/chunks/pool_DifDkjYx.mjs:23:12)\n    at async setLineQuantity (file:///app/dist/server/chunks/cart_CB9dsG5b.mjs:209:16)\n    at async file:///app/dist/server/_astro-internal_middleware.mjs:200:7\n    at async dispatch (file:///app/node_modules/hono/dist/compose.js:22:17)\n    at async file:///app/dist/server/_astro-internal_middleware.mjs:20:5\n    at async dispatch (file:///app/node_modules/hono/dist/compose.js:22:17)\n    at async file:///app/node_modules/hono/dist/hono-base.js:308:25\n    at async file:///app/dist/server/_astro-internal_middleware.mjs:1029:23","request_id":"53c8f4f6-a3fb-407f-ad21-81d0248aee5f","time":"2026-09-17T22:36:18.322Z"}
{"level":"error","msg":"api_error","error":"missing FROM-clause entry for table \"v\"","stack":"error: missing FROM-clause entry for table \"v\"\n    at /app/node_modules/pg-pool/index.js:45:11\n    at process.processTicksAndRejections (node:internal/process/task_queues:95:5)\n    at async guardedQuery (file:///app/dist/server/chunks/pool_DifDkjYx.mjs:23:12)\n    at async setLineQuantity (file:///app/dist/server/chunks/cart_CB9dsG5b.mjs:209:16)\n    at async file:///app/dist/server/_astro-internal_middleware.mjs:200:7\n    at async dispatch (file:///app/node_modules/hono/dist/compose.js:22:17)\n    at async file:///app/dist/server/_astro-internal_middleware.mjs:20:5\n    at async dispatch (file:///app/node_modules/hono/dist/compose.js:22:17)\n    at async file:///app/node_modules/hono/dist/hono-base.js:308:25\n    at async file:///app/dist/server/_astro-internal_middleware.mjs:1020:21","request_id":"e5b9c888-6547-4e4a-9f3b-bb83d2bd57bc","time":"2026-09-17T22:36:28.814Z"}
{"level":"error","msg":"api_error","error":"missing FROM-clause entry for table \"v\"","stack":"error: missing FROM-clause entry for table \"v\"\n    at /app/node_modules/pg-pool/index.js:45:11\n    at process.processTicksAndRejections (node:internal/process/task_queues:95:5)\n    at async guardedQuery (file:///app/dist/server/chunks/pool_DifDkjYx.mjs:23:12)\n    at async setLineQuantity (file:///app/dist/server/chunks/cart_CB9dsG5b.mjs:209:16)\n    at async file:///app/dist/server/_astro-internal_middleware.mjs:200:7\n    at async dispatch (file:///app/node_modules/hono/dist/compose.js:22:17)\n    at async file:///app/dist/server/_astro-internal_middleware.mjs:20:5\n    at async dispatch (file:///app/node_modules/hono/dist/compose.js:22:17)\n    at async file:///app/node_modules/hono/dist/hono-base.js:308:25\n    at async file:///app/dist/server/_astro-internal_middleware.mjs:1029:23","request_id":"6537ab51-b866-4379-8f66-b2f3bd50cb2b","time":"2026-09-17T22:36:28.823Z"}
{"level":"error","msg":"api_error","error":"missing FROM-clause entry for table \"v\"","stack":"error: missing FROM-clause entry for table \"v\"\n    at /app/node_modules/pg-pool/index.js:45:11\n    at process.processTicksAndRejections (node:internal/process/task_queues:95:5)\n    at async guardedQuery (file:///app/dist/server/chunks/pool_DifDkjYx.mjs:23:12)\n    at async setLineQuantity (file:///app/dist/server/chunks/cart_CB9dsG5b.mjs:209:16)\n    at async file:///app/dist/server/_astro-internal_middleware.mjs:200:7\n    at async dispatch (file:///app/node_modules/hono/dist/compose.js:22:17)\n    at async file:///app/dist/server/_astro-internal_middleware.mjs:20:5\n    at async dispatch (file:///app/node_modules/hono/dist/compose.js:22:17)\n    at async file:///app/node_modules/hono/dist/hono-base.js:308:25\n    at async file:///app/dist/server/_astro-internal_middleware.mjs:1020:21","request_id":"ce0a0785-a6a9-4fd5-8b56-ce5a28870f0a","time":"2026-09-17T22:36:53.131Z"}
{"level":"error","msg":"api_error","error":"missing FROM-clause entry for table \"v\"","stack":"error: missing FROM-clause entry for table \"v\"\n    at /app/node_modules/pg-pool/index.js:45:11\n    at process.processTicksAndRejections (node:internal/process/task_queues:95:5)\n    at async guardedQuery (file:///app/dist/server/chunks/pool_DifDkjYx.mjs:23:12)\n    at async setLineQuantity (file:///app/dist/server/chunks/cart_CB9dsG5b.mjs:209:16)\n    at async file:///app/dist/server/_astro-internal_middleware.mjs:200:7\n    at async dispatch (file:///app/node_modules/hono/dist/compose.js:22:17)\n    at async file:///app/dist/server/_astro-internal_middleware.mjs:20:5\n    at async dispatch (file:///app/node_modules/hono/dist/compose.js:22:17)\n    at async file:///app/node_modules/hono/dist/hono-base.js:308:25\n    at async file:///app/dist/server/_astro-internal_middleware.mjs:1029:23","request_id":"6e6281c8-8732-4f02-8fb9-2e7556afe29e","time":"2026-09-17T22:36:53.141Z"}
{"level":"error","msg":"api_error","error":"missing FROM-clause entry for table \"v\"","stack":"error: missing FROM-clause entry for table \"v\"\n    at /app/node_modules/pg-pool/index.js:45:11\n    at process.processTicksAndRejections (node:internal/process/task_queues:95:5)\n    at async guardedQuery (file:///app/dist/server/chunks/pool_DifDkjYx.mjs:23:12)\n    at async setLineQuantity (file:///app/dist/server/chunks/cart_CB9dsG5b.mjs:209:16)\n    at async file:///app/dist/server/_astro-internal_middleware.mjs:200:7\n    at async dispatch (file:///app/node_modules/hono/dist/compose.js:22:17)\n    at async file:///app/dist/server/_astro-internal_middleware.mjs:20:5\n    at async dispatch (file:///app/node_modules/hono/dist/compose.js:22:17)\n    at async file:///app/node_modules/hono/dist/hono-base.js:308:25\n    at async file:///app/dist/server/_astro-internal_middleware.mjs:1020:21","request_id":"0a534b47-331a-4463-98bc-ed042498aaef","time":"2026-09-17T22:37:21.289Z"}
{"level":"error","msg":"api_error","error":"missing FROM-clause entry for table \"v\"","stack":"error: missing FROM-clause entry for table \"v\"\n    at /app/node_modules/pg-pool/index.js:45:11\n    at process.processTicksAndRejections (node:internal/process/task_queues:95:5)\n    at async guardedQuery (file:///app/dist/server/chunks/pool_DifDkjYx.mjs:23:12)\n    at async setLineQuantity (file:///app/dist/server/chunks/cart_CB9dsG5b.mjs:209:16)\n    at async file:///app/dist/server/_astro-internal_middleware.mjs:200:7\n    at async dispatch (file:///app/node_modules/hono/dist/compose.js:22:17)\n    at async file:///app/dist/server/_astro-internal_middleware.mjs:20:5\n    at async dispatch (file:///app/node_modules/hono/dist/compose.js:22:17)\n    at async file:///app/node_modules/hono/dist/hono-base.js:308:25\n    at async file:///app/dist/server/_astro-internal_middleware.mjs:1029:23","request_id":"08300b28-6f63-41d9-8ae1-54a272b3d218","time":"2026-09-17T22:37:21.304Z"}

