--- stdout ---
08:12:31 [@astrojs/node] Server listening on http://localhost:4173
{"level":"info","msg":"boot_complete"}
{"level":"info","msg":"request","request_id":"req_mu6okolp_2","method":"GET","route":"/","status":200,"elapsed_ms":3}
{"level":"info","msg":"request","request_id":"req_mu6okomu_3","method":"GET","route":"/signin","status":404,"elapsed_ms":1}
{"level":"info","msg":"request","request_id":"req_mu6okoz2_4","method":"GET","route":"/sign-in","status":200,"elapsed_ms":0}
{"level":"info","msg":"request","request_id":"req_6PPUd9n0yvY6","method":"POST","route":"/api/auth/login","status":200,"elapsed_ms":87}
{"level":"info","msg":"request","request_id":"req_mu6okqbe_6","method":"GET","route":"/account","status":200,"elapsed_ms":4}
{"level":"info","msg":"request","request_id":"req_mu6okr0q_7","method":"GET","route":"/","status":200,"elapsed_ms":1}
{"level":"info","msg":"request","request_id":"req_mu6okri9_8","method":"GET","route":"/","status":200,"elapsed_ms":0}
{"level":"info","msg":"request","request_id":"req_mu6okriv_9","method":"GET","route":"/","status":200,"elapsed_ms":1}
{"level":"info","msg":"request","request_id":"req_mu6okt66_a","method":"GET","route":"/shop","status":200,"elapsed_ms":4}
{"level":"info","msg":"request","request_id":"req_mu6okub2_b","method":"GET","route":"/","status":200,"elapsed_ms":1}
{"level":"info","msg":"request","request_id":"req_mu6okv1m_c","method":"GET","route":"/signin","status":404,"elapsed_ms":0}
{"level":"info","msg":"request","request_id":"req_mu6okvdt_d","method":"GET","route":"/sign-in","status":200,"elapsed_ms":1}
{"level":"info","msg":"request","request_id":"req_epLp6Bf-KxFJ","method":"POST","route":"/api/auth/login","status":200,"elapsed_ms":80}
{"level":"info","msg":"request","request_id":"req_mu6okwqm_f","method":"GET","route":"/account","status":200,"elapsed_ms":3}
{"level":"info","msg":"request","request_id":"req_mu6okxge_g","method":"GET","route":"/","status":200,"elapsed_ms":1}
{"level":"info","msg":"request","request_id":"req_mu6okxye_h","method":"GET","route":"/","status":200,"elapsed_ms":1}
{"level":"info","msg":"request","request_id":"req_mu6oky99_i","method":"GET","route":"/","status":200,"elapsed_ms":1}
{"level":"info","msg":"request","request_id":"req_mu6okyjx_j","method":"GET","route":"/","status":200,"elapsed_ms":1}
{"level":"info","msg":"request","request_id":"req_mu6okyus_k","method":"GET","route":"/","status":200,"elapsed_ms":1}
{"level":"info","msg":"request","request_id":"req_mu6okz5k_l","method":"GET","route":"/","status":200,"elapsed_ms":2}
{"level":"info","msg":"request","request_id":"req_mu6okzge_m","method":"GET","route":"/","status":200,"elapsed_ms":0}
{"level":"info","msg":"request","request_id":"req_mu6ol02g_n","method":"GET","route":"/signin","status":404,"elapsed_ms":0}
{"level":"info","msg":"request","request_id":"req_mu6ol0eo_o","method":"GET","route":"/sign-in","status":200,"elapsed_ms":0}
{"level":"info","msg":"request","request_id":"req_9lplhwCMh07S","method":"POST","route":"/api/auth/login","status":200,"elapsed_ms":80}
{"level":"info","msg":"request","request_id":"req_mu6ol1rm_q","method":"GET","route":"/account","status":200,"elapsed_ms":3}
{"level":"info","msg":"request","request_id":"req_mu6ol2he_r","method":"GET","route":"/","status":200,"elapsed_ms":0}
{"level":"info","msg":"request","request_id":"req_mu6omfhw_s","method":"GET","route":"/account/cameras","status":200,"elapsed_ms":8}
{"level":"info","msg":"request","request_id":"req_BV1f0bvv44Or","method":"GET","route":"/api/account/signout","status":302,"elapsed_ms":1}
{"level":"info","msg":"request","request_id":"req_mu6on8kc_u","method":"GET","route":"/","status":200,"elapsed_ms":1}
{"level":"info","msg":"request","request_id":"req_mu6onb2g_v","method":"GET","route":"/sign-in","status":200,"elapsed_ms":1}
{"level":"info","msg":"request","request_id":"req_Gd2ZRmgT5iq2","method":"POST","route":"/api/auth/login","status":200,"elapsed_ms":86}
{"level":"info","msg":"request","request_id":"req_mu6onlvd_x","method":"GET","route":"/account/cameras","status":200,"elapsed_ms":2}
{"level":"info","msg":"request","request_id":"req_qWUfNaCNwtKD","method":"POST","route":"/api/account/devices","status":201,"elapsed_ms":10}
{"level":"info","msg":"request","request_id":"req_mu6oopyl_z","method":"GET","route":"/account/cameras","status":200,"elapsed_ms":2}
{"level":"info","msg":"request","request_id":"req_mu6oqd4n_10","method":"GET","route":"/account/cameras","status":200,"elapsed_ms":7}
{"level":"info","msg":"request","request_id":"req_mu6or9yi_11","method":"GET","route":"/signin","status":404,"elapsed_ms":0}
{"level":"info","msg":"request","request_id":"req_mu6oraao_12","method":"GET","route":"/sign-in","status":200,"elapsed_ms":0}
{"level":"info","msg":"request","request_id":"req__ZKSs_XPKc4_","method":"POST","route":"/api/auth/login","status":200,"elapsed_ms":87}
{"level":"info","msg":"request","request_id":"req_mu6orbnf_14","method":"GET","route":"/account","status":200,"elapsed_ms":3}
{"level":"info","msg":"request","request_id":"req_mu6orcd0_15","method":"GET","route":"/","status":200,"elapsed_ms":0}
{"level":"info","msg":"request","request_id":"req_mu6ornw9_16","method":"GET","route":"/cart","status":200,"elapsed_ms":1}
{"level":"info","msg":"request","request_id":"req_mu6os1bc_17","method":"GET","route":"/shop/flagship","status":200,"elapsed_ms":8}
{"level":"info","msg":"request","request_id":"req_xVUdY2a-imCR","method":"POST","route":"/api/cart/lines","status":201,"elapsed_ms":12}
{"level":"info","msg":"request","request_id":"req_mu6oua87_19","method":"GET","route":"/cart","status":200,"elapsed_ms":2}
{"level":"info","msg":"request","request_id":"req_mu6ox6ay_1a","method":"GET","route":"/cart","status":200,"elapsed_ms":7}
{"level":"info","msg":"request","request_id":"req_mu6oxvu1_1b","method":"GET","route":"/signin","status":404,"elapsed_ms":0}
{"level":"info","msg":"request","request_id":"req_mu6oxw67_1c","method":"GET","route":"/sign-in","status":200,"elapsed_ms":1}
{"level":"info","msg":"request","request_id":"req_saZ_k6lCQLQH","method":"POST","route":"/api/auth/login","status":200,"elapsed_ms":87}
{"level":"info","msg":"request","request_id":"req_mu6oxxiy_1e","method":"GET","route":"/account","status":200,"elapsed_ms":3}
{"level":"info","msg":"request","request_id":"req_mu6oxy8j_1f","method":"GET","route":"/","status":200,"elapsed_ms":1}
{"level":"info","msg":"request","request_id":"req_mu6ozv8w_1g","method":"GET","route":"/signin","status":404,"elapsed_ms":0}
{"level":"info","msg":"request","request_id":"req_mu6ozvl2_1h","method":"GET","route":"/sign-in","status":200,"elapsed_ms":0}
{"level":"info","msg":"request","request_id":"req_5EtkEsA-t9AX","method":"POST","route":"/api/auth/login","status":200,"elapsed_ms":85}
{"level":"info","msg":"request","request_id":"req_mu6ozwy4_1j","method":"GET","route":"/account","status":200,"elapsed_ms":4}
{"level":"info","msg":"request","request_id":"req_mu6ozxnq_1k","method":"GET","route":"/","status":200,"elapsed_ms":1}
{"level":"info","msg":"request","request_id":"req_mu6p0ajy_1l","method":"GET","route":"/signin","status":404,"elapsed_ms":1}
{"level":"info","msg":"request","request_id":"req_mu6p0aw5_1m","method":"GET","route":"/sign-in","status":200,"elapsed_ms":0}
{"level":"info","msg":"request","request_id":"req_BZS_sp5vZd3j","method":"POST","route":"/api/auth/login","status":200,"elapsed_ms":80}
{"level":"info","msg":"request","request_id":"req_mu6p0c8w_1o","method":"GET","route":"/account","status":200,"elapsed_ms":2}
{"level":"info","msg":"request","request_id":"req_mu6p0cyn_1p","method":"GET","route":"/","status":200,"elapsed_ms":0}
{"level":"info","msg":"request","request_id":"req_mu6p0kw2_1q","method":"GET","route":"/","status":200,"elapsed_ms":0}
{"level":"info","msg":"request","request_id":"req_mu6p201s_1s","method":"GET","route":"/cart","status":200,"elapsed_ms":0}
{"level":"info","msg":"request","request_id":"req_mu6p24l3_1t","method":"GET","route":"/shop/case","status":200,"elapsed_ms":6}
{"level":"info","msg":"request","request_id":"req_HFroyDkV5TOK","method":"POST","route":"/api/cart/lines","status":201,"elapsed_ms":5}
{"level":"info","msg":"request","request_id":"req_mu6p2erj_1v","method":"GET","route":"/cart","status":200,"elapsed_ms":1}
{"level":"info","msg":"request","request_id":"req_I5Iq9Te5M-Hm","method":"PATCH","route":"/api/cart/lines/2","status":200,"elapsed_ms":4}
{"level":"info","msg":"request","request_id":"req_mu6p3b0i_1x","method":"GET","route":"/signin","status":404,"elapsed_ms":0}
{"level":"info","msg":"request","request_id":"req_mu6p3bco_1y","method":"GET","route":"/sign-in","status":200,"elapsed_ms":0}
{"level":"info","msg":"request","request_id":"req_7eQkx2WttUKy","method":"POST","route":"/api/auth/login","status":200,"elapsed_ms":81}
{"level":"info","msg":"request","request_id":"req_mu6p3cpd_20","method":"GET","route":"/account","status":200,"elapsed_ms":3}
{"level":"info","msg":"request","request_id":"req_mu6p3df4_21","method":"GET","route":"/","status":200,"elapsed_ms":1}
{"level":"info","msg":"request","request_id":"req_mu6p6l48_22","method":"GET","route":"/signin","status":404,"elapsed_ms":1}
{"level":"info","msg":"request","request_id":"req_mu6p6lgg_23","method":"GET","route":"/sign-in","status":200,"elapsed_ms":0}
{"level":"info","msg":"request","request_id":"req_HrYOLZy7mfs4","method":"POST","route":"/api/auth/login","status":200,"elapsed_ms":86}
{"level":"info","msg":"request","request_id":"req_mu6p6mt6_25","method":"GET","route":"/account","status":200,"elapsed_ms":3}
{"level":"info","msg":"request","request_id":"req_mu6p6nis_26","method":"GET","route":"/","status":200,"elapsed_ms":1}

--- stderr ---
08:25:33 [ERROR] TypeError: Astro2.render404 is not a function
    at file:///app/dist/server/pages/account/orders/_number_.astro.mjs:24:19
    at process.processTicksAndRejections (node:internal/process/task_queues:95:5)
    at async callComponentAsTemplateResultOrResponse (file:///app/dist/server/chunks/astro/server_D6sWdCeU.mjs:1135:25)
    at async renderToAsyncIterable (file:///app/dist/server/chunks/astro/server_D6sWdCeU.mjs:1177:26)
    at async renderPage (file:///app/dist/server/chunks/astro/server_D6sWdCeU.mjs:1997:24)
    at async lastNext (file:///app/dist/server/chunks/render-context_BbTQ6s9_.mjs:1212:25)
    at async file:///app/dist/server/_astro-internal_middleware.mjs:20:15
    at async callMiddleware (file:///app/dist/server/chunks/render-context_BbTQ6s9_.mjs:551:10)
    at async RenderContext.render (file:///app/dist/server/chunks/render-context_BbTQ6s9_.mjs:1243:22)
    at async NodeApp.render (file:///app/dist/server/chunks/_@astrojs-ssr-adapter_D0FVbbrf.mjs:853:18)

