exit=0

--- stdout ---

--- stderr ---
#0 building with "default" instance using docker driver

#1 [internal] load build definition from Dockerfile
#1 transferring dockerfile: 858B done
#1 DONE 0.0s

#2 [internal] load metadata for docker.io/library/node:20-bookworm-slim
#2 DONE 1.0s

#3 [internal] load .dockerignore
#3 transferring context: 200B done
#3 DONE 0.0s

#4 [runtime 1/7] FROM docker.io/library/node:20-bookworm-slim@sha256:2cf067cfed83d5ea958367df9f966191a942351a2df77d6f0193e162b5febfc0
#4 DONE 0.0s

#5 [runtime 2/7] WORKDIR /app
#5 CACHED

#6 [internal] load build context
#6 transferring context: 656.91kB done
#6 DONE 0.0s

#7 [build 3/6] COPY package.json package-lock.json* ./
#7 DONE 0.0s

#8 [build 4/6] RUN npm install --no-audit --no-fund
#8 1.760 npm warn deprecated tsconfck@3.1.6: unmaintained
#8 3.220 
#8 3.220 added 368 packages in 3s
#8 3.221 npm notice
#8 3.221 npm notice New major version of npm available! 10.8.2 -> 12.0.2
#8 3.221 npm notice Changelog: https://github.com/npm/cli/releases/tag/v12.0.2
#8 3.221 npm notice To update run: npm install -g npm@12.0.2
#8 3.221 npm notice
#8 DONE 3.2s

#9 [build 5/6] COPY . .
#9 DONE 2.9s

#10 [build 6/6] RUN npm run build
#10 0.356 
#10 0.356 > vela-storefront@1.0.0 build
#10 0.356 > astro build
#10 0.356 
#10 0.746 ▶ Astro collects anonymous usage data.
#10 0.746   This information helps us improve Astro.
#10 0.746   Run "astro telemetry disable" to opt-out.
#10 0.746   https://astro.build/telemetry
#10 0.746 
#10 1.096 08:12:21 [types] Generated 33ms
#10 1.096 08:12:21 [build] output: "server"
#10 1.096 08:12:21 [build] directory: /app/dist/
#10 1.096 08:12:21 [build] adapter: @astrojs/node
#10 1.096 08:12:21 [build] Collecting build info...
#10 1.096 08:12:21 [build] ✓ Completed in 43ms.
#10 1.098 08:12:21 [build] Building server entrypoints...
#10 2.088 08:12:22 [vite] ✓ built in 964ms
#10 2.088 08:12:22 [build] ✓ Completed in 990ms.
#10 2.116 08:12:22 [build] Rearranging server assets...
#10 2.117 08:12:22 [build] Server built in 1.06s
#10 2.117 08:12:22 [build] Complete!
#10 DONE 2.2s

#11 [runtime 3/7] COPY --from=build /app/package.json ./package.json
#11 DONE 0.0s

#12 [runtime 4/7] COPY --from=build /app/node_modules ./node_modules
#12 DONE 0.7s

#13 [runtime 5/7] COPY --from=build /app/dist ./dist
#13 DONE 0.0s

#14 [runtime 6/7] COPY --from=build /app/public ./public
#14 DONE 0.0s

#15 [runtime 7/7] RUN mkdir -p /app/.browser_screenshots /app/.downloads
#15 DONE 0.3s

#16 exporting to image
#16 exporting layers
#16 exporting layers 7.1s done
#16 writing image sha256:d2e5283bb2f09cf315730c34c65402301515ab4eb98a4d924bcf0c09b1ce3262 done
#16 naming to docker.io/library/deku-fresh-app-e0f889a5-7a3b-5a05-a837-43ac155857a6:latest done
#16 DONE 7.1s

