exit=0

--- stdout ---

--- stderr ---
#0 building with "colima" instance using docker driver

#1 [internal] load build definition from Dockerfile
#1 transferring dockerfile: 1.24kB done
#1 DONE 0.0s

#2 resolve image config for docker-image://docker.io/docker/dockerfile:1
#2 ...

#3 [auth] docker/dockerfile:pull token for registry-1.docker.io
#3 DONE 0.0s

#2 resolve image config for docker-image://docker.io/docker/dockerfile:1
#2 DONE 1.4s

#4 docker-image://docker.io/docker/dockerfile:1@sha256:ecfaec9ed6d810b56388c508f4121597bfbba70d41a6dfeee4d8cad5f295fc32
#4 resolve docker.io/docker/dockerfile:1@sha256:ecfaec9ed6d810b56388c508f4121597bfbba70d41a6dfeee4d8cad5f295fc32 0.0s done
#4 CACHED

#5 [internal] load metadata for docker.io/library/python:3.12-slim-bookworm
#5 DONE 0.3s

#6 [internal] load .dockerignore
#6 transferring context: 167B done
#6 DONE 0.0s

#7 [internal] load build context
#7 transferring context: 286.56kB done
#7 DONE 0.0s

#8 [1/5] FROM docker.io/library/python:3.12-slim-bookworm@sha256:782412e85d0f0984994c290652577d4018aff08145c85b262bb63dc0c7522254
#8 resolve docker.io/library/python:3.12-slim-bookworm@sha256:782412e85d0f0984994c290652577d4018aff08145c85b262bb63dc0c7522254 0.0s done
#8 DONE 0.0s

#9 [2/5] WORKDIR /app
#9 CACHED

#10 [3/5] COPY requirements.txt ./
#10 DONE 0.0s

#11 [4/5] RUN pip install --no-cache-dir -r requirements.txt
#11 1.410 Collecting Flask==3.1.0 (from -r requirements.txt (line 1))
#11 1.477   Downloading flask-3.1.0-py3-none-any.whl.metadata (2.7 kB)
#11 1.535 Collecting gunicorn==23.0.0 (from -r requirements.txt (line 2))
#11 1.544   Downloading gunicorn-23.0.0-py3-none-any.whl.metadata (4.4 kB)
#11 1.603 Collecting psycopg==3.2.3 (from psycopg[binary,pool]==3.2.3->-r requirements.txt (line 3))
#11 1.653   Downloading psycopg-3.2.3-py3-none-any.whl.metadata (4.3 kB)
#11 1.753 Collecting argon2-cffi==25.1.0 (from -r requirements.txt (line 4))
#11 1.767   Downloading argon2_cffi-25.1.0-py3-none-any.whl.metadata (4.1 kB)
#11 2.051 Collecting Pillow==11.3.0 (from -r requirements.txt (line 5))
#11 2.068   Downloading pillow-11.3.0-cp312-cp312-manylinux_2_27_aarch64.manylinux_2_28_aarch64.whl.metadata (9.0 kB)
#11 2.134 Collecting Werkzeug>=3.1 (from Flask==3.1.0->-r requirements.txt (line 1))
#11 2.148   Downloading werkzeug-3.1.8-py3-none-any.whl.metadata (4.0 kB)
#11 2.189 Collecting Jinja2>=3.1.2 (from Flask==3.1.0->-r requirements.txt (line 1))
#11 2.197   Downloading jinja2-3.1.6-py3-none-any.whl.metadata (2.9 kB)
#11 2.238 Collecting itsdangerous>=2.2 (from Flask==3.1.0->-r requirements.txt (line 1))
#11 2.245   Downloading itsdangerous-2.2.0-py3-none-any.whl.metadata (1.9 kB)
#11 2.289 Collecting click>=8.1.3 (from Flask==3.1.0->-r requirements.txt (line 1))
#11 2.300   Downloading click-8.5.0-py3-none-any.whl.metadata (2.6 kB)
#11 2.340 Collecting blinker>=1.9 (from Flask==3.1.0->-r requirements.txt (line 1))
#11 2.349   Downloading blinker-1.9.0-py3-none-any.whl.metadata (1.6 kB)
#11 2.400 Collecting packaging (from gunicorn==23.0.0->-r requirements.txt (line 2))
#11 2.410   Downloading packaging-26.3-py3-none-any.whl.metadata (3.5 kB)
#11 2.477 Collecting typing-extensions>=4.6 (from psycopg==3.2.3->psycopg[binary,pool]==3.2.3->-r requirements.txt (line 3))
#11 2.491   Downloading typing_extensions-4.16.0-py3-none-any.whl.metadata (3.3 kB)
#11 2.536 Collecting argon2-cffi-bindings (from argon2-cffi==25.1.0->-r requirements.txt (line 4))
#11 2.544   Downloading argon2_cffi_bindings-26.1.0-cp310-abi3-manylinux_2_26_aarch64.manylinux_2_28_aarch64.whl.metadata (7.5 kB)
#11 2.694 Collecting psycopg-binary==3.2.3 (from psycopg[binary,pool]==3.2.3->-r requirements.txt (line 3))
#11 2.703   Downloading psycopg_binary-3.2.3-cp312-cp312-manylinux_2_17_aarch64.manylinux2014_aarch64.whl.metadata (2.8 kB)
#11 2.745 Collecting psycopg-pool (from psycopg[binary,pool]==3.2.3->-r requirements.txt (line 3))
#11 2.754   Downloading psycopg_pool-3.3.1-py3-none-any.whl.metadata (2.8 kB)
#11 2.812 Collecting MarkupSafe>=2.0 (from Jinja2>=3.1.2->Flask==3.1.0->-r requirements.txt (line 1))
#11 2.820   Downloading markupsafe-3.0.3-cp312-cp312-manylinux2014_aarch64.manylinux_2_17_aarch64.manylinux_2_28_aarch64.whl.metadata (2.7 kB)
#11 2.915 Collecting cffi>=1.0.1 (from argon2-cffi-bindings->argon2-cffi==25.1.0->-r requirements.txt (line 4))
#11 2.923   Downloading cffi-2.1.1-cp312-cp312-manylinux2014_aarch64.manylinux_2_17_aarch64.whl.metadata (2.5 kB)
#11 2.963 Collecting pycparser (from cffi>=1.0.1->argon2-cffi-bindings->argon2-cffi==25.1.0->-r requirements.txt (line 4))
#11 2.973   Downloading pycparser-3.0-py3-none-any.whl.metadata (8.2 kB)
#11 2.995 Downloading flask-3.1.0-py3-none-any.whl (102 kB)
#11 3.044 Downloading gunicorn-23.0.0-py3-none-any.whl (85 kB)
#11 3.084 Downloading psycopg-3.2.3-py3-none-any.whl (197 kB)
#11 3.174 Downloading argon2_cffi-25.1.0-py3-none-any.whl (14 kB)
#11 3.190 Downloading pillow-11.3.0-cp312-cp312-manylinux_2_27_aarch64.manylinux_2_28_aarch64.whl (6.0 MB)
#11 4.236    ━━━━━━━━━━━━━━━━━━━━━━━━━━━━━━━━━━━━━━━━ 6.0/6.0 MB 6.0 MB/s eta 0:00:00
#11 4.250 Downloading psycopg_binary-3.2.3-cp312-cp312-manylinux_2_17_aarch64.manylinux2014_aarch64.whl (4.4 MB)
#11 4.728    ━━━━━━━━━━━━━━━━━━━━━━━━━━━━━━━━━━━━━━━━ 4.4/4.4 MB 9.3 MB/s eta 0:00:00
#11 4.741 Downloading blinker-1.9.0-py3-none-any.whl (8.5 kB)
#11 4.756 Downloading click-8.5.0-py3-none-any.whl (125 kB)
#11 4.773 Downloading itsdangerous-2.2.0-py3-none-any.whl (16 kB)
#11 4.784 Downloading jinja2-3.1.6-py3-none-any.whl (134 kB)
#11 4.811 Downloading typing_extensions-4.16.0-py3-none-any.whl (45 kB)
#11 4.822 Downloading werkzeug-3.1.8-py3-none-any.whl (226 kB)
#11 4.853 Downloading argon2_cffi_bindings-26.1.0-cp310-abi3-manylinux_2_26_aarch64.manylinux_2_28_aarch64.whl (27 kB)
#11 4.866 Downloading packaging-26.3-py3-none-any.whl (129 kB)
#11 4.883 Downloading psycopg_pool-3.3.1-py3-none-any.whl (40 kB)
#11 4.895 Downloading cffi-2.1.1-cp312-cp312-manylinux2014_aarch64.manylinux_2_17_aarch64.whl (222 kB)
#11 4.927 Downloading markupsafe-3.0.3-cp312-cp312-manylinux2014_aarch64.manylinux_2_17_aarch64.manylinux_2_28_aarch64.whl (24 kB)
#11 4.938 Downloading pycparser-3.0-py3-none-any.whl (48 kB)
#11 4.989 Installing collected packages: typing-extensions, pycparser, psycopg-binary, Pillow, packaging, MarkupSafe, itsdangerous, click, blinker, Werkzeug, psycopg-pool, psycopg, Jinja2, gunicorn, cffi, Flask, argon2-cffi-bindings, argon2-cffi
#11 5.908 Successfully installed Flask-3.1.0 Jinja2-3.1.6 MarkupSafe-3.0.3 Pillow-11.3.0 Werkzeug-3.1.8 argon2-cffi-25.1.0 argon2-cffi-bindings-26.1.0 blinker-1.9.0 cffi-2.1.1 click-8.5.0 gunicorn-23.0.0 itsdangerous-2.2.0 packaging-26.3 psycopg-3.2.3 psycopg-binary-3.2.3 psycopg-pool-3.3.1 pycparser-3.0 typing-extensions-4.16.0
#11 5.908 WARNING: Running pip as the 'root' user can result in broken permissions and conflicting behaviour with the system package manager, possibly rendering your system unusable. It is recommended to use a virtual environment instead: https://pip.pypa.io/warnings/venv. Use the --root-user-action option if you know what you are doing and want to suppress this warning.
#11 DONE 6.0s

#12 [5/5] COPY cirrus ./cirrus
#12 DONE 0.0s

#13 exporting to image
#13 exporting layers
#13 exporting layers 1.1s done
#13 exporting manifest sha256:1a80de633bf9c606afc6e0f6fe856ad42de5a306e4c82d24886ca19fc4ef6185 0.0s done
#13 exporting config sha256:bf7e296329afb971a27a0661526989c3c9dbab9fce898c4ab203b6cff640c020 done
#13 exporting attestation manifest sha256:a7f01419359320b61a52996ec7041f3533e022268f92e92dc3900aaf0ba1be8b done
#13 exporting manifest list sha256:0250f23b19ef91287922096254bfd3db89c4f3aa1272b2d6026bf5cb8a8dc4fe done
#13 naming to docker.io/library/deku-fresh-app-1b21d4ac-055a-52e7-b754-0620f337b0d4:latest done
#13 unpacking to docker.io/library/deku-fresh-app-1b21d4ac-055a-52e7-b754-0620f337b0d4:latest
#13 unpacking to docker.io/library/deku-fresh-app-1b21d4ac-055a-52e7-b754-0620f337b0d4:latest 0.3s done
#13 DONE 1.4s

