exit=0

--- stdout ---

--- stderr ---
#0 building with "desktop-linux" instance using docker driver

#1 [internal] load build definition from Dockerfile
#1 transferring dockerfile: 1.06kB done
#1 DONE 0.0s

#2 [auth] library/node:pull token for registry-1.docker.io
#2 DONE 0.0s

#3 [internal] load metadata for docker.io/library/node:20-bookworm-slim
#3 DONE 1.2s

#4 [internal] load .dockerignore
#4 transferring context: 172B done
#4 DONE 0.0s

#5 [build 1/7] FROM docker.io/library/node:20-bookworm-slim@sha256:2cf067cfed83d5ea958367df9f966191a942351a2df77d6f0193e162b5febfc0
#5 resolve docker.io/library/node:20-bookworm-slim@sha256:2cf067cfed83d5ea958367df9f966191a942351a2df77d6f0193e162b5febfc0 0.0s done
#5 DONE 0.0s

#6 [build 2/7] WORKDIR /app
#6 CACHED

#7 [internal] load build context
#7 transferring context: 3.27kB done
#7 DONE 0.0s

#8 [build 3/7] COPY package.json package-lock.json ./
#8 DONE 0.0s

#9 [build 4/7] RUN npm ci --no-audit --no-fund
#9 1.548 npm warn deprecated tsconfck@3.1.6: unmaintained
#9 6.216 
#9 6.216 added 368 packages in 6s
#9 6.217 npm notice
#9 6.217 npm notice New major version of npm available! 10.8.2 -> 12.0.2
#9 6.217 npm notice Changelog: https://github.com/npm/cli/releases/tag/v12.0.2
#9 6.217 npm notice To update run: npm install -g npm@12.0.2
#9 6.217 npm notice
#9 DONE 6.8s

#10 [runtime  4/10] RUN npm ci --omit=dev --no-audit --no-fund
#10 1.576 npm warn deprecated tsconfck@3.1.6: unmaintained
#10 ...

#11 [build 5/7] COPY . .
#11 DONE 0.1s

#10 [runtime  4/10] RUN npm ci --omit=dev --no-audit --no-fund
#10 6.949 
#10 6.949 added 368 packages in 7s
#10 ...

#12 [build 6/7] RUN npm run build
#12 ...

#10 [runtime  4/10] RUN npm ci --omit=dev --no-audit --no-fund
#10 6.950 npm notice
#10 6.950 npm notice New major version of npm available! 10.8.2 -> 12.0.2
#10 6.950 npm notice Changelog: https://github.com/npm/cli/releases/tag/v12.0.2
#10 6.950 npm notice To update run: npm install -g npm@12.0.2
#10 6.950 npm notice
#10 DONE 7.0s

#12 [build 6/7] RUN npm run build
#12 0.255 
#12 0.255 > vela-storefront@1.0.0 build
#12 0.255 > astro build
#12 0.255 
#12 0.715 ▶ Astro collects anonymous usage data.
#12 0.715   This information helps us improve Astro.
#12 0.715   Run "astro telemetry disable" to opt-out.
#12 0.715   https://astro.build/telemetry
#12 0.715 
#12 1.139 08:05:04 [types] Generated 36ms
#12 1.139 08:05:04 [build] output: "server"
#12 1.139 08:05:04 [build] directory: /app/dist/
#12 1.139 08:05:04 [build] adapter: @astrojs/node
#12 1.139 08:05:04 [build] Collecting build info...
#12 1.140 08:05:04 [build] ✓ Completed in 47ms.
#12 1.141 08:05:04 [build] Building server entrypoints...
#12 2.192 08:05:05 [vite] ✓ built in 1.02s
#12 2.192 08:05:05 [build] ✓ Completed in 1.05s.
#12 2.193 
#12 2.193  building client (vite) 
#12 2.198 08:05:05 [vite] transforming...
#12 2.258 08:05:05 [vite] ✓ 35 modules transformed.
#12 2.268 08:05:05 [vite] rendering chunks...
#12 2.275 08:05:05 [vite] computing gzip size...
#12 2.278 08:05:06 [vite] dist/client/_astro/hoisted.DCsvR9_Z.js   0.09 kB │ gzip: 0.11 kB
#12 2.278 08:05:06 [vite] dist/client/_astro/hoisted.CMeaA1xT.js   0.09 kB │ gzip: 0.11 kB
#12 2.278 08:05:06 [vite] dist/client/_astro/hoisted.eGScWpgo.js   0.09 kB │ gzip: 0.10 kB
#12 2.278 08:05:06 [vite] dist/client/_astro/hoisted.BmyuS5ob.js   0.09 kB │ gzip: 0.10 kB
#12 2.278 08:05:06 [vite] dist/client/_astro/hoisted.CYUP1gSp.js   0.09 kB │ gzip: 0.11 kB
#12 2.278 08:05:06 [vite] dist/client/_astro/auth.BVKUZptg.js      0.82 kB │ gzip: 0.53 kB
#12 2.278 08:05:06 [vite] dist/client/_astro/checkout.DdaRf9J6.js  2.45 kB │ gzip: 0.94 kB
#12 2.278 08:05:06 [vite] dist/client/_astro/hoisted.BhLqRQu5.js   4.44 kB │ gzip: 1.76 kB
#12 2.278 08:05:06 [vite] dist/client/_astro/hoisted.BPkVfeU9.js   4.66 kB │ gzip: 1.84 kB
#12 2.278 08:05:06 [vite] ✓ built in 84ms
#12 2.311 08:05:06 [build] Rearranging server assets...
#12 2.313 08:05:06 [build] Server built in 1.22s
#12 2.313 08:05:06 [build] Complete!
#12 DONE 2.3s

#13 [build 7/7] RUN node scripts/make-artifacts.mjs
#13 0.432 arranger-2.0.0.dmg 154876459 f6bf480c657745a4b257d52443ee76929d2e8d5717c8582e3fce66fb650437ab
#13 0.753 arranger-1.4.4.dmg 160301059 0fb3a0dbcc4bad0af61bea19fe71e883f0be409b0bdf63a1d27d51c221d9e7de
#13 1.106 arranger-1.4.3.dmg 158220144 6e16b5fb13c4168e36ad052eb9fc3b2a38b8419bd7aec159f0033bfba6da5064
#13 1.389 arranger-1.4.2.dmg 157903622 94ccacb49fd71ee90b9ea35258afa0fadb6d357f54308e09b41421b75cf614ba
#13 1.422 vela-cricket-7.2.fw 20746640 6b22cd5edc5d0a49ca264c4374ea6fc50afdf1681a9224d9a02ca2b1f6112755
#13 1.448 vela-cricket-7.0.fw 20258900 f2f5640ca3c4326911beb772dd9619890eb2e6b301bb63849673f48a390abc0f
#13 1.472 vela-cricket-6.11.fw 20226667 a8b51e870682b5076fc6d709e5cf6f0c154f233b0ac0b5d410aeaa7a6c876b2b
#13 1.496 vela-a1-2.4.fw 20088880 aeedc0815a01480493bc1979cbe79c0f18a0be36269ab31d2233356b726f552b
#13 DONE 2.0s

#14 [runtime  5/10] COPY --from=build /app/dist ./dist
#14 DONE 0.1s

#15 [runtime  6/10] COPY --from=build /app/server ./server
#15 DONE 0.0s

#16 [runtime  7/10] COPY --from=build /app/src ./src
#16 DONE 0.0s

#17 [runtime  8/10] COPY --from=build /app/scripts ./scripts
#17 DONE 0.0s

#18 [runtime  9/10] COPY --from=build /app/.downloads-cache ./.downloads-cache
#18 DONE 1.1s

#19 [runtime 10/10] COPY --from=build /app/public ./public
#19 DONE 0.0s

#20 exporting to image
#20 exporting layers
#20 exporting layers 4.9s done
#20 exporting manifest sha256:ce331f0b301c0accc338f1d29f918f8719206c501d99b55a9673d5b9dfdebdae done
#20 exporting config sha256:4c9f2982e002a986e9698aef5dab7b04f541571e2b844dc8591c4aa91c981bdf done
#20 exporting attestation manifest sha256:cc0c5655ae3ae10864c057fe0e3beb09c30d5cf321f8c8eebb7395cca33ffe43 done
#20 exporting manifest list sha256:71348ef38013d6b492ec62f25d609fb3d1a8be77bc55869babbd12857a3d11d0 done
#20 naming to docker.io/library/deku-fresh-app-e0f889a5-7a3b-5a05-a837-43ac155857a6:latest done
#20 unpacking to docker.io/library/deku-fresh-app-e0f889a5-7a3b-5a05-a837-43ac155857a6:latest
#20 unpacking to docker.io/library/deku-fresh-app-e0f889a5-7a3b-5a05-a837-43ac155857a6:latest 3.2s done
#20 DONE 8.2s

