--- stdout ---
{"ts":"2026-09-18T08:17:27.552Z","event":"db.migrated"}
{"ts":"2026-09-18T08:17:27.634Z","event":"seed.done"}
{"ts":"2026-09-18T08:17:27.634Z","event":"app.ready","ms":170}
{"ts":"2026-09-18T08:17:27.697Z","event":"app.listening","port":4173,"host":"0.0.0.0"}
{"ts":"2026-09-18T08:17:30.651Z","request_id":"0c44424b47fe4faf","method":"GET","route":"/health","status":200,"ms":3}
{"ts":"2026-09-18T08:17:33.952Z","request_id":"7515bd29f49a4299","method":"POST","route":"/auth/login","status":200,"ms":43}
{"ts":"2026-09-18T08:17:45.685Z","request_id":"c522170669e34858","method":"POST","route":"/auth/login","status":200,"ms":29}
{"ts":"2026-09-18T08:17:52.572Z","request_id":"73aba5bb158844ae","method":"POST","route":"/auth/login","status":200,"ms":33}
{"ts":"2026-09-18T08:19:30.550Z","request_id":"7ee9b649fe9a4a05","method":"POST","route":"/cart/lines","status":201,"ms":9}
{"ts":"2026-09-18T08:20:34.778Z","request_id":"c233a4783b764943","method":"PATCH","route":"/cart/lines/1","status":200,"ms":5}
{"ts":"2026-09-18T08:21:14.263Z","request_id":"a3c2bc752c814f2d","method":"PATCH","route":"/cart/lines/1","status":200,"ms":21}
{"ts":"2026-09-18T08:22:30.706Z","request_id":"77e99d4e81a343f7","method":"POST","route":"/auth/login","status":200,"ms":29}
{"ts":"2026-09-18T08:23:47.383Z","request_id":"179f6f3f0b0e4866","method":"POST","route":"/cart/lines","status":201,"ms":17}
{"ts":"2026-09-18T08:24:28.848Z","request_id":"6ef691c24df24eec","method":"POST","route":"/cart/lines","status":201,"ms":9}
{"ts":"2026-09-18T08:25:39.691Z","request_id":"e45e4c9315a045cc","method":"POST","route":"/auth/login","status":200,"ms":30}
{"ts":"2026-09-18T08:26:06.478Z","request_id":"f88448a165fb49ac","method":"POST","route":"/auth/login","status":200,"ms":29}
{"ts":"2026-09-18T08:27:18.998Z","request_id":"1cf146bcf21b4647","method":"POST","route":"/auth/login","status":200,"ms":24}
{"ts":"2026-09-18T08:28:23.824Z","request_id":"b525a7fc381e41c3","method":"POST","route":"/auth/login","status":200,"ms":31}
{"ts":"2026-09-18T08:29:14.871Z","request_id":"a714a0e812dc4014","method":"POST","route":"/auth/login","status":200,"ms":29}

--- stderr ---
Warning: Astro.cookies.set() was called after the cookies had already been sent to the browser.
This may have happened if this method was called in an imported component.
Please make sure that Astro.cookies.set() is only called in the frontmatter of the main page.
    at AstroCookies.set (file:///app/dist/server/chunks/render-context_fKDifWho.mjs:485:23)
    at sessionCart (file:///app/dist/server/chunks/PageShell_DYrBPb7v.mjs:27:13)
    at process.processTicksAndRejections (node:internal/process/task_queues:95:5)
    at async file:///app/dist/server/chunks/PageShell_DYrBPb7v.mjs:39:16
Warning: Astro.cookies.set() was called after the cookies had already been sent to the browser.
This may have happened if this method was called in an imported component.
Please make sure that Astro.cookies.set() is only called in the frontmatter of the main page.
    at AstroCookies.set (file:///app/dist/server/chunks/render-context_fKDifWho.mjs:485:23)
    at sessionCart (file:///app/dist/server/chunks/PageShell_DYrBPb7v.mjs:27:13)
    at process.processTicksAndRejections (node:internal/process/task_queues:95:5)
    at async file:///app/dist/server/chunks/PageShell_DYrBPb7v.mjs:39:16
Warning: Astro.cookies.set() was called after the cookies had already been sent to the browser.
This may have happened if this method was called in an imported component.
Please make sure that Astro.cookies.set() is only called in the frontmatter of the main page.
    at AstroCookies.set (file:///app/dist/server/chunks/render-context_fKDifWho.mjs:485:23)
    at sessionCart (file:///app/dist/server/chunks/PageShell_DYrBPb7v.mjs:27:13)
    at process.processTicksAndRejections (node:internal/process/task_queues:95:5)
    at async file:///app/dist/server/chunks/PageShell_DYrBPb7v.mjs:39:16
Warning: Astro.cookies.set() was called after the cookies had already been sent to the browser.
This may have happened if this method was called in an imported component.
Please make sure that Astro.cookies.set() is only called in the frontmatter of the main page.
    at AstroCookies.set (file:///app/dist/server/chunks/render-context_fKDifWho.mjs:485:23)
    at sessionCart (file:///app/dist/server/chunks/PageShell_DYrBPb7v.mjs:27:13)
    at process.processTicksAndRejections (node:internal/process/task_queues:95:5)
    at async file:///app/dist/server/chunks/PageShell_DYrBPb7v.mjs:39:16
Warning: Astro.cookies.set() was called after the cookies had already been sent to the browser.
This may have happened if this method was called in an imported component.
Please make sure that Astro.cookies.set() is only called in the frontmatter of the main page.
    at AstroCookies.set (file:///app/dist/server/chunks/render-context_fKDifWho.mjs:485:23)
    at sessionCart (file:///app/dist/server/chunks/PageShell_DYrBPb7v.mjs:27:13)
    at process.processTicksAndRejections (node:internal/process/task_queues:95:5)
    at async file:///app/dist/server/chunks/PageShell_DYrBPb7v.mjs:39:16
Warning: Astro.cookies.set() was called after the cookies had already been sent to the browser.
This may have happened if this method was called in an imported component.
Please make sure that Astro.cookies.set() is only called in the frontmatter of the main page.
    at AstroCookies.set (file:///app/dist/server/chunks/render-context_fKDifWho.mjs:485:23)
    at sessionCart (file:///app/dist/server/chunks/PageShell_DYrBPb7v.mjs:27:13)
    at process.processTicksAndRejections (node:internal/process/task_queues:95:5)
    at async file:///app/dist/server/chunks/PageShell_DYrBPb7v.mjs:39:16
Warning: Astro.cookies.set() was called after the cookies had already been sent to the browser.
This may have happened if this method was called in an imported component.
Please make sure that Astro.cookies.set() is only called in the frontmatter of the main page.
    at AstroCookies.set (file:///app/dist/server/chunks/render-context_fKDifWho.mjs:485:23)
    at sessionCart (file:///app/dist/server/chunks/PageShell_DYrBPb7v.mjs:27:13)
    at process.processTicksAndRejections (node:internal/process/task_queues:95:5)
    at async file:///app/dist/server/chunks/PageShell_DYrBPb7v.mjs:39:16
Warning: Astro.cookies.set() was called after the cookies had already been sent to the browser.
This may have happened if this method was called in an imported component.
Please make sure that Astro.cookies.set() is only called in the frontmatter of the main page.
    at AstroCookies.set (file:///app/dist/server/chunks/render-context_fKDifWho.mjs:485:23)
    at sessionCart (file:///app/dist/server/chunks/PageShell_DYrBPb7v.mjs:27:13)
    at process.processTicksAndRejections (node:internal/process/task_queues:95:5)
    at async file:///app/dist/server/chunks/PageShell_DYrBPb7v.mjs:39:16
Warning: Astro.cookies.set() was called after the cookies had already been sent to the browser.
This may have happened if this method was called in an imported component.
Please make sure that Astro.cookies.set() is only called in the frontmatter of the main page.
    at AstroCookies.set (file:///app/dist/server/chunks/render-context_fKDifWho.mjs:485:23)
    at sessionCart (file:///app/dist/server/chunks/PageShell_DYrBPb7v.mjs:27:13)
    at process.processTicksAndRejections (node:internal/process/task_queues:95:5)
    at async file:///app/dist/server/chunks/PageShell_DYrBPb7v.mjs:39:16
Warning: Astro.cookies.set() was called after the cookies had already been sent to the browser.
This may have happened if this method was called in an imported component.
Please make sure that Astro.cookies.set() is only called in the frontmatter of the main page.
    at AstroCookies.set (file:///app/dist/server/chunks/render-context_fKDifWho.mjs:485:23)
    at sessionCart (file:///app/dist/server/chunks/PageShell_DYrBPb7v.mjs:27:13)
    at process.processTicksAndRejections (node:internal/process/task_queues:95:5)
    at async file:///app/dist/server/chunks/PageShell_DYrBPb7v.mjs:39:16
Warning: Astro.cookies.set() was called after the cookies had already been sent to the browser.
This may have happened if this method was called in an imported component.
Please make sure that Astro.cookies.set() is only called in the frontmatter of the main page.
    at AstroCookies.set (file:///app/dist/server/chunks/render-context_fKDifWho.mjs:485:23)
    at sessionCart (file:///app/dist/server/chunks/PageShell_DYrBPb7v.mjs:27:13)
    at process.processTicksAndRejections (node:internal/process/task_queues:95:5)
    at async file:///app/dist/server/chunks/PageShell_DYrBPb7v.mjs:39:16
Warning: Astro.cookies.set() was called after the cookies had already been sent to the browser.
This may have happened if this method was called in an imported component.
Please make sure that Astro.cookies.set() is only called in the frontmatter of the main page.
    at AstroCookies.set (file:///app/dist/server/chunks/render-context_fKDifWho.mjs:485:23)
    at sessionCart (file:///app/dist/server/chunks/PageShell_DYrBPb7v.mjs:27:13)
    at process.processTicksAndRejections (node:internal/process/task_queues:95:5)
    at async file:///app/dist/server/chunks/PageShell_DYrBPb7v.mjs:39:16
Warning: Astro.cookies.set() was called after the cookies had already been sent to the browser.
This may have happened if this method was called in an imported component.
Please make sure that Astro.cookies.set() is only called in the frontmatter of the main page.
    at AstroCookies.set (file:///app/dist/server/chunks/render-context_fKDifWho.mjs:485:23)
    at sessionCart (file:///app/dist/server/chunks/PageShell_DYrBPb7v.mjs:27:13)
    at process.processTicksAndRejections (node:internal/process/task_queues:95:5)
    at async file:///app/dist/server/chunks/PageShell_DYrBPb7v.mjs:39:16
Warning: Astro.cookies.set() was called after the cookies had already been sent to the browser.
This may have happened if this method was called in an imported component.
Please make sure that Astro.cookies.set() is only called in the frontmatter of the main page.
    at AstroCookies.set (file:///app/dist/server/chunks/render-context_fKDifWho.mjs:485:23)
    at sessionCart (file:///app/dist/server/chunks/PageShell_DYrBPb7v.mjs:27:13)
    at process.processTicksAndRejections (node:internal/process/task_queues:95:5)
    at async file:///app/dist/server/chunks/PageShell_DYrBPb7v.mjs:39:16
Warning: Astro.cookies.set() was called after the cookies had already been sent to the browser.
This may have happened if this method was called in an imported component.
Please make sure that Astro.cookies.set() is only called in the frontmatter of the main page.
    at AstroCookies.set (file:///app/dist/server/chunks/render-context_fKDifWho.mjs:485:23)
    at sessionCart (file:///app/dist/server/chunks/PageShell_DYrBPb7v.mjs:27:13)
    at process.processTicksAndRejections (node:internal/process/task_queues:95:5)
    at async file:///app/dist/server/chunks/PageShell_DYrBPb7v.mjs:39:16
Warning: Astro.cookies.set() was called after the cookies had already been sent to the browser.
This may have happened if this method was called in an imported component.
Please make sure that Astro.cookies.set() is only called in the frontmatter of the main page.
    at AstroCookies.set (file:///app/dist/server/chunks/render-context_fKDifWho.mjs:485:23)
    at sessionCart (file:///app/dist/server/chunks/PageShell_DYrBPb7v.mjs:27:13)
    at process.processTicksAndRejections (node:internal/process/task_queues:95:5)
    at async file:///app/dist/server/chunks/PageShell_DYrBPb7v.mjs:39:16
Warning: Astro.cookies.set() was called after the cookies had already been sent to the browser.
This may have happened if this method was called in an imported component.
Please make sure that Astro.cookies.set() is only called in the frontmatter of the main page.
    at AstroCookies.set (file:///app/dist/server/chunks/render-context_fKDifWho.mjs:485:23)
    at sessionCart (file:///app/dist/server/chunks/PageShell_DYrBPb7v.mjs:27:13)
    at process.processTicksAndRejections (node:internal/process/task_queues:95:5)
    at async file:///app/dist/server/chunks/PageShell_DYrBPb7v.mjs:39:16
Warning: Astro.cookies.set() was called after the cookies had already been sent to the browser.
This may have happened if this method was called in an imported component.
Please make sure that Astro.cookies.set() is only called in the frontmatter of the main page.
    at AstroCookies.set (file:///app/dist/server/chunks/render-context_fKDifWho.mjs:485:23)
    at sessionCart (file:///app/dist/server/chunks/PageShell_DYrBPb7v.mjs:27:13)
    at process.processTicksAndRejections (node:internal/process/task_queues:95:5)
    at async file:///app/dist/server/chunks/PageShell_DYrBPb7v.mjs:39:16
Warning: Astro.cookies.set() was called after the cookies had already been sent to the browser.
This may have happened if this method was called in an imported component.
Please make sure that Astro.cookies.set() is only called in the frontmatter of the main page.
    at AstroCookies.set (file:///app/dist/server/chunks/render-context_fKDifWho.mjs:485:23)
    at sessionCart (file:///app/dist/server/chunks/PageShell_DYrBPb7v.mjs:27:13)
    at process.processTicksAndRejections (node:internal/process/task_queues:95:5)
    at async file:///app/dist/server/chunks/PageShell_DYrBPb7v.mjs:39:16
Warning: Astro.cookies.set() was called after the cookies had already been sent to the browser.
This may have happened if this method was called in an imported component.
Please make sure that Astro.cookies.set() is only called in the frontmatter of the main page.
    at AstroCookies.set (file:///app/dist/server/chunks/render-context_fKDifWho.mjs:485:23)
    at sessionCart (file:///app/dist/server/chunks/PageShell_DYrBPb7v.mjs:27:13)
    at process.processTicksAndRejections (node:internal/process/task_queues:95:5)
    at async file:///app/dist/server/chunks/PageShell_DYrBPb7v.mjs:39:16
Warning: Astro.cookies.set() was called after the cookies had already been sent to the browser.
This may have happened if this method was called in an imported component.
Please make sure that Astro.cookies.set() is only called in the frontmatter of the main page.
    at AstroCookies.set (file:///app/dist/server/chunks/render-context_fKDifWho.mjs:485:23)
    at sessionCart (file:///app/dist/server/chunks/PageShell_DYrBPb7v.mjs:27:13)
    at process.processTicksAndRejections (node:internal/process/task_queues:95:5)
    at async file:///app/dist/server/chunks/PageShell_DYrBPb7v.mjs:39:16
Warning: Astro.cookies.set() was called after the cookies had already been sent to the browser.
This may have happened if this method was called in an imported component.
Please make sure that Astro.cookies.set() is only called in the frontmatter of the main page.
    at AstroCookies.set (file:///app/dist/server/chunks/render-context_fKDifWho.mjs:485:23)
    at sessionCart (file:///app/dist/server/chunks/PageShell_DYrBPb7v.mjs:27:13)
    at process.processTicksAndRejections (node:internal/process/task_queues:95:5)
    at async file:///app/dist/server/chunks/PageShell_DYrBPb7v.mjs:39:16

