--- stdout ---
2026-09-18 09:34:29,826 INFO cirrus POST /api/studio/preview-tokens 404
2026-09-18 09:34:29,842 INFO cirrus POST /api/studio/items 201
2026-09-18 09:34:29,849 INFO cirrus POST /api/studio/preview-tokens 201
2026-09-18 09:34:29,856 INFO cirrus GET /api/preview/7d3a9b24c47be91156a7776bb192f6d1 404
2026-09-18 09:34:29,868 INFO cirrus GET /api/studio/items 401
2026-09-18 09:34:29,876 INFO cirrus GET /api/studio/items/1 401
2026-09-18 09:34:29,882 INFO cirrus POST /api/studio/items 401
2026-09-18 09:34:29,888 INFO cirrus POST /api/studio/items/1/publish 401
2026-09-18 09:34:29,894 INFO cirrus POST /api/studio/preview-tokens 401
2026-09-18 09:34:29,913 INFO cirrus GET /api/studio/items 401
2026-09-18 09:34:29,918 INFO cirrus POST /api/studio/items/1/publish 401
2026-09-18 09:34:29,927 INFO cirrus POST /api/studio/items 201
2026-09-18 09:34:29,935 INFO cirrus PATCH /api/studio/items/32 200
2026-09-18 09:34:29,949 INFO cirrus POST /api/studio/items 201
2026-09-18 09:34:29,957 INFO cirrus POST /api/studio/items/33/media 201
2026-09-18 09:34:29,965 INFO cirrus POST /api/studio/items/33/publish 200
2026-09-18 09:34:29,973 INFO cirrus POST /api/studio/items/33/slug 200
2026-09-18 09:34:29,986 INFO cirrus GET /api/works/probe-work-7a53051ca427 404
2026-09-18 09:34:30,009 INFO cirrus POST /api/studio/items 201
2026-09-18 09:34:30,009 INFO cirrus POST /api/studio/items 409
2026-09-18 09:34:30,023 INFO cirrus POST /api/studio/items 201
2026-09-18 09:34:30,031 INFO cirrus POST /api/studio/items 409
2026-09-18 09:34:30,050 INFO cirrus GET /api/talents 200
2026-09-18 09:34:30,065 INFO cirrus POST /api/studio/items 201
2026-09-18 09:34:30,077 INFO cirrus POST /api/studio/items 400
2026-09-18 09:34:30,090 INFO cirrus GET /api/studio/items/38 200
2026-09-18 09:34:30,118 INFO cirrus POST /api/auth/signup 201
2026-09-18 09:34:30,981 INFO cirrus GET / 200
2026-09-18 09:34:31,035 INFO cirrus GET /signin 404
2026-09-18 09:34:31,491 INFO cirrus GET /sign-in 404
2026-09-18 09:34:31,929 INFO cirrus GET /login 404
2026-09-18 09:34:32,364 INFO cirrus GET /log-in 404
2026-09-18 09:34:32,802 INFO cirrus GET /account/login 404
2026-09-18 09:34:33,238 INFO cirrus GET /account/signin 404
2026-09-18 09:34:33,682 INFO cirrus GET /account 404
2026-09-18 09:34:34,122 INFO cirrus GET /auth/login 404
2026-09-18 09:34:34,564 INFO cirrus GET / 200
2026-09-18 09:34:35,772 INFO cirrus GET / 200
2026-09-18 09:34:35,806 INFO cirrus GET / 200
2026-09-18 09:34:37,208 INFO cirrus GET /works 200
2026-09-18 09:34:39,902 INFO cirrus GET /talents 200
2026-09-18 09:34:41,693 INFO cirrus GET /about 200
2026-09-18 09:34:43,250 INFO cirrus GET /works/sonder 200
2026-09-18 09:34:45,109 INFO cirrus GET /works/the-halo 200
2026-09-18 09:34:47,029 INFO cirrus GET /works/binary 200
2026-09-18 09:34:48,709 INFO cirrus GET /works/common-ground 200
2026-09-18 09:34:50,798 INFO cirrus GET /works/nve 200
2026-09-18 09:34:52,909 INFO cirrus GET / 200
2026-09-18 09:34:53,986 INFO cirrus GET /signin 404
2026-09-18 09:34:54,482 INFO cirrus GET /sign-in 404
2026-09-18 09:34:54,935 INFO cirrus GET /login 404
2026-09-18 09:34:55,387 INFO cirrus GET /log-in 404
2026-09-18 09:34:55,836 INFO cirrus GET /account/login 404
2026-09-18 09:34:56,307 INFO cirrus GET /account/signin 404
2026-09-18 09:34:56,752 INFO cirrus GET /account 404
2026-09-18 09:34:57,201 INFO cirrus GET /auth/login 404
2026-09-18 09:34:57,652 INFO cirrus GET / 200
2026-09-18 09:34:58,868 INFO cirrus GET / 200
2026-09-18 09:34:59,274 INFO cirrus GET / 200
2026-09-18 09:34:59,671 INFO cirrus GET / 200
2026-09-18 09:35:00,066 INFO cirrus GET / 200
2026-09-18 09:35:00,473 INFO cirrus GET / 200
2026-09-18 09:35:00,894 INFO cirrus GET / 200
2026-09-18 09:35:01,306 INFO cirrus GET / 200
2026-09-18 09:35:01,714 INFO cirrus GET / 200
2026-09-18 09:35:02,128 INFO cirrus GET / 200
2026-09-18 09:35:02,937 INFO cirrus GET / 200
2026-09-18 09:35:03,350 INFO cirrus GET / 200
2026-09-18 09:35:03,758 INFO cirrus GET / 200
2026-09-18 09:35:04,709 INFO cirrus GET /signin 404
2026-09-18 09:35:05,190 INFO cirrus GET /sign-in 404
2026-09-18 09:35:05,649 INFO cirrus GET /login 404
2026-09-18 09:35:06,103 INFO cirrus GET /log-in 404
2026-09-18 09:35:06,564 INFO cirrus GET /account/login 404
2026-09-18 09:35:07,018 INFO cirrus GET /account/signin 404
2026-09-18 09:35:07,471 INFO cirrus GET /account 404
2026-09-18 09:35:07,931 INFO cirrus GET /auth/login 404
2026-09-18 09:35:08,385 INFO cirrus GET / 200
2026-09-18 09:36:12,934 INFO cirrus GET /studio 302
2026-09-18 09:36:12,953 INFO cirrus GET /studio/login 200
2026-09-18 09:36:25,327 INFO cirrus POST /api/auth/login 200
2026-09-18 09:36:25,344 INFO cirrus GET /studio 200
2026-09-18 09:36:39,044 INFO cirrus GET /studio/items/14 200
2026-09-18 09:36:39,073 INFO cirrus GET /api/studio/items/14 200
2026-09-18 09:36:49,922 INFO cirrus GET /studio/talents/new 200
2026-09-18 09:37:01,174 INFO cirrus POST /api/studio/items 201
2026-09-18 09:37:01,189 INFO cirrus GET /studio/items/39 200
2026-09-18 09:37:01,218 INFO cirrus GET /api/studio/items/39 200
2026-09-18 09:38:12,084 INFO cirrus POST /api/studio/items/39/publish 400
2026-09-18 09:38:28,362 INFO cirrus GET /studio/items/21 200
2026-09-18 09:38:28,417 INFO cirrus GET /api/studio/items/21 200
2026-09-18 09:38:37,856 INFO cirrus GET /api/studio/items/22 200
2026-09-18 09:38:45,726 INFO cirrus GET /studio/items/39 200
2026-09-18 09:38:45,793 INFO cirrus GET /api/studio/items/39 200
2026-09-18 09:39:04,481 INFO cirrus POST /api/studio/items/39/publish 400
2026-09-18 09:39:49,270 INFO cirrus GET /signin 404
2026-09-18 09:39:49,769 INFO cirrus GET /sign-in 404
2026-09-18 09:39:50,228 INFO cirrus GET /login 404
2026-09-18 09:39:50,681 INFO cirrus GET /log-in 404
2026-09-18 09:39:51,123 INFO cirrus GET /account/login 404
2026-09-18 09:39:51,575 INFO cirrus GET /account/signin 404
2026-09-18 09:39:52,024 INFO cirrus GET /account 404
2026-09-18 09:39:52,472 INFO cirrus GET /auth/login 404
2026-09-18 09:39:52,929 INFO cirrus GET / 200
2026-09-18 09:39:59,063 INFO cirrus GET /signup 200
2026-09-18 09:40:15,874 INFO cirrus POST /api/auth/signup 201
2026-09-18 09:40:15,893 INFO cirrus GET / 200
2026-09-18 09:40:29,023 INFO cirrus GET /studio 302
2026-09-18 09:40:29,036 INFO cirrus GET / 200
2026-09-18 09:41:12,543 INFO cirrus GET /signin 404
2026-09-18 09:41:13,036 INFO cirrus GET /sign-in 404
2026-09-18 09:41:13,488 INFO cirrus GET /login 404
2026-09-18 09:41:13,936 INFO cirrus GET /log-in 404
2026-09-18 09:41:14,383 INFO cirrus GET /account/login 404
2026-09-18 09:41:14,832 INFO cirrus GET /account/signin 404
2026-09-18 09:41:15,287 INFO cirrus GET /account 404
2026-09-18 09:41:15,740 INFO cirrus GET /auth/login 404
2026-09-18 09:41:16,196 INFO cirrus GET / 200
2026-09-18 09:41:20,560 INFO cirrus GET /studio 302
2026-09-18 09:41:20,570 INFO cirrus GET /studio/login 200
2026-09-18 09:41:34,441 INFO cirrus POST /api/auth/login 200
2026-09-18 09:41:34,458 INFO cirrus GET /studio 200
2026-09-18 09:41:57,981 INFO cirrus GET /studio/talents/new 200
2026-09-18 09:42:09,787 INFO cirrus POST /api/studio/items 201
2026-09-18 09:42:09,808 INFO cirrus GET /studio/items/40 200
2026-09-18 09:42:09,887 INFO cirrus GET /api/studio/items/40 200
2026-09-18 09:42:22,562 INFO cirrus GET /studio 200
2026-09-18 09:43:02,114 INFO cirrus GET /signin 404
2026-09-18 09:43:02,600 INFO cirrus GET /sign-in 404
2026-09-18 09:43:03,056 INFO cirrus GET /login 404
2026-09-18 09:43:03,508 INFO cirrus GET /log-in 404
2026-09-18 09:43:03,959 INFO cirrus GET /account/login 404
2026-09-18 09:43:04,418 INFO cirrus GET /account/signin 404
2026-09-18 09:43:04,866 INFO cirrus GET /account 404
2026-09-18 09:43:05,321 INFO cirrus GET /auth/login 404
2026-09-18 09:43:05,777 INFO cirrus GET / 200
2026-09-18 09:43:13,409 INFO cirrus GET /studio/items/20/published 302
2026-09-18 09:43:13,416 INFO cirrus GET /studio/login 200
2026-09-18 09:43:25,944 INFO cirrus POST /api/auth/login 200
2026-09-18 09:43:25,955 INFO cirrus GET /studio/items/20/published 200
2026-09-18 09:43:35,405 INFO cirrus GET /studio 200
2026-09-18 09:43:55,471 INFO cirrus GET /studio/items/21 200
2026-09-18 09:43:55,498 INFO cirrus GET /api/studio/items/21 200
2026-09-18 09:44:03,361 INFO cirrus POST /api/studio/items/21/publish 400
2026-09-18 09:44:18,005 INFO cirrus POST /api/studio/items/21/media 201
2026-09-18 09:44:18,016 INFO cirrus GET /api/studio/items/21 200
2026-09-18 09:44:39,661 INFO cirrus POST /api/studio/items/21/publish 200
2026-09-18 09:44:39,676 INFO cirrus GET /studio/items/21/published 200
2026-09-18 09:44:59,324 INFO cirrus GET /signin 404
2026-09-18 09:44:59,801 INFO cirrus GET /sign-in 404
2026-09-18 09:45:00,255 INFO cirrus GET /login 404
2026-09-18 09:45:00,709 INFO cirrus GET /log-in 404
2026-09-18 09:45:01,166 INFO cirrus GET /account/login 404
2026-09-18 09:45:01,621 INFO cirrus GET /account/signin 404
2026-09-18 09:45:02,069 INFO cirrus GET /account 404
2026-09-18 09:45:02,521 INFO cirrus GET /auth/login 404
2026-09-18 09:45:02,978 INFO cirrus GET / 200
2026-09-18 09:45:07,988 INFO cirrus GET /studio 302
2026-09-18 09:45:07,996 INFO cirrus GET /studio/login 200
2026-09-18 09:45:19,314 INFO cirrus POST /api/auth/login 200
2026-09-18 09:45:19,325 INFO cirrus GET /studio 200
2026-09-18 09:46:09,005 INFO cirrus GET /studio/items/16 200
2026-09-18 09:46:09,033 INFO cirrus GET /api/studio/items/16 200
2026-09-18 09:46:29,494 INFO cirrus GET /signin 404
2026-09-18 09:46:29,977 INFO cirrus GET /sign-in 404
2026-09-18 09:46:30,432 INFO cirrus GET /login 404
2026-09-18 09:46:30,888 INFO cirrus GET /log-in 404
2026-09-18 09:46:31,342 INFO cirrus GET /account/login 404
2026-09-18 09:46:31,790 INFO cirrus GET /account/signin 404
2026-09-18 09:46:32,238 INFO cirrus GET /account 404
2026-09-18 09:46:32,683 INFO cirrus GET /auth/login 404
2026-09-18 09:46:33,139 INFO cirrus GET / 200
2026-09-18 09:46:41,887 INFO cirrus GET /studio 302
2026-09-18 09:46:41,896 INFO cirrus GET /studio/login 200
2026-09-18 09:47:07,431 INFO cirrus POST /api/auth/login 200
2026-09-18 09:47:07,442 INFO cirrus GET /studio 200
2026-09-18 09:47:21,185 INFO cirrus GET /studio/talents/new 200
2026-09-18 09:48:09,407 INFO cirrus POST /api/studio/items 201
2026-09-18 09:48:09,419 INFO cirrus GET /studio/items/41 200
2026-09-18 09:48:09,442 INFO cirrus GET /api/studio/items/41 200
2026-09-18 09:48:31,460 INFO cirrus GET /works 200
2026-09-18 09:49:00,870 INFO cirrus GET /signin 404
2026-09-18 09:49:01,354 INFO cirrus GET /sign-in 404
2026-09-18 09:49:01,799 INFO cirrus GET /login 404
2026-09-18 09:49:02,250 INFO cirrus GET /log-in 404
2026-09-18 09:49:02,695 INFO cirrus GET /account/login 404
2026-09-18 09:49:03,152 INFO cirrus GET /account/signin 404
2026-09-18 09:49:03,612 INFO cirrus GET /account 404
2026-09-18 09:49:04,060 INFO cirrus GET /auth/login 404
2026-09-18 09:49:04,525 INFO cirrus GET / 200
2026-09-18 09:49:14,216 INFO cirrus GET / 200
2026-09-18 09:49:46,002 INFO cirrus GET /works 200
2026-09-18 09:51:17,935 INFO cirrus GET /signin 404
2026-09-18 09:51:18,439 INFO cirrus GET /sign-in 404
2026-09-18 09:51:18,887 INFO cirrus GET /login 404
2026-09-18 09:51:19,337 INFO cirrus GET /log-in 404
2026-09-18 09:51:19,789 INFO cirrus GET /account/login 404
2026-09-18 09:51:20,244 INFO cirrus GET /account/signin 404
2026-09-18 09:51:20,702 INFO cirrus GET /account 404
2026-09-18 09:51:21,153 INFO cirrus GET /auth/login 404
2026-09-18 09:51:21,607 INFO cirrus GET / 200
2026-09-18 09:51:27,155 INFO cirrus GET / 200
2026-09-18 09:51:39,692 INFO cirrus GET /works 200
2026-09-18 09:52:15,361 INFO cirrus GET /talents 200
2026-09-18 09:53:06,658 INFO cirrus GET / 200
2026-09-18 09:53:15,908 INFO cirrus GET / 200
2026-09-18 09:53:28,724 INFO cirrus GET /works 200
2026-09-18 09:53:39,216 INFO cirrus GET /works 200
2026-09-18 09:54:02,426 INFO cirrus GET /signin 404
2026-09-18 09:54:02,900 INFO cirrus GET /sign-in 404
2026-09-18 09:54:03,353 INFO cirrus GET /login 404
2026-09-18 09:54:03,803 INFO cirrus GET /log-in 404
2026-09-18 09:54:04,251 INFO cirrus GET /account/login 404
2026-09-18 09:54:04,698 INFO cirrus GET /account/signin 404
2026-09-18 09:54:05,147 INFO cirrus GET /account 404
2026-09-18 09:54:05,596 INFO cirrus GET /auth/login 404
2026-09-18 09:54:06,047 INFO cirrus GET / 200
2026-09-18 09:54:10,312 INFO cirrus GET /talents 200
2026-09-18 09:55:20,470 INFO cirrus GET /talents 200
2026-09-18 09:56:50,570 INFO cirrus GET /signin 404
2026-09-18 09:56:51,046 INFO cirrus GET /sign-in 404
2026-09-18 09:56:51,498 INFO cirrus GET /login 404
2026-09-18 09:56:51,983 INFO cirrus GET /log-in 404
2026-09-18 09:56:52,433 INFO cirrus GET /account/login 404
2026-09-18 09:56:52,889 INFO cirrus GET /account/signin 404
2026-09-18 09:56:53,343 INFO cirrus GET /account 404
2026-09-18 09:56:53,793 INFO cirrus GET /auth/login 404
2026-09-18 09:56:54,243 INFO cirrus GET / 200
2026-09-18 09:56:59,547 INFO cirrus GET / 200
2026-09-18 09:58:10,881 INFO cirrus GET /works 200
2026-09-18 09:58:47,011 INFO cirrus GET / 200
2026-09-18 09:59:40,053 INFO cirrus GET /signin 404
2026-09-18 09:59:40,522 INFO cirrus GET /sign-in 404
2026-09-18 09:59:40,969 INFO cirrus GET /login 404
2026-09-18 09:59:41,416 INFO cirrus GET /log-in 404
2026-09-18 09:59:41,865 INFO cirrus GET /account/login 404
2026-09-18 09:59:42,315 INFO cirrus GET /account/signin 404
2026-09-18 09:59:42,764 INFO cirrus GET /account 404
2026-09-18 09:59:43,214 INFO cirrus GET /auth/login 404
2026-09-18 09:59:43,665 INFO cirrus GET / 200
2026-09-18 09:59:47,884 INFO cirrus GET / 200
2026-09-18 09:59:55,888 INFO cirrus GET /about 200
2026-09-18 10:01:54,006 INFO cirrus GET /signin 404
2026-09-18 10:01:54,472 INFO cirrus GET /sign-in 404
2026-09-18 10:01:54,921 INFO cirrus GET /login 404
2026-09-18 10:01:55,371 INFO cirrus GET /log-in 404
2026-09-18 10:01:55,819 INFO cirrus GET /account/login 404
2026-09-18 10:01:56,271 INFO cirrus GET /account/signin 404
2026-09-18 10:01:56,719 INFO cirrus GET /account 404
2026-09-18 10:01:57,169 INFO cirrus GET /auth/login 404
2026-09-18 10:01:57,624 INFO cirrus GET / 200
2026-09-18 10:02:02,536 INFO cirrus GET / 200
2026-09-18 10:02:17,336 INFO cirrus GET /about 200
2026-09-18 10:02:51,805 INFO cirrus GET /about 200
2026-09-18 10:03:13,483 INFO cirrus GET /about 200
2026-09-18 10:04:33,257 INFO cirrus GET /signin 404
2026-09-18 10:04:33,729 INFO cirrus GET /sign-in 404
2026-09-18 10:04:34,182 INFO cirrus GET /login 404
2026-09-18 10:04:34,635 INFO cirrus GET /log-in 404
2026-09-18 10:04:35,082 INFO cirrus GET /account/login 404
2026-09-18 10:04:35,529 INFO cirrus GET /account/signin 404
2026-09-18 10:04:35,977 INFO cirrus GET /account 404
2026-09-18 10:04:36,429 INFO cirrus GET /auth/login 404
2026-09-18 10:04:36,883 INFO cirrus GET / 200
2026-09-18 10:04:42,338 INFO cirrus GET / 200
2026-09-18 10:06:21,405 INFO cirrus GET /talents 200
2026-09-18 10:07:38,232 INFO cirrus GET / 200
2026-09-18 10:07:51,068 INFO cirrus GET /works 200
2026-09-18 10:09:04,016 INFO cirrus GET /signin 404
2026-09-18 10:09:04,499 INFO cirrus GET /sign-in 404
2026-09-18 10:09:04,946 INFO cirrus GET /login 404
2026-09-18 10:09:05,407 INFO cirrus GET /log-in 404
2026-09-18 10:09:05,855 INFO cirrus GET /account/login 404
2026-09-18 10:09:06,298 INFO cirrus GET /account/signin 404
2026-09-18 10:09:06,746 INFO cirrus GET /account 404
2026-09-18 10:09:07,193 INFO cirrus GET /auth/login 404
2026-09-18 10:09:07,653 INFO cirrus GET / 200
2026-09-18 10:09:12,278 INFO cirrus GET / 200
2026-09-18 10:09:19,800 INFO cirrus GET /talents 200
2026-09-18 10:10:43,700 INFO cirrus GET /talents 200
2026-09-18 10:12:55,021 INFO cirrus GET /signin 404
2026-09-18 10:12:55,505 INFO cirrus GET /sign-in 404
2026-09-18 10:12:55,954 INFO cirrus GET /login 404
2026-09-18 10:12:56,402 INFO cirrus GET /log-in 404
2026-09-18 10:12:56,850 INFO cirrus GET /account/login 404
2026-09-18 10:12:57,300 INFO cirrus GET /account/signin 404
2026-09-18 10:12:57,753 INFO cirrus GET /account 404
2026-09-18 10:12:58,197 INFO cirrus GET /auth/login 404
2026-09-18 10:12:58,646 INFO cirrus GET / 200
2026-09-18 10:13:07,951 INFO cirrus GET / 200
2026-09-18 10:13:47,033 INFO cirrus GET / 200
2026-09-18 10:14:45,505 INFO cirrus GET /works 200
2026-09-18 10:15:34,498 INFO cirrus GET /works 200
2026-09-18 10:16:32,623 INFO cirrus GET / 200
2026-09-18 10:17:04,533 INFO cirrus GET /signin 404
2026-09-18 10:17:05,023 INFO cirrus GET /sign-in 404
2026-09-18 10:17:05,470 INFO cirrus GET /login 404
2026-09-18 10:17:05,917 INFO cirrus GET /log-in 404
2026-09-18 10:17:06,367 INFO cirrus GET /account/login 404
2026-09-18 10:17:06,817 INFO cirrus GET /account/signin 404
2026-09-18 10:17:07,280 INFO cirrus GET /account 404
2026-09-18 10:17:07,722 INFO cirrus GET /auth/login 404
2026-09-18 10:17:08,176 INFO cirrus GET / 200
2026-09-18 10:17:12,397 INFO cirrus GET / 200
2026-09-18 10:17:23,172 INFO cirrus GET /talents 200
2026-09-18 10:18:27,003 INFO cirrus GET /works 200
2026-09-18 10:19:25,490 INFO cirrus GET /signin 404
2026-09-18 10:19:25,978 INFO cirrus GET /sign-in 404
2026-09-18 10:19:26,435 INFO cirrus GET /login 404
2026-09-18 10:19:26,897 INFO cirrus GET /log-in 404
2026-09-18 10:19:27,347 INFO cirrus GET /account/login 404
2026-09-18 10:19:27,800 INFO cirrus GET /account/signin 404
2026-09-18 10:19:28,258 INFO cirrus GET /account 404
2026-09-18 10:19:28,720 INFO cirrus GET /auth/login 404
2026-09-18 10:19:29,169 INFO cirrus GET / 200
2026-09-18 10:19:33,769 INFO cirrus GET / 200
2026-09-18 10:20:03,758 INFO cirrus GET /works 200
2026-09-18 10:20:15,170 INFO cirrus GET /works/sonder 200
2026-09-18 10:20:30,374 INFO cirrus GET /talents 200
2026-09-18 10:20:36,823 INFO cirrus GET /about 200
2026-09-18 10:20:57,843 INFO cirrus GET /talents/rives 200
2026-09-18 10:21:09,362 INFO cirrus GET /does-not-exist-r17 404
2026-09-18 10:21:28,432 INFO cirrus GET /signin 404
2026-09-18 10:21:28,910 INFO cirrus GET /sign-in 404
2026-09-18 10:21:29,355 INFO cirrus GET /login 404
2026-09-18 10:21:29,809 INFO cirrus GET /log-in 404
2026-09-18 10:21:30,256 INFO cirrus GET /account/login 404
2026-09-18 10:21:30,715 INFO cirrus GET /account/signin 404
2026-09-18 10:21:31,165 INFO cirrus GET /account 404
2026-09-18 10:21:31,622 INFO cirrus GET /auth/login 404
2026-09-18 10:21:32,080 INFO cirrus GET / 200
2026-09-18 10:21:36,782 INFO cirrus GET / 200
2026-09-18 10:21:44,237 INFO cirrus GET /talents 200
2026-09-18 10:22:11,667 INFO cirrus GET /studio 302
2026-09-18 10:22:11,678 INFO cirrus GET /studio/login 200
2026-09-18 10:22:23,206 INFO cirrus POST /api/auth/login 200
2026-09-18 10:22:23,220 INFO cirrus GET /studio 200
2026-09-18 10:22:31,383 INFO cirrus GET /studio/items/18 200
2026-09-18 10:22:31,410 INFO cirrus GET /api/studio/items/18 200
2026-09-18 10:22:38,795 INFO cirrus POST /api/studio/items/18/publish 200
2026-09-18 10:22:56,219 INFO cirrus POST /api/studio/items/18/publish 200
2026-09-18 10:22:56,232 INFO cirrus GET /studio/items/18/published 200
2026-09-18 10:23:05,601 INFO cirrus GET /studio/items/18 200
2026-09-18 10:23:05,635 INFO cirrus GET /api/studio/items/18 200
2026-09-18 10:23:13,864 INFO cirrus POST /api/studio/items/18/publish 200
2026-09-18 10:23:17,448 INFO cirrus GET /talents 200
2026-09-18 10:23:30,701 INFO cirrus GET /studio 302
2026-09-18 10:23:30,709 INFO cirrus GET /studio/login 200
2026-09-18 10:23:46,063 INFO cirrus POST /api/auth/login 200
2026-09-18 10:23:46,075 INFO cirrus GET /studio 200
2026-09-18 10:24:02,278 INFO cirrus GET /api/talents 200
2026-09-18 10:24:19,799 INFO cirrus GET /studio/items/14 200
2026-09-18 10:24:19,834 INFO cirrus GET /api/studio/items/14 200
2026-09-18 10:24:30,993 INFO cirrus POST /api/studio/items/14/publish 200
2026-09-18 10:24:34,735 INFO cirrus GET /studio/items/15 200
2026-09-18 10:24:34,764 INFO cirrus GET /api/studio/items/15 200
2026-09-18 10:24:44,312 INFO cirrus POST /api/studio/items/15/publish 200
2026-09-18 10:24:47,143 INFO cirrus GET /studio/items/16 200
2026-09-18 10:24:47,172 INFO cirrus GET /api/studio/items/16 200
2026-09-18 10:24:56,837 INFO cirrus POST /api/studio/items/16/publish 200
2026-09-18 10:25:00,361 INFO cirrus GET /studio/items/20 200
2026-09-18 10:25:00,399 INFO cirrus GET /api/studio/items/20 200
2026-09-18 10:25:14,346 INFO cirrus POST /api/studio/items/20/publish 200
2026-09-18 10:25:17,900 INFO cirrus GET /studio/items/21 200
2026-09-18 10:25:17,930 INFO cirrus GET /api/studio/items/21 200
2026-09-18 10:25:25,918 INFO cirrus POST /api/studio/items/21/publish 200
2026-09-18 10:25:31,677 INFO cirrus GET /studio/items/22 200
2026-09-18 10:25:31,707 INFO cirrus GET /api/studio/items/22 200
2026-09-18 10:25:41,302 INFO cirrus POST /api/studio/items/22/publish 200
2026-09-18 10:25:44,414 INFO cirrus GET /talents 200
2026-09-18 10:25:58,490 INFO cirrus GET /studio/items/14 200
2026-09-18 10:25:58,521 INFO cirrus GET /api/studio/items/14 200
2026-09-18 10:26:06,399 INFO cirrus POST /api/studio/items/14/publish 200
2026-09-18 10:26:06,410 INFO cirrus GET /studio/items/14/published 200
2026-09-18 10:26:10,955 INFO cirrus GET /studio/items/15 200
2026-09-18 10:26:10,980 INFO cirrus GET /api/studio/items/15 200
2026-09-18 10:26:20,183 INFO cirrus POST /api/studio/items/15/publish 200
2026-09-18 10:26:20,193 INFO cirrus GET /studio/items/15/published 200
2026-09-18 10:26:22,652 INFO cirrus GET /studio/items/16 200
2026-09-18 10:26:22,682 INFO cirrus GET /api/studio/items/16 200
2026-09-18 10:26:30,819 INFO cirrus POST /api/studio/items/16/publish 200
2026-09-18 10:26:30,830 INFO cirrus GET /studio/items/16/published 200
2026-09-18 10:26:36,384 INFO cirrus GET /studio/items/20 200
2026-09-18 10:26:36,412 INFO cirrus GET /api/studio/items/20 200
2026-09-18 10:26:44,078 INFO cirrus POST /api/studio/items/20/publish 200
2026-09-18 10:26:44,090 INFO cirrus GET /studio/items/20/published 200
2026-09-18 10:26:47,097 INFO cirrus GET /studio/items/21 200
2026-09-18 10:26:47,127 INFO cirrus GET /api/studio/items/21 200
2026-09-18 10:26:55,037 INFO cirrus POST /api/studio/items/21/publish 200
2026-09-18 10:26:55,049 INFO cirrus GET /studio/items/21/published 200
2026-09-18 10:26:57,945 INFO cirrus GET /studio/items/22 200
2026-09-18 10:26:57,980 INFO cirrus GET /api/studio/items/22 200
2026-09-18 10:27:10,456 INFO cirrus POST /api/studio/items/22/publish 200
2026-09-18 10:27:10,468 INFO cirrus GET /studio/items/22/published 200
2026-09-18 10:27:20,773 INFO cirrus GET /signin 404
2026-09-18 10:27:21,257 INFO cirrus GET /sign-in 404
2026-09-18 10:27:21,708 INFO cirrus GET /login 404
2026-09-18 10:27:22,155 INFO cirrus GET /log-in 404
2026-09-18 10:27:22,603 INFO cirrus GET /account/login 404
2026-09-18 10:27:23,055 INFO cirrus GET /account/signin 404
2026-09-18 10:27:23,510 INFO cirrus GET /account 404
2026-09-18 10:27:23,950 INFO cirrus GET /auth/login 404
2026-09-18 10:27:24,411 INFO cirrus GET / 200
2026-09-18 10:27:28,623 INFO cirrus GET / 200
2026-09-18 10:27:59,019 INFO cirrus GET /works 200
2026-09-18 10:28:10,762 INFO cirrus GET /works 200
2026-09-18 10:30:08,718 INFO cirrus GET /works 200
2026-09-18 10:32:37,161 INFO cirrus GET /signin 404
2026-09-18 10:32:37,637 INFO cirrus GET /sign-in 404
2026-09-18 10:32:38,086 INFO cirrus GET /login 404
2026-09-18 10:32:38,533 INFO cirrus GET /log-in 404
2026-09-18 10:32:38,984 INFO cirrus GET /account/login 404
2026-09-18 10:32:39,431 INFO cirrus GET /account/signin 404
2026-09-18 10:32:39,878 INFO cirrus GET /account 404
2026-09-18 10:32:40,328 INFO cirrus GET /auth/login 404
2026-09-18 10:32:40,780 INFO cirrus GET / 200
2026-09-18 10:33:27,045 INFO cirrus GET /signin 404
2026-09-18 10:33:27,514 INFO cirrus GET /sign-in 404
2026-09-18 10:33:27,959 INFO cirrus GET /login 404
2026-09-18 10:33:28,403 INFO cirrus GET /log-in 404
2026-09-18 10:33:28,848 INFO cirrus GET /account/login 404
2026-09-18 10:33:29,294 INFO cirrus GET /account/signin 404
2026-09-18 10:33:29,739 INFO cirrus GET /account 404
2026-09-18 10:33:30,184 INFO cirrus GET /auth/login 404
2026-09-18 10:33:30,631 INFO cirrus GET / 200
2026-09-18 10:34:32,287 INFO cirrus GET / 200
2026-09-18 10:34:37,003 INFO cirrus GET / 200
2026-09-18 10:34:57,214 INFO cirrus GET /signin 404
2026-09-18 10:34:57,682 INFO cirrus GET /sign-in 404
2026-09-18 10:34:58,129 INFO cirrus GET /login 404
2026-09-18 10:34:58,576 INFO cirrus GET /log-in 404
2026-09-18 10:34:59,025 INFO cirrus GET /account/login 404
2026-09-18 10:34:59,475 INFO cirrus GET /account/signin 404
2026-09-18 10:34:59,924 INFO cirrus GET /account 404
2026-09-18 10:35:00,376 INFO cirrus GET /auth/login 404
2026-09-18 10:35:00,828 INFO cirrus GET / 200
2026-09-18 10:36:26,648 INFO cirrus GET /signin 404
2026-09-18 10:36:27,128 INFO cirrus GET /sign-in 404
2026-09-18 10:36:27,579 INFO cirrus GET /login 404
2026-09-18 10:36:28,031 INFO cirrus GET /log-in 404
2026-09-18 10:36:28,479 INFO cirrus GET /account/login 404
2026-09-18 10:36:28,923 INFO cirrus GET /account/signin 404
2026-09-18 10:36:29,375 INFO cirrus GET /account 404
2026-09-18 10:36:29,827 INFO cirrus GET /auth/login 404
2026-09-18 10:36:30,277 INFO cirrus GET / 200
2026-09-18 10:37:43,761 INFO cirrus GET /signin 404
2026-09-18 10:37:44,249 INFO cirrus GET /sign-in 404
2026-09-18 10:37:44,696 INFO cirrus GET /login 404
2026-09-18 10:37:45,150 INFO cirrus GET /log-in 404
2026-09-18 10:37:45,597 INFO cirrus GET /account/login 404
2026-09-18 10:37:46,043 INFO cirrus GET /account/signin 404
2026-09-18 10:37:46,492 INFO cirrus GET /account 404
2026-09-18 10:37:46,945 INFO cirrus GET /auth/login 404
2026-09-18 10:37:47,402 INFO cirrus GET / 200
2026-09-18 10:39:17,614 INFO cirrus GET /signin 404
2026-09-18 10:39:18,101 INFO cirrus GET /sign-in 404
2026-09-18 10:39:18,553 INFO cirrus GET /login 404
2026-09-18 10:39:19,001 INFO cirrus GET /log-in 404
2026-09-18 10:39:19,452 INFO cirrus GET /account/login 404
2026-09-18 10:39:19,924 INFO cirrus GET /account/signin 404
2026-09-18 10:39:20,372 INFO cirrus GET /account 404
2026-09-18 10:39:20,818 INFO cirrus GET /auth/login 404
2026-09-18 10:39:21,267 INFO cirrus GET / 200
2026-09-18 10:39:54,369 INFO cirrus GET /signin 404
2026-09-18 10:39:54,839 INFO cirrus GET /sign-in 404
2026-09-18 10:39:55,285 INFO cirrus GET /login 404
2026-09-18 10:39:55,733 INFO cirrus GET /log-in 404
2026-09-18 10:39:56,178 INFO cirrus GET /account/login 404
2026-09-18 10:39:56,624 INFO cirrus GET /account/signin 404
2026-09-18 10:39:57,070 INFO cirrus GET /account 404
2026-09-18 10:39:57,518 INFO cirrus GET /auth/login 404
2026-09-18 10:39:57,970 INFO cirrus GET / 200
2026-09-18 10:40:33,961 INFO cirrus GET /works/the-halo 200
2026-09-18 10:40:47,327 INFO cirrus GET /api/works/the-halo 200
2026-09-18 10:40:47,348 INFO cirrus GET /api/works 200
2026-09-18 10:41:00,340 INFO cirrus GET /talents 200
2026-09-18 10:41:08,874 INFO cirrus GET /api/disciplines 200
2026-09-18 10:41:08,886 INFO cirrus GET /api/talents/rives 200
2026-09-18 10:41:08,899 INFO cirrus GET /api/talents 200
2026-09-18 10:41:57,259 INFO cirrus GET /signin 404
2026-09-18 10:41:57,728 INFO cirrus GET /sign-in 404
2026-09-18 10:41:58,176 INFO cirrus GET /login 404
2026-09-18 10:41:58,625 INFO cirrus GET /log-in 404
2026-09-18 10:41:59,073 INFO cirrus GET /account/login 404
2026-09-18 10:41:59,524 INFO cirrus GET /account/signin 404
2026-09-18 10:41:59,964 INFO cirrus GET /account 404
2026-09-18 10:42:00,408 INFO cirrus GET /auth/login 404
2026-09-18 10:42:00,854 INFO cirrus GET / 200
2026-09-18 10:42:28,924 INFO cirrus GET /signin 404
2026-09-18 10:42:29,398 INFO cirrus GET /sign-in 404
2026-09-18 10:42:29,848 INFO cirrus GET /login 404
2026-09-18 10:42:30,299 INFO cirrus GET /log-in 404
2026-09-18 10:42:30,747 INFO cirrus GET /account/login 404
2026-09-18 10:42:31,198 INFO cirrus GET /account/signin 404
2026-09-18 10:42:31,650 INFO cirrus GET /account 404
2026-09-18 10:42:32,098 INFO cirrus GET /auth/login 404
2026-09-18 10:42:32,552 INFO cirrus GET / 200
2026-09-18 10:43:06,181 INFO cirrus GET /api/works 200
2026-09-18 10:43:15,915 INFO cirrus GET /api/talents/Rives 404
2026-09-18 10:43:28,625 INFO cirrus GET /api/talents/rives 200

--- stderr ---

