exit=0

--- stdout ---

--- stderr ---
#0 building with "desktop-linux" instance using docker driver

#1 [internal] load build definition from Dockerfile
#1 transferring dockerfile: 643B done
#1 DONE 0.0s

#2 [internal] load metadata for docker.io/library/python:3.12-slim
#2 DONE 0.4s

#3 [internal] load .dockerignore
#3 transferring context: 136B done
#3 DONE 0.0s

#4 [1/9] FROM docker.io/library/python:3.12-slim@sha256:78387bc3881b8273120a12ebe6c1ab22b018ccc2c9adf565ae1ac9b536e184ea
#4 resolve docker.io/library/python:3.12-slim@sha256:78387bc3881b8273120a12ebe6c1ab22b018ccc2c9adf565ae1ac9b536e184ea 0.0s done
#4 DONE 0.0s

#5 [2/9] WORKDIR /app
#5 CACHED

#6 [internal] load build context
#6 transferring context: 343.87kB done
#6 DONE 0.0s

#7 [3/9] COPY requirements.txt .
#7 DONE 0.0s

#8 [4/9] RUN pip install --no-cache-dir -r requirements.txt
#8 1.293 Collecting Flask==3.1.0 (from -r requirements.txt (line 1))
#8 1.342   Downloading flask-3.1.0-py3-none-any.whl.metadata (2.7 kB)
#8 1.393 Collecting gunicorn==23.0.0 (from -r requirements.txt (line 2))
#8 1.400   Downloading gunicorn-23.0.0-py3-none-any.whl.metadata (4.4 kB)
#8 1.456 Collecting psycopg==3.2.3 (from psycopg[binary]==3.2.3->-r requirements.txt (line 3))
#8 1.465   Downloading psycopg-3.2.3-py3-none-any.whl.metadata (4.3 kB)
#8 1.520 Collecting Werkzeug>=3.1 (from Flask==3.1.0->-r requirements.txt (line 1))
#8 1.527   Downloading werkzeug-3.1.8-py3-none-any.whl.metadata (4.0 kB)
#8 1.572 Collecting Jinja2>=3.1.2 (from Flask==3.1.0->-r requirements.txt (line 1))
#8 1.579   Downloading jinja2-3.1.6-py3-none-any.whl.metadata (2.9 kB)
#8 1.618 Collecting itsdangerous>=2.2 (from Flask==3.1.0->-r requirements.txt (line 1))
#8 1.629   Downloading itsdangerous-2.2.0-py3-none-any.whl.metadata (1.9 kB)
#8 1.680 Collecting click>=8.1.3 (from Flask==3.1.0->-r requirements.txt (line 1))
#8 1.687   Downloading click-8.5.0-py3-none-any.whl.metadata (2.6 kB)
#8 1.727 Collecting blinker>=1.9 (from Flask==3.1.0->-r requirements.txt (line 1))
#8 1.736   Downloading blinker-1.9.0-py3-none-any.whl.metadata (1.6 kB)
#8 1.785 Collecting packaging (from gunicorn==23.0.0->-r requirements.txt (line 2))
#8 1.792   Downloading packaging-26.3-py3-none-any.whl.metadata (3.5 kB)
#8 1.844 Collecting typing-extensions>=4.6 (from psycopg==3.2.3->psycopg[binary]==3.2.3->-r requirements.txt (line 3))
#8 1.851   Downloading typing_extensions-4.16.0-py3-none-any.whl.metadata (3.3 kB)
#8 2.065 Collecting psycopg-binary==3.2.3 (from psycopg[binary]==3.2.3->-r requirements.txt (line 3))
#8 2.072   Downloading psycopg_binary-3.2.3-cp312-cp312-manylinux_2_17_aarch64.manylinux2014_aarch64.whl.metadata (2.8 kB)
#8 2.135 Collecting MarkupSafe>=2.0 (from Jinja2>=3.1.2->Flask==3.1.0->-r requirements.txt (line 1))
#8 2.141   Downloading markupsafe-3.0.3-cp312-cp312-manylinux2014_aarch64.manylinux_2_17_aarch64.manylinux_2_28_aarch64.whl.metadata (2.7 kB)
#8 2.154 Downloading flask-3.1.0-py3-none-any.whl (102 kB)
#8 2.171 Downloading gunicorn-23.0.0-py3-none-any.whl (85 kB)
#8 2.179 Downloading psycopg-3.2.3-py3-none-any.whl (197 kB)
#8 2.195 Downloading psycopg_binary-3.2.3-cp312-cp312-manylinux_2_17_aarch64.manylinux2014_aarch64.whl (4.4 MB)
#8 2.378    ━━━━━━━━━━━━━━━━━━━━━━━━━━━━━━━━━━━━━━━━ 4.4/4.4 MB 26.8 MB/s eta 0:00:00
#8 2.386 Downloading blinker-1.9.0-py3-none-any.whl (8.5 kB)
#8 2.394 Downloading click-8.5.0-py3-none-any.whl (125 kB)
#8 2.403 Downloading itsdangerous-2.2.0-py3-none-any.whl (16 kB)
#8 2.411 Downloading jinja2-3.1.6-py3-none-any.whl (134 kB)
#8 2.423 Downloading typing_extensions-4.16.0-py3-none-any.whl (45 kB)
#8 2.430 Downloading werkzeug-3.1.8-py3-none-any.whl (226 kB)
#8 2.443 Downloading packaging-26.3-py3-none-any.whl (129 kB)
#8 2.454 Downloading markupsafe-3.0.3-cp312-cp312-manylinux2014_aarch64.manylinux_2_17_aarch64.manylinux_2_28_aarch64.whl (24 kB)
#8 2.476 Installing collected packages: typing-extensions, psycopg-binary, packaging, MarkupSafe, itsdangerous, click, blinker, Werkzeug, psycopg, Jinja2, gunicorn, Flask
#8 3.026 Successfully installed Flask-3.1.0 Jinja2-3.1.6 MarkupSafe-3.0.3 Werkzeug-3.1.8 blinker-1.9.0 click-8.5.0 gunicorn-23.0.0 itsdangerous-2.2.0 packaging-26.3 psycopg-3.2.3 psycopg-binary-3.2.3 typing-extensions-4.16.0
#8 3.026 WARNING: Running pip as the 'root' user can result in broken permissions and conflicting behaviour with the system package manager, possibly rendering your system unusable. It is recommended to use a virtual environment instead: https://pip.pypa.io/warnings/venv. Use the --root-user-action option if you know what you are doing and want to suppress this warning.
#8 3.181 
#8 3.181 [notice] A new release of pip is available: 25.0.1 -> 26.2.1
#8 3.181 [notice] To update, run: pip install --upgrade pip
#8 DONE 3.3s

#9 [5/9] COPY app.py auth.py bootstrap.py entrypoint.sh media.py seed.py studio_api.py ./
#9 DONE 0.0s

#10 [6/9] RUN chmod +x /app/entrypoint.sh
#10 DONE 0.1s

#11 [7/9] COPY templates ./templates
#11 DONE 0.0s

#12 [8/9] COPY static ./static
#12 DONE 0.0s

#13 [9/9] RUN mkdir -p /app/.browser_screenshots /app/.downloads /app/static/gen
#13 DONE 0.1s

#14 exporting to image
#14 exporting layers
#14 exporting layers 0.6s done
#14 exporting manifest sha256:dc0c87d3dc260157677b3a86c911845abcff0cd24a865c8eb54e961ef4126cb2 done
#14 exporting config sha256:f74317ff8ddafec7ab2ed3e4ae695dd5956361efe9c055f2885012a366e213d3 done
#14 exporting attestation manifest sha256:4d1e577f9befe1c0273e1d28f79347629c8b82a68af7433d772a6dec894c2e2f done
#14 exporting manifest list sha256:f71a1514f51564e45f1f0e8ce9ae5928e911884707d7e890f1bb4b26480b7faa done
#14 naming to docker.io/library/deku-fresh-app-1b21d4ac-055a-52e7-b754-0620f337b0d4:latest done
#14 unpacking to docker.io/library/deku-fresh-app-1b21d4ac-055a-52e7-b754-0620f337b0d4:latest
#14 unpacking to docker.io/library/deku-fresh-app-1b21d4ac-055a-52e7-b754-0620f337b0d4:latest 0.2s done
#14 DONE 0.8s

