exit=0

--- stdout ---

--- stderr ---
#0 building with "desktop-linux" instance using docker driver

#1 [internal] load build definition from Dockerfile
#1 transferring dockerfile: 794B done
#1 DONE 0.0s

#2 [internal] load metadata for docker.io/library/node:20-bookworm-slim
#2 ...

#3 [auth] library/node:pull token for registry-1.docker.io
#3 DONE 0.0s

#2 [internal] load metadata for docker.io/library/node:20-bookworm-slim
#2 DONE 1.6s

#4 [internal] load .dockerignore
#4 transferring context: 108B done
#4 DONE 0.0s

#5 [1/8] FROM docker.io/library/node:20-bookworm-slim@sha256:2cf067cfed83d5ea958367df9f966191a942351a2df77d6f0193e162b5febfc0
#5 DONE 0.0s

#6 [2/8] WORKDIR /app
#6 CACHED

#7 [internal] load build context
#7 transferring context: 674.18kB 0.0s done
#7 DONE 0.0s

#8 [3/8] COPY package.json package-lock.json ./
#8 DONE 0.0s

#9 [4/8] COPY astro.config.mjs tsconfig.json ./
#9 DONE 0.0s

#10 [5/8] COPY src ./src
#10 DONE 0.0s

#11 [6/8] COPY public ./public
#11 DONE 0.0s

#12 [7/8] RUN npm ci --include=dev --no-audit --no-fund  && npm run build  && npm prune --omit=dev --no-audit --no-fund
#12 1.898 npm warn deprecated tsconfck@3.1.6: unmaintained
#12 4.212 
#12 4.212 added 372 packages in 4s
#12 4.213 npm notice
#12 4.213 npm notice New major version of npm available! 10.8.2 -> 12.0.2
#12 4.213 npm notice Changelog: https://github.com/npm/cli/releases/tag/v12.0.2
#12 4.213 npm notice To update run: npm install -g npm@12.0.2
#12 4.213 npm notice
#12 4.309 
#12 4.309 > vela-storefront@1.0.0 build
#12 4.309 > astro build
#12 4.309 
#12 4.666 ▶ Astro collects anonymous usage data.
#12 4.666   This information helps us improve Astro.
#12 4.666   Run "astro telemetry disable" to opt-out.
#12 4.666   https://astro.build/telemetry
#12 4.666 
#12 5.032 21:45:00 [types] Generated 37ms
#12 5.033 21:45:00 [build] output: "server"
#12 5.033 21:45:00 [build] directory: /app/dist/
#12 5.033 21:45:00 [build] adapter: @astrojs/node
#12 5.033 21:45:00 [build] Collecting build info...
#12 5.033 21:45:00 [build] ✓ Completed in 47ms.
#12 5.034 21:45:00 [build] Building server entrypoints...
#12 6.262 21:45:01 [vite] ✓ built in 1.20s
#12 6.262 21:45:01 [build] ✓ Completed in 1.23s.
#12 6.263 
#12 6.263  building client (vite) 
#12 6.268 21:45:01 [vite] transforming...
#12 6.307 21:45:01 [vite] ✓ 27 modules transformed.
#12 6.328 21:45:01 [vite] rendering chunks...
#12 6.334 21:45:01 [vite] computing gzip size...
#12 6.338 21:45:01 [vite] dist/client/_astro/hoisted.JI1xUt9x.js  0.27 kB │ gzip: 0.21 kB
#12 6.338 21:45:01 [vite] dist/client/_astro/hoisted.DQ0KOJQm.js  0.29 kB │ gzip: 0.19 kB
#12 6.338 21:45:01 [vite] dist/client/_astro/hoisted.B6sEpiXo.js  0.56 kB │ gzip: 0.39 kB
#12 6.338 21:45:01 [vite] dist/client/_astro/hoisted.DZcnikx4.js  0.69 kB │ gzip: 0.47 kB
#12 6.338 21:45:01 [vite] dist/client/_astro/hoisted.DN5P68FA.js  0.71 kB │ gzip: 0.48 kB
#12 6.338 21:45:01 [vite] dist/client/_astro/hoisted.DNHKEfek.js  0.90 kB │ gzip: 0.53 kB
#12 6.338 21:45:01 [vite] dist/client/_astro/hoisted.8hh_FPsY.js  1.16 kB │ gzip: 0.66 kB
#12 6.338 21:45:01 [vite] dist/client/_astro/hoisted.C0wA1Gsr.js  1.28 kB │ gzip: 0.61 kB
#12 6.338 21:45:01 [vite] dist/client/_astro/hoisted.tAU-XQs7.js  1.45 kB │ gzip: 0.72 kB
#12 6.338 21:45:01 [vite] dist/client/_astro/hoisted.BZ60Ae8K.js  1.69 kB │ gzip: 0.72 kB
#12 6.338 21:45:01 [vite] dist/client/_astro/hoisted.Cy75Zgrp.js  2.49 kB │ gzip: 1.04 kB
#12 6.338 21:45:01 [vite] dist/client/_astro/hoisted.AfUrYCe_.js  2.60 kB │ gzip: 1.15 kB
#12 6.338 21:45:01 [vite] dist/client/_astro/hoisted.DM5MClQk.js  5.43 kB │ gzip: 2.04 kB
#12 6.338 21:45:01 [vite] ✓ built in 74ms
#12 6.384 21:45:01 [build] Rearranging server assets...
#12 6.385 21:45:01 [build] Server built in 1.40s
#12 6.385 21:45:01 [build] Complete!
#12 6.976 
#12 6.976 up to date in 524ms
#12 DONE 7.2s

#13 [8/8] RUN mkdir -p /app/.browser_screenshots /app/.downloads
#13 DONE 0.1s

#14 exporting to image
#14 exporting layers
#14 exporting layers 0.8s done
#14 writing image sha256:707f9b64f17dae26027c8850975b6713df53944229cc0871377ba0ddf670bca5 done
#14 naming to docker.io/library/deku-fresh-app-e0f889a5-7a3b-5a05-a837-43ac155857a6:latest done
#14 DONE 0.9s

