--- stdout ---
{"ts":"2026-09-18T07:49:29.080Z","level":"info","event":"server.listening","host":"0.0.0.0","port":4173}
{"ts":"2026-09-18T07:49:29.191Z","level":"info","event":"migrate.complete"}
{"ts":"2026-09-18T07:49:30.108Z","level":"info","event":"billing.invoice_created","account_id":"7e6424ed-cbd9-4db4-80e5-652311a69310","order_number":"VE-2026-0001","amount":"328.90","currency":"USD","invoice_id":"46c5ccea-da73-4c34-8c6d-cc55a2f135d2"}
{"ts":"2026-09-18T07:49:30.110Z","level":"info","event":"seed.complete"}
{"ts":"2026-09-18T07:49:30.110Z","level":"info","event":"server.ready","host":"0.0.0.0","port":4173}
{"ts":"2026-09-18T07:49:32.131Z","level":"info","request_id":"req_dbf12edc0be440dcaee9","method":"GET","route":"/api/health","status":200,"elapsed_ms":1}
{"ts":"2026-09-18T07:49:32.946Z","level":"info","request_id":"req_3f5e315a21754e5985c8","method":"GET","route":"/","status":200,"elapsed_ms":10}
{"ts":"2026-09-18T07:49:32.952Z","level":"info","request_id":"req_629288e3cef94eed809a","method":"GET","route":"/_astro/how-it-gets-there.tMrEFdix.css","status":200,"elapsed_ms":2}
{"ts":"2026-09-18T07:49:32.953Z","level":"info","request_id":"req_382a66a7a9844914b989","method":"GET","route":"/_astro/index.DJAC1ifY.css","status":200,"elapsed_ms":3}
{"ts":"2026-09-18T07:49:32.953Z","level":"info","request_id":"req_5d66b21cc891433b941f","method":"GET","route":"/_astro/index.astro_astro_type_script_index_0_lang.DsQoPEkv.js","status":200,"elapsed_ms":3}
{"ts":"2026-09-18T07:49:32.953Z","level":"info","request_id":"req_8f1649c828b444a1bb2f","method":"GET","route":"/film-still.jpg","status":200,"elapsed_ms":3}
{"ts":"2026-09-18T07:49:32.971Z","level":"info","request_id":"req_1f5ce9949e7947efbc89","method":"GET","route":"/fonts/inter-latin-400-normal.woff2","status":200,"elapsed_ms":2}
{"ts":"2026-09-18T07:49:32.971Z","level":"info","request_id":"req_53ee0b41c7ac482ca279","method":"GET","route":"/fonts/inter-latin-700-normal.woff2","status":200,"elapsed_ms":2}
{"ts":"2026-09-18T07:49:32.973Z","level":"info","request_id":"req_4a4bf56b2bd741d990e9","method":"GET","route":"/","status":200,"elapsed_ms":3}
{"ts":"2026-09-18T07:49:32.993Z","level":"info","request_id":"req_c27532521dfd4fa29479","method":"GET","route":"/","status":200,"elapsed_ms":2}
{"ts":"2026-09-18T07:49:35.168Z","level":"info","request_id":"req_e81ae81af6e14078ae6a","method":"GET","route":"/shop","status":200,"elapsed_ms":19}
{"ts":"2026-09-18T07:49:35.183Z","level":"info","request_id":"req_e2bccff4acaa4562be28","method":"GET","route":"/_astro/Shell.astro_astro_type_script_index_0_lang.DQoy-c3p.js","status":200,"elapsed_ms":1}
{"ts":"2026-09-18T07:49:36.464Z","level":"info","request_id":"req_9b74964e2520481796ad","method":"GET","route":"/","status":200,"elapsed_ms":2}
{"ts":"2026-09-18T07:49:36.470Z","level":"info","request_id":"req_740be4c404c54b4d9a8c","method":"GET","route":"/_astro/how-it-gets-there.tMrEFdix.css","status":200,"elapsed_ms":1}
{"ts":"2026-09-18T07:49:36.471Z","level":"info","request_id":"req_2552e7860ef24165805c","method":"GET","route":"/_astro/index.DJAC1ifY.css","status":200,"elapsed_ms":2}
{"ts":"2026-09-18T07:49:36.471Z","level":"info","request_id":"req_9b19dceeae3b4d999412","method":"GET","route":"/_astro/index.astro_astro_type_script_index_0_lang.DsQoPEkv.js","status":200,"elapsed_ms":2}
{"ts":"2026-09-18T07:49:36.471Z","level":"info","request_id":"req_74f4b4037cbf4191bd72","method":"GET","route":"/film-still.jpg","status":200,"elapsed_ms":2}
{"ts":"2026-09-18T07:49:36.488Z","level":"info","request_id":"req_c6d5e1c9d78749788881","method":"GET","route":"/fonts/inter-latin-400-normal.woff2","status":200,"elapsed_ms":1}
{"ts":"2026-09-18T07:49:36.488Z","level":"info","request_id":"req_27a806fb181f49e0b3dd","method":"GET","route":"/fonts/inter-latin-700-normal.woff2","status":200,"elapsed_ms":1}
{"ts":"2026-09-18T07:49:37.404Z","level":"info","request_id":"req_5153e9a2f2a54457aed4","method":"GET","route":"/","status":200,"elapsed_ms":2}
{"ts":"2026-09-18T07:49:37.410Z","level":"info","request_id":"req_7dbc1cd48937407f8c95","method":"GET","route":"/_astro/how-it-gets-there.tMrEFdix.css","status":200,"elapsed_ms":2}
{"ts":"2026-09-18T07:49:37.410Z","level":"info","request_id":"req_1753f68e2719469da9c8","method":"GET","route":"/_astro/index.DJAC1ifY.css","status":200,"elapsed_ms":2}
{"ts":"2026-09-18T07:49:37.410Z","level":"info","request_id":"req_63dea66c124e4fab99c4","method":"GET","route":"/_astro/index.astro_astro_type_script_index_0_lang.DsQoPEkv.js","status":200,"elapsed_ms":2}
{"ts":"2026-09-18T07:49:37.410Z","level":"info","request_id":"req_6b27bf1470da4458a966","method":"GET","route":"/film-still.jpg","status":200,"elapsed_ms":1}
{"ts":"2026-09-18T07:49:37.428Z","level":"info","request_id":"req_c9ba3296a88b49728c7e","method":"GET","route":"/fonts/inter-latin-400-normal.woff2","status":200,"elapsed_ms":1}
{"ts":"2026-09-18T07:49:37.429Z","level":"info","request_id":"req_76ac02e52e7b42e89161","method":"GET","route":"/fonts/inter-latin-700-normal.woff2","status":200,"elapsed_ms":1}
{"ts":"2026-09-18T07:49:37.813Z","level":"info","request_id":"req_8b8e122d1d484a5885b6","method":"GET","route":"/","status":200,"elapsed_ms":2}
{"ts":"2026-09-18T07:49:38.204Z","level":"info","request_id":"req_aade48ede617490eb5cb","method":"GET","route":"/","status":200,"elapsed_ms":2}
{"ts":"2026-09-18T07:49:38.598Z","level":"info","request_id":"req_aa262d0fa8dd4ddd8f70","method":"GET","route":"/","status":200,"elapsed_ms":2}
{"ts":"2026-09-18T07:49:38.990Z","level":"info","request_id":"req_319f4e5740ea4502abd6","method":"GET","route":"/","status":200,"elapsed_ms":2}
{"ts":"2026-09-18T07:49:39.384Z","level":"info","request_id":"req_448ab5eb74ac46598474","method":"GET","route":"/","status":200,"elapsed_ms":2}
{"ts":"2026-09-18T07:49:44.036Z","level":"info","request_id":"req_f00ee43e1a6947c59c55","method":"GET","route":"/api/health","status":200,"elapsed_ms":0}
{"ts":"2026-09-18T07:49:59.116Z","level":"info","request_id":"req_e2d0b5ebf94d413fa008","method":"GET","route":"/api/health","status":200,"elapsed_ms":0}
{"ts":"2026-09-18T07:50:14.226Z","level":"info","request_id":"req_49c909b8cdae48bf968c","method":"GET","route":"/api/health","status":200,"elapsed_ms":0}
{"ts":"2026-09-18T07:50:29.306Z","level":"info","request_id":"req_ef6114ca32734ce79416","method":"GET","route":"/api/health","status":200,"elapsed_ms":0}
{"ts":"2026-09-18T07:50:44.260Z","level":"info","request_id":"req_23c2062757864bbd948b","method":"GET","route":"/","status":200,"elapsed_ms":2}
{"ts":"2026-09-18T07:50:44.265Z","level":"info","request_id":"req_77d835a26014438d9aab","method":"GET","route":"/_astro/how-it-gets-there.tMrEFdix.css","status":200,"elapsed_ms":1}
{"ts":"2026-09-18T07:50:44.265Z","level":"info","request_id":"req_789e8c8e1b424e04b098","method":"GET","route":"/_astro/index.DJAC1ifY.css","status":200,"elapsed_ms":1}
{"ts":"2026-09-18T07:50:44.265Z","level":"info","request_id":"req_99f066c02df54905a9bb","method":"GET","route":"/_astro/index.astro_astro_type_script_index_0_lang.DsQoPEkv.js","status":200,"elapsed_ms":1}
{"ts":"2026-09-18T07:50:44.265Z","level":"info","request_id":"req_5c1ee068f8554348a5d9","method":"GET","route":"/film-still.jpg","status":200,"elapsed_ms":1}
{"ts":"2026-09-18T07:50:44.282Z","level":"info","request_id":"req_9c5ede9e92ce4626b692","method":"GET","route":"/fonts/inter-latin-400-normal.woff2","status":200,"elapsed_ms":0}
{"ts":"2026-09-18T07:50:44.282Z","level":"info","request_id":"req_3c3ed43cb5bd460f9550","method":"GET","route":"/fonts/inter-latin-700-normal.woff2","status":200,"elapsed_ms":0}
{"ts":"2026-09-18T07:50:44.436Z","level":"info","request_id":"req_d671c4c1442f46579259","method":"GET","route":"/api/health","status":200,"elapsed_ms":0}
{"ts":"2026-09-18T07:50:59.516Z","level":"info","request_id":"req_789a4f7dbb8e46abb2c9","method":"GET","route":"/api/health","status":200,"elapsed_ms":0}
{"ts":"2026-09-18T07:51:14.649Z","level":"info","request_id":"req_c800f8de1f3d4bb9b375","method":"GET","route":"/api/health","status":200,"elapsed_ms":0}
{"ts":"2026-09-18T07:51:19.895Z","level":"info","request_id":"req_c4ef6887c42546c681b0","method":"GET","route":"/shop/flagship","status":200,"elapsed_ms":18}
{"ts":"2026-09-18T07:51:19.911Z","level":"info","request_id":"req_0c34daad659241e9b209","method":"GET","route":"/_astro/_handle_.D12RefK0.css","status":200,"elapsed_ms":1}
{"ts":"2026-09-18T07:51:19.911Z","level":"info","request_id":"req_595f3b3f7f324a8da3c8","method":"GET","route":"/_astro/_handle_.astro_astro_type_script_index_0_lang.C3IaH5W0.js","status":200,"elapsed_ms":1}
{"ts":"2026-09-18T07:51:19.911Z","level":"info","request_id":"req_1ae918952714471f9d40","method":"GET","route":"/_astro/Shell.astro_astro_type_script_index_0_lang.DQoy-c3p.js","status":200,"elapsed_ms":1}
{"ts":"2026-09-18T07:51:19.917Z","level":"info","request_id":"req_581a1809a6924d8f84cc","method":"GET","route":"/_astro/BuyBox.CJYIsOmc.js","status":200,"elapsed_ms":0}
{"ts":"2026-09-18T07:51:19.918Z","level":"info","request_id":"req_1275c8f27f6e4bc98e0a","method":"GET","route":"/_astro/client.wUHKqWWg.js","status":200,"elapsed_ms":1}
{"ts":"2026-09-18T07:51:19.925Z","level":"info","request_id":"req_60507e4bf12e471d9d3d","method":"GET","route":"/_astro/web.CkcGpwjt.js","status":200,"elapsed_ms":1}
{"ts":"2026-09-18T07:51:19.925Z","level":"info","request_id":"req_387658e44cc74e6e92b2","method":"GET","route":"/_astro/lib.DXTITjc3.js","status":200,"elapsed_ms":1}
{"ts":"2026-09-18T07:51:29.736Z","level":"info","request_id":"req_bf379b76689a41889c1f","method":"GET","route":"/api/health","status":200,"elapsed_ms":0}
{"ts":"2026-09-18T07:51:36.138Z","level":"info","request_id":"req_87436ddcb97b41aeba36","method":"POST","route":"/api/cart/lines","status":200,"elapsed_ms":17}
{"ts":"2026-09-18T07:51:44.806Z","level":"info","request_id":"req_8c8f04baffa4484dbeb3","method":"GET","route":"/api/health","status":200,"elapsed_ms":0}
{"ts":"2026-09-18T07:51:59.896Z","level":"info","request_id":"req_5cff3f7f366e4e71afc1","method":"GET","route":"/api/health","status":200,"elapsed_ms":1}
{"ts":"2026-09-18T07:52:14.976Z","level":"info","request_id":"req_9d41d4042e8f4b0ba93b","method":"GET","route":"/api/health","status":200,"elapsed_ms":0}
{"ts":"2026-09-18T07:52:29.179Z","level":"info","request_id":"req_aa5f0fbb753346238b71","method":"POST","route":"/api/cart/lines","status":200,"elapsed_ms":13}
{"ts":"2026-09-18T07:52:30.076Z","level":"info","request_id":"req_cd43d1dd083447c394a9","method":"GET","route":"/api/health","status":200,"elapsed_ms":0}
{"ts":"2026-09-18T07:52:45.176Z","level":"info","request_id":"req_afc9ab6974f643b1a853","method":"GET","route":"/api/health","status":200,"elapsed_ms":1}
{"ts":"2026-09-18T07:52:47.843Z","level":"info","request_id":"req_8044f3acde0e4546a699","method":"GET","route":"/shop/flagship","status":200,"elapsed_ms":16}
{"ts":"2026-09-18T07:53:00.246Z","level":"info","request_id":"req_86fa51e23ef44b05b31a","method":"GET","route":"/api/health","status":200,"elapsed_ms":0}
{"ts":"2026-09-18T07:53:06.892Z","level":"info","request_id":"req_f538a7b48b254c7b9240","method":"POST","route":"/api/cart/lines","status":200,"elapsed_ms":12}
{"ts":"2026-09-18T07:53:15.356Z","level":"info","request_id":"req_f75fe893dacc4803a600","method":"GET","route":"/api/health","status":200,"elapsed_ms":0}
{"ts":"2026-09-18T07:53:23.418Z","level":"info","request_id":"req_6f61361a111543bf8476","method":"GET","route":"/shop/flagship","status":200,"elapsed_ms":13}
{"ts":"2026-09-18T07:53:30.378Z","level":"info","request_id":"req_3c04292cb3494093bc39","method":"GET","route":"/api/health","status":200,"elapsed_ms":0}
{"ts":"2026-09-18T07:53:45.466Z","level":"info","request_id":"req_7846f674d5c4471ab45b","method":"GET","route":"/api/health","status":200,"elapsed_ms":0}
{"ts":"2026-09-18T07:54:00.556Z","level":"info","request_id":"req_14c82e0a45624437b5cd","method":"GET","route":"/api/health","status":200,"elapsed_ms":0}
{"ts":"2026-09-18T07:54:15.578Z","level":"info","request_id":"req_afd8171f815a45c99f21","method":"GET","route":"/api/health","status":200,"elapsed_ms":1}
{"ts":"2026-09-18T07:54:23.351Z","level":"info","request_id":"req_28d7d55689124bd3b5d2","method":"GET","route":"/cart","status":200,"elapsed_ms":5}
{"ts":"2026-09-18T07:54:23.355Z","level":"info","request_id":"req_450bd6f58f134bd4b679","method":"GET","route":"/_astro/how-it-gets-there.tMrEFdix.css","status":200,"elapsed_ms":0}
{"ts":"2026-09-18T07:54:23.355Z","level":"info","request_id":"req_4032b814497c4d6e8bb8","method":"GET","route":"/_astro/Shell.astro_astro_type_script_index_0_lang.DQoy-c3p.js","status":200,"elapsed_ms":0}
{"ts":"2026-09-18T07:54:23.360Z","level":"info","request_id":"req_9b49e027043a41029964","method":"GET","route":"/_astro/CartView.DUW1tpQq.js","status":200,"elapsed_ms":1}
{"ts":"2026-09-18T07:54:23.360Z","level":"info","request_id":"req_55988d52ae164c54a01c","method":"GET","route":"/_astro/client.wUHKqWWg.js","status":200,"elapsed_ms":1}
{"ts":"2026-09-18T07:54:23.362Z","level":"info","request_id":"req_6c896709d1214101a6e3","method":"GET","route":"/fonts/inter-latin-400-normal.woff2","status":200,"elapsed_ms":1}
{"ts":"2026-09-18T07:54:23.362Z","level":"info","request_id":"req_1fdac042c40b4153a2d2","method":"GET","route":"/fonts/inter-latin-700-normal.woff2","status":200,"elapsed_ms":1}
{"ts":"2026-09-18T07:54:23.372Z","level":"info","request_id":"req_efab8d4953274500afb9","method":"GET","route":"/_astro/web.CkcGpwjt.js","status":200,"elapsed_ms":2}
{"ts":"2026-09-18T07:54:23.372Z","level":"info","request_id":"req_0c7728bf3e564f158ecf","method":"GET","route":"/_astro/lib.DXTITjc3.js","status":200,"elapsed_ms":1}
{"ts":"2026-09-18T07:54:30.646Z","level":"info","request_id":"req_b26ee0815e5f41f89bea","method":"GET","route":"/api/health","status":200,"elapsed_ms":0}
{"ts":"2026-09-18T07:54:45.746Z","level":"info","request_id":"req_d4b1b799bb8e4dd39f3f","method":"GET","route":"/api/health","status":200,"elapsed_ms":1}
{"ts":"2026-09-18T07:54:58.880Z","level":"info","request_id":"req_dcdbb76502274347ab31","method":"GET","route":"/shop/flagship","status":200,"elapsed_ms":11}
{"ts":"2026-09-18T07:54:58.884Z","level":"info","request_id":"req_f79224aead5a401c9854","method":"GET","route":"/_astro/_handle_.D12RefK0.css","status":200,"elapsed_ms":0}
{"ts":"2026-09-18T07:54:58.884Z","level":"info","request_id":"req_41234ec701a44cc299d9","method":"GET","route":"/_astro/_handle_.astro_astro_type_script_index_0_lang.C3IaH5W0.js","status":200,"elapsed_ms":0}
{"ts":"2026-09-18T07:54:58.888Z","level":"info","request_id":"req_b0bcd7ddab744038bd89","method":"GET","route":"/_astro/BuyBox.CJYIsOmc.js","status":200,"elapsed_ms":1}
{"ts":"2026-09-18T07:55:00.866Z","level":"info","request_id":"req_80cd5320c6ca4a58a2b5","method":"GET","route":"/api/health","status":200,"elapsed_ms":0}
{"ts":"2026-09-18T07:55:15.956Z","level":"info","request_id":"req_c558e754955f40509cde","method":"GET","route":"/api/health","status":200,"elapsed_ms":0}
{"ts":"2026-09-18T07:55:29.605Z","level":"info","request_id":"req_86be38a69c6c4368b3bc","method":"POST","route":"/api/cart/lines","status":200,"elapsed_ms":16}
{"ts":"2026-09-18T07:55:31.056Z","level":"info","request_id":"req_ac49869ea7a347359f9e","method":"GET","route":"/api/health","status":200,"elapsed_ms":0}
{"ts":"2026-09-18T07:55:46.156Z","level":"info","request_id":"req_72d2a6731dae40678412","method":"GET","route":"/api/health","status":200,"elapsed_ms":1}
{"ts":"2026-09-18T07:56:01.256Z","level":"info","request_id":"req_37b6c974f47f489dbb3c","method":"GET","route":"/api/health","status":200,"elapsed_ms":0}
{"ts":"2026-09-18T07:56:16.326Z","level":"info","request_id":"req_a95d86d63826450d9ed0","method":"GET","route":"/api/health","status":200,"elapsed_ms":0}
{"ts":"2026-09-18T07:56:24.182Z","level":"info","request_id":"req_29244b5f65394e98855e","method":"GET","route":"/cart","status":200,"elapsed_ms":13}
{"ts":"2026-09-18T07:56:31.456Z","level":"info","request_id":"req_58797174fdc64d6c8fbe","method":"GET","route":"/api/health","status":200,"elapsed_ms":0}
{"ts":"2026-09-18T07:56:46.546Z","level":"info","request_id":"req_8c246a1b879b429c8778","method":"GET","route":"/api/health","status":200,"elapsed_ms":0}
{"ts":"2026-09-18T07:57:01.656Z","level":"info","request_id":"req_326e633464cf40b39848","method":"GET","route":"/api/health","status":200,"elapsed_ms":1}
{"ts":"2026-09-18T07:57:16.706Z","level":"info","request_id":"req_9854b694955a4f49b3d6","method":"GET","route":"/api/health","status":200,"elapsed_ms":0}
{"ts":"2026-09-18T07:57:17.329Z","level":"info","request_id":"req_33bb37a91ba549808728","method":"DELETE","route":"/api/cart/lines/2","status":200,"elapsed_ms":11}
{"ts":"2026-09-18T07:57:24.054Z","level":"info","request_id":"req_455b49a6eaad4016a290","method":"GET","route":"/shop/flagship","status":200,"elapsed_ms":12}
{"ts":"2026-09-18T07:57:30.221Z","level":"info","request_id":"req_fd848a5c4fa2431b8844","method":"POST","route":"/api/cart/lines","status":200,"elapsed_ms":4}
{"ts":"2026-09-18T07:57:31.806Z","level":"info","request_id":"req_68b15f7be44a42739ba6","method":"GET","route":"/api/health","status":200,"elapsed_ms":1}
{"ts":"2026-09-18T07:57:36.369Z","level":"info","request_id":"req_8f6f83ae021b41519da0","method":"GET","route":"/cart","status":200,"elapsed_ms":4}
{"ts":"2026-09-18T07:57:46.886Z","level":"info","request_id":"req_73402928deea4333ae56","method":"GET","route":"/api/health","status":200,"elapsed_ms":1}
{"ts":"2026-09-18T07:58:01.986Z","level":"info","request_id":"req_0e74bc75a7dd4d558990","method":"GET","route":"/api/health","status":200,"elapsed_ms":0}
{"ts":"2026-09-18T07:58:17.066Z","level":"info","request_id":"req_2301fdfa50574111a887","method":"GET","route":"/api/health","status":200,"elapsed_ms":1}
{"ts":"2026-09-18T07:58:23.116Z","level":"info","request_id":"req_90d2135d4fb5473b8646","method":"GET","route":"/api/cart","status":200,"elapsed_ms":9}
{"ts":"2026-09-18T07:58:32.166Z","level":"info","request_id":"req_5b503a0e8f5b455aae4b","method":"GET","route":"/api/health","status":200,"elapsed_ms":0}
{"ts":"2026-09-18T07:58:47.266Z","level":"info","request_id":"req_fbbd44e83e4e47ef9659","method":"GET","route":"/api/health","status":200,"elapsed_ms":0}
{"ts":"2026-09-18T07:59:02.326Z","level":"info","request_id":"req_b635e8bdcbde48c98a7f","method":"GET","route":"/api/health","status":200,"elapsed_ms":0}
{"ts":"2026-09-18T07:59:17.396Z","level":"info","request_id":"req_06cac3d4805446bb839b","method":"GET","route":"/api/health","status":200,"elapsed_ms":0}
{"ts":"2026-09-18T07:59:32.466Z","level":"info","request_id":"req_973c12c9d9ac4eae85fc","method":"GET","route":"/api/health","status":200,"elapsed_ms":0}
{"ts":"2026-09-18T07:59:47.576Z","level":"info","request_id":"req_de65750221424278bfef","method":"GET","route":"/api/health","status":200,"elapsed_ms":0}
{"ts":"2026-09-18T08:00:02.666Z","level":"info","request_id":"req_12af7d6fed9c4facba98","method":"GET","route":"/api/health","status":200,"elapsed_ms":0}
{"ts":"2026-09-18T08:00:17.766Z","level":"info","request_id":"req_458e00490ea542508627","method":"GET","route":"/api/health","status":200,"elapsed_ms":0}
{"ts":"2026-09-18T08:00:32.856Z","level":"info","request_id":"req_6f99ffa55e5e4a219a90","method":"GET","route":"/api/health","status":200,"elapsed_ms":0}
{"ts":"2026-09-18T08:00:47.956Z","level":"info","request_id":"req_5953bc3e034e4d638753","method":"GET","route":"/api/health","status":200,"elapsed_ms":0}
{"ts":"2026-09-18T08:01:03.056Z","level":"info","request_id":"req_a9bd4a8b5d674b76b5ce","method":"GET","route":"/api/health","status":200,"elapsed_ms":0}
{"ts":"2026-09-18T08:01:18.126Z","level":"info","request_id":"req_31b06929d7b14422ac57","method":"GET","route":"/api/health","status":200,"elapsed_ms":0}
{"ts":"2026-09-18T08:01:33.226Z","level":"info","request_id":"req_26c39317de854868bb5e","method":"GET","route":"/api/health","status":200,"elapsed_ms":0}
{"ts":"2026-09-18T08:01:48.366Z","level":"info","request_id":"req_eb0bcbf919af43c79c61","method":"GET","route":"/api/health","status":200,"elapsed_ms":0}
{"ts":"2026-09-18T08:02:03.436Z","level":"info","request_id":"req_4e6ea8dc92f44fa884c8","method":"GET","route":"/api/health","status":200,"elapsed_ms":0}
{"ts":"2026-09-18T08:02:13.828Z","level":"info","request_id":"req_5093d1d47b9443cdbb8f","method":"GET","route":"/shop/compact","status":200,"elapsed_ms":10}
{"ts":"2026-09-18T08:02:13.834Z","level":"info","request_id":"req_2cff9e7c7afc45d38adf","method":"GET","route":"/_astro/how-it-gets-there.tMrEFdix.css","status":200,"elapsed_ms":1}
{"ts":"2026-09-18T08:02:13.834Z","level":"info","request_id":"req_af8f2d44eacf4912bbf5","method":"GET","route":"/_astro/_handle_.D12RefK0.css","status":200,"elapsed_ms":1}
{"ts":"2026-09-18T08:02:13.834Z","level":"info","request_id":"req_9969400b14984e9991da","method":"GET","route":"/_astro/_handle_.astro_astro_type_script_index_0_lang.C3IaH5W0.js","status":200,"elapsed_ms":1}
{"ts":"2026-09-18T08:02:13.834Z","level":"info","request_id":"req_87c9b72176524e6897e6","method":"GET","route":"/_astro/Shell.astro_astro_type_script_index_0_lang.DQoy-c3p.js","status":200,"elapsed_ms":1}
{"ts":"2026-09-18T08:02:13.842Z","level":"info","request_id":"req_547846e94f9a45ab9cf8","method":"GET","route":"/fonts/inter-latin-400-normal.woff2","status":200,"elapsed_ms":1}
{"ts":"2026-09-18T08:02:13.842Z","level":"info","request_id":"req_0424cd36b8f442738837","method":"GET","route":"/fonts/inter-latin-700-normal.woff2","status":200,"elapsed_ms":1}
{"ts":"2026-09-18T08:02:13.844Z","level":"info","request_id":"req_e3bbece1d3da47a48225","method":"GET","route":"/_astro/BuyBox.CJYIsOmc.js","status":200,"elapsed_ms":0}
{"ts":"2026-09-18T08:02:13.844Z","level":"info","request_id":"req_592ad7a95f314a91a9ca","method":"GET","route":"/_astro/client.wUHKqWWg.js","status":200,"elapsed_ms":0}
{"ts":"2026-09-18T08:02:13.855Z","level":"info","request_id":"req_287e0df1fcd1485cbc05","method":"GET","route":"/_astro/web.CkcGpwjt.js","status":200,"elapsed_ms":1}
{"ts":"2026-09-18T08:02:13.855Z","level":"info","request_id":"req_c16b80eb82f24394ab26","method":"GET","route":"/_astro/lib.DXTITjc3.js","status":200,"elapsed_ms":1}
{"ts":"2026-09-18T08:02:18.526Z","level":"info","request_id":"req_9862ed6bec474f3a8630","method":"GET","route":"/api/health","status":200,"elapsed_ms":0}
{"ts":"2026-09-18T08:02:22.004Z","level":"info","request_id":"req_f4f845133f6649448a62","method":"POST","route":"/api/cart/lines","status":200,"elapsed_ms":13}
{"ts":"2026-09-18T08:02:28.344Z","level":"info","request_id":"req_15b6d05e9c8a4046be7c","method":"GET","route":"/cart","status":200,"elapsed_ms":6}
{"ts":"2026-09-18T08:02:28.352Z","level":"info","request_id":"req_e93bee8bde31418888c4","method":"GET","route":"/_astro/CartView.DUW1tpQq.js","status":200,"elapsed_ms":1}
{"ts":"2026-09-18T08:02:33.626Z","level":"info","request_id":"req_7405785d3b4a4f2bac5f","method":"GET","route":"/api/health","status":200,"elapsed_ms":0}
{"ts":"2026-09-18T08:02:36.079Z","level":"info","request_id":"req_b4ff8f5546924ee4be0a","method":"GET","route":"/checkout/where-it-goes","status":200,"elapsed_ms":8}
{"ts":"2026-09-18T08:02:36.083Z","level":"info","request_id":"req_ae4bc423f49e44b1b521","method":"GET","route":"/_astro/how-it-gets-there.Cyd4DuLQ.css","status":200,"elapsed_ms":1}
{"ts":"2026-09-18T08:02:36.087Z","level":"info","request_id":"req_02d55cc9f582400f931f","method":"GET","route":"/_astro/WhereItGoes.CxEt8jXb.js","status":200,"elapsed_ms":1}
{"ts":"2026-09-18T08:02:43.546Z","level":"warn","request_id":"req_2d15ef07bd134585ae94","method":"POST","route":"/api/cart/delivery","status":400,"elapsed_ms":8}
{"ts":"2026-09-18T08:02:48.706Z","level":"info","request_id":"req_96e777520c7f4b9bbec2","method":"GET","route":"/api/health","status":200,"elapsed_ms":0}
{"ts":"2026-09-18T08:03:03.766Z","level":"info","request_id":"req_ce308700f9d742188d45","method":"GET","route":"/api/health","status":200,"elapsed_ms":1}
{"ts":"2026-09-18T08:03:10.714Z","level":"info","request_id":"req_69c7cf771ee541719cc0","method":"POST","route":"/api/cart/delivery","status":200,"elapsed_ms":11}
{"ts":"2026-09-18T08:03:10.731Z","level":"info","request_id":"req_a916f2f4762b448c9937","method":"GET","route":"/checkout/how-it-gets-there","status":200,"elapsed_ms":15}
{"ts":"2026-09-18T08:03:10.738Z","level":"info","request_id":"req_63c3c7b56c234ad9b606","method":"GET","route":"/_astro/HowItGetsThere.D7lxeVvy.js","status":200,"elapsed_ms":0}
{"ts":"2026-09-18T08:03:18.866Z","level":"info","request_id":"req_c21667d0fe884225b65d","method":"GET","route":"/api/health","status":200,"elapsed_ms":0}
{"ts":"2026-09-18T08:03:27.923Z","level":"info","request_id":"req_15857136075046a690d8","method":"POST","route":"/api/cart/delivery","status":200,"elapsed_ms":4}
{"ts":"2026-09-18T08:03:33.976Z","level":"info","request_id":"req_1d15e839a6e044f19aa9","method":"GET","route":"/api/health","status":200,"elapsed_ms":0}
{"ts":"2026-09-18T08:03:47.431Z","level":"info","request_id":"req_f90a9080634441d78d4e","method":"GET","route":"/checkout/payment","status":200,"elapsed_ms":13}
{"ts":"2026-09-18T08:03:47.439Z","level":"info","request_id":"req_b95f20e9785c4817a73a","method":"GET","route":"/_astro/PlaceOrder.BvOJpPM7.js","status":200,"elapsed_ms":0}
{"ts":"2026-09-18T08:03:49.116Z","level":"info","request_id":"req_f14ac46ad1444ce3ad5f","method":"GET","route":"/api/health","status":200,"elapsed_ms":0}
{"ts":"2026-09-18T08:04:04.206Z","level":"info","request_id":"req_05bfe83a23a34fe88399","method":"GET","route":"/api/health","status":200,"elapsed_ms":0}
{"ts":"2026-09-18T08:04:18.547Z","level":"info","event":"billing.invoice_created","account_id":"5eaf16cf-2327-4f9e-9bf7-56fc8f1ea16f","order_number":"VE-2026-0002","amount":"328.90","currency":"USD","invoice_id":"13412dde-5d82-4fee-a5eb-9720c68111d5"}
{"ts":"2026-09-18T08:04:18.606Z","level":"info","event":"mail.order_confirmation_sent","to":"r22@example.com","order_number":"VE-2026-0002","message_id":"<7772fcfc-338c-39c4-b9fa-30628b9bc20b@vela.example>"}
{"ts":"2026-09-18T08:04:18.608Z","level":"info","request_id":"req_e6fb090cd49a4e83a465","method":"POST","route":"/api/orders","status":201,"elapsed_ms":508}
{"ts":"2026-09-18T08:04:18.623Z","level":"info","request_id":"req_bf525caf2dc4410d9c29","method":"GET","route":"/orders/VE-2026-0002","status":200,"elapsed_ms":13}
{"ts":"2026-09-18T08:04:18.627Z","level":"info","request_id":"req_ebf11e75414b495fbdcb","method":"GET","route":"/_astro/_number_.zMpP276D.css","status":200,"elapsed_ms":1}
{"ts":"2026-09-18T08:04:19.286Z","level":"info","request_id":"req_510f3d3b4423433e8bfe","method":"GET","route":"/api/health","status":200,"elapsed_ms":0}
{"ts":"2026-09-18T08:04:34.307Z","level":"info","request_id":"req_fd61ccc6dff04b8c8cc6","method":"GET","route":"/api/health","status":200,"elapsed_ms":0}
{"ts":"2026-09-18T08:04:49.396Z","level":"info","request_id":"req_e4a695d6e2b5446781d1","method":"GET","route":"/api/health","status":200,"elapsed_ms":0}
{"ts":"2026-09-18T08:05:04.446Z","level":"info","request_id":"req_a75750aa8f1b4cb2a149","method":"GET","route":"/api/health","status":200,"elapsed_ms":0}
{"ts":"2026-09-18T08:05:19.506Z","level":"info","request_id":"req_280d1715afbc4011b5a7","method":"GET","route":"/api/health","status":200,"elapsed_ms":1}
{"ts":"2026-09-18T08:05:34.596Z","level":"info","request_id":"req_d4e52f85e3e84c50bfe4","method":"GET","route":"/api/health","status":200,"elapsed_ms":0}
{"ts":"2026-09-18T08:05:49.726Z","level":"info","request_id":"req_13e8be0cf06a48578f1b","method":"GET","route":"/api/health","status":200,"elapsed_ms":1}
{"ts":"2026-09-18T08:06:04.796Z","level":"info","request_id":"req_2069556a300e44e69239","method":"GET","route":"/api/health","status":200,"elapsed_ms":1}
{"ts":"2026-09-18T08:06:19.886Z","level":"info","request_id":"req_3b2ffbbf2b4d40c29137","method":"GET","route":"/api/health","status":200,"elapsed_ms":0}
{"ts":"2026-09-18T08:06:34.966Z","level":"info","request_id":"req_ec9e55ab9419469aacdd","method":"GET","route":"/api/health","status":200,"elapsed_ms":1}
{"ts":"2026-09-18T08:06:50.086Z","level":"info","request_id":"req_aa446be78a43427b9090","method":"GET","route":"/api/health","status":200,"elapsed_ms":0}
{"ts":"2026-09-18T08:07:05.196Z","level":"info","request_id":"req_57485ee441ea4c009e67","method":"GET","route":"/api/health","status":200,"elapsed_ms":0}
{"ts":"2026-09-18T08:07:20.306Z","level":"info","request_id":"req_999601597e664e58863a","method":"GET","route":"/api/health","status":200,"elapsed_ms":0}
{"ts":"2026-09-18T08:07:35.416Z","level":"info","request_id":"req_912cf792fbd042909b7d","method":"GET","route":"/api/health","status":200,"elapsed_ms":0}
{"ts":"2026-09-18T08:07:50.485Z","level":"info","request_id":"req_b72a67119a90407fab43","method":"GET","route":"/api/health","status":200,"elapsed_ms":0}
{"ts":"2026-09-18T08:08:05.566Z","level":"info","request_id":"req_e9de7943083c457b9a8d","method":"GET","route":"/api/health","status":200,"elapsed_ms":0}
{"ts":"2026-09-18T08:08:20.646Z","level":"info","request_id":"req_a236b308ed8b4bd6bf91","method":"GET","route":"/api/health","status":200,"elapsed_ms":1}
{"ts":"2026-09-18T08:08:35.668Z","level":"info","request_id":"req_c3b7c5ce92b24eeaa46a","method":"GET","route":"/api/health","status":200,"elapsed_ms":1}
{"ts":"2026-09-18T08:08:50.786Z","level":"info","request_id":"req_a36966f90ee4489aaf42","method":"GET","route":"/api/health","status":200,"elapsed_ms":1}
{"ts":"2026-09-18T08:09:05.846Z","level":"info","request_id":"req_0df9c528fd0244f5a86f","method":"GET","route":"/api/health","status":200,"elapsed_ms":1}
{"ts":"2026-09-18T08:09:20.946Z","level":"info","request_id":"req_0e447b7334304ed8b617","method":"GET","route":"/api/health","status":200,"elapsed_ms":1}
{"ts":"2026-09-18T08:09:36.066Z","level":"info","request_id":"req_c102f2cd649143789654","method":"GET","route":"/api/health","status":200,"elapsed_ms":0}
{"ts":"2026-09-18T08:09:51.156Z","level":"info","request_id":"req_85e8868a37ef42529ea5","method":"GET","route":"/api/health","status":200,"elapsed_ms":0}
{"ts":"2026-09-18T08:10:06.256Z","level":"info","request_id":"req_7d4af502b42f401ba2c5","method":"GET","route":"/api/health","status":200,"elapsed_ms":0}
{"ts":"2026-09-18T08:10:21.336Z","level":"info","request_id":"req_2633c5ccee9b402e8682","method":"GET","route":"/api/health","status":200,"elapsed_ms":0}
{"ts":"2026-09-18T08:10:36.357Z","level":"info","request_id":"req_2ac1ee72c0f94bddbeb8","method":"GET","route":"/api/health","status":200,"elapsed_ms":0}
{"ts":"2026-09-18T08:10:51.466Z","level":"info","request_id":"req_84691e23860145ea95b4","method":"GET","route":"/api/health","status":200,"elapsed_ms":1}
{"ts":"2026-09-18T08:11:06.556Z","level":"info","request_id":"req_313d25dfcdce4a8098d6","method":"GET","route":"/api/health","status":200,"elapsed_ms":0}

--- stderr ---

