--- stdout ---
{"ts":"2026-09-17T20:44:15.260Z","request_id":"1408baf8db661546","method":"POST","path":"/api/orders","status":201,"ms":504}
{"ts":"2026-09-17T20:44:15.325Z","request_id":"97f5bf1ac0bb78ee","method":"POST","path":"/api/cart/lines","status":200,"ms":6}
{"ts":"2026-09-17T20:44:15.349Z","request_id":"687b3e7d1967c3b0","method":"POST","path":"/api/cart/delivery","status":200,"ms":3}
{"ts":"2026-09-17T20:44:15.890Z","request_id":"77b09d6e835e6b20","method":"POST","path":"/api/orders","status":201,"ms":521}
{"ts":"2026-09-17T20:44:15.917Z","request_id":"f8364697081c5929","method":"POST","path":"/api/orders","status":200,"ms":2}
{"ts":"2026-09-17T20:44:16.404Z","request_id":"0a1d77e184d306ac","method":"POST","path":"/api/cart/lines","status":200,"ms":7}
{"ts":"2026-09-17T20:44:16.429Z","request_id":"0bd15f05fe88f93b","method":"POST","path":"/api/cart/delivery","status":200,"ms":3}
{"ts":"2026-09-17T20:44:16.970Z","request_id":"89d15eaacc936584","method":"POST","path":"/api/orders","status":201,"ms":520}
{"ts":"2026-09-17T20:44:17.435Z","request_id":"bb84a9e0c9aa359a","method":"POST","path":"/api/cart/lines","status":200,"ms":5}
{"ts":"2026-09-17T20:44:17.460Z","request_id":"c36b7041d8bb50f3","method":"GET","path":"/api/cart","status":200,"ms":1}
{"ts":"2026-09-17T20:44:17.508Z","request_id":"88394ad75ea3f094","method":"POST","path":"/api/cart/delivery","status":200,"ms":15}
{"ts":"2026-09-17T20:44:17.545Z","request_id":"ab7b02f2c07d4fee","method":"POST","path":"/api/cart/lines","status":200,"ms":5}
{"ts":"2026-09-17T20:44:17.571Z","request_id":"3d530fd8fff80f00","method":"POST","path":"/api/cart/delivery","status":200,"ms":3}
{"ts":"2026-09-17T20:44:17.599Z","request_id":"5e4c4cc31de6c133","method":"POST","path":"/api/cart/lines","status":200,"ms":4}
{"ts":"2026-09-17T20:44:17.622Z","request_id":"041762b8fd4db8cd","method":"POST","path":"/api/cart/delivery","status":200,"ms":2}
{"ts":"2026-09-17T20:44:17.669Z","request_id":"0090f296eb833318","method":"POST","path":"/api/orders","status":409,"ms":9}
{"ts":"2026-09-17T20:44:18.160Z","request_id":"279ef44d626baf0e","method":"POST","path":"/api/orders","status":201,"ms":500}
{"ts":"2026-09-17T20:44:18.657Z","request_id":"5088b65c91997414","method":"POST","path":"/api/cart/lines","status":200,"ms":4}
{"ts":"2026-09-17T20:44:18.682Z","request_id":"c757197d437515c7","method":"POST","path":"/api/cart/delivery","status":200,"ms":3}
{"ts":"2026-09-17T20:44:19.198Z","request_id":"2eddbe943940bb1b","method":"POST","path":"/api/orders","status":201,"ms":496}
{"ts":"2026-09-17T20:44:19.345Z","request_id":"6424f280c13539b1","method":"POST","path":"/api/auth/login","status":200,"ms":76}
{"ts":"2026-09-17T20:44:19.374Z","request_id":"ec21a21584fdbf38","method":"POST","path":"/api/cart/lines","status":200,"ms":5}
{"ts":"2026-09-17T20:44:19.396Z","request_id":"0894df44d42cec64","method":"POST","path":"/api/cart/delivery","status":200,"ms":2}
{"ts":"2026-09-17T20:44:19.418Z","request_id":"672f2113ec74708a","method":"POST","path":"/api/account/devices","status":409,"ms":2}
{"ts":"2026-09-17T20:44:19.940Z","request_id":"cdc0221b13972bec","method":"POST","path":"/api/auth/login","status":200,"ms":78}
{"ts":"2026-09-17T20:44:19.962Z","request_id":"20661058122aa33d","method":"POST","path":"/api/account/devices","status":409,"ms":1}
{"ts":"2026-09-17T20:44:20.078Z","request_id":"2cf7e1373cc568e0","method":"POST","path":"/api/auth/login","status":200,"ms":75}
{"ts":"2026-09-17T20:44:20.115Z","request_id":"11cb6868729c0f88","method":"POST","path":"/api/account/devices","status":409,"ms":2}
{"ts":"2026-09-17T20:44:20.623Z","request_id":"4e6fe0c4c957185b","method":"POST","path":"/api/auth/login","status":200,"ms":73}
{"ts":"2026-09-17T20:44:20.647Z","request_id":"a5ec58bf6c980166","method":"GET","path":"/api/account/devices/VA2609NRWB2Z","status":404,"ms":2}
{"ts":"2026-09-17T20:44:20.670Z","request_id":"6a647e3cca53aa55","method":"PATCH","path":"/api/account/devices/VA2609NRWB2Z","status":404,"ms":2}
{"ts":"2026-09-17T20:44:20.692Z","request_id":"c5d1240a35084795","method":"DELETE","path":"/api/account/devices/VA2609NRWB2Z","status":404,"ms":2}
{"ts":"2026-09-17T20:44:21.146Z","request_id":"62a7e29da1bee9ce","method":"GET","path":"/api/account/devices","status":200,"ms":3}
{"ts":"2026-09-17T20:44:21.242Z","request_id":"83b07f8ae356aabf","method":"POST","path":"/api/auth/login","status":200,"ms":71}
{"ts":"2026-09-17T20:44:21.267Z","request_id":"e43e031e7da1c65e","method":"GET","path":"/api/orders/VE-2026-0001","status":404,"ms":2}
{"ts":"2026-09-17T20:44:21.295Z","request_id":"6f8877a7dc4c4392","method":"GET","path":"/api/account/orders","status":200,"ms":2}
{"ts":"2026-09-17T20:44:21.324Z","request_id":"fff8150a95e9bec9","method":"GET","path":"/api/account/devices","status":401,"ms":0}
{"ts":"2026-09-17T20:44:21.325Z","request_id":"c2d5b077ec9109e3","method":"GET","path":"/api/account/orders","status":401,"ms":0}
{"ts":"2026-09-17T20:44:21.326Z","request_id":"508c9fe977d83441","method":"POST","path":"/api/account/devices","status":401,"ms":0}
{"ts":"2026-09-17T20:44:21.327Z","request_id":"8a3c7f3a45616b02","method":"GET","path":"/api/account/devices","status":401,"ms":1}
{"ts":"2026-09-17T20:44:21.862Z","request_id":"3bd2cf366361df17","method":"POST","path":"/api/auth/login","status":200,"ms":77}
{"ts":"2026-09-17T20:44:21.887Z","request_id":"57d4ceafe8701c33","method":"POST","path":"/api/account/devices","status":404,"ms":1}
{"ts":"2026-09-17T20:44:21.911Z","request_id":"af76f49f8d4a5ac9","method":"POST","path":"/api/account/devices","status":400,"ms":1}
{"ts":"2026-09-17T20:44:21.934Z","request_id":"b3dc7664d5ee8538","method":"POST","path":"/api/account/devices","status":400,"ms":1}
{"ts":"2026-09-17T20:44:22.462Z","request_id":"af1fd0d9ff5d627c","method":"POST","path":"/api/auth/login","status":200,"ms":76}
{"ts":"2026-09-17T20:44:22.492Z","request_id":"5eafd2e258038884","method":"POST","path":"/api/account/devices","status":409,"ms":2}
{"ts":"2026-09-17T20:44:23.050Z","request_id":"d847983cd622aba2","method":"POST","path":"/api/auth/login","status":200,"ms":74}
{"ts":"2026-09-17T20:44:23.144Z","request_id":"d694b4630a224a4a","method":"POST","path":"/api/auth/login","status":200,"ms":73}
{"ts":"2026-09-17T20:44:23.185Z","request_id":"9968ad2f095eabcd","method":"POST","path":"/api/account/devices","status":409,"ms":2}
{"ts":"2026-09-17T20:44:23.186Z","request_id":"8296e2d84f4e9ac7","method":"POST","path":"/api/account/devices","status":409,"ms":2}
{"ts":"2026-09-17T20:44:23.640Z","request_id":"79c137f3c8d330e5","method":"GET","path":"/api/releases","status":200,"ms":1}
{"ts":"2026-09-17T20:44:23.668Z","request_id":"e43be46036423a8f","method":"GET","path":"/api/releases/1.4.3","status":200,"ms":1}
{"ts":"2026-09-17T20:44:23.692Z","request_id":"6fedffe53ddd25b9","method":"GET","path":"/api/firmware/manifest","status":200,"ms":1}
{"ts":"2026-09-17T20:44:23.727Z","request_id":"a7c706aa0da4b3a0","method":"POST","path":"/api/flash-sessions","status":201,"ms":4}
{"ts":"2026-09-17T20:44:23.752Z","request_id":"3cc5f8f8702eb200","method":"POST","path":"/api/flash-sessions/1/complete","status":200,"ms":4}
{"ts":"2026-09-17T20:44:24.225Z","request_id":"26eacb45a1a62c73","method":"POST","path":"/api/flash-sessions","status":201,"ms":3}
{"ts":"2026-09-17T20:44:24.250Z","request_id":"6b40badbe91bf4e2","method":"POST","path":"/api/flash-sessions/2/fail","status":200,"ms":3}
{"ts":"2026-09-17T20:44:24.729Z","request_id":"3be07dfdeacb191a","method":"POST","path":"/api/flash-sessions","status":201,"ms":3}
{"ts":"2026-09-17T20:44:24.786Z","request_id":"1702ad3cb7523e29","method":"POST","path":"/api/flash-sessions","status":409,"ms":1}
{"ts":"2026-09-17T20:44:26.212Z","request_id":"c55ca0f576885483","method":"GET","path":"/","status":200,"ms":1}
{"ts":"2026-09-17T20:44:26.222Z","request_id":"b1dacc9799eba86a","method":"GET","path":"/_astro/_serial_.73wny_Th.css","status":200,"ms":1}
{"ts":"2026-09-17T20:44:26.222Z","request_id":"76bf15a408932432","method":"GET","path":"/_astro/index.D7PXqHOR.css","status":200,"ms":0}
{"ts":"2026-09-17T20:44:26.257Z","request_id":"ca941b8d8402ad7e","method":"GET","path":"/","status":200,"ms":0}
{"ts":"2026-09-17T20:44:26.311Z","request_id":"94d968f179435ed2","method":"GET","path":"/","status":200,"ms":1}
{"ts":"2026-09-17T20:44:28.584Z","request_id":"1e1fcc1278a7ce03","method":"GET","path":"/shop","status":200,"ms":0}
{"ts":"2026-09-17T20:44:30.243Z","request_id":"e9c1f35276d5b5d4","method":"GET","path":"/","status":200,"ms":0}
{"ts":"2026-09-17T20:44:30.250Z","request_id":"86d48d3075734e8d","method":"GET","path":"/_astro/_serial_.73wny_Th.css","status":200,"ms":1}
{"ts":"2026-09-17T20:44:30.250Z","request_id":"ac1d679fc85214c2","method":"GET","path":"/_astro/index.D7PXqHOR.css","status":200,"ms":0}
{"ts":"2026-09-17T20:44:31.182Z","request_id":"eed51d3096345d26","method":"GET","path":"/","status":200,"ms":0}
{"ts":"2026-09-17T20:44:31.188Z","request_id":"692e8a9085cbccb6","method":"GET","path":"/_astro/_serial_.73wny_Th.css","status":200,"ms":0}
{"ts":"2026-09-17T20:44:31.189Z","request_id":"978a71b52ad54140","method":"GET","path":"/_astro/index.D7PXqHOR.css","status":200,"ms":0}
{"ts":"2026-09-17T20:44:31.581Z","request_id":"a71c0a5772bf790e","method":"GET","path":"/","status":200,"ms":0}
{"ts":"2026-09-17T20:44:31.960Z","request_id":"d8a929e4c37ba3b9","method":"GET","path":"/","status":200,"ms":1}
{"ts":"2026-09-17T20:44:32.350Z","request_id":"b25da03bb2fd3db1","method":"GET","path":"/","status":200,"ms":0}
{"ts":"2026-09-17T20:44:32.743Z","request_id":"ac19f41e041e2d52","method":"GET","path":"/","status":200,"ms":0}
{"ts":"2026-09-17T20:44:33.141Z","request_id":"52c89ddd2f042dc4","method":"GET","path":"/","status":200,"ms":1}
{"ts":"2026-09-17T20:45:36.688Z","request_id":"de7fbb8807db0adc","method":"GET","path":"/","status":200,"ms":3}
{"ts":"2026-09-17T20:45:36.708Z","request_id":"f8957185add2e546","method":"GET","path":"/_astro/_serial_.73wny_Th.css","status":200,"ms":0}
{"ts":"2026-09-17T20:45:36.709Z","request_id":"1453d3390647ada1","method":"GET","path":"/_astro/index.D7PXqHOR.css","status":200,"ms":0}
{"ts":"2026-09-17T20:45:46.569Z","request_id":"6383f556d33e5a12","method":"GET","path":"/","status":200,"ms":1}
{"ts":"2026-09-17T20:45:52.995Z","request_id":"e3916a36360eaa87","method":"GET","path":"/_astro/index.D7PXqHOR.css","status":200,"ms":3}
{"ts":"2026-09-17T20:46:55.418Z","request_id":"83ddefbf425a5535","method":"GET","path":"/","status":200,"ms":3}
{"ts":"2026-09-17T20:46:55.437Z","request_id":"1bd614748f14bb5c","method":"GET","path":"/_astro/_serial_.73wny_Th.css","status":200,"ms":0}
{"ts":"2026-09-17T20:46:55.437Z","request_id":"94f3f27c5e4c127e","method":"GET","path":"/_astro/index.D7PXqHOR.css","status":200,"ms":0}
{"ts":"2026-09-17T20:47:08.595Z","request_id":"f2a4805ff3d11973","method":"GET","path":"/","status":200,"ms":1}
{"ts":"2026-09-17T20:47:13.355Z","request_id":"af8eecd886077d1e","method":"GET","path":"/_astro/index.D7PXqHOR.css","status":200,"ms":0}
{"ts":"2026-09-17T20:47:13.361Z","request_id":"ed5db59fe4196df4","method":"GET","path":"/_astro/_serial_.73wny_Th.css","status":200,"ms":0}
{"ts":"2026-09-17T20:47:28.143Z","request_id":"95c578b5ce975d4a","method":"GET","path":"/","status":200,"ms":3}
{"ts":"2026-09-17T20:48:16.524Z","request_id":"bdaaf60b5edd2979","method":"GET","path":"/","status":200,"ms":2}
{"ts":"2026-09-17T20:48:16.539Z","request_id":"13dcfcd71542721d","method":"GET","path":"/_astro/_serial_.73wny_Th.css","status":200,"ms":1}
{"ts":"2026-09-17T20:48:16.539Z","request_id":"e4367b8b73f39b01","method":"GET","path":"/_astro/index.D7PXqHOR.css","status":200,"ms":0}
{"ts":"2026-09-17T20:48:21.883Z","request_id":"8109a1f6ccfe4299","method":"GET","path":"/shop","status":200,"ms":1}
{"ts":"2026-09-17T20:48:32.275Z","request_id":"0fcbbeea0b6d8d9a","method":"GET","path":"/shop","status":200,"ms":1}
{"ts":"2026-09-17T20:48:47.552Z","request_id":"b1bb1e9bcdf057bf","method":"GET","path":"/shop/compact","status":200,"ms":7}
{"ts":"2026-09-17T20:48:47.573Z","request_id":"8130f55d70b1cf31","method":"GET","path":"/_astro/_serial_.73wny_Th.css","status":200,"ms":0}
{"ts":"2026-09-17T20:49:04.579Z","request_id":"cd08df0200921185","method":"GET","path":"/shop/compact","status":200,"ms":1}
{"ts":"2026-09-17T20:49:12.776Z","request_id":"490f6afa165e7427","method":"GET","path":"/_astro/_serial_.73wny_Th.css","status":200,"ms":1}
{"ts":"2026-09-17T20:49:41.019Z","request_id":"39f1c76eac416de7","method":"GET","path":"/shop/flagship","status":200,"ms":3}
{"ts":"2026-09-17T20:51:00.747Z","request_id":"0eea63bda4e2b1c1","method":"GET","path":"/cart","status":200,"ms":2}
{"ts":"2026-09-17T20:51:00.761Z","request_id":"d111aa5d39942946","method":"GET","path":"/_astro/_serial_.73wny_Th.css","status":200,"ms":1}
{"ts":"2026-09-17T20:51:10.340Z","request_id":"f31877182e989c86","method":"GET","path":"/shop/compact","status":200,"ms":1}
{"ts":"2026-09-17T20:51:15.643Z","request_id":"6f8cf6e8f5584e11","method":"POST","path":"/api/cart/lines","status":200,"ms":11}
{"ts":"2026-09-17T20:51:15.646Z","request_id":"1cca640d964794a4","method":"GET","path":"/cart","status":200,"ms":0}
{"ts":"2026-09-17T20:51:52.389Z","request_id":"76881550234fc212","method":"PATCH","path":"/api/cart/lines/25","status":200,"ms":13}
{"ts":"2026-09-17T20:53:09.362Z","request_id":"845268edc758a71f","method":"GET","path":"/cart","status":200,"ms":2}
{"ts":"2026-09-17T20:53:27.244Z","request_id":"066b042dd07daac3","method":"PATCH","path":"/api/cart/lines/25","status":200,"ms":9}
{"ts":"2026-09-17T20:54:10.727Z","request_id":"80078580d42e532f","method":"GET","path":"/cart","status":200,"ms":1}
{"ts":"2026-09-17T20:54:24.782Z","request_id":"3c1772e11c5ff8be","method":"PATCH","path":"/api/cart/lines/25","status":200,"ms":10}
{"ts":"2026-09-17T20:54:45.626Z","request_id":"991963939742a816","method":"GET","path":"/cart","status":200,"ms":1}
{"ts":"2026-09-17T20:54:52.536Z","request_id":"9b03fe5823829fd8","method":"GET","path":"/cart","status":200,"ms":2}
{"ts":"2026-09-17T20:55:23.275Z","request_id":"5c85605bf91c5b72","method":"GET","path":"/cart","status":200,"ms":1}
{"ts":"2026-09-17T20:55:47.101Z","request_id":"bdf5ed8529cad8e3","method":"PATCH","path":"/api/cart/lines/25","status":200,"ms":19}
{"ts":"2026-09-17T20:55:56.456Z","request_id":"ab70488f2dcef856","method":"GET","path":"/cart","status":200,"ms":1}
{"ts":"2026-09-17T20:56:31.279Z","request_id":"070568c6294d83ff","method":"GET","path":"/","status":200,"ms":2}
{"ts":"2026-09-17T20:56:31.290Z","request_id":"0b5aa70130e1dd98","method":"GET","path":"/_astro/_serial_.73wny_Th.css","status":200,"ms":1}
{"ts":"2026-09-17T20:56:31.290Z","request_id":"e2d1c008bffac1ba","method":"GET","path":"/_astro/index.D7PXqHOR.css","status":200,"ms":0}
{"ts":"2026-09-17T20:56:36.256Z","request_id":"43db91cdf7b488ac","method":"GET","path":"/shop","status":200,"ms":1}
{"ts":"2026-09-17T20:56:41.736Z","request_id":"f475eee3bef580ff","method":"GET","path":"/shop/mount","status":200,"ms":1}
{"ts":"2026-09-17T20:57:06.264Z","request_id":"4338e527ee1e7eea","method":"GET","path":"/","status":200,"ms":1}
{"ts":"2026-09-17T20:57:06.280Z","request_id":"09b61a6145a70b17","method":"GET","path":"/_astro/_serial_.73wny_Th.css","status":200,"ms":1}
{"ts":"2026-09-17T20:57:06.280Z","request_id":"6b96e6a412720555","method":"GET","path":"/_astro/index.D7PXqHOR.css","status":200,"ms":0}
{"ts":"2026-09-17T20:57:11.639Z","request_id":"bdc3940af83803f1","method":"GET","path":"/shop","status":200,"ms":1}
{"ts":"2026-09-17T20:57:17.251Z","request_id":"a3b3a693c1d4b384","method":"GET","path":"/doctor","status":200,"ms":0}
{"ts":"2026-09-17T20:57:53.135Z","request_id":"7f1ab56745f57e98","method":"GET","path":"/","status":200,"ms":1}
{"ts":"2026-09-17T20:57:53.151Z","request_id":"4738cdedac344bbb","method":"GET","path":"/_astro/_serial_.73wny_Th.css","status":200,"ms":0}
{"ts":"2026-09-17T20:57:53.151Z","request_id":"57365705823af176","method":"GET","path":"/_astro/index.D7PXqHOR.css","status":200,"ms":0}
{"ts":"2026-09-17T20:58:00.891Z","request_id":"e8bf227381477fd3","method":"GET","path":"/shop","status":200,"ms":1}
{"ts":"2026-09-17T20:58:08.379Z","request_id":"57c3196320827586","method":"GET","path":"/shop/case","status":200,"ms":1}
{"ts":"2026-09-17T20:58:13.463Z","request_id":"27ea45a83ba1b02d","method":"POST","path":"/api/cart/lines","status":200,"ms":11}
{"ts":"2026-09-17T20:58:13.468Z","request_id":"54dd8e923dcde0f3","method":"GET","path":"/cart","status":200,"ms":1}
{"ts":"2026-09-17T20:58:27.316Z","request_id":"cfecf1461a82ab00","method":"GET","path":"/checkout/where-it-goes","status":200,"ms":0}
{"ts":"2026-09-17T20:58:54.420Z","request_id":"3c20d76668777a5e","method":"POST","path":"/api/cart/delivery","status":200,"ms":7}
{"ts":"2026-09-17T20:58:54.425Z","request_id":"336521b9128ab096","method":"GET","path":"/checkout/how-it-gets-there","status":200,"ms":1}
{"ts":"2026-09-17T20:59:14.655Z","request_id":"b98f3970eb908fb3","method":"POST","path":"/api/cart/delivery","status":200,"ms":6}
{"ts":"2026-09-17T20:59:14.659Z","request_id":"20c9da48859c42a6","method":"GET","path":"/checkout/payment","status":200,"ms":1}
{"ts":"2026-09-17T20:59:32.456Z","request_id":"c7febcc19cd9342f","method":"GET","path":"/","status":200,"ms":9}
{"ts":"2026-09-17T20:59:32.484Z","request_id":"24f89ca4d0ed5fdd","method":"GET","path":"/_astro/_serial_.73wny_Th.css","status":200,"ms":0}
{"ts":"2026-09-17T20:59:32.485Z","request_id":"27621b092819ca5c","method":"GET","path":"/_astro/index.D7PXqHOR.css","status":200,"ms":1}
{"ts":"2026-09-17T20:59:38.814Z","request_id":"0b66be401c9fd453","method":"GET","path":"/shop","status":200,"ms":1}
{"ts":"2026-09-17T20:59:48.721Z","request_id":"033d7520a7ebeeb2","method":"GET","path":"/sign-in","status":200,"ms":1}
{"ts":"2026-09-17T20:59:57.781Z","request_id":"b2ef090ea4d5b646","method":"GET","path":"/sign-up","status":200,"ms":0}
{"ts":"2026-09-17T21:00:11.282Z","request_id":"61d2e69e0cc8dfd9","method":"POST","path":"/api/auth/signup","status":201,"ms":99}
{"ts":"2026-09-17T21:00:11.288Z","request_id":"a14946e078993505","method":"GET","path":"/account","status":200,"ms":1}
{"ts":"2026-09-17T21:00:19.297Z","request_id":"6f074dfb0631ead0","method":"GET","path":"/account/cameras","status":200,"ms":2}
{"ts":"2026-09-17T21:00:42.142Z","request_id":"0dca7ecf2a0cc8d9","method":"POST","path":"/api/account/devices","status":409,"ms":22}
{"ts":"2026-09-17T21:01:03.133Z","request_id":"909121433ade616b","method":"GET","path":"/account/cameras","status":200,"ms":2}
{"ts":"2026-09-17T21:01:12.629Z","request_id":"e6f51ec71c2b9f16","method":"GET","path":"/_astro/_serial_.73wny_Th.css","status":200,"ms":1}
{"ts":"2026-09-17T21:01:26.726Z","request_id":"b751bbf3bfa8de46","method":"GET","path":"/api/account/devices","status":200,"ms":8}
{"ts":"2026-09-17T21:01:38.130Z","request_id":"eb1f7cd4d0726434","method":"GET","path":"/account/cameras/VC2609PVDA7Q","status":200,"ms":1}
{"ts":"2026-09-17T21:02:04.219Z","request_id":"137bbcd6ccbd2060","method":"POST","path":"/api/account/devices","status":404,"ms":4}
{"ts":"2026-09-17T21:02:31.046Z","request_id":"b9423422134eb341","method":"GET","path":"/sign-out","status":200,"ms":5}
{"ts":"2026-09-17T21:02:31.053Z","request_id":"b770267c7b63377e","method":"GET","path":"/","status":200,"ms":1}
{"ts":"2026-09-17T21:02:41.301Z","request_id":"51d52d061606a895","method":"GET","path":"/sign-in","status":200,"ms":3}
{"ts":"2026-09-17T21:02:55.604Z","request_id":"f7f17ad605e34fbd","method":"POST","path":"/api/auth/login","status":401,"ms":106}
{"ts":"2026-09-17T21:03:08.797Z","request_id":"cea307f297e5068e","method":"POST","path":"/api/auth/login","status":401,"ms":79}
{"ts":"2026-09-17T21:03:27.541Z","request_id":"66174735e763e534","method":"POST","path":"/api/auth/login","status":401,"ms":91}
{"ts":"2026-09-17T21:03:40.703Z","request_id":"566a0cb1207f9ea2","method":"POST","path":"/api/auth/login","status":401,"ms":80}
{"ts":"2026-09-17T21:03:51.614Z","request_id":"dcf16f53c76ce611","method":"POST","path":"/api/auth/login","status":401,"ms":75}
{"ts":"2026-09-17T21:04:07.401Z","request_id":"002b2f88449d32a3","method":"POST","path":"/api/auth/login","status":401,"ms":77}
{"ts":"2026-09-17T21:04:29.080Z","request_id":"5cc9057f27414922","method":"POST","path":"/api/auth/login","status":401,"ms":79}
{"ts":"2026-09-17T21:04:50.224Z","request_id":"9de969adda6b22f7","method":"POST","path":"/api/auth/login","status":200,"ms":75}
{"ts":"2026-09-17T21:04:50.228Z","request_id":"524ae036c585f444","method":"GET","path":"/account","status":200,"ms":0}
{"ts":"2026-09-17T21:04:55.934Z","request_id":"ff597d3a3446da22","method":"GET","path":"/account/cameras","status":200,"ms":1}
{"ts":"2026-09-17T21:05:08.631Z","request_id":"2e7b6eeff7a2a0df","method":"GET","path":"/shop/vela-a1","status":200,"ms":1}
{"ts":"2026-09-17T21:05:08.638Z","request_id":"6ffb027fed475ec6","method":"GET","path":"/shop","status":200,"ms":1}
{"ts":"2026-09-17T21:05:15.253Z","request_id":"ce7f0c5c3d85a494","method":"GET","path":"/shop/flagship","status":200,"ms":1}
{"ts":"2026-09-17T21:05:22.566Z","request_id":"127da4a83f1abcd3","method":"POST","path":"/api/cart/lines","status":200,"ms":13}
{"ts":"2026-09-17T21:05:22.570Z","request_id":"8d0aae663d2c7187","method":"GET","path":"/cart","status":200,"ms":0}
{"ts":"2026-09-17T21:05:28.791Z","request_id":"e0b34cae526115cd","method":"GET","path":"/checkout/where-it-goes","status":200,"ms":3}
{"ts":"2026-09-17T21:05:43.782Z","request_id":"b90392df91bc77b6","method":"POST","path":"/api/cart/delivery","status":200,"ms":6}
{"ts":"2026-09-17T21:05:43.785Z","request_id":"9a66609d6eb7ed6b","method":"GET","path":"/checkout/how-it-gets-there","status":200,"ms":0}
{"ts":"2026-09-17T21:05:56.763Z","request_id":"64f5b64b28b3fd85","method":"GET","path":"/","status":200,"ms":0}
{"ts":"2026-09-17T21:05:56.773Z","request_id":"d96d0bc03134ae2b","method":"GET","path":"/_astro/_serial_.73wny_Th.css","status":200,"ms":0}
{"ts":"2026-09-17T21:05:56.773Z","request_id":"364e76f6685ffc33","method":"GET","path":"/_astro/index.D7PXqHOR.css","status":200,"ms":0}
{"ts":"2026-09-17T21:06:02.902Z","request_id":"c5f31653620daa03","method":"GET","path":"/shop","status":200,"ms":1}
{"ts":"2026-09-17T21:06:16.695Z","request_id":"aad2b3e91517b116","method":"GET","path":"/cart","status":200,"ms":1}
{"ts":"2026-09-17T21:06:28.179Z","request_id":"920f751f7ed9444c","method":"GET","path":"/downloads","status":200,"ms":2}
{"ts":"2026-09-17T21:06:40.356Z","request_id":"effb5fc1d79d04a3","method":"GET","path":"/sign-in","status":200,"ms":1}
{"ts":"2026-09-17T21:06:47.463Z","request_id":"1d2afc0da9085f3b","method":"GET","path":"/sign-up","status":200,"ms":0}
{"ts":"2026-09-17T21:07:17.784Z","request_id":"8e6bcc5f4e9be8b5","method":"POST","path":"/api/auth/signup","status":201,"ms":98}
{"ts":"2026-09-17T21:07:17.788Z","request_id":"7e03783962fee1bc","method":"GET","path":"/account","status":200,"ms":0}
{"ts":"2026-09-17T21:07:40.841Z","request_id":"b0ba527e3b294904","method":"GET","path":"/","status":200,"ms":1}
{"ts":"2026-09-17T21:07:40.859Z","request_id":"8f750e4db84c5386","method":"GET","path":"/_astro/_serial_.73wny_Th.css","status":200,"ms":0}
{"ts":"2026-09-17T21:07:40.859Z","request_id":"31862f71e342de59","method":"GET","path":"/_astro/index.D7PXqHOR.css","status":200,"ms":0}
{"ts":"2026-09-17T21:07:53.798Z","request_id":"614d79631e8cdb39","method":"GET","path":"/","status":200,"ms":0}
{"ts":"2026-09-17T21:08:17.715Z","request_id":"9d71af26b9f7716a","method":"GET","path":"/shop","status":200,"ms":1}
{"ts":"2026-09-17T21:08:38.385Z","request_id":"aaea1104c7d1bf65","method":"GET","path":"/cart","status":200,"ms":2}
{"ts":"2026-09-17T21:08:52.464Z","request_id":"447a3d358e9b830c","method":"GET","path":"/sign-in","status":200,"ms":2}
{"ts":"2026-09-17T21:09:12.243Z","request_id":"32381f7502b149ed","method":"GET","path":"/account/cameras","status":200,"ms":3}
{"ts":"2026-09-17T21:09:12.248Z","request_id":"e5a791960b2cdbad","method":"GET","path":"/sign-in","status":200,"ms":0}
{"ts":"2026-09-17T21:09:40.413Z","request_id":"d7dcfe7164e8a5d4","method":"GET","path":"/","status":200,"ms":1}
{"ts":"2026-09-17T21:09:40.428Z","request_id":"7217ee0dde1fee66","method":"GET","path":"/_astro/_serial_.73wny_Th.css","status":200,"ms":0}
{"ts":"2026-09-17T21:09:40.428Z","request_id":"6a988cde2a4c6db1","method":"GET","path":"/_astro/index.D7PXqHOR.css","status":200,"ms":0}
{"ts":"2026-09-17T21:09:51.141Z","request_id":"4e9c66ce0dcec37a","method":"GET","path":"/shop","status":200,"ms":0}
{"ts":"2026-09-17T21:10:15.034Z","request_id":"2015127f8ea8fad3","method":"GET","path":"/shop/flagship","status":200,"ms":1}
{"ts":"2026-09-17T21:11:14.788Z","request_id":"eac8d4cc2ec929b4","method":"GET","path":"/cart","status":200,"ms":3}
{"ts":"2026-09-17T21:11:29.227Z","request_id":"c80fc275496a6b5e","method":"GET","path":"/sign-in","status":200,"ms":1}
{"ts":"2026-09-17T21:11:49.093Z","request_id":"9de96b41a6ed513e","method":"GET","path":"/shop/flagship","status":200,"ms":2}
{"ts":"2026-09-17T21:11:55.499Z","request_id":"433882512b1525fe","method":"POST","path":"/api/cart/lines","status":200,"ms":14}
{"ts":"2026-09-17T21:11:55.505Z","request_id":"24f86a2e99142773","method":"GET","path":"/cart","status":200,"ms":0}
{"ts":"2026-09-17T21:12:37.101Z","request_id":"88614f7c7823e748","method":"GET","path":"/shop/flagship","status":200,"ms":3}
{"ts":"2026-09-17T21:12:50.429Z","request_id":"be5599dcc3a055d5","method":"GET","path":"/shop/flagship","status":200,"ms":1}
{"ts":"2026-09-17T21:12:55.952Z","request_id":"76fcdd4768a3f346","method":"GET","path":"/_astro/_serial_.73wny_Th.css","status":200,"ms":1}
{"ts":"2026-09-17T21:13:25.375Z","request_id":"f67c278a0af61506","method":"GET","path":"/","status":200,"ms":1}
{"ts":"2026-09-17T21:13:25.389Z","request_id":"7b29f635d2ff2623","method":"GET","path":"/_astro/_serial_.73wny_Th.css","status":200,"ms":1}
{"ts":"2026-09-17T21:13:25.389Z","request_id":"7f95aaa31a74ae0a","method":"GET","path":"/_astro/index.D7PXqHOR.css","status":200,"ms":0}
{"ts":"2026-09-17T21:13:30.182Z","request_id":"7251c9a64a3c9e57","method":"GET","path":"/shop","status":200,"ms":1}
{"ts":"2026-09-17T21:13:56.066Z","request_id":"f14cfb1684e59a1c","method":"GET","path":"/shop/compact","status":200,"ms":2}
{"ts":"2026-09-17T21:14:34.278Z","request_id":"3ff83d451e2ae874","method":"POST","path":"/api/cart/lines","status":200,"ms":21}
{"ts":"2026-09-17T21:14:34.282Z","request_id":"6b163fbdb44aac26","method":"GET","path":"/cart","status":200,"ms":1}
{"ts":"2026-09-17T21:14:58.474Z","request_id":"2d3004722467e805","method":"POST","path":"/api/cart/protection","status":200,"ms":10}
{"ts":"2026-09-17T21:14:58.478Z","request_id":"158a9cb7dbf41c44","method":"GET","path":"/cart","status":200,"ms":0}
{"ts":"2026-09-17T21:15:14.554Z","request_id":"16bb4118013219e1","method":"GET","path":"/sign-in","status":200,"ms":2}
{"ts":"2026-09-17T21:15:20.534Z","request_id":"c065e5588cbca97b","method":"GET","path":"/sign-up","status":200,"ms":1}
{"ts":"2026-09-17T21:16:04.227Z","request_id":"2ba10493ed088d1d","method":"GET","path":"/","status":200,"ms":3}
{"ts":"2026-09-17T21:16:13.128Z","request_id":"432acb8265af4adf","method":"GET","path":"/sign-up","status":200,"ms":1}
{"ts":"2026-09-17T21:16:26.249Z","request_id":"9f7c07cb1c138315","method":"POST","path":"/api/auth/signup","status":201,"ms":93}
{"ts":"2026-09-17T21:16:26.252Z","request_id":"ed40afc9f76d3630","method":"GET","path":"/account","status":200,"ms":0}
{"ts":"2026-09-17T21:16:54.213Z","request_id":"845bfdaf23ae648d","method":"GET","path":"/downloads","status":200,"ms":11}
{"ts":"2026-09-17T21:17:09.627Z","request_id":"881d139383bc67fb","method":"GET","path":"/","status":200,"ms":1}
{"ts":"2026-09-17T21:17:09.640Z","request_id":"ec36549a56f97271","method":"GET","path":"/_astro/_serial_.73wny_Th.css","status":200,"ms":0}
{"ts":"2026-09-17T21:17:09.640Z","request_id":"c36ff21208efa810","method":"GET","path":"/_astro/index.D7PXqHOR.css","status":200,"ms":0}
{"ts":"2026-09-17T21:17:14.094Z","request_id":"d5f3b8e726a59313","method":"GET","path":"/shop","status":200,"ms":0}
{"ts":"2026-09-17T21:17:21.279Z","request_id":"91b0cd5fbb460580","method":"GET","path":"/shop/flagship","status":200,"ms":0}
{"ts":"2026-09-17T21:17:33.435Z","request_id":"3c5cd96945a1834d","method":"POST","path":"/api/cart/lines","status":200,"ms":12}
{"ts":"2026-09-17T21:17:33.444Z","request_id":"2b6cdc7223146131","method":"GET","path":"/cart","status":200,"ms":1}
{"ts":"2026-09-17T21:17:33.454Z","request_id":"2a85411d717ae5fa","method":"GET","path":"/_astro/_serial_.73wny_Th.css","status":200,"ms":1}
{"ts":"2026-09-17T21:17:46.340Z","request_id":"a481c1100160a339","method":"PATCH","path":"/api/cart/lines/30","status":200,"ms":12}
{"ts":"2026-09-17T21:17:58.770Z","request_id":"441a8c098a5a6758","method":"GET","path":"/sign-in","status":200,"ms":1}
{"ts":"2026-09-17T21:18:10.396Z","request_id":"d08f1edfa0f9d93d","method":"POST","path":"/api/auth/login","status":401,"ms":86}
{"ts":"2026-09-17T21:18:17.230Z","request_id":"8c6f022c38e1d506","method":"GET","path":"/sign-up","status":200,"ms":1}
{"ts":"2026-09-17T21:18:29.446Z","request_id":"940830a2a9d2d138","method":"POST","path":"/api/auth/signup","status":201,"ms":79}
{"ts":"2026-09-17T21:18:29.451Z","request_id":"9a4136cbe64a34fa","method":"GET","path":"/account","status":200,"ms":0}
{"ts":"2026-09-17T21:18:29.467Z","request_id":"91309ddd85f67059","method":"GET","path":"/_astro/_serial_.73wny_Th.css","status":200,"ms":0}
{"ts":"2026-09-17T21:18:38.001Z","request_id":"a71c5581fa9e86a5","method":"GET","path":"/account/cameras","status":200,"ms":1}
{"ts":"2026-09-17T21:19:10.580Z","request_id":"a528b001212c06c5","method":"POST","path":"/api/account/devices","status":409,"ms":26}
{"ts":"2026-09-17T21:19:31.287Z","request_id":"8dc6b4bb88fa0627","method":"GET","path":"/doctor","status":200,"ms":1}
{"ts":"2026-09-17T21:19:47.133Z","request_id":"bfec4f5eaea5a48a","method":"GET","path":"/shop","status":200,"ms":1}
{"ts":"2026-09-17T21:19:52.347Z","request_id":"471af94c978ede1b","method":"GET","path":"/shop/compact","status":200,"ms":1}
{"ts":"2026-09-17T21:20:07.057Z","request_id":"5b7e61403c38e721","method":"GET","path":"/downloads","status":200,"ms":1}
{"ts":"2026-09-17T21:20:14.847Z","request_id":"e77471bcb67d077b","method":"GET","path":"/cart","status":200,"ms":1}
{"ts":"2026-09-17T21:20:21.053Z","request_id":"8d40bc531ab098e6","method":"GET","path":"/checkout/where-it-goes","status":200,"ms":1}
{"ts":"2026-09-17T21:20:33.309Z","request_id":"532e9ea15aec29a5","method":"POST","path":"/api/cart/delivery","status":200,"ms":7}
{"ts":"2026-09-17T21:20:33.313Z","request_id":"233700112ada17b3","method":"GET","path":"/checkout/how-it-gets-there","status":200,"ms":1}
{"ts":"2026-09-17T21:20:44.944Z","request_id":"2f61c58886803640","method":"POST","path":"/api/cart/delivery","status":200,"ms":11}
{"ts":"2026-09-17T21:20:44.950Z","request_id":"becb8cf70a82d53e","method":"GET","path":"/checkout/payment","status":200,"ms":1}
{"ts":"2026-09-17T21:20:57.010Z","request_id":"1e7a1d630782b73d","method":"POST","path":"/api/orders","status":201,"ms":655}
{"ts":"2026-09-17T21:20:57.025Z","request_id":"7d459f5857421e1a","method":"GET","path":"/orders/VE-2026-0014","status":200,"ms":1}
{"ts":"2026-09-17T21:20:57.037Z","request_id":"2d9d3b1332a5386c","method":"GET","path":"/_astro/_serial_.73wny_Th.css","status":200,"ms":1}
{"ts":"2026-09-17T21:21:07.828Z","request_id":"728a70442ac808af","method":"GET","path":"/account/orders/VE-2026-0014","status":200,"ms":1}
{"ts":"2026-09-17T21:21:17.610Z","request_id":"66ba355eddbc124d","method":"GET","path":"/account/cameras","status":200,"ms":1}
{"ts":"2026-09-17T21:21:21.067Z","request_id":"cb2667ffe711f69b","method":"GET","path":"/cart","status":200,"ms":1}
{"ts":"2026-09-17T21:21:27.219Z","request_id":"6788494a6acf3b09","method":"GET","path":"/cart","status":200,"ms":1}
{"ts":"2026-09-17T21:21:46.183Z","request_id":"0c0d30042c54720e","method":"GET","path":"/","status":200,"ms":4}
{"ts":"2026-09-17T21:21:46.200Z","request_id":"6dbbd6921aec40be","method":"GET","path":"/_astro/_serial_.73wny_Th.css","status":200,"ms":0}
{"ts":"2026-09-17T21:21:46.200Z","request_id":"72c286d97f5cff29","method":"GET","path":"/_astro/index.D7PXqHOR.css","status":200,"ms":0}
{"ts":"2026-09-17T21:21:56.127Z","request_id":"fb323d9a423994d9","method":"GET","path":"/shop","status":200,"ms":1}
{"ts":"2026-09-17T21:22:23.954Z","request_id":"e4eb3a4d235c392b","method":"GET","path":"/cart","status":200,"ms":3}
{"ts":"2026-09-17T21:22:48.213Z","request_id":"48cd30628d479b94","method":"GET","path":"/sign-in","status":200,"ms":1}
{"ts":"2026-09-17T21:23:01.737Z","request_id":"15050f3ab173b30f","method":"GET","path":"/sign-up","status":200,"ms":1}
{"ts":"2026-09-17T21:23:16.097Z","request_id":"7af896d7f9caa35b","method":"GET","path":"/account","status":200,"ms":2}
{"ts":"2026-09-17T21:23:16.101Z","request_id":"54d5c0bb32eb7ede","method":"GET","path":"/sign-in","status":200,"ms":0}
{"ts":"2026-09-17T21:23:21.663Z","request_id":"965aee34a87ce15f","method":"GET","path":"/cart","status":200,"ms":0}
{"ts":"2026-09-17T21:23:36.367Z","request_id":"01f4f2fda27d9202","method":"GET","path":"/sign-up","status":200,"ms":1}
{"ts":"2026-09-17T21:23:47.025Z","request_id":"b099f01f311db517","method":"POST","path":"/api/auth/signup","status":201,"ms":94}
{"ts":"2026-09-17T21:23:47.029Z","request_id":"556449b07df863da","method":"GET","path":"/account","status":200,"ms":1}
{"ts":"2026-09-17T21:25:03.911Z","request_id":"209f0acbc4de145c","method":"GET","path":"/","status":200,"ms":3}
{"ts":"2026-09-17T21:25:03.925Z","request_id":"312e8627bdf9006b","method":"GET","path":"/_astro/_serial_.73wny_Th.css","status":200,"ms":1}
{"ts":"2026-09-17T21:25:03.925Z","request_id":"9225c4215f79ee68","method":"GET","path":"/_astro/index.D7PXqHOR.css","status":200,"ms":0}
{"ts":"2026-09-17T21:25:12.678Z","request_id":"02fa5a012da1d1fb","method":"GET","path":"/shop","status":200,"ms":1}
{"ts":"2026-09-17T21:25:18.196Z","request_id":"66f9c10d889dee57","method":"GET","path":"/shop/flagship","status":200,"ms":1}
{"ts":"2026-09-17T21:25:28.592Z","request_id":"fe7dbbf1cb15d72c","method":"POST","path":"/api/cart/lines","status":200,"ms":13}
{"ts":"2026-09-17T21:25:28.596Z","request_id":"2ea675e876b03024","method":"GET","path":"/cart","status":200,"ms":0}
{"ts":"2026-09-17T21:25:49.373Z","request_id":"44eab1e1026106ae","method":"GET","path":"/sign-in","status":200,"ms":1}
{"ts":"2026-09-17T21:26:03.385Z","request_id":"9666d1e1e0d96017","method":"GET","path":"/sign-up","status":200,"ms":4}
{"ts":"2026-09-17T21:26:19.645Z","request_id":"ae59ea436fe2b36a","method":"POST","path":"/api/auth/signup","status":201,"ms":91}
{"ts":"2026-09-17T21:26:19.649Z","request_id":"9c47ea563c03bb71","method":"GET","path":"/account","status":200,"ms":0}
{"ts":"2026-09-17T21:26:28.388Z","request_id":"05df2c3d061e6ed3","method":"GET","path":"/shop/flagship","status":200,"ms":2}
{"ts":"2026-09-17T21:26:36.058Z","request_id":"17614d2cb21bc4f2","method":"GET","path":"/cart","status":200,"ms":0}
{"ts":"2026-09-17T21:26:41.194Z","request_id":"9edb21874b5fb851","method":"GET","path":"/cart","status":200,"ms":1}
{"ts":"2026-09-17T21:26:50.084Z","request_id":"560ffd90f02d4c01","method":"GET","path":"/sign-out","status":200,"ms":1}
{"ts":"2026-09-17T21:26:50.088Z","request_id":"648e3666936f25c6","method":"GET","path":"/","status":200,"ms":1}
{"ts":"2026-09-17T21:26:56.121Z","request_id":"87f5d34ee00a459d","method":"GET","path":"/cart","status":200,"ms":1}
{"ts":"2026-09-17T21:27:12.905Z","request_id":"7aa50954d4e01da6","method":"GET","path":"/shop/compact","status":200,"ms":1}
{"ts":"2026-09-17T21:27:24.810Z","request_id":"02fd7de1044765f8","method":"GET","path":"/shop/flagship","status":200,"ms":1}
{"ts":"2026-09-17T21:27:34.456Z","request_id":"d26961140e032ebe","method":"POST","path":"/api/cart/lines","status":200,"ms":11}
{"ts":"2026-09-17T21:27:34.460Z","request_id":"0793088811906f8f","method":"GET","path":"/cart","status":200,"ms":1}
{"ts":"2026-09-17T21:27:40.423Z","request_id":"a6aa0a3c4267dfbf","method":"GET","path":"/checkout/where-it-goes","status":200,"ms":1}
{"ts":"2026-09-17T21:27:52.804Z","request_id":"2620530bbaf6841e","method":"POST","path":"/api/cart/delivery","status":200,"ms":6}
{"ts":"2026-09-17T21:27:52.807Z","request_id":"405a21095929956d","method":"GET","path":"/checkout/how-it-gets-there","status":200,"ms":0}
{"ts":"2026-09-17T21:28:01.506Z","request_id":"f69143c016937ecc","method":"POST","path":"/api/cart/delivery","status":200,"ms":9}
{"ts":"2026-09-17T21:28:01.510Z","request_id":"a6b0190a8f88390a","method":"GET","path":"/checkout/payment","status":200,"ms":1}
{"ts":"2026-09-17T21:28:07.288Z","request_id":"e21f7a39cf54fa72","method":"POST","path":"/api/orders","status":201,"ms":601}
{"ts":"2026-09-17T21:28:07.293Z","request_id":"19d02b2817d220e1","method":"GET","path":"/orders/VE-2026-0015","status":200,"ms":1}
{"ts":"2026-09-17T21:28:14.857Z","request_id":"20b8f80b4bb1e06e","method":"GET","path":"/sign-in","status":200,"ms":2}
{"ts":"2026-09-17T21:28:23.165Z","request_id":"c02ee972611f3833","method":"POST","path":"/api/auth/login","status":200,"ms":79}
{"ts":"2026-09-17T21:28:23.169Z","request_id":"261856d190ca04f9","method":"GET","path":"/account","status":200,"ms":1}
{"ts":"2026-09-17T21:28:30.378Z","request_id":"e30d18ee88a8e4fb","method":"GET","path":"/cart","status":200,"ms":1}
{"ts":"2026-09-17T21:28:37.441Z","request_id":"c692c2b1a445e0d2","method":"GET","path":"/shop/flagship","status":200,"ms":1}
{"ts":"2026-09-17T21:28:43.070Z","request_id":"65f5affdf7b2cb31","method":"GET","path":"/cart","status":200,"ms":1}
{"ts":"2026-09-17T21:28:52.579Z","request_id":"7824847b0ed962b7","method":"PATCH","path":"/api/cart/lines/32","status":409,"ms":8}
{"ts":"2026-09-17T21:29:24.299Z","request_id":"be68e08514771d09","method":"GET","path":"/","status":200,"ms":2}
{"ts":"2026-09-17T21:29:24.315Z","request_id":"eb32376a6fafeab5","method":"GET","path":"/_astro/_serial_.73wny_Th.css","status":200,"ms":1}
{"ts":"2026-09-17T21:29:24.315Z","request_id":"49013e49fec55a55","method":"GET","path":"/_astro/index.D7PXqHOR.css","status":200,"ms":0}
{"ts":"2026-09-17T21:30:01.078Z","request_id":"c2245c931e471aa1","method":"GET","path":"/","status":200,"ms":0}
{"ts":"2026-09-17T21:30:23.324Z","request_id":"d173e972914d403c","method":"GET","path":"/","status":200,"ms":12}
{"ts":"2026-09-17T21:30:23.345Z","request_id":"4143742814e04599","method":"GET","path":"/_astro/_serial_.73wny_Th.css","status":200,"ms":0}
{"ts":"2026-09-17T21:30:23.346Z","request_id":"ede719dfa248f946","method":"GET","path":"/_astro/index.D7PXqHOR.css","status":200,"ms":1}
{"ts":"2026-09-17T21:30:34.407Z","request_id":"b02d6836423510a1","method":"GET","path":"/","status":200,"ms":0}
{"ts":"2026-09-17T21:30:45.831Z","request_id":"cb616032c2fdcf9d","method":"GET","path":"/admin","status":200,"ms":2}
{"ts":"2026-09-17T21:30:45.840Z","request_id":"be39198957d45bf2","method":"GET","path":"/staff","status":200,"ms":0}
{"ts":"2026-09-17T21:30:45.847Z","request_id":"50f08e10d9cc5ed5","method":"GET","path":"/returns","status":200,"ms":0}
{"ts":"2026-09-17T21:30:45.853Z","request_id":"d651c2a794521c72","method":"GET","path":"/rma","status":200,"ms":0}
{"ts":"2026-09-17T21:30:45.859Z","request_id":"3b06d13d09be60b3","method":"GET","path":"/jobs","status":200,"ms":0}
{"ts":"2026-09-17T21:30:45.866Z","request_id":"1f642987bec8aad3","method":"GET","path":"/careers","status":200,"ms":0}
{"ts":"2026-09-17T21:30:45.873Z","request_id":"08f2bf81367e3718","method":"GET","path":"/terms","status":200,"ms":1}
{"ts":"2026-09-17T21:30:45.879Z","request_id":"b021ff73548f94ba","method":"GET","path":"/privacy","status":200,"ms":0}
{"ts":"2026-09-17T21:30:45.887Z","request_id":"dea966573f9f0361","method":"GET","path":"/legal","status":200,"ms":1}
{"ts":"2026-09-17T21:30:45.894Z","request_id":"e79e464a8106e48b","method":"GET","path":"/api/admin","status":404,"ms":2}
{"ts":"2026-09-17T21:30:45.899Z","request_id":"7d874d4ec6569a5a","method":"GET","path":"/api/staff","status":404,"ms":0}
{"ts":"2026-09-17T21:30:45.905Z","request_id":"a74598719b2d7679","method":"GET","path":"/api/returns","status":404,"ms":0}
{"ts":"2026-09-17T21:30:45.917Z","request_id":"30a9f85a98af9b49","method":"GET","path":"/api/rma","status":404,"ms":2}
{"ts":"2026-09-17T21:30:45.926Z","request_id":"f98457f67c05e324","method":"GET","path":"/api/jobs","status":404,"ms":1}
{"ts":"2026-09-17T21:30:45.937Z","request_id":"9ed4d858cb49dddf","method":"GET","path":"/api/legal","status":404,"ms":1}
{"ts":"2026-09-17T21:30:53.252Z","request_id":"5d582ef4842e93fa","method":"GET","path":"/sitemap.xml","status":200,"ms":0}
{"ts":"2026-09-17T21:30:53.259Z","request_id":"c247b5f5507531d5","method":"GET","path":"/robots.txt","status":200,"ms":1}
{"ts":"2026-09-17T21:30:53.265Z","request_id":"c634282fc094eb81","method":"GET","path":"/api","status":200,"ms":1}
{"ts":"2026-09-17T21:30:53.271Z","request_id":"9f65613a930d8982","method":"GET","path":"/staff/login","status":200,"ms":0}
{"ts":"2026-09-17T21:30:53.278Z","request_id":"bb77e05c13d2cb8c","method":"GET","path":"/admin/login","status":200,"ms":1}
{"ts":"2026-09-17T21:30:53.285Z","request_id":"e7370f258860771c","method":"GET","path":"/returns/new","status":200,"ms":1}
{"ts":"2026-09-17T21:30:53.290Z","request_id":"e6d340b4e67ccca2","method":"GET","path":"/jobs/openings","status":200,"ms":0}
{"ts":"2026-09-17T21:30:53.296Z","request_id":"b6780365e020ff65","method":"GET","path":"/legal/terms","status":200,"ms":0}
{"ts":"2026-09-17T21:30:53.302Z","request_id":"eb84a869687b1656","method":"GET","path":"/legal/privacy","status":200,"ms":0}
{"ts":"2026-09-17T21:30:53.308Z","request_id":"8c9e4fff09b76fcb","method":"GET","path":"/terms-of-service","status":200,"ms":0}
{"ts":"2026-09-17T21:30:53.314Z","request_id":"3ead5f0ffb8bf149","method":"GET","path":"/privacy-policy","status":200,"ms":0}
{"ts":"2026-09-17T21:31:10.092Z","request_id":"4b604bda33efcd28","method":"GET","path":"/package.json","status":200,"ms":5}
{"ts":"2026-09-17T21:31:10.107Z","request_id":"ba07815fb2cea652","method":"GET","path":"/_astro/_serial_.73wny_Th.css","status":200,"ms":0}
{"ts":"2026-09-17T21:31:16.850Z","request_id":"5a8d073ac96ec739","method":"GET","path":"/","status":200,"ms":1}
{"ts":"2026-09-17T21:31:22.589Z","request_id":"24ac0279c711bd2a","method":"GET","path":"/package.json","status":200,"ms":0}
{"ts":"2026-09-17T21:31:22.599Z","request_id":"cfa86c94ea51d3df","method":"GET","path":"/package-lock.json","status":200,"ms":0}
{"ts":"2026-09-17T21:31:22.609Z","request_id":"77da708218d00517","method":"GET","path":"/pnpm-lock.yaml","status":200,"ms":1}
{"ts":"2026-09-17T21:31:22.621Z","request_id":"874491bad34309dd","method":"GET","path":"/yarn.lock","status":200,"ms":0}
{"ts":"2026-09-17T21:31:22.629Z","request_id":"42c43a0bd76d16ea","method":"GET","path":"/_astro/manifest.json","status":200,"ms":0}
{"ts":"2026-09-17T21:31:30.852Z","request_id":"a4a6378e8d09719d","method":"GET","path":"/api/health","status":200,"ms":17}
{"ts":"2026-09-17T21:31:30.860Z","request_id":"9ff2e9c87cde843e","method":"GET","path":"/health","status":200,"ms":0}
{"ts":"2026-09-17T21:31:30.869Z","request_id":"a7e1a3471355e482","method":"GET","path":"/robots.txt","status":200,"ms":1}
{"ts":"2026-09-17T21:31:30.876Z","request_id":"92a27c136db5112a","method":"GET","path":"/.well-known/appspecific/com.chrome.devtools.json","status":200,"ms":0}
{"ts":"2026-09-17T21:31:30.881Z","request_id":"9b20022ea25f9a95","method":"GET","path":"/_astro/index.D7PXqHOR.css.map","status":200,"ms":0}
{"ts":"2026-09-17T21:31:30.886Z","request_id":"b7e95662739fcfc5","method":"GET","path":"/_astro/_serial_.73wny_Th.css.map","status":200,"ms":0}
{"ts":"2026-09-17T21:31:42.105Z","request_id":"384b153d4d0a38d5","method":"GET","path":"/","status":200,"ms":2}
{"ts":"2026-09-17T21:31:42.118Z","request_id":"c956a4be70873a62","method":"GET","path":"/_astro/_serial_.73wny_Th.css","status":200,"ms":1}
{"ts":"2026-09-17T21:31:42.119Z","request_id":"c54588e82386a8b8","method":"GET","path":"/_astro/index.D7PXqHOR.css","status":200,"ms":0}
{"ts":"2026-09-17T21:31:42.176Z","request_id":"afc37b0d69b7ff56","method":"GET","path":"/","status":200,"ms":0}
{"ts":"2026-09-17T21:31:47.073Z","request_id":"1ec337ab0a35a31e","method":"GET","path":"/shop","status":200,"ms":2}
{"ts":"2026-09-17T21:31:47.091Z","request_id":"5b7c398abd98d687","method":"GET","path":"/shop/compact","status":200,"ms":0}
{"ts":"2026-09-17T21:31:47.102Z","request_id":"7ed5243f1ac9610b","method":"GET","path":"/downloads","status":200,"ms":0}
{"ts":"2026-09-17T21:31:47.122Z","request_id":"83ccfa315514b9ed","method":"GET","path":"/firmware","status":200,"ms":1}
{"ts":"2026-09-17T21:31:47.130Z","request_id":"cc58aface7e14bba","method":"GET","path":"/account/cameras","status":200,"ms":1}
{"ts":"2026-09-17T21:31:47.134Z","request_id":"f03100e2a9a5e44f","method":"GET","path":"/sign-in","status":200,"ms":0}
{"ts":"2026-09-17T21:31:47.145Z","request_id":"2dd7398c6a5f6b33","method":"GET","path":"/checkout","status":200,"ms":1}
{"ts":"2026-09-17T21:32:03.929Z","request_id":"571964439ac7c82f","method":"GET","path":"/cart","status":200,"ms":0}
{"ts":"2026-09-17T21:32:03.938Z","request_id":"105e3318d2a9d689","method":"GET","path":"/doctor","status":200,"ms":0}
{"ts":"2026-09-17T21:32:03.946Z","request_id":"1258a86ac2fcf578","method":"GET","path":"/checkout/contact","status":200,"ms":0}
{"ts":"2026-09-17T21:32:03.953Z","request_id":"9aefe1bdd04c7643","method":"GET","path":"/downloads/2.0.0","status":200,"ms":1}
{"ts":"2026-09-17T21:32:03.961Z","request_id":"bea9e59d5d11ad63","method":"GET","path":"/account","status":200,"ms":0}
{"ts":"2026-09-17T21:32:03.964Z","request_id":"02aa6c035ad928d3","method":"GET","path":"/sign-in","status":200,"ms":0}
{"ts":"2026-09-17T21:32:03.970Z","request_id":"2f091216b1fb4b7d","method":"GET","path":"/sign-up","status":200,"ms":0}
{"ts":"2026-09-17T21:32:08.248Z","request_id":"f4cc9fa2f0310172","method":"GET","path":"/sign-up","status":200,"ms":0}
{"ts":"2026-09-17T21:32:20.639Z","request_id":"d4ffa8077b5d4f31","method":"POST","path":"/api/auth/signup","status":201,"ms":85}
{"ts":"2026-09-17T21:32:20.643Z","request_id":"d8f3d26afc4b87cc","method":"GET","path":"/account","status":200,"ms":1}
{"ts":"2026-09-17T21:32:39.339Z","request_id":"200b78f46a07bf18","method":"GET","path":"/account","status":200,"ms":1}
{"ts":"2026-09-17T21:32:39.358Z","request_id":"315b458e40974321","method":"GET","path":"/account/orders","status":200,"ms":1}
{"ts":"2026-09-17T21:32:39.373Z","request_id":"d3be89fcfd4053d3","method":"GET","path":"/account/cameras","status":200,"ms":0}
{"ts":"2026-09-17T21:32:43.433Z","request_id":"641cd446ae0e6de6","method":"GET","path":"/shop/compact","status":200,"ms":2}
{"ts":"2026-09-17T21:32:50.553Z","request_id":"933757b89869d2ca","method":"POST","path":"/api/cart/lines","status":200,"ms":11}
{"ts":"2026-09-17T21:32:50.558Z","request_id":"0852d232306ac8b9","method":"GET","path":"/cart","status":200,"ms":0}
{"ts":"2026-09-17T21:33:03.704Z","request_id":"a1ade4fddb319ce5","method":"GET","path":"/checkout/where-it-goes","status":200,"ms":3}
{"ts":"2026-09-17T21:33:18.567Z","request_id":"be05b519ba400d8f","method":"GET","path":"/checkout/where-it-goes","status":200,"ms":1}
{"ts":"2026-09-17T21:33:32.875Z","request_id":"660c74420f56988a","method":"POST","path":"/api/cart/delivery","status":200,"ms":8}
{"ts":"2026-09-17T21:33:32.879Z","request_id":"df27449367bcaaff","method":"GET","path":"/checkout/how-it-gets-there","status":200,"ms":0}
{"ts":"2026-09-17T21:33:47.812Z","request_id":"5c2a3749d03d6ce2","method":"GET","path":"/checkout/how-it-gets-there","status":200,"ms":2}
{"ts":"2026-09-17T21:33:54.500Z","request_id":"7302beb8db322acd","method":"POST","path":"/api/cart/delivery","status":200,"ms":8}
{"ts":"2026-09-17T21:33:54.504Z","request_id":"73926835d3a441fc","method":"GET","path":"/checkout/payment","status":200,"ms":0}
{"ts":"2026-09-17T21:34:06.331Z","request_id":"815f0e424fe38a1b","method":"GET","path":"/checkout/payment","status":200,"ms":3}
{"ts":"2026-09-17T21:34:36.241Z","request_id":"fd9fedbe84647b40","method":"GET","path":"/","status":200,"ms":1}
{"ts":"2026-09-17T21:34:36.254Z","request_id":"df335df95956cc6c","method":"GET","path":"/_astro/_serial_.73wny_Th.css","status":200,"ms":1}
{"ts":"2026-09-17T21:34:36.254Z","request_id":"c77f7b1cd6b9c45d","method":"GET","path":"/_astro/index.D7PXqHOR.css","status":200,"ms":0}
{"ts":"2026-09-17T21:34:36.311Z","request_id":"c7a063784af4931f","method":"GET","path":"/","status":200,"ms":0}
{"ts":"2026-09-17T21:34:45.100Z","request_id":"73775d276ec1111e","method":"GET","path":"/shop","status":200,"ms":0}
{"ts":"2026-09-17T21:34:51.780Z","request_id":"2f17251ad565a61d","method":"GET","path":"/shop","status":200,"ms":1}
{"ts":"2026-09-17T21:34:56.953Z","request_id":"d01abff3bf7b03d8","method":"GET","path":"/shop/flagship","status":200,"ms":1}
{"ts":"2026-09-17T21:35:10.223Z","request_id":"418f5756a759b131","method":"GET","path":"/shop/flagship","status":200,"ms":1}
{"ts":"2026-09-17T21:35:19.879Z","request_id":"79a52cb657ff2397","method":"POST","path":"/api/cart/lines","status":200,"ms":11}
{"ts":"2026-09-17T21:35:19.884Z","request_id":"3e8ef9912ee01126","method":"GET","path":"/cart","status":200,"ms":0}
{"ts":"2026-09-17T21:35:35.465Z","request_id":"f35394d23a4cc507","method":"GET","path":"/checkout/where-it-goes","status":200,"ms":1}
{"ts":"2026-09-17T21:35:53.845Z","request_id":"90b803b81940f2f8","method":"GET","path":"/checkout/where-it-goes","status":200,"ms":4}
{"ts":"2026-09-17T21:35:53.863Z","request_id":"d9876e106529d022","method":"GET","path":"/downloads","status":200,"ms":0}
{"ts":"2026-09-17T21:35:53.878Z","request_id":"9228cf65fce66af2","method":"GET","path":"/doctor","status":200,"ms":1}
{"ts":"2026-09-17T21:35:53.886Z","request_id":"dd9123278510cff5","method":"GET","path":"/sign-in","status":200,"ms":0}
{"ts":"2026-09-17T21:36:04.784Z","request_id":"f59720ad7e23028b","method":"POST","path":"/api/cart/delivery","status":200,"ms":5}
{"ts":"2026-09-17T21:36:04.790Z","request_id":"b9481add20db869b","method":"GET","path":"/checkout/how-it-gets-there","status":200,"ms":0}
{"ts":"2026-09-17T21:36:20.072Z","request_id":"3a51ee53e5918a6d","method":"POST","path":"/api/cart/delivery","status":200,"ms":7}
{"ts":"2026-09-17T21:36:20.077Z","request_id":"96dbb46e32b1575a","method":"GET","path":"/checkout/payment","status":200,"ms":1}
{"ts":"2026-09-17T21:36:27.121Z","request_id":"c133c995ba51ab66","method":"GET","path":"/checkout/payment","status":200,"ms":1}
{"ts":"2026-09-17T21:36:30.572Z","request_id":"58226493ead8aaf8","method":"POST","path":"/api/orders","status":201,"ms":620}
{"ts":"2026-09-17T21:36:30.577Z","request_id":"f79562fa19769dfe","method":"GET","path":"/orders/VE-2026-0016","status":200,"ms":0}
{"ts":"2026-09-17T21:36:57.003Z","request_id":"0b49459723a3fdee","method":"GET","path":"/","status":200,"ms":5}
{"ts":"2026-09-17T21:36:57.020Z","request_id":"986990ca24da16b8","method":"GET","path":"/_astro/_serial_.73wny_Th.css","status":200,"ms":1}
{"ts":"2026-09-17T21:36:57.020Z","request_id":"adcfe318c4386c72","method":"GET","path":"/_astro/index.D7PXqHOR.css","status":200,"ms":0}
{"ts":"2026-09-17T21:37:06.710Z","request_id":"79efbd2047c6c234","method":"GET","path":"/shop","status":200,"ms":1}
{"ts":"2026-09-17T21:37:13.346Z","request_id":"bbc772f34dd08d26","method":"GET","path":"/shop/compact","status":200,"ms":1}
{"ts":"2026-09-17T21:37:21.019Z","request_id":"178e0d985c539e94","method":"GET","path":"/shop/compact","status":200,"ms":1}
{"ts":"2026-09-17T21:37:26.175Z","request_id":"baa2b635509da91b","method":"POST","path":"/api/cart/lines","status":200,"ms":13}
{"ts":"2026-09-17T21:37:26.182Z","request_id":"fcfe8c417152abc6","method":"GET","path":"/cart","status":200,"ms":1}
{"ts":"2026-09-17T21:37:38.483Z","request_id":"faff81ab8e5d339e","method":"GET","path":"/cart","status":200,"ms":2}
{"ts":"2026-09-17T21:37:41.356Z","request_id":"e5b069f6488cbb29","method":"GET","path":"/checkout/where-it-goes","status":200,"ms":2}
{"ts":"2026-09-17T21:37:46.346Z","request_id":"818a09e591a1373f","method":"GET","path":"/checkout/where-it-goes","status":200,"ms":1}
{"ts":"2026-09-17T21:37:55.914Z","request_id":"f577f2c36df99024","method":"POST","path":"/api/cart/delivery","status":200,"ms":5}
{"ts":"2026-09-17T21:37:55.917Z","request_id":"14caffbfe5aa1710","method":"GET","path":"/checkout/how-it-gets-there","status":200,"ms":0}
{"ts":"2026-09-17T21:38:05.554Z","request_id":"90363927cae47d87","method":"GET","path":"/checkout/how-it-gets-there","status":200,"ms":1}
{"ts":"2026-09-17T21:38:09.885Z","request_id":"b5683c22ba152b5b","method":"POST","path":"/api/cart/delivery","status":200,"ms":10}
{"ts":"2026-09-17T21:38:09.890Z","request_id":"3c87db8b0aa3c689","method":"GET","path":"/checkout/payment","status":200,"ms":1}
{"ts":"2026-09-17T21:38:17.000Z","request_id":"1c1734262461bcce","method":"GET","path":"/checkout/payment","status":200,"ms":1}
{"ts":"2026-09-17T21:38:25.666Z","request_id":"35998949378b03f1","method":"GET","path":"/api/cart","status":200,"ms":5}
{"ts":"2026-09-17T21:38:29.618Z","request_id":"08d93afc2f5cdc2f","method":"POST","path":"/api/orders","status":201,"ms":631}
{"ts":"2026-09-17T21:38:29.625Z","request_id":"822abf96205247fa","method":"GET","path":"/orders/VE-2026-0017","status":200,"ms":1}
{"ts":"2026-09-17T21:38:36.911Z","request_id":"b828be6844d8b3c2","method":"GET","path":"/orders/VE-2026-0017","status":200,"ms":1}
{"ts":"2026-09-17T21:38:46.393Z","request_id":"e4baff22a1a46112","method":"GET","path":"/api/orders/VE-2026-0017","status":200,"ms":5}
{"ts":"2026-09-17T21:39:14.986Z","request_id":"2878830008ea5fbe","method":"GET","path":"/","status":200,"ms":3}
{"ts":"2026-09-17T21:39:15.013Z","request_id":"b1c7fddb11ce8754","method":"GET","path":"/_astro/_serial_.73wny_Th.css","status":200,"ms":0}
{"ts":"2026-09-17T21:39:15.014Z","request_id":"8a39a6ceeefbb80a","method":"GET","path":"/_astro/index.D7PXqHOR.css","status":200,"ms":1}
{"ts":"2026-09-17T21:39:19.920Z","request_id":"b117393efb72705a","method":"GET","path":"/","status":200,"ms":0}
{"ts":"2026-09-17T21:39:24.776Z","request_id":"48a1dc3eb5cf6ab1","method":"GET","path":"/account/cameras","status":200,"ms":1}
{"ts":"2026-09-17T21:39:24.778Z","request_id":"94daa34a1a8124de","method":"GET","path":"/sign-in","status":200,"ms":0}
{"ts":"2026-09-17T21:39:32.639Z","request_id":"3e8bd29685110f6f","method":"GET","path":"/sign-in","status":200,"ms":1}
{"ts":"2026-09-17T21:39:38.898Z","request_id":"10321dd81dfd8136","method":"GET","path":"/sign-up","status":200,"ms":2}
{"ts":"2026-09-17T21:39:56.454Z","request_id":"31e736e73758bc9e","method":"POST","path":"/api/auth/signup","status":201,"ms":92}
{"ts":"2026-09-17T21:39:56.459Z","request_id":"71f1320b68ab08ff","method":"GET","path":"/account","status":200,"ms":1}
{"ts":"2026-09-17T21:40:07.853Z","request_id":"960b4aed06658daf","method":"GET","path":"/account/cameras","status":200,"ms":3}
{"ts":"2026-09-17T21:40:11.729Z","request_id":"31f3fabaf8ca9b15","method":"GET","path":"/account","status":200,"ms":1}
{"ts":"2026-09-17T21:40:11.746Z","request_id":"8029778b6995b07d","method":"GET","path":"/account/cameras","status":200,"ms":0}
{"ts":"2026-09-17T21:40:11.758Z","request_id":"6be31bc98aacdfa0","method":"GET","path":"/account/orders","status":200,"ms":1}
{"ts":"2026-09-17T21:40:34.000Z","request_id":"19802bb1cbeca835","method":"GET","path":"/sign-out","status":200,"ms":2}
{"ts":"2026-09-17T21:40:34.004Z","request_id":"137de3b466ce65fe","method":"GET","path":"/","status":200,"ms":1}
{"ts":"2026-09-17T21:40:37.563Z","request_id":"a5e5d88d08d4fee9","method":"GET","path":"/account","status":200,"ms":0}
{"ts":"2026-09-17T21:40:37.569Z","request_id":"9c00b2b9b72d0f90","method":"GET","path":"/sign-in","status":200,"ms":1}
{"ts":"2026-09-17T21:40:37.576Z","request_id":"a540b7a9027a0bca","method":"GET","path":"/account/cameras","status":200,"ms":0}
{"ts":"2026-09-17T21:40:37.578Z","request_id":"5e11a86fa5d505f3","method":"GET","path":"/sign-in","status":200,"ms":0}
{"ts":"2026-09-17T21:40:37.584Z","request_id":"6d55c09542faf35c","method":"GET","path":"/account/orders","status":200,"ms":0}
{"ts":"2026-09-17T21:40:37.586Z","request_id":"d6e7c72d5f5a029f","method":"GET","path":"/sign-in","status":200,"ms":0}
{"ts":"2026-09-17T21:40:37.593Z","request_id":"e9f17bd109db6806","method":"GET","path":"/api/account/devices","status":401,"ms":1}
{"ts":"2026-09-17T21:40:56.785Z","request_id":"75bc057fe3cb8c59","method":"GET","path":"/","status":200,"ms":3}
{"ts":"2026-09-17T21:40:56.802Z","request_id":"333b0e29d2de5e6b","method":"GET","path":"/_astro/_serial_.73wny_Th.css","status":200,"ms":0}
{"ts":"2026-09-17T21:40:56.802Z","request_id":"24902c8d7f06b56a","method":"GET","path":"/_astro/index.D7PXqHOR.css","status":200,"ms":0}
{"ts":"2026-09-17T21:41:03.436Z","request_id":"8b28f3b2a396ad09","method":"GET","path":"/","status":200,"ms":1}
{"ts":"2026-09-17T21:41:06.058Z","request_id":"ef47646b0f536c5c","method":"GET","path":"/shop","status":200,"ms":2}
{"ts":"2026-09-17T21:41:13.500Z","request_id":"4d638b7c0997dc7d","method":"GET","path":"/shop","status":200,"ms":2}
{"ts":"2026-09-17T21:41:17.940Z","request_id":"4f23ef5309513f9a","method":"GET","path":"/downloads","status":200,"ms":7}
{"ts":"2026-09-17T21:41:25.297Z","request_id":"e80dc75466592c8c","method":"GET","path":"/downloads","status":200,"ms":1}
{"ts":"2026-09-17T21:41:29.112Z","request_id":"0e09740b59438fda","method":"GET","path":"/sign-in","status":200,"ms":2}
{"ts":"2026-09-17T21:41:39.479Z","request_id":"3ea68d388e2075ff","method":"GET","path":"/package.json","status":200,"ms":2}
{"ts":"2026-09-17T21:41:39.493Z","request_id":"a3bd866c25f09035","method":"GET","path":"/seed.ts","status":200,"ms":1}
{"ts":"2026-09-17T21:41:39.502Z","request_id":"8b8af30ffd241cd3","method":"GET","path":"/src/seed.ts","status":200,"ms":0}
{"ts":"2026-09-17T21:41:39.509Z","request_id":"ba8635be1836cb8c","method":"GET","path":"/api","status":200,"ms":0}
{"ts":"2026-09-17T21:41:39.515Z","request_id":"3fe908c7a25817c7","method":"GET","path":"/robots.txt","status":200,"ms":0}
{"ts":"2026-09-17T21:41:44.621Z","request_id":"76f45fd007de70d3","method":"GET","path":"/shop/flagship","status":200,"ms":2}
{"ts":"2026-09-17T21:41:55.346Z","request_id":"295cb768c45a4e2a","method":"GET","path":"/shop/flagship","status":200,"ms":1}
{"ts":"2026-09-17T21:42:00.248Z","request_id":"15c7b0d1d7a078f3","method":"GET","path":"/doctor","status":200,"ms":1}
{"ts":"2026-09-17T21:42:08.035Z","request_id":"adc73c6eb818f0da","method":"GET","path":"/doctor","status":200,"ms":2}
{"ts":"2026-09-17T21:42:15.519Z","request_id":"c98933647fe58e14","method":"GET","path":"/api/firmware/manifest","status":400,"ms":5}
{"ts":"2026-09-17T21:42:15.532Z","request_id":"5491a0c205fd15b9","method":"GET","path":"/api/doctor/device","status":200,"ms":4}
{"ts":"2026-09-17T21:42:15.540Z","request_id":"13fdc214409d98ed","method":"GET","path":"/.git/HEAD","status":200,"ms":2}
{"ts":"2026-09-17T21:42:15.549Z","request_id":"8c790c08d8d8f775","method":"GET","path":"/db/seed.ts","status":200,"ms":0}
{"ts":"2026-09-17T21:42:15.556Z","request_id":"00b8ae51d2d07cef","method":"GET","path":"/src/db/seed.ts","status":200,"ms":0}
{"ts":"2026-09-17T21:42:35.830Z","request_id":"74fd55fdec4a0e80","method":"GET","path":"/","status":200,"ms":1}
{"ts":"2026-09-17T21:42:35.849Z","request_id":"c88e8445a5433259","method":"GET","path":"/_astro/_serial_.73wny_Th.css","status":200,"ms":1}
{"ts":"2026-09-17T21:42:35.849Z","request_id":"dc204fc358b8f87e","method":"GET","path":"/_astro/index.D7PXqHOR.css","status":200,"ms":0}
{"ts":"2026-09-17T21:42:43.841Z","request_id":"096d0e47964e6010","method":"GET","path":"/","status":200,"ms":1}
{"ts":"2026-09-17T21:42:46.598Z","request_id":"c9d5ca017980bf1b","method":"GET","path":"/shop","status":200,"ms":1}
{"ts":"2026-09-17T21:42:52.192Z","request_id":"644b989f2330c60d","method":"GET","path":"/shop","status":200,"ms":1}
{"ts":"2026-09-17T21:42:58.333Z","request_id":"e59aec7a71324639","method":"GET","path":"/shop/cable","status":200,"ms":1}
{"ts":"2026-09-17T21:43:08.832Z","request_id":"03b32393662ff760","method":"GET","path":"/src/config.ts","status":200,"ms":2}
{"ts":"2026-09-17T21:43:08.845Z","request_id":"bbdbc37f2bab704e","method":"GET","path":"/package.json","status":200,"ms":0}
{"ts":"2026-09-17T21:43:08.855Z","request_id":"2e677ef0e4ebde5c","method":"GET","path":"/.env","status":200,"ms":1}
{"ts":"2026-09-17T21:43:08.862Z","request_id":"83c689340f0b1bf4","method":"GET","path":"/api/health","status":200,"ms":1}
{"ts":"2026-09-17T21:43:17.282Z","request_id":"d9906b356ee958be","method":"GET","path":"/src/lib/config.ts","status":200,"ms":1}
{"ts":"2026-09-17T21:43:17.297Z","request_id":"15ab13c434a70bf9","method":"GET","path":"/src/config.ts","status":200,"ms":1}
{"ts":"2026-09-17T21:43:17.311Z","request_id":"ea55e41a2dbca170","method":"GET","path":"/@fs/app/src/lib/config.ts","status":200,"ms":1}
{"ts":"2026-09-17T21:43:17.325Z","request_id":"b5208a803ece7a18","method":"GET","path":"/_astro/server.mjs.map","status":200,"ms":1}
{"ts":"2026-09-17T21:43:30.759Z","request_id":"3e9f8e1a4476139c","method":"GET","path":"/","status":200,"ms":2}
{"ts":"2026-09-17T21:43:30.775Z","request_id":"9a63f60df663d44a","method":"GET","path":"/_astro/_serial_.73wny_Th.css","status":200,"ms":0}
{"ts":"2026-09-17T21:43:30.775Z","request_id":"969284a874dec91c","method":"GET","path":"/_astro/index.D7PXqHOR.css","status":200,"ms":0}
{"ts":"2026-09-17T21:43:40.550Z","request_id":"15732c7551756011","method":"GET","path":"/","status":200,"ms":1}
{"ts":"2026-09-17T21:43:43.385Z","request_id":"69793610d7f7d440","method":"GET","path":"/shop","status":200,"ms":1}
{"ts":"2026-09-17T21:43:48.553Z","request_id":"c02e148e511edd49","method":"GET","path":"/downloads","status":200,"ms":0}
{"ts":"2026-09-17T21:43:55.799Z","request_id":"29ac843619583d67","method":"GET","path":"/downloads","status":200,"ms":1}
{"ts":"2026-09-17T21:44:01.181Z","request_id":"118cd3ecfe440023","method":"GET","path":"/downloads/2.0.0","status":200,"ms":1}
{"ts":"2026-09-17T21:44:01.200Z","request_id":"74b565d5ca954809","method":"GET","path":"/downloads/1.4.3","status":200,"ms":1}
{"ts":"2026-09-17T21:44:01.209Z","request_id":"ef7df71f337687b7","method":"GET","path":"/downloads/does-not-exist","status":200,"ms":0}
{"ts":"2026-09-17T21:44:01.214Z","request_id":"91b8ecc159b4aefe","method":"GET","path":"/downloads","status":200,"ms":0}

--- stderr ---

