--- stdout ---
{"event":"http_request","request_id":"6d4ae6766034e8f0","method":"GET","route":"/api/cart","status":200,"elapsed_ms":2}
{"event":"http_request","request_id":"ba17a0761be07466","method":"GET","route":"/api/cart","status":200,"elapsed_ms":2}
{"event":"http_request","request_id":"57bae0e4858019b4","method":"GET","route":"/api/cart","status":200,"elapsed_ms":2}
{"event":"http_request","request_id":"5f7b088d235996c0","method":"GET","route":"/api/cart","status":200,"elapsed_ms":3}
{"event":"http_request","request_id":"8465ca2f5dd2cbf2","method":"GET","route":"/api/cart","status":200,"elapsed_ms":2}
{"event":"http_request","request_id":"0dbf73555d175017","method":"POST","route":"/api/auth/login","status":200,"elapsed_ms":81}
{"event":"http_request","request_id":"121ace111d92708c","method":"GET","route":"/api/cart","status":200,"elapsed_ms":2}
{"event":"http_request","request_id":"3203020924e2e18d","method":"GET","route":"/api/cart","status":200,"elapsed_ms":2}
{"event":"http_request","request_id":"1937e1aecda2c47a","method":"GET","route":"/api/cart","status":200,"elapsed_ms":1}
{"event":"http_request","request_id":"0065a1365cb0df38","method":"GET","route":"/api/cart","status":200,"elapsed_ms":1}
{"event":"http_request","request_id":"3ae14dd0d266025d","method":"GET","route":"/api/cart","status":200,"elapsed_ms":1}
{"event":"http_request","request_id":"a58643ff75b71f8d","method":"GET","route":"/api/cart","status":200,"elapsed_ms":1}
{"event":"http_request","request_id":"a69d575ac8696eab","method":"GET","route":"/api/cart","status":200,"elapsed_ms":1}
{"event":"http_request","request_id":"06b471382e5d0365","method":"GET","route":"/api/cart","status":200,"elapsed_ms":2}
{"event":"http_request","request_id":"65d8072b8b5db7d7","method":"GET","route":"/api/cart","status":200,"elapsed_ms":1}
{"event":"http_request","request_id":"33c1a42fca019096","method":"GET","route":"/api/cart","status":200,"elapsed_ms":2}
{"event":"http_request","request_id":"85b327e0f4e2300b","method":"GET","route":"/api/cart","status":200,"elapsed_ms":2}
{"event":"http_request","request_id":"99ce0f6b3627ae6d","method":"GET","route":"/api/cart","status":200,"elapsed_ms":1}
{"event":"http_request","request_id":"867453da9c8de84e","method":"GET","route":"/api/cart","status":200,"elapsed_ms":1}
{"event":"http_request","request_id":"922750ece7b571cb","method":"GET","route":"/api/cart","status":200,"elapsed_ms":2}
{"event":"http_request","request_id":"1af048ea23183f42","method":"GET","route":"/api/cart","status":200,"elapsed_ms":1}
{"event":"http_request","request_id":"ed6029020b51aa89","method":"GET","route":"/api/cart","status":200,"elapsed_ms":2}
{"event":"http_request","request_id":"783e74f9da9ca600","method":"GET","route":"/api/cart","status":200,"elapsed_ms":1}
{"event":"http_request","request_id":"1346f402dbc899f2","method":"GET","route":"/api/cart","status":200,"elapsed_ms":2}
{"event":"http_request","request_id":"134a1d98d580d948","method":"GET","route":"/api/cart","status":200,"elapsed_ms":1}
{"event":"http_request","request_id":"7a10edd10f7b656f","method":"GET","route":"/api/cart","status":200,"elapsed_ms":2}
{"event":"http_request","request_id":"5172f527746c79b3","method":"GET","route":"/api/cart","status":200,"elapsed_ms":2}
{"event":"http_request","request_id":"b98ab8e12951f066","method":"GET","route":"/api/cart","status":200,"elapsed_ms":3}
{"event":"http_request","request_id":"286e25cc7b2e905a","method":"GET","route":"/api/cart","status":200,"elapsed_ms":2}
{"event":"http_request","request_id":"307e3a012a148ef1","method":"POST","route":"/api/auth/login","status":200,"elapsed_ms":81}
{"event":"http_request","request_id":"74479f218dbc56d4","method":"GET","route":"/api/cart","status":200,"elapsed_ms":2}
{"event":"http_request","request_id":"1b527a709e803dbd","method":"GET","route":"/api/cart","status":200,"elapsed_ms":2}
{"event":"http_request","request_id":"de7ed666a16ae2cc","method":"GET","route":"/api/cart","status":200,"elapsed_ms":2}
{"event":"http_request","request_id":"41380583555f1dce","method":"GET","route":"/api/cart","status":200,"elapsed_ms":2}
{"event":"http_request","request_id":"8bc15afe426d2e44","method":"GET","route":"/api/cart","status":200,"elapsed_ms":2}
{"event":"http_request","request_id":"73799e2509336ddd","method":"GET","route":"/api/cart","status":200,"elapsed_ms":2}
{"event":"http_request","request_id":"9b29a8219e3025ff","method":"GET","route":"/api/cart","status":200,"elapsed_ms":2}
{"event":"http_request","request_id":"076c2fa2c4351487","method":"GET","route":"/api/cart","status":200,"elapsed_ms":2}
{"event":"http_request","request_id":"f0a0905386de0f55","method":"GET","route":"/api/cart","status":200,"elapsed_ms":2}
{"event":"http_request","request_id":"a7db7b186cba33ae","method":"GET","route":"/api/cart","status":200,"elapsed_ms":2}
{"event":"http_request","request_id":"1a29088025f59590","method":"GET","route":"/api/cart","status":200,"elapsed_ms":2}
{"event":"http_request","request_id":"23efffe952824e70","method":"GET","route":"/api/cart","status":200,"elapsed_ms":2}
{"event":"http_request","request_id":"3f2c35388d6068f3","method":"GET","route":"/api/cart","status":200,"elapsed_ms":1}
{"event":"http_request","request_id":"adfc1900b255a165","method":"GET","route":"/api/cart","status":200,"elapsed_ms":2}
{"event":"http_request","request_id":"22d34face343a889","method":"GET","route":"/api/cart","status":200,"elapsed_ms":2}
{"event":"http_request","request_id":"bfbafca18082a834","method":"GET","route":"/api/cart","status":200,"elapsed_ms":2}
{"event":"http_request","request_id":"7633617282dd43f3","method":"GET","route":"/api/cart","status":200,"elapsed_ms":2}
{"event":"http_request","request_id":"1d67c2db2b47fde4","method":"GET","route":"/api/cart","status":200,"elapsed_ms":2}
{"event":"http_request","request_id":"63a0c577a954a36a","method":"GET","route":"/api/cart","status":200,"elapsed_ms":2}
{"event":"http_request","request_id":"881c4cad9e7569f5","method":"GET","route":"/api/cart","status":200,"elapsed_ms":1}
{"event":"http_request","request_id":"5f0be5dcb1c40ea8","method":"GET","route":"/api/cart","status":200,"elapsed_ms":2}
{"event":"http_request","request_id":"bfdedafe18fcce51","method":"GET","route":"/api/cart","status":200,"elapsed_ms":2}
{"event":"http_request","request_id":"d3cb7fcb968ce1b9","method":"GET","route":"/api/cart","status":200,"elapsed_ms":2}
{"event":"http_request","request_id":"3dd828a89dfed51b","method":"GET","route":"/api/cart","status":200,"elapsed_ms":2}
{"event":"http_request","request_id":"f66baddda0bc1891","method":"GET","route":"/api/cart","status":200,"elapsed_ms":2}
{"event":"http_request","request_id":"f28a8e74a56542ee","method":"GET","route":"/api/cart","status":200,"elapsed_ms":2}
{"event":"http_request","request_id":"d493bbab4fc691f3","method":"GET","route":"/api/cart","status":200,"elapsed_ms":2}
{"event":"http_request","request_id":"a1078d72b2d7639c","method":"GET","route":"/api/cart","status":200,"elapsed_ms":2}
{"event":"http_request","request_id":"901ec393b35f9566","method":"GET","route":"/api/cart","status":200,"elapsed_ms":2}
{"event":"http_request","request_id":"4de20c79a11db7e8","method":"GET","route":"/api/cart","status":200,"elapsed_ms":2}
{"event":"http_request","request_id":"1525839737b77fc3","method":"GET","route":"/api/cart","status":200,"elapsed_ms":2}
{"event":"http_request","request_id":"2bac0c50dace9732","method":"GET","route":"/api/cart","status":200,"elapsed_ms":2}
{"event":"http_request","request_id":"8b3006e329a14b6e","method":"GET","route":"/api/cart","status":200,"elapsed_ms":2}
{"event":"http_request","request_id":"50ac0c9f41a2c3db","method":"GET","route":"/api/cart","status":200,"elapsed_ms":2}
{"event":"http_request","request_id":"9a8253ea841fb55a","method":"GET","route":"/api/cart","status":200,"elapsed_ms":2}
{"event":"http_request","request_id":"8148091e0c99abc3","method":"GET","route":"/api/cart","status":200,"elapsed_ms":2}
{"event":"http_request","request_id":"cd3323c44de36f5e","method":"GET","route":"/api/cart","status":200,"elapsed_ms":2}
{"event":"http_request","request_id":"7feb8b1f886c87ca","method":"GET","route":"/api/cart","status":200,"elapsed_ms":2}
{"event":"http_request","request_id":"e3c3a0427ee9b26e","method":"GET","route":"/api/cart","status":200,"elapsed_ms":2}
{"event":"http_request","request_id":"d290313293423582","method":"GET","route":"/api/cart","status":200,"elapsed_ms":2}
{"event":"http_request","request_id":"4af6d02e86c1533a","method":"GET","route":"/api/cart","status":200,"elapsed_ms":2}
{"event":"http_request","request_id":"1098dd5f079c050b","method":"GET","route":"/api/cart","status":200,"elapsed_ms":2}
{"event":"http_request","request_id":"b3303542212824b8","method":"GET","route":"/api/cart","status":200,"elapsed_ms":3}
{"event":"http_request","request_id":"d701ca17064ea43c","method":"GET","route":"/api/cart","status":200,"elapsed_ms":2}
{"event":"http_request","request_id":"4b1edf346691298f","method":"POST","route":"/api/auth/login","status":200,"elapsed_ms":81}
{"event":"http_request","request_id":"e2366103a8b9eb4a","method":"GET","route":"/api/cart","status":200,"elapsed_ms":1}
{"event":"http_request","request_id":"10489732fd74ee12","method":"GET","route":"/api/cart","status":200,"elapsed_ms":2}
{"event":"http_request","request_id":"0a1d63647e48304d","method":"GET","route":"/api/cart","status":200,"elapsed_ms":2}
{"event":"http_request","request_id":"465ad27b882aca3f","method":"GET","route":"/api/cart","status":200,"elapsed_ms":2}
{"event":"http_request","request_id":"26c286f9a7fcf236","method":"GET","route":"/api/cart","status":200,"elapsed_ms":2}
{"event":"http_request","request_id":"800ca9c2e86286af","method":"GET","route":"/api/cart","status":200,"elapsed_ms":2}
{"event":"http_request","request_id":"1fc1f54851a6da5f","method":"GET","route":"/api/cart","status":200,"elapsed_ms":2}
{"event":"http_request","request_id":"3304d18758991f83","method":"GET","route":"/api/cart","status":200,"elapsed_ms":2}
{"event":"http_request","request_id":"c661492497500b14","method":"GET","route":"/api/cart","status":200,"elapsed_ms":6}
{"event":"http_request","request_id":"2a4eee2442e7a446","method":"GET","route":"/api/cart","status":200,"elapsed_ms":2}
{"event":"http_request","request_id":"0f474d82a1920883","method":"GET","route":"/api/cart","status":200,"elapsed_ms":2}
{"event":"http_request","request_id":"99f6993c16ad0e27","method":"GET","route":"/api/cart","status":200,"elapsed_ms":2}
{"event":"http_request","request_id":"2169a96211c1fdd0","method":"GET","route":"/api/cart","status":200,"elapsed_ms":2}
{"event":"http_request","request_id":"67965aee3b3d1dd3","method":"GET","route":"/api/cart","status":200,"elapsed_ms":2}
{"event":"http_request","request_id":"62b02e5aeac97694","method":"GET","route":"/api/cart","status":200,"elapsed_ms":1}
{"event":"http_request","request_id":"118b309c12f3d1d0","method":"GET","route":"/api/cart","status":200,"elapsed_ms":2}
{"event":"http_request","request_id":"2dd14367a8138aa6","method":"GET","route":"/api/cart","status":200,"elapsed_ms":3}
{"event":"http_request","request_id":"f720d9219a055fb6","method":"GET","route":"/api/cart","status":200,"elapsed_ms":2}
{"event":"http_request","request_id":"7f4b5f552788cd7a","method":"GET","route":"/api/cart","status":200,"elapsed_ms":2}
{"event":"http_request","request_id":"ca1710e2b53368a5","method":"GET","route":"/api/cart","status":200,"elapsed_ms":2}
{"event":"http_request","request_id":"444366b13f4d97f7","method":"GET","route":"/api/cart","status":200,"elapsed_ms":2}
{"event":"http_request","request_id":"6619221e9e059226","method":"GET","route":"/api/cart","status":200,"elapsed_ms":2}
{"event":"http_request","request_id":"b23add74ba54aea5","method":"GET","route":"/api/cart","status":200,"elapsed_ms":1}
{"event":"http_request","request_id":"0ba96bbe176a4578","method":"GET","route":"/api/cart","status":200,"elapsed_ms":2}
{"event":"http_request","request_id":"408d8cd38b2f4584","method":"GET","route":"/api/cart","status":200,"elapsed_ms":2}
{"event":"http_request","request_id":"da4b563fd702382f","method":"GET","route":"/api/cart","status":200,"elapsed_ms":2}
{"event":"http_request","request_id":"65021b0d859317fd","method":"GET","route":"/api/cart","status":200,"elapsed_ms":2}
{"event":"http_request","request_id":"8f9c30048d7a1080","method":"GET","route":"/api/cart","status":200,"elapsed_ms":2}
{"event":"http_request","request_id":"ef912ec42d055814","method":"GET","route":"/api/cart","status":200,"elapsed_ms":2}
{"event":"http_request","request_id":"b3d700e5a1b6575c","method":"GET","route":"/api/cart","status":200,"elapsed_ms":2}
{"event":"http_request","request_id":"0c27acb3e6c53a72","method":"POST","route":"/api/doctor/identify","status":200,"elapsed_ms":1}
{"event":"http_request","request_id":"4488605aff975577","method":"GET","route":"/api/cart","status":200,"elapsed_ms":2}
{"event":"http_request","request_id":"5a0ed5acb2baf9c3","method":"GET","route":"/api/cart","status":200,"elapsed_ms":2}
{"event":"http_request","request_id":"a26e005ee6e4daca","method":"GET","route":"/api/cart","status":200,"elapsed_ms":2}
{"event":"http_request","request_id":"58d49a5a5b2a95c6","method":"GET","route":"/api/cart","status":200,"elapsed_ms":2}
{"event":"http_request","request_id":"e5e7f26d584055cd","method":"GET","route":"/api/cart","status":200,"elapsed_ms":2}
{"event":"http_request","request_id":"314bf249ba191776","method":"GET","route":"/api/cart","status":200,"elapsed_ms":2}
{"event":"http_request","request_id":"2671b941b0962a1a","method":"GET","route":"/api/cart","status":200,"elapsed_ms":1}
{"event":"http_request","request_id":"90f4ac557cd204ce","method":"GET","route":"/api/cart","status":200,"elapsed_ms":2}
{"event":"http_request","request_id":"7c77a33f7b7b1430","method":"GET","route":"/api/cart","status":200,"elapsed_ms":2}
{"event":"http_request","request_id":"63339f6df4a57cff","method":"GET","route":"/api/cart","status":200,"elapsed_ms":1}
{"event":"http_request","request_id":"df701c764d4e56c9","method":"GET","route":"/api/cart","status":200,"elapsed_ms":1}
{"event":"http_request","request_id":"580e52ea0365bb96","method":"GET","route":"/api/cart","status":200,"elapsed_ms":1}
{"event":"http_request","request_id":"2d204c4262a61279","method":"GET","route":"/api/cart","status":200,"elapsed_ms":1}
{"event":"http_request","request_id":"6839bcf87e36f0ad","method":"GET","route":"/api/cart","status":200,"elapsed_ms":2}
{"event":"http_request","request_id":"11a25b8550b68843","method":"GET","route":"/api/cart","status":200,"elapsed_ms":1}
{"event":"http_request","request_id":"69806ac8aaa6f2f0","method":"GET","route":"/api/cart","status":200,"elapsed_ms":1}
{"event":"http_request","request_id":"9f59ee83c978cac4","method":"GET","route":"/api/cart","status":200,"elapsed_ms":2}
{"event":"http_request","request_id":"5b9291375984bcd9","method":"GET","route":"/api/cart","status":200,"elapsed_ms":1}
{"event":"http_request","request_id":"069567892c8b820a","method":"GET","route":"/api/cart","status":200,"elapsed_ms":2}
{"event":"http_request","request_id":"71f2b769c4e84ac9","method":"POST","route":"/api/cart/lines","status":200,"elapsed_ms":6}
{"event":"http_request","request_id":"b0a7c219b3e5f64e","method":"GET","route":"/api/cart","status":200,"elapsed_ms":1}
{"event":"http_request","request_id":"667d89ad401e572b","method":"GET","route":"/api/cart","status":200,"elapsed_ms":1}
{"event":"http_request","request_id":"2bae3327d1d1b457","method":"GET","route":"/api/cart","status":200,"elapsed_ms":1}
{"event":"http_request","request_id":"2a3d4e13b5224d83","method":"GET","route":"/api/cart","status":200,"elapsed_ms":1}
{"event":"http_request","request_id":"2151a326985997e5","method":"GET","route":"/api/cart","status":200,"elapsed_ms":2}
{"event":"http_request","request_id":"5b349a80761ea730","method":"GET","route":"/api/cart","status":200,"elapsed_ms":2}
{"event":"http_request","request_id":"9d4ef869a85f39ac","method":"GET","route":"/api/cart","status":200,"elapsed_ms":2}
{"event":"http_request","request_id":"9c9a8650dd924e88","method":"GET","route":"/api/cart","status":200,"elapsed_ms":1}
{"event":"http_request","request_id":"b760d10e99c67e43","method":"GET","route":"/api/cart","status":200,"elapsed_ms":1}
{"event":"http_request","request_id":"42cf07cfa4be2e5a","method":"GET","route":"/api/cart","status":200,"elapsed_ms":1}
{"event":"http_request","request_id":"f27c27613288b887","method":"POST","route":"/api/cart/protection","status":200,"elapsed_ms":4}
{"event":"http_request","request_id":"4f3e706ec28b6276","method":"GET","route":"/api/cart","status":200,"elapsed_ms":1}
{"event":"http_request","request_id":"8e19ae16a0d3768d","method":"GET","route":"/api/cart","status":200,"elapsed_ms":2}
{"event":"http_request","request_id":"5ceb2383037169e6","method":"GET","route":"/api/cart","status":200,"elapsed_ms":1}
{"event":"http_request","request_id":"1cf79ab13f66c83d","method":"GET","route":"/api/cart","status":200,"elapsed_ms":1}
{"event":"http_request","request_id":"67356f460ec6955f","method":"GET","route":"/api/cart","status":200,"elapsed_ms":1}
{"event":"http_request","request_id":"b50c82db4082e1ee","method":"GET","route":"/api/cart","status":200,"elapsed_ms":1}
{"event":"http_request","request_id":"f8b69a8ad251bb5c","method":"GET","route":"/api/cart","status":200,"elapsed_ms":1}
{"event":"http_request","request_id":"35de52f2068645ae","method":"GET","route":"/api/cart","status":200,"elapsed_ms":1}
{"event":"http_request","request_id":"14c888f532a7f6f1","method":"GET","route":"/api/cart","status":200,"elapsed_ms":1}
{"event":"http_request","request_id":"d89e89245cd1356f","method":"GET","route":"/api/cart","status":200,"elapsed_ms":1}
{"event":"http_request","request_id":"d24bd376cad072bb","method":"GET","route":"/api/cart","status":200,"elapsed_ms":2}
{"event":"http_request","request_id":"6c4aad6d44789062","method":"GET","route":"/api/cart","status":200,"elapsed_ms":2}
{"event":"http_request","request_id":"4ea4785af56a7f92","method":"GET","route":"/api/cart","status":200,"elapsed_ms":3}
{"event":"http_request","request_id":"00e3b886281949b1","method":"GET","route":"/api/cart","status":200,"elapsed_ms":2}
{"event":"http_request","request_id":"4096c8a7f8fb0681","method":"POST","route":"/api/auth/login","status":200,"elapsed_ms":80}
{"event":"http_request","request_id":"f8e3d02a7431904a","method":"GET","route":"/api/cart","status":200,"elapsed_ms":2}
{"event":"http_request","request_id":"e08a71de7928689b","method":"GET","route":"/api/cart","status":200,"elapsed_ms":2}
{"event":"http_request","request_id":"2610851b9383c43c","method":"GET","route":"/api/cart","status":200,"elapsed_ms":2}
{"event":"http_request","request_id":"db8085b78438a05b","method":"GET","route":"/api/cart","status":200,"elapsed_ms":7}
{"event":"http_request","request_id":"da1f3697ab770e5f","method":"POST","route":"/api/cart/lines","status":200,"elapsed_ms":5}
{"event":"http_request","request_id":"313aa67e14d3e213","method":"GET","route":"/api/cart","status":200,"elapsed_ms":2}
{"event":"http_request","request_id":"c34a20548b92fe8e","method":"GET","route":"/api/cart","status":200,"elapsed_ms":2}
{"event":"http_request","request_id":"76b3da0248e7f7e6","method":"GET","route":"/api/cart","status":200,"elapsed_ms":2}
{"event":"http_request","request_id":"f1f67e187ee52750","method":"GET","route":"/api/cart","status":200,"elapsed_ms":1}
{"event":"http_request","request_id":"47e1053da2514442","method":"GET","route":"/api/cart","status":200,"elapsed_ms":1}
{"event":"http_request","request_id":"2748b7895434da35","method":"GET","route":"/api/cart","status":200,"elapsed_ms":2}
{"event":"http_request","request_id":"93a0dbb9d66489c6","method":"GET","route":"/api/cart","status":200,"elapsed_ms":2}
{"event":"http_request","request_id":"16ce9f023a000d23","method":"GET","route":"/api/cart","status":200,"elapsed_ms":2}
{"event":"http_request","request_id":"4ffaca56d4ef9bf7","method":"GET","route":"/api/cart","status":200,"elapsed_ms":2}
{"event":"http_request","request_id":"04c60b3e417b6f5a","method":"GET","route":"/api/cart","status":200,"elapsed_ms":2}
{"event":"http_request","request_id":"7260784dcec574f1","method":"GET","route":"/api/cart","status":200,"elapsed_ms":2}
{"event":"http_request","request_id":"489114bd75b320d6","method":"GET","route":"/api/cart","status":200,"elapsed_ms":2}
{"event":"http_request","request_id":"9ade924340dfc75e","method":"GET","route":"/api/cart","status":200,"elapsed_ms":7}
{"event":"http_request","request_id":"d1dbc87ff1765047","method":"GET","route":"/api/cart","status":200,"elapsed_ms":2}
{"event":"http_request","request_id":"af466d5b0901131e","method":"GET","route":"/api/cart","status":200,"elapsed_ms":2}
{"event":"http_request","request_id":"b85eed13ed623e47","method":"GET","route":"/api/cart","status":200,"elapsed_ms":2}
{"event":"http_request","request_id":"65222c69b08a0ad9","method":"GET","route":"/api/cart","status":200,"elapsed_ms":2}
{"event":"http_request","request_id":"bd2a2a5874adf3e9","method":"GET","route":"/api/cart","status":200,"elapsed_ms":2}
{"event":"http_request","request_id":"4fad83917e3bf750","method":"GET","route":"/api/cart","status":200,"elapsed_ms":1}
{"event":"http_request","request_id":"c22088d1156089b0","method":"GET","route":"/api/cart","status":200,"elapsed_ms":2}
{"event":"http_request","request_id":"5c227f8bca823a35","method":"GET","route":"/api/cart","status":200,"elapsed_ms":2}
{"event":"http_request","request_id":"091fc07bf54fa273","method":"GET","route":"/api/cart","status":200,"elapsed_ms":2}
{"event":"http_request","request_id":"dcacace04ee0481f","method":"GET","route":"/api/cart","status":200,"elapsed_ms":2}
{"event":"http_request","request_id":"182161a2a7bb0715","method":"GET","route":"/api/cart","status":200,"elapsed_ms":2}
{"event":"http_request","request_id":"9f232be539095f23","method":"POST","route":"/api/account/devices","status":200,"elapsed_ms":4}
{"event":"http_request","request_id":"425c2a447b4f5b20","method":"GET","route":"/api/account/devices/VC2609PVDA7Q","status":200,"elapsed_ms":1}
{"event":"http_request","request_id":"1e1118c1f950c323","method":"GET","route":"/api/cart","status":200,"elapsed_ms":1}
{"event":"http_request","request_id":"2b34ef36c9b69cca","method":"GET","route":"/api/cart","status":200,"elapsed_ms":2}
{"event":"http_request","request_id":"faad44a3d09d0f15","method":"GET","route":"/api/cart","status":200,"elapsed_ms":2}
{"event":"http_request","request_id":"9d050a305a5d4598","method":"GET","route":"/api/cart","status":200,"elapsed_ms":2}
{"event":"http_request","request_id":"e9c5619f3974b9c0","method":"GET","route":"/api/cart","status":200,"elapsed_ms":1}
{"event":"http_request","request_id":"f59844212c5f2c30","method":"POST","route":"/api/account/devices","status":404,"elapsed_ms":1}
{"event":"http_request","request_id":"884ba871ec1741f1","method":"GET","route":"/api/cart","status":200,"elapsed_ms":2}
{"event":"http_request","request_id":"3bdeae54f9e3b2db","method":"GET","route":"/api/cart","status":200,"elapsed_ms":2}
{"event":"http_request","request_id":"07afa040d049f52d","method":"GET","route":"/api/cart","status":200,"elapsed_ms":1}
{"event":"http_request","request_id":"d573d3ecbffec820","method":"GET","route":"/api/cart","status":200,"elapsed_ms":2}
{"event":"http_request","request_id":"bb6c6d99684fa30b","method":"GET","route":"/api/cart","status":200,"elapsed_ms":2}
{"event":"http_request","request_id":"4050324b45568191","method":"GET","route":"/api/cart","status":200,"elapsed_ms":1}
{"event":"http_request","request_id":"c6f7b4e0fcf8704d","method":"GET","route":"/api/cart","status":200,"elapsed_ms":1}
{"event":"http_request","request_id":"62abe1d8e647297a","method":"GET","route":"/api/cart","status":200,"elapsed_ms":2}
{"event":"http_request","request_id":"65c6d5b663c35dd2","method":"GET","route":"/api/cart","status":200,"elapsed_ms":2}
{"event":"http_request","request_id":"51e99818c85b9b67","method":"GET","route":"/api/cart","status":200,"elapsed_ms":1}
{"event":"http_request","request_id":"9964daf5596f387c","method":"PATCH","route":"/api/cart/lines/5","status":200,"elapsed_ms":6}
{"event":"http_request","request_id":"9365629e70fa2498","method":"GET","route":"/api/cart","status":200,"elapsed_ms":2}
{"event":"http_request","request_id":"8554540fb1b69ffc","method":"GET","route":"/api/cart","status":200,"elapsed_ms":2}
{"event":"http_request","request_id":"7b773cca28eb6ad5","method":"GET","route":"/api/cart","status":200,"elapsed_ms":2}
{"event":"http_request","request_id":"1eb722da70770f32","method":"GET","route":"/api/cart","status":200,"elapsed_ms":2}
{"event":"http_request","request_id":"36ea819edc8f5cd0","method":"GET","route":"/api/cart","status":200,"elapsed_ms":2}
{"event":"http_request","request_id":"cb1e92cf7c2fcf82","method":"GET","route":"/api/cart","status":200,"elapsed_ms":2}
{"event":"http_request","request_id":"67649821503f30d1","method":"GET","route":"/api/cart","status":200,"elapsed_ms":2}
{"event":"http_request","request_id":"fb8f37c8b6b20a4a","method":"GET","route":"/api/cart","status":200,"elapsed_ms":2}
{"event":"http_request","request_id":"e8268e4242c04f4b","method":"GET","route":"/api/cart","status":200,"elapsed_ms":2}
{"event":"http_request","request_id":"5996b7aab87a6349","method":"GET","route":"/api/cart","status":200,"elapsed_ms":2}
{"event":"http_request","request_id":"33dd3158cdfee74b","method":"GET","route":"/api/cart","status":200,"elapsed_ms":2}
{"event":"http_request","request_id":"78b5392780f4d627","method":"GET","route":"/api/cart","status":200,"elapsed_ms":4}
{"event":"http_request","request_id":"d9f01689b8e8a392","method":"GET","route":"/api/cart","status":200,"elapsed_ms":9}
{"event":"http_request","request_id":"2cac5992c3b99fe0","method":"GET","route":"/api/cart","status":200,"elapsed_ms":7}
{"event":"http_request","request_id":"76ffe0081dc5e7fe","method":"GET","route":"/api/cart","status":200,"elapsed_ms":6}
{"event":"http_request","request_id":"d63fc8618a93f0db","method":"GET","route":"/api/cart","status":200,"elapsed_ms":2}
{"event":"http_request","request_id":"89f0885e0ae1516f","method":"GET","route":"/api/cart","status":200,"elapsed_ms":3}
{"event":"http_request","request_id":"37d13fdffcd973a3","method":"GET","route":"/api/cart","status":200,"elapsed_ms":7}
{"event":"http_request","request_id":"2c66906e92bbe3de","method":"GET","route":"/api/cart","status":200,"elapsed_ms":2}
{"event":"http_request","request_id":"526e692b9c3e23b5","method":"GET","route":"/api/cart","status":200,"elapsed_ms":2}
{"event":"http_request","request_id":"7cdaede71665e22b","method":"GET","route":"/api/cart","status":200,"elapsed_ms":2}
{"event":"http_request","request_id":"126bbfb85322da63","method":"GET","route":"/api/cart","status":200,"elapsed_ms":2}
{"event":"http_request","request_id":"777dbb26fa80a725","method":"GET","route":"/api/cart","status":200,"elapsed_ms":2}
{"event":"http_request","request_id":"e718fe12bc570a2d","method":"GET","route":"/api/cart","status":200,"elapsed_ms":2}
{"event":"http_request","request_id":"7db49afecf05ae51","method":"GET","route":"/api/cart","status":200,"elapsed_ms":1}
{"event":"http_request","request_id":"4191a6b1f23f48d7","method":"GET","route":"/api/cart","status":200,"elapsed_ms":2}
{"event":"http_request","request_id":"5733ceda1a4695f2","method":"GET","route":"/api/cart","status":200,"elapsed_ms":2}
{"event":"http_request","request_id":"fccee2dbbf6a5c35","method":"GET","route":"/api/cart","status":200,"elapsed_ms":2}
{"event":"http_request","request_id":"612590d9a8044374","method":"GET","route":"/api/cart","status":200,"elapsed_ms":2}
{"event":"http_request","request_id":"a76e88174efb67cd","method":"PATCH","route":"/api/account/devices/VC2609PVDA7Q","status":200,"elapsed_ms":3}
{"event":"http_request","request_id":"ada0987f4d2ae12d","method":"GET","route":"/api/cart","status":200,"elapsed_ms":1}
{"event":"http_request","request_id":"b5ab6102854c5d61","method":"GET","route":"/api/cart","status":200,"elapsed_ms":2}
{"event":"http_request","request_id":"900ed2b47296a375","method":"GET","route":"/api/cart","status":200,"elapsed_ms":2}
{"event":"http_request","request_id":"53cd94cc6c45de69","method":"GET","route":"/api/cart","status":200,"elapsed_ms":2}
{"event":"http_request","request_id":"a16cb28c7a1c1f8d","method":"GET","route":"/api/cart","status":200,"elapsed_ms":2}
{"event":"http_request","request_id":"fbc5b6d19f024cf9","method":"GET","route":"/api/cart","status":200,"elapsed_ms":2}
{"event":"http_request","request_id":"47547384d6ab6444","method":"GET","route":"/api/cart","status":200,"elapsed_ms":2}
{"event":"http_request","request_id":"5b9ea42c63de1a20","method":"GET","route":"/api/cart","status":200,"elapsed_ms":2}
{"event":"http_request","request_id":"497def1d0fb11e77","method":"GET","route":"/api/cart","status":200,"elapsed_ms":1}
{"event":"http_request","request_id":"473f8c748b49a463","method":"GET","route":"/api/cart","status":200,"elapsed_ms":2}
{"event":"http_request","request_id":"6ff8c06729379267","method":"GET","route":"/api/cart","status":200,"elapsed_ms":2}
{"event":"http_request","request_id":"f2fbb39e868677a1","method":"GET","route":"/api/cart","status":200,"elapsed_ms":2}
{"event":"http_request","request_id":"0d686e9600d82630","method":"PATCH","route":"/api/account/devices/VC2609PVDA7Q","status":200,"elapsed_ms":2}
{"event":"http_request","request_id":"b1bf350615618d76","method":"GET","route":"/api/cart","status":200,"elapsed_ms":1}
{"event":"http_request","request_id":"b8ce95b3ff6bbb65","method":"GET","route":"/api/cart","status":200,"elapsed_ms":2}
{"event":"http_request","request_id":"89b2672d5a032764","method":"GET","route":"/api/cart","status":200,"elapsed_ms":2}
{"event":"http_request","request_id":"6cd15c512a42a250","method":"GET","route":"/api/cart","status":200,"elapsed_ms":2}
{"event":"http_request","request_id":"5fe999f627b320b7","method":"GET","route":"/api/cart","status":200,"elapsed_ms":2}
{"event":"http_request","request_id":"a7727615eb2d9e70","method":"GET","route":"/api/cart","status":200,"elapsed_ms":2}
{"event":"http_request","request_id":"7b20d1effd08c1ac","method":"GET","route":"/api/cart","status":200,"elapsed_ms":2}
{"event":"http_request","request_id":"0d623999ad323d89","method":"GET","route":"/api/cart","status":200,"elapsed_ms":2}
{"event":"http_request","request_id":"2df4452c576edfbe","method":"GET","route":"/api/cart","status":200,"elapsed_ms":2}
{"event":"http_request","request_id":"24b97fdf69b44fb2","method":"GET","route":"/api/cart","status":200,"elapsed_ms":1}
{"event":"http_request","request_id":"64e62cad016d958f","method":"GET","route":"/api/cart","status":200,"elapsed_ms":2}
{"event":"http_request","request_id":"f3ae9338c9d31811","method":"GET","route":"/api/cart","status":200,"elapsed_ms":2}
{"event":"http_request","request_id":"0411114be4c4c160","method":"GET","route":"/api/cart","status":200,"elapsed_ms":2}
{"event":"http_request","request_id":"ddae458903f90162","method":"POST","route":"/api/account/devices","status":404,"elapsed_ms":1}
{"event":"http_request","request_id":"837c3bb6846282ff","method":"GET","route":"/api/cart","status":200,"elapsed_ms":2}
{"event":"http_request","request_id":"222abbed98cb1bc9","method":"GET","route":"/api/cart","status":200,"elapsed_ms":2}
{"event":"http_request","request_id":"b928a8b1e77239a4","method":"GET","route":"/api/cart","status":200,"elapsed_ms":2}
{"event":"http_request","request_id":"db896df303435360","method":"GET","route":"/api/cart","status":200,"elapsed_ms":2}
{"event":"http_request","request_id":"553b249278403c91","method":"GET","route":"/api/cart","status":200,"elapsed_ms":2}
{"event":"http_request","request_id":"16b0b0a49a86d119","method":"GET","route":"/api/cart","status":200,"elapsed_ms":2}
{"event":"http_request","request_id":"2a70c3e1983176c7","method":"GET","route":"/api/cart","status":200,"elapsed_ms":2}
{"event":"http_request","request_id":"a5460dc386901a3e","method":"GET","route":"/api/cart","status":200,"elapsed_ms":2}
{"event":"http_request","request_id":"024c8024638d73e9","method":"GET","route":"/api/cart","status":200,"elapsed_ms":2}
{"event":"http_request","request_id":"8984a0d1ebbf108b","method":"GET","route":"/api/cart","status":200,"elapsed_ms":2}
{"event":"http_request","request_id":"cc982f327deb55ac","method":"POST","route":"/api/cart/lines","status":200,"elapsed_ms":7}
{"event":"http_request","request_id":"93698d07c7ee013a","method":"GET","route":"/api/cart","status":200,"elapsed_ms":1}
{"event":"http_request","request_id":"518cf3eafbebb03e","method":"GET","route":"/api/cart","status":200,"elapsed_ms":16}
{"event":"http_request","request_id":"0deddcb7b4f1931d","method":"GET","route":"/api/cart","status":200,"elapsed_ms":2}
{"event":"http_request","request_id":"d537fa5c9a134c49","method":"GET","route":"/api/cart","status":200,"elapsed_ms":2}
{"event":"http_request","request_id":"9559034d40da573d","method":"GET","route":"/api/cart","status":200,"elapsed_ms":1}
{"event":"http_request","request_id":"c509d36651d3d053","method":"GET","route":"/api/cart","status":200,"elapsed_ms":1}
{"event":"http_request","request_id":"1a1f01dda74924f7","method":"GET","route":"/api/cart","status":200,"elapsed_ms":1}
{"event":"http_request","request_id":"afc729a63a3038bd","method":"GET","route":"/api/cart","status":200,"elapsed_ms":1}
{"event":"http_request","request_id":"c5307a13a5c336b4","method":"GET","route":"/api/cart","status":200,"elapsed_ms":1}
{"event":"http_request","request_id":"ecf326801b0cf322","method":"GET","route":"/api/cart","status":200,"elapsed_ms":3}
{"event":"http_request","request_id":"ee95e695e865cfa2","method":"GET","route":"/api/cart","status":200,"elapsed_ms":2}
{"event":"http_request","request_id":"3ee2e408596defd3","method":"POST","route":"/api/auth/login","status":200,"elapsed_ms":80}
{"event":"http_request","request_id":"35525df5e30f93eb","method":"GET","route":"/api/cart","status":200,"elapsed_ms":1}
{"event":"http_request","request_id":"8ff843094bd4267c","method":"GET","route":"/api/cart","status":200,"elapsed_ms":2}
{"event":"http_request","request_id":"b30e39473868f829","method":"GET","route":"/api/cart","status":200,"elapsed_ms":2}
{"event":"http_request","request_id":"b1d87dbda2784bb2","method":"GET","route":"/api/cart","status":200,"elapsed_ms":2}
{"event":"http_request","request_id":"516dc15a9da0355c","method":"GET","route":"/api/cart","status":200,"elapsed_ms":2}
{"event":"http_request","request_id":"fe710bcccf3dc298","method":"GET","route":"/api/cart","status":200,"elapsed_ms":2}
{"event":"http_request","request_id":"2cabe0a242ed83ab","method":"GET","route":"/api/cart","status":200,"elapsed_ms":2}
{"event":"http_request","request_id":"c98b6299e5501247","method":"GET","route":"/api/cart","status":200,"elapsed_ms":2}
{"event":"http_request","request_id":"4cecf8e1b9dbb5fc","method":"GET","route":"/api/cart","status":200,"elapsed_ms":2}
{"event":"http_request","request_id":"70281cc584c217b2","method":"GET","route":"/api/cart","status":200,"elapsed_ms":2}
{"event":"http_request","request_id":"220d8c660131af55","method":"GET","route":"/api/cart","status":200,"elapsed_ms":2}
{"event":"http_request","request_id":"fd78d4646b891e59","method":"GET","route":"/api/cart","status":200,"elapsed_ms":2}
{"event":"http_request","request_id":"bac825fc9fdcbc1a","method":"GET","route":"/api/cart","status":200,"elapsed_ms":1}
{"event":"http_request","request_id":"96a6e9e09728b436","method":"GET","route":"/api/cart","status":200,"elapsed_ms":1}
{"event":"http_request","request_id":"cb2417be7ee6fe3b","method":"GET","route":"/api/cart","status":200,"elapsed_ms":2}
{"event":"http_request","request_id":"3e538572b893f431","method":"GET","route":"/api/cart","status":200,"elapsed_ms":2}
{"event":"http_request","request_id":"8a08db098f4968c5","method":"GET","route":"/api/cart","status":200,"elapsed_ms":2}
{"event":"http_request","request_id":"8528537f8c3f6259","method":"GET","route":"/api/cart","status":200,"elapsed_ms":2}
{"event":"http_request","request_id":"38d43780325e7401","method":"GET","route":"/api/cart","status":200,"elapsed_ms":2}
{"event":"http_request","request_id":"7ff6b736c6f2ca62","method":"GET","route":"/api/cart","status":200,"elapsed_ms":1}
{"event":"http_request","request_id":"193335c323f263a7","method":"GET","route":"/api/cart","status":200,"elapsed_ms":2}
{"event":"http_request","request_id":"56af47405e256fd4","method":"GET","route":"/api/cart","status":200,"elapsed_ms":1}
{"event":"http_request","request_id":"186bd635cc7370ca","method":"GET","route":"/api/cart","status":200,"elapsed_ms":1}
{"event":"http_request","request_id":"8311aa956f98061e","method":"GET","route":"/api/cart","status":200,"elapsed_ms":2}
{"event":"http_request","request_id":"8d2dafe3d04fdc63","method":"GET","route":"/api/cart","status":200,"elapsed_ms":1}
{"event":"http_request","request_id":"1c3402be8297a833","method":"GET","route":"/api/cart","status":200,"elapsed_ms":1}
{"event":"http_request","request_id":"cdcf93bec931177b","method":"GET","route":"/api/cart","status":200,"elapsed_ms":1}
{"event":"http_request","request_id":"164b313fdde9bc7e","method":"GET","route":"/api/cart","status":200,"elapsed_ms":2}
{"event":"http_request","request_id":"a2fc9c7b756369b8","method":"GET","route":"/api/cart","status":200,"elapsed_ms":1}
{"event":"http_request","request_id":"d652fa3affbc59c6","method":"GET","route":"/api/cart","status":200,"elapsed_ms":3}
{"event":"http_request","request_id":"cc6d1542d3f5a1f5","method":"GET","route":"/api/cart","status":200,"elapsed_ms":1}
{"event":"http_request","request_id":"a8a0d453b72b5408","method":"POST","route":"/api/auth/login","status":200,"elapsed_ms":80}
{"event":"http_request","request_id":"591b4711d53fd44e","method":"GET","route":"/api/cart","status":200,"elapsed_ms":2}
{"event":"http_request","request_id":"64f3e02d87eb246b","method":"GET","route":"/api/cart","status":200,"elapsed_ms":2}
{"event":"http_request","request_id":"05ccaebbe0c69efe","method":"GET","route":"/api/cart","status":200,"elapsed_ms":11}
{"event":"http_request","request_id":"4df21beeeb276f33","method":"GET","route":"/api/cart","status":200,"elapsed_ms":1}
{"event":"http_request","request_id":"627781c79e139504","method":"GET","route":"/api/cart","status":200,"elapsed_ms":11}
{"event":"http_request","request_id":"b926139674da3ef0","method":"GET","route":"/api/cart","status":200,"elapsed_ms":2}
{"event":"http_request","request_id":"9b6e14ca53937f0f","method":"GET","route":"/api/cart","status":200,"elapsed_ms":2}
{"event":"http_request","request_id":"546dcb1f1774c81a","method":"GET","route":"/api/cart","status":200,"elapsed_ms":2}
{"event":"http_request","request_id":"c21099ffacb691da","method":"GET","route":"/api/cart","status":200,"elapsed_ms":2}
{"event":"http_request","request_id":"eab6610526c7abec","method":"GET","route":"/api/cart","status":200,"elapsed_ms":2}
{"event":"http_request","request_id":"aa2dc06a6ac7ee36","method":"GET","route":"/api/cart","status":200,"elapsed_ms":2}
{"event":"http_request","request_id":"80202b12322eda42","method":"GET","route":"/api/cart","status":200,"elapsed_ms":2}
{"event":"http_request","request_id":"4b8bd623d2839896","method":"GET","route":"/api/cart","status":200,"elapsed_ms":2}
{"event":"http_request","request_id":"87b6d899a0b04691","method":"GET","route":"/api/cart","status":200,"elapsed_ms":2}
{"event":"http_request","request_id":"ee61161a155a0084","method":"GET","route":"/api/cart","status":200,"elapsed_ms":2}
{"event":"http_request","request_id":"a9f1b77b4b5c92e7","method":"GET","route":"/api/cart","status":200,"elapsed_ms":2}
{"event":"http_request","request_id":"8f06de6dd8e880e0","method":"POST","route":"/api/cart/lines","status":200,"elapsed_ms":5}
{"event":"http_request","request_id":"b38d25b991795548","method":"GET","route":"/api/cart","status":200,"elapsed_ms":2}
{"event":"http_request","request_id":"1f91f205c8db2b20","method":"GET","route":"/api/cart","status":200,"elapsed_ms":2}
{"event":"http_request","request_id":"1c3c99b39b11e9fc","method":"GET","route":"/api/cart","status":200,"elapsed_ms":2}
{"event":"http_request","request_id":"29df624864a8e4d0","method":"GET","route":"/api/cart","status":200,"elapsed_ms":2}
{"event":"http_request","request_id":"61f92047bdb1a549","method":"GET","route":"/api/cart","status":200,"elapsed_ms":2}
{"event":"http_request","request_id":"47e8b1b44a2cc303","method":"GET","route":"/api/cart","status":200,"elapsed_ms":1}
{"event":"http_request","request_id":"d7396c2518ac329e","method":"GET","route":"/api/cart","status":200,"elapsed_ms":1}
{"event":"http_request","request_id":"46aad07251c241e4","method":"GET","route":"/api/cart","status":200,"elapsed_ms":1}
{"event":"http_request","request_id":"4b58c9b0a5b11e39","method":"GET","route":"/api/cart","status":200,"elapsed_ms":13}
{"event":"http_request","request_id":"eaa13c26e2190f04","method":"GET","route":"/api/cart","status":200,"elapsed_ms":1}
{"event":"http_request","request_id":"735507ebd35b6cfe","method":"GET","route":"/api/cart","status":200,"elapsed_ms":2}
{"event":"http_request","request_id":"2655da8d36e24c69","method":"GET","route":"/api/cart","status":200,"elapsed_ms":2}
{"event":"http_request","request_id":"33a6e1ea063b5427","method":"GET","route":"/api/cart","status":200,"elapsed_ms":1}
{"event":"http_request","request_id":"8446880419793f17","method":"GET","route":"/api/cart","status":200,"elapsed_ms":2}
{"event":"http_request","request_id":"ff0780b39f536378","method":"GET","route":"/api/cart","status":200,"elapsed_ms":2}
{"event":"http_request","request_id":"a891fe449f56db70","method":"GET","route":"/api/cart","status":200,"elapsed_ms":2}
{"event":"http_request","request_id":"79dc05161260ee89","method":"GET","route":"/api/cart","status":200,"elapsed_ms":2}
{"event":"http_request","request_id":"fc0b33e359ae6a0e","method":"GET","route":"/api/cart","status":200,"elapsed_ms":1}
{"event":"http_request","request_id":"c1deb07b80277cde","method":"GET","route":"/api/cart","status":200,"elapsed_ms":2}
{"event":"http_request","request_id":"5e325b9c66d5d6d3","method":"GET","route":"/api/cart","status":200,"elapsed_ms":2}
{"event":"http_request","request_id":"a1d67eff78e7d69e","method":"GET","route":"/api/cart","status":200,"elapsed_ms":1}
{"event":"http_request","request_id":"b3b9a0597c6c55a1","method":"GET","route":"/api/cart","status":200,"elapsed_ms":1}
{"event":"http_request","request_id":"3d38f7668b5bfef9","method":"GET","route":"/api/cart","status":200,"elapsed_ms":2}
{"event":"http_request","request_id":"216f08407fa40826","method":"GET","route":"/api/cart","status":200,"elapsed_ms":2}
{"event":"http_request","request_id":"071709bfd5164f3b","method":"GET","route":"/api/cart","status":200,"elapsed_ms":1}
{"event":"http_request","request_id":"8bfac986d07d0598","method":"GET","route":"/api/cart","status":200,"elapsed_ms":1}
{"event":"http_request","request_id":"fe541f59ac831b5f","method":"GET","route":"/api/cart","status":200,"elapsed_ms":1}
{"event":"http_request","request_id":"c9d899b8129b3c0c","method":"GET","route":"/api/cart","status":200,"elapsed_ms":1}
{"event":"http_request","request_id":"f0ce8bc518980305","method":"GET","route":"/api/cart","status":200,"elapsed_ms":2}
{"event":"http_request","request_id":"64c7a6a7f89bf3a7","method":"GET","route":"/api/cart","status":200,"elapsed_ms":1}
{"event":"http_request","request_id":"a5fffe897b38292d","method":"GET","route":"/api/cart","status":200,"elapsed_ms":1}
{"event":"http_request","request_id":"48991799c46b3c49","method":"GET","route":"/api/cart","status":200,"elapsed_ms":1}
{"event":"http_request","request_id":"4fa6b1430e04b9b7","method":"GET","route":"/api/cart","status":200,"elapsed_ms":1}
{"event":"http_request","request_id":"609ba9f2747fac8e","method":"GET","route":"/api/cart","status":200,"elapsed_ms":2}
{"event":"http_request","request_id":"7f90c604c3acb985","method":"GET","route":"/api/cart","status":200,"elapsed_ms":1}
{"event":"http_request","request_id":"25916f4c11bc1169","method":"GET","route":"/api/cart","status":200,"elapsed_ms":1}
{"event":"http_request","request_id":"8b1169a734e218fc","method":"GET","route":"/api/cart","status":200,"elapsed_ms":3}
{"event":"http_request","request_id":"b3a5d091d9d2c376","method":"GET","route":"/api/cart","status":200,"elapsed_ms":1}
{"event":"http_request","request_id":"3630f05137cae1e9","method":"POST","route":"/api/auth/login","status":200,"elapsed_ms":81}
{"event":"http_request","request_id":"ebf8a71fa44965ea","method":"GET","route":"/api/cart","status":200,"elapsed_ms":2}
{"event":"http_request","request_id":"414037260a3a8ac9","method":"GET","route":"/api/cart","status":200,"elapsed_ms":8}
{"event":"http_request","request_id":"d9ba52ad27c6e9fc","method":"GET","route":"/api/cart","status":200,"elapsed_ms":2}
{"event":"http_request","request_id":"8e39819b0c2ebcfd","method":"POST","route":"/api/auth/login","status":200,"elapsed_ms":81}
{"event":"http_request","request_id":"1d36d14b64f63e45","method":"GET","route":"/api/cart","status":200,"elapsed_ms":2}
{"event":"http_request","request_id":"53223ead47ef7c20","method":"GET","route":"/api/cart","status":200,"elapsed_ms":8}
{"event":"http_request","request_id":"352e642138b277fb","method":"GET","route":"/api/cart","status":200,"elapsed_ms":2}
{"event":"http_request","request_id":"38e7d1e464842c3f","method":"POST","route":"/api/auth/login","status":200,"elapsed_ms":81}
{"event":"http_request","request_id":"75094411c76d0384","method":"GET","route":"/api/cart","status":200,"elapsed_ms":1}
{"event":"http_request","request_id":"938ce351b09f4683","method":"GET","route":"/api/cart","status":200,"elapsed_ms":8}
{"event":"http_request","request_id":"9857ad371991bd0c","method":"GET","route":"/api/cart","status":200,"elapsed_ms":1}
{"event":"http_request","request_id":"378ffb9acfb14755","method":"POST","route":"/api/auth/login","status":200,"elapsed_ms":80}
{"event":"http_request","request_id":"6f275cb0d91de1a2","method":"GET","route":"/api/cart","status":200,"elapsed_ms":2}
{"event":"http_request","request_id":"b97eeeb82ebd5dd4","method":"GET","route":"/api/cart","status":200,"elapsed_ms":9}
{"event":"http_request","request_id":"5a676ae6abfda884","method":"GET","route":"/api/cart","status":200,"elapsed_ms":2}
{"event":"http_request","request_id":"5c72b4d41c8baff7","method":"POST","route":"/api/auth/login","status":200,"elapsed_ms":80}
{"event":"http_request","request_id":"055d869025847783","method":"GET","route":"/api/cart","status":200,"elapsed_ms":2}
{"event":"http_request","request_id":"61ce29cd93bb2d6e","method":"GET","route":"/api/cart","status":200,"elapsed_ms":2}
{"event":"http_request","request_id":"afbd645d3065fd83","method":"GET","route":"/api/cart","status":200,"elapsed_ms":2}
{"event":"http_request","request_id":"895b47aca18f8ad1","method":"GET","route":"/api/cart","status":200,"elapsed_ms":2}
{"event":"http_request","request_id":"fe6b4c3d3e78de83","method":"GET","route":"/api/cart","status":200,"elapsed_ms":2}
{"event":"http_request","request_id":"fb7dfea2fe250119","method":"GET","route":"/api/cart","status":200,"elapsed_ms":2}
{"event":"http_request","request_id":"541b46d6d43f1375","method":"GET","route":"/api/cart","status":200,"elapsed_ms":2}
{"event":"http_request","request_id":"419da0850bd58836","method":"GET","route":"/api/cart","status":200,"elapsed_ms":1}
{"event":"http_request","request_id":"ae4a062d6e719e22","method":"GET","route":"/api/cart","status":200,"elapsed_ms":1}
{"event":"http_request","request_id":"2d6a0069ef2259d4","method":"GET","route":"/api/cart","status":200,"elapsed_ms":2}
{"event":"http_request","request_id":"0d406b8ae87de002","method":"GET","route":"/api/cart","status":200,"elapsed_ms":2}
{"event":"http_request","request_id":"ecb88cc5e2fb831f","method":"GET","route":"/api/cart","status":200,"elapsed_ms":2}
{"event":"http_request","request_id":"9cc2c7d6250fbab6","method":"GET","route":"/api/cart","status":200,"elapsed_ms":2}
{"event":"http_request","request_id":"4ab14129667c94b9","method":"GET","route":"/api/cart","status":200,"elapsed_ms":1}
{"event":"http_request","request_id":"bdcce985f28696d4","method":"GET","route":"/api/cart","status":200,"elapsed_ms":3}
{"event":"http_request","request_id":"d8956107fcb3da55","method":"GET","route":"/api/cart","status":200,"elapsed_ms":1}
{"event":"http_request","request_id":"1a621bc79afe1e5e","method":"POST","route":"/api/auth/login","status":200,"elapsed_ms":81}
{"event":"http_request","request_id":"b44e290c435c73e2","method":"GET","route":"/api/cart","status":200,"elapsed_ms":1}
{"event":"http_request","request_id":"a467c005033ff92c","method":"GET","route":"/api/cart","status":200,"elapsed_ms":2}
{"event":"http_request","request_id":"2b77a3e68228b21e","method":"GET","route":"/api/cart","status":200,"elapsed_ms":1}
{"event":"http_request","request_id":"e5e7e18aabb6ce93","method":"GET","route":"/api/cart","status":200,"elapsed_ms":2}
{"event":"http_request","request_id":"dcf27dac4edc045a","method":"GET","route":"/api/cart","status":200,"elapsed_ms":2}
{"event":"http_request","request_id":"5b67f44a1ce97c8e","method":"GET","route":"/api/cart","status":200,"elapsed_ms":2}
{"event":"http_request","request_id":"9975f4bec31a92f1","method":"GET","route":"/api/cart","status":200,"elapsed_ms":2}
{"event":"http_request","request_id":"47645874db904915","method":"POST","route":"/api/cart/lines","status":200,"elapsed_ms":6}
{"event":"http_request","request_id":"9e8b45053a735a29","method":"GET","route":"/api/cart","status":200,"elapsed_ms":1}
{"event":"http_request","request_id":"eaa0711e1b1baaef","method":"GET","route":"/api/cart","status":200,"elapsed_ms":2}
{"event":"http_request","request_id":"981d579628fbd321","method":"GET","route":"/api/cart","status":200,"elapsed_ms":3}
{"event":"http_request","request_id":"5e28ee2192ac658c","method":"GET","route":"/api/cart","status":200,"elapsed_ms":2}
{"event":"http_request","request_id":"2ba58bacd9b86588","method":"GET","route":"/api/cart","status":200,"elapsed_ms":2}
{"event":"http_request","request_id":"1c7aeadef31c11e6","method":"GET","route":"/api/cart","status":200,"elapsed_ms":1}
{"event":"http_request","request_id":"0ed6bf5813f9ac66","method":"GET","route":"/api/cart","status":200,"elapsed_ms":2}
{"event":"http_request","request_id":"49aa4619ac4918e3","method":"GET","route":"/api/cart","status":200,"elapsed_ms":2}
{"event":"http_request","request_id":"9968914d9fe5b105","method":"GET","route":"/api/cart","status":200,"elapsed_ms":1}
{"event":"http_request","request_id":"d38da854e75a5e3f","method":"GET","route":"/api/cart","status":200,"elapsed_ms":1}
{"event":"http_request","request_id":"d1e4763e13caa8c9","method":"POST","route":"/api/cart/delivery","status":400,"elapsed_ms":1}
{"event":"http_request","request_id":"e5ada9069a443350","method":"GET","route":"/api/cart","status":200,"elapsed_ms":1}
{"event":"http_request","request_id":"16e02fcb0b6298b4","method":"GET","route":"/api/cart","status":200,"elapsed_ms":1}
{"event":"http_request","request_id":"d8c79bda80aa6726","method":"GET","route":"/api/cart","status":200,"elapsed_ms":2}
{"event":"http_request","request_id":"09b8c4943b963162","method":"POST","route":"/api/cart/delivery","status":200,"elapsed_ms":5}
{"event":"http_request","request_id":"6c926f369db1d5fb","method":"GET","route":"/api/cart","status":200,"elapsed_ms":2}
{"event":"http_request","request_id":"7498e2a907bff4ba","method":"GET","route":"/api/cart","status":200,"elapsed_ms":2}
{"event":"http_request","request_id":"3dcd30c410b42478","method":"GET","route":"/api/cart","status":200,"elapsed_ms":2}
{"event":"http_request","request_id":"7ded1b5d67066250","method":"GET","route":"/api/cart","status":200,"elapsed_ms":2}
{"event":"http_request","request_id":"f3a098cf3e9d6c69","method":"GET","route":"/api/cart","status":200,"elapsed_ms":2}
{"event":"http_request","request_id":"004737f555f0b41a","method":"GET","route":"/api/cart","status":200,"elapsed_ms":2}
{"event":"http_request","request_id":"529318f56904dcf8","method":"GET","route":"/api/cart","status":200,"elapsed_ms":2}
{"event":"http_request","request_id":"56e04c4406760dda","method":"GET","route":"/api/cart","status":200,"elapsed_ms":2}
{"event":"http_request","request_id":"616f6620f19cb407","method":"POST","route":"/api/cart/delivery","status":200,"elapsed_ms":4}
{"event":"http_request","request_id":"18a5ac05dcf23686","method":"GET","route":"/api/cart","status":200,"elapsed_ms":2}
{"event":"http_request","request_id":"9844953be1fa682a","method":"GET","route":"/api/cart","status":200,"elapsed_ms":2}
{"event":"http_request","request_id":"c5e501e8721956e0","method":"GET","route":"/api/cart","status":200,"elapsed_ms":2}
{"event":"http_request","request_id":"4b8a387af555344f","method":"GET","route":"/api/cart","status":200,"elapsed_ms":2}
{"event":"http_request","request_id":"1e307782c4c8dfee","method":"GET","route":"/api/cart","status":200,"elapsed_ms":2}
{"event":"http_request","request_id":"765d981432709a72","method":"GET","route":"/api/cart","status":200,"elapsed_ms":2}
{"event":"http_request","request_id":"8ac97fc1039e4b3c","method":"GET","route":"/api/cart","status":200,"elapsed_ms":2}
{"event":"http_request","request_id":"80dc2d96c0d15dce","method":"GET","route":"/api/cart","status":200,"elapsed_ms":2}
{"event":"http_request","request_id":"30cc2fc877b39ab9","method":"GET","route":"/api/cart","status":200,"elapsed_ms":2}
{"event":"http_request","request_id":"234db949189b336d","method":"GET","route":"/api/cart","status":200,"elapsed_ms":2}
{"event":"http_request","request_id":"b74d8793b0c55788","method":"GET","route":"/api/cart","status":200,"elapsed_ms":2}
{"event":"http_request","request_id":"8405c4f1aec38231","method":"GET","route":"/api/cart","status":200,"elapsed_ms":1}
{"event":"http_request","request_id":"7ed93cb9cc5cb186","method":"GET","route":"/api/cart","status":200,"elapsed_ms":2}
{"event":"http_request","request_id":"dac3c83c7efcf4d0","method":"GET","route":"/api/cart","status":200,"elapsed_ms":2}
{"event":"http_request","request_id":"7f2b5cb84ef9a3a4","method":"GET","route":"/api/cart","status":200,"elapsed_ms":2}
{"event":"http_request","request_id":"5774b0cecec9d4ee","method":"GET","route":"/api/cart","status":200,"elapsed_ms":2}
{"event":"http_request","request_id":"a1f9cdb230794e41","method":"GET","route":"/api/cart","status":200,"elapsed_ms":1}
{"event":"http_request","request_id":"cfed5d0e7602ad80","method":"GET","route":"/api/cart","status":200,"elapsed_ms":2}
{"event":"http_request","request_id":"0a0515c67d2c0366","method":"GET","route":"/api/cart","status":200,"elapsed_ms":3}
{"event":"http_request","request_id":"ac259e59dc1ae58f","method":"GET","route":"/api/cart","status":200,"elapsed_ms":2}
{"event":"http_request","request_id":"a251554a41e99c73","method":"POST","route":"/api/auth/login","status":200,"elapsed_ms":80}
{"event":"http_request","request_id":"00d114c8444be92b","method":"GET","route":"/api/cart","status":200,"elapsed_ms":2}
{"event":"http_request","request_id":"a16f8bca0e5f0567","method":"GET","route":"/api/cart","status":200,"elapsed_ms":9}
{"event":"http_request","request_id":"9301cda8c8723eb2","method":"GET","route":"/api/cart","status":200,"elapsed_ms":1}
{"event":"http_request","request_id":"93a480f2f16dc07a","method":"POST","route":"/api/auth/login","status":200,"elapsed_ms":81}
{"event":"http_request","request_id":"900a9226fa3f5b59","method":"GET","route":"/api/cart","status":200,"elapsed_ms":2}
{"event":"http_request","request_id":"a11051e77de0ea7d","method":"GET","route":"/api/cart","status":200,"elapsed_ms":9}
{"event":"http_request","request_id":"fb6f2f22218e4ad2","method":"GET","route":"/api/cart","status":200,"elapsed_ms":2}
{"event":"http_request","request_id":"4e74295a0e62fd0c","method":"POST","route":"/api/auth/login","status":200,"elapsed_ms":81}
{"event":"http_request","request_id":"6f1fe2cdc9b7f069","method":"GET","route":"/api/cart","status":200,"elapsed_ms":2}
{"event":"http_request","request_id":"45cd9ac6799068c3","method":"GET","route":"/api/cart","status":200,"elapsed_ms":8}
{"event":"http_request","request_id":"ac5cb0f2901c7486","method":"GET","route":"/api/cart","status":200,"elapsed_ms":2}
{"event":"http_request","request_id":"1f139450db90d928","method":"POST","route":"/api/auth/login","status":200,"elapsed_ms":81}
{"event":"http_request","request_id":"e201d8b059bbb7dd","method":"GET","route":"/api/cart","status":200,"elapsed_ms":2}

--- stderr ---
12:42:32 [ERROR] ReferenceError: Cannot access 'latest' before initialization
    at file:///app/dist/server/pages/downloads.astro.mjs:14:19
    at process.processTicksAndRejections (node:internal/process/task_queues:95:5)
    at async callComponentAsTemplateResultOrResponse (file:///app/dist/server/chunks/astro/server_D5JO-_2S.mjs:1112:25)
    at async renderToAsyncIterable (file:///app/dist/server/chunks/astro/server_D5JO-_2S.mjs:1154:26)
    at async renderPage (file:///app/dist/server/chunks/astro/server_D5JO-_2S.mjs:1968:24)
    at async lastNext (file:///app/dist/server/chunks/_@astrojs-ssr-adapter_BTgl-wLL.mjs:1670:25)
    at async callMiddleware (file:///app/dist/server/chunks/_@astrojs-ssr-adapter_BTgl-wLL.mjs:801:10)
    at async RenderContext.render (file:///app/dist/server/chunks/_@astrojs-ssr-adapter_BTgl-wLL.mjs:1701:22)
    at async NodeApp.render (file:///app/dist/server/chunks/_@astrojs-ssr-adapter_BTgl-wLL.mjs:2340:18)
    at async file:///app/dist/server/chunks/_@astrojs-ssr-adapter_BTgl-wLL.mjs:2682:24
13:03:38 [ERROR] ReferenceError: Cannot access 'latest' before initialization
    at file:///app/dist/server/pages/downloads.astro.mjs:14:19
    at process.processTicksAndRejections (node:internal/process/task_queues:95:5)
    at async callComponentAsTemplateResultOrResponse (file:///app/dist/server/chunks/astro/server_D5JO-_2S.mjs:1112:25)
    at async renderToAsyncIterable (file:///app/dist/server/chunks/astro/server_D5JO-_2S.mjs:1154:26)
    at async renderPage (file:///app/dist/server/chunks/astro/server_D5JO-_2S.mjs:1968:24)
    at async lastNext (file:///app/dist/server/chunks/_@astrojs-ssr-adapter_BTgl-wLL.mjs:1670:25)
    at async callMiddleware (file:///app/dist/server/chunks/_@astrojs-ssr-adapter_BTgl-wLL.mjs:801:10)
    at async RenderContext.render (file:///app/dist/server/chunks/_@astrojs-ssr-adapter_BTgl-wLL.mjs:1701:22)
    at async NodeApp.render (file:///app/dist/server/chunks/_@astrojs-ssr-adapter_BTgl-wLL.mjs:2340:18)
    at async file:///app/dist/server/chunks/_@astrojs-ssr-adapter_BTgl-wLL.mjs:2682:24
13:04:46 [ERROR] ReferenceError: Cannot access 'latest' before initialization
    at file:///app/dist/server/pages/downloads.astro.mjs:14:19
    at process.processTicksAndRejections (node:internal/process/task_queues:95:5)
    at async callComponentAsTemplateResultOrResponse (file:///app/dist/server/chunks/astro/server_D5JO-_2S.mjs:1112:25)
    at async renderToAsyncIterable (file:///app/dist/server/chunks/astro/server_D5JO-_2S.mjs:1154:26)
    at async renderPage (file:///app/dist/server/chunks/astro/server_D5JO-_2S.mjs:1968:24)
    at async lastNext (file:///app/dist/server/chunks/_@astrojs-ssr-adapter_BTgl-wLL.mjs:1670:25)
    at async callMiddleware (file:///app/dist/server/chunks/_@astrojs-ssr-adapter_BTgl-wLL.mjs:801:10)
    at async RenderContext.render (file:///app/dist/server/chunks/_@astrojs-ssr-adapter_BTgl-wLL.mjs:1701:22)
    at async NodeApp.render (file:///app/dist/server/chunks/_@astrojs-ssr-adapter_BTgl-wLL.mjs:2340:18)
    at async file:///app/dist/server/chunks/_@astrojs-ssr-adapter_BTgl-wLL.mjs:2682:24

