exit=0

--- stdout ---

--- stderr ---
#0 building with "default" instance using docker driver

#1 [internal] load build definition from Dockerfile
#1 DONE 0.0s

#1 [internal] load build definition from Dockerfile
#1 transferring dockerfile: 715B done
#1 DONE 0.0s

#2 [internal] load metadata for docker.io/library/node:20-bookworm-slim
#2 DONE 1.1s

#3 [internal] load .dockerignore
#3 transferring context: 167B done
#3 DONE 0.0s

#4 [1/6] FROM docker.io/library/node:20-bookworm-slim@sha256:2cf067cfed83d5ea958367df9f966191a942351a2df77d6f0193e162b5febfc0
#4 DONE 0.0s

#5 [2/6] WORKDIR /app
#5 CACHED

#6 [internal] load build context
#6 transferring context: 9.11kB done
#6 DONE 0.0s

#7 [3/6] COPY package.json package-lock.json ./
#7 DONE 0.0s

#8 [4/6] RUN npm ci --no-audit --no-fund
#8 1.900 npm warn deprecated tsconfck@3.1.6: unmaintained
#8 3.274 
#8 3.274 added 409 packages in 3s
#8 3.275 npm notice
#8 3.275 npm notice New major version of npm available! 10.8.2 -> 12.0.2
#8 3.275 npm notice Changelog: https://github.com/npm/cli/releases/tag/v12.0.2
#8 3.275 npm notice To update run: npm install -g npm@12.0.2
#8 3.275 npm notice
#8 DONE 3.3s

#9 [5/6] COPY . .
#9 DONE 3.3s

#10 [6/6] RUN npm run build
#10 0.272 
#10 0.272 > vela-storefront@1.0.0 build
#10 0.272 > astro build
#10 0.272 
#10 0.641 ▶ Astro collects anonymous usage data.
#10 0.641   This information helps us improve Astro.
#10 0.641   Run "astro telemetry disable" to opt-out.
#10 0.641   https://astro.build/telemetry
#10 0.641 
#10 1.033 12:03:38 [types] Generated 45ms
#10 1.033 12:03:38 [build] output: "server"
#10 1.033 12:03:38 [build] directory: /app/dist/
#10 1.033 12:03:38 [build] adapter: @astrojs/node
#10 1.033 12:03:38 [build] Collecting build info...
#10 1.033 12:03:38 [build] ✓ Completed in 57ms.
#10 1.035 12:03:38 [build] Building server entrypoints...
#10 2.344 12:03:39 [WARN] [vite] [plugin:vite:reporter] [plugin vite:reporter] 
#10 2.344 (!) /app/server/kb/client.js is dynamically imported by /app/server/api/index.js but also statically imported by /app/server/api/index.js, /app/server/api/order_core.js, dynamic import will not move module into another chunk.
#10 2.344 
#10 2.365 12:03:39 [vite] ✓ built in 1.30s
#10 2.365 12:03:39 [build] ✓ Completed in 1.33s.
#10 2.365 
#10 2.365  building client (vite) 
#10 2.370 12:03:39 [vite] transforming...
#10 2.577 12:03:39 [vite] ✓ 36 modules transformed.
#10 2.595 12:03:39 [vite] rendering chunks...
#10 2.604 12:03:39 [vite] computing gzip size...
#10 2.608 12:03:39 [vite] dist/client/assets/jsxRuntime.module.D8FsuBj2.js   0.42 kB │ gzip: 0.30 kB
#10 2.608 12:03:39 [vite] dist/client/assets/DownloadButton.CpjdoszJ.js      0.47 kB │ gzip: 0.33 kB
#10 2.608 12:03:39 [vite] dist/client/assets/CartCount.Bzpnmbmt.js           1.34 kB │ gzip: 0.73 kB
#10 2.608 12:03:39 [vite] dist/client/assets/SignIn.CCH1zrNq.js              1.65 kB │ gzip: 0.89 kB
#10 2.608 12:03:39 [vite] dist/client/assets/SignUp.C_ee0TJT.js              1.90 kB │ gzip: 0.95 kB
#10 2.608 12:03:39 [vite] dist/client/assets/client.DNGgaD7G.js              2.14 kB │ gzip: 1.18 kB
#10 2.608 12:03:39 [vite] dist/client/assets/FooterCanvas.CEgP8dln.js        2.52 kB │ gzip: 1.28 kB
#10 2.608 12:03:39 [vite] dist/client/assets/hooks.module.CsGG1efc.js        2.60 kB │ gzip: 1.16 kB
#10 2.608 12:03:39 [vite] dist/client/assets/CheckoutHow.C2E2mYqp.js         2.67 kB │ gzip: 1.25 kB
#10 2.608 12:03:39 [vite] dist/client/assets/CameraDetail.DhQw-v9f.js        2.99 kB │ gzip: 1.25 kB
#10 2.608 12:03:39 [vite] dist/client/assets/CheckoutPay.CcbtaAlI.js         3.18 kB │ gzip: 1.30 kB
#10 2.608 12:03:39 [vite] dist/client/assets/BuyBox.2VbWlj8b.js              3.21 kB │ gzip: 1.47 kB
#10 2.608 12:03:39 [vite] dist/client/assets/CameraGrid.BoB1aSx7.js          3.23 kB │ gzip: 1.57 kB
#10 2.608 12:03:39 [vite] dist/client/assets/LetterStage.DQDeTwzV.js         3.78 kB │ gzip: 1.71 kB
#10 2.608 12:03:39 [vite] dist/client/assets/CheckoutWhere.g6Miex-h.js       3.85 kB │ gzip: 1.46 kB
#10 2.608 12:03:39 [vite] dist/client/assets/CartView.Chf9IWjG.js            4.92 kB │ gzip: 1.89 kB
#10 2.608 12:03:39 [vite] dist/client/assets/signals.module.BTlNivcF.js      7.06 kB │ gzip: 2.69 kB
#10 2.608 12:03:39 [vite] dist/client/assets/Doctor.B8heCJlx.js              7.94 kB │ gzip: 3.00 kB
#10 2.608 12:03:39 [vite] dist/client/assets/preact.module.BsmeW0D8.js      10.57 kB │ gzip: 4.48 kB
#10 2.608 12:03:39 [vite] ✓ built in 242ms
#10 2.622 12:03:39 [build] Rearranging server assets...
#10 2.623 12:03:39 [build] Server built in 1.65s
#10 2.623 12:03:39 [build] Complete!
#10 DONE 2.7s

#11 exporting to image
#11 exporting layers
#11 exporting layers 0.8s done
#11 writing image sha256:8b95c22a58a89985cb50c760dc20aa2c91bbb3ac58a67a82a6db392353cf7e67 done
#11 naming to docker.io/library/deku-fresh-app-e0f889a5-7a3b-5a05-a837-43ac155857a6:latest done
#11 DONE 0.8s

