exit=0

--- stdout ---

--- stderr ---
#0 building with "desktop-linux" instance using docker driver

#1 [internal] load build definition from Dockerfile
#1 transferring dockerfile: 620B done
#1 DONE 0.0s

#2 [internal] load metadata for docker.io/library/python:3.12-slim
#2 DONE 0.4s

#3 [internal] load .dockerignore
#3 transferring context: 121B done
#3 DONE 0.0s

#4 [internal] load build context
#4 transferring context: 284.74kB 0.0s done
#4 DONE 0.0s

#5 [1/8] FROM docker.io/library/python:3.12-slim@sha256:78387bc3881b8273120a12ebe6c1ab22b018ccc2c9adf565ae1ac9b536e184ea
#5 resolve docker.io/library/python:3.12-slim@sha256:78387bc3881b8273120a12ebe6c1ab22b018ccc2c9adf565ae1ac9b536e184ea 0.0s done
#5 DONE 0.0s

#6 [2/8] WORKDIR /app
#6 CACHED

#7 [3/8] COPY requirements.txt .
#7 DONE 0.0s

#8 [4/8] RUN pip install --no-cache-dir -r requirements.txt
#8 1.082 Collecting Flask==3.1.0 (from -r requirements.txt (line 1))
#8 1.139   Downloading flask-3.1.0-py3-none-any.whl.metadata (2.7 kB)
#8 1.158 Collecting gunicorn==23.0.0 (from -r requirements.txt (line 2))
#8 1.168   Downloading gunicorn-23.0.0-py3-none-any.whl.metadata (4.4 kB)
#8 1.185 Collecting psycopg==3.2.3 (from psycopg[binary]==3.2.3->-r requirements.txt (line 3))
#8 1.194   Downloading psycopg-3.2.3-py3-none-any.whl.metadata (4.3 kB)
#8 1.390 Collecting Pillow==11.3.0 (from -r requirements.txt (line 4))
#8 1.401   Downloading pillow-11.3.0-cp312-cp312-manylinux_2_27_aarch64.manylinux_2_28_aarch64.whl.metadata (9.0 kB)
#8 1.552 Collecting numpy==2.2.6 (from -r requirements.txt (line 5))
#8 1.577   Downloading numpy-2.2.6-cp312-cp312-manylinux_2_17_aarch64.manylinux2014_aarch64.whl.metadata (63 kB)
#8 1.633 Collecting Werkzeug>=3.1 (from Flask==3.1.0->-r requirements.txt (line 1))
#8 1.644   Downloading werkzeug-3.1.8-py3-none-any.whl.metadata (4.0 kB)
#8 1.663 Collecting Jinja2>=3.1.2 (from Flask==3.1.0->-r requirements.txt (line 1))
#8 1.673   Downloading jinja2-3.1.6-py3-none-any.whl.metadata (2.9 kB)
#8 1.691 Collecting itsdangerous>=2.2 (from Flask==3.1.0->-r requirements.txt (line 1))
#8 1.700   Downloading itsdangerous-2.2.0-py3-none-any.whl.metadata (1.9 kB)
#8 1.718 Collecting click>=8.1.3 (from Flask==3.1.0->-r requirements.txt (line 1))
#8 1.728   Downloading click-8.5.0-py3-none-any.whl.metadata (2.6 kB)
#8 1.743 Collecting blinker>=1.9 (from Flask==3.1.0->-r requirements.txt (line 1))
#8 1.755   Downloading blinker-1.9.0-py3-none-any.whl.metadata (1.6 kB)
#8 1.774 Collecting packaging (from gunicorn==23.0.0->-r requirements.txt (line 2))
#8 1.783   Downloading packaging-26.3-py3-none-any.whl.metadata (3.5 kB)
#8 1.802 Collecting typing-extensions>=4.6 (from psycopg==3.2.3->psycopg[binary]==3.2.3->-r requirements.txt (line 3))
#8 1.811   Downloading typing_extensions-4.16.0-py3-none-any.whl.metadata (3.3 kB)
#8 1.912 Collecting psycopg-binary==3.2.3 (from psycopg[binary]==3.2.3->-r requirements.txt (line 3))
#8 1.921   Downloading psycopg_binary-3.2.3-cp312-cp312-manylinux_2_17_aarch64.manylinux2014_aarch64.whl.metadata (2.8 kB)
#8 1.979 Collecting MarkupSafe>=2.0 (from Jinja2>=3.1.2->Flask==3.1.0->-r requirements.txt (line 1))
#8 1.988   Downloading markupsafe-3.0.3-cp312-cp312-manylinux2014_aarch64.manylinux_2_17_aarch64.manylinux_2_28_aarch64.whl.metadata (2.7 kB)
#8 2.001 Downloading flask-3.1.0-py3-none-any.whl (102 kB)
#8 2.042 Downloading gunicorn-23.0.0-py3-none-any.whl (85 kB)
#8 2.106 Downloading psycopg-3.2.3-py3-none-any.whl (197 kB)
#8 2.348 Downloading pillow-11.3.0-cp312-cp312-manylinux_2_27_aarch64.manylinux_2_28_aarch64.whl (6.0 MB)
#8 4.935    ━━━━━━━━━━━━━━━━━━━━━━━━━━━━━━━━━━━━━━━━ 6.0/6.0 MB 2.4 MB/s eta 0:00:00
#8 4.944 Downloading numpy-2.2.6-cp312-cp312-manylinux_2_17_aarch64.manylinux2014_aarch64.whl (14.0 MB)
#8 8.873    ━━━━━━━━━━━━━━━━━━━━━━━━━━━━━━━━━━━━━━━━ 14.0/14.0 MB 3.5 MB/s eta 0:00:00
#8 8.885 Downloading psycopg_binary-3.2.3-cp312-cp312-manylinux_2_17_aarch64.manylinux2014_aarch64.whl (4.4 MB)
#8 11.62    ━━━━━━━━━━━━━━━━━━━━━━━━━━━━━━━━━━━━━━━━ 4.4/4.4 MB 1.6 MB/s eta 0:00:00
#8 11.63 Downloading blinker-1.9.0-py3-none-any.whl (8.5 kB)
#8 11.65 Downloading click-8.5.0-py3-none-any.whl (125 kB)
#8 11.73 Downloading itsdangerous-2.2.0-py3-none-any.whl (16 kB)
#8 11.76 Downloading jinja2-3.1.6-py3-none-any.whl (134 kB)
#8 11.85 Downloading typing_extensions-4.16.0-py3-none-any.whl (45 kB)
#8 11.90 Downloading werkzeug-3.1.8-py3-none-any.whl (226 kB)
#8 12.05 Downloading packaging-26.3-py3-none-any.whl (129 kB)
#8 12.19 Downloading markupsafe-3.0.3-cp312-cp312-manylinux2014_aarch64.manylinux_2_17_aarch64.manylinux_2_28_aarch64.whl (24 kB)
#8 12.26 Installing collected packages: typing-extensions, psycopg-binary, Pillow, packaging, numpy, MarkupSafe, itsdangerous, click, blinker, Werkzeug, psycopg, Jinja2, gunicorn, Flask
#8 14.24 Successfully installed Flask-3.1.0 Jinja2-3.1.6 MarkupSafe-3.0.3 Pillow-11.3.0 Werkzeug-3.1.8 blinker-1.9.0 click-8.5.0 gunicorn-23.0.0 itsdangerous-2.2.0 numpy-2.2.6 packaging-26.3 psycopg-3.2.3 psycopg-binary-3.2.3 typing-extensions-4.16.0
#8 14.24 WARNING: Running pip as the 'root' user can result in broken permissions and conflicting behaviour with the system package manager, possibly rendering your system unusable. It is recommended to use a virtual environment instead: https://pip.pypa.io/warnings/venv. Use the --root-user-action option if you know what you are doing and want to suppress this warning.
#8 14.41 
#8 14.41 [notice] A new release of pip is available: 25.0.1 -> 26.2.1
#8 14.41 [notice] To update, run: pip install --upgrade pip
#8 DONE 14.6s

#9 [5/8] COPY wsgi.py ./
#9 DONE 0.0s

#10 [6/8] COPY app ./app
#10 DONE 0.0s

#11 [7/8] COPY templates ./templates
#11 DONE 0.0s

#12 [8/8] COPY static ./static
#12 DONE 0.0s

#13 exporting to image
#13 exporting layers
#13 exporting layers 2.1s done
#13 exporting manifest sha256:b59bea6cc222982b466e5c55b50b71b70bde93c30e724f7bf2ebbc622e3d436e done
#13 exporting config sha256:00bd863e5baf427f8858f0c4a029689e74504c5e1181424a569364bc4aceca35 done
#13 exporting attestation manifest sha256:d072f9765d4aa59b2d578f518ce3da81d9091f077acfa7070a9d104d9f03772c done
#13 exporting manifest list sha256:648ecda5a85a12732871e54b369a3fa36d4f3bdf203d5b467a5d8f4b9bf148c0 done
#13 naming to docker.io/library/deku-fresh-app-1b21d4ac-055a-52e7-b754-0620f337b0d4:latest done
#13 unpacking to docker.io/library/deku-fresh-app-1b21d4ac-055a-52e7-b754-0620f337b0d4:latest
#13 unpacking to docker.io/library/deku-fresh-app-1b21d4ac-055a-52e7-b754-0620f337b0d4:latest 0.4s done
#13 DONE 2.6s

