exit=0

--- stdout ---

--- stderr ---
#0 building with "desktop-linux" instance using docker driver

#1 [internal] load build definition from Dockerfile
#1 transferring dockerfile: 1.36kB done
#1 DONE 0.0s

#2 [internal] load metadata for docker.io/library/node:20-bookworm-slim
#2 ...

#3 [auth] library/node:pull token for registry-1.docker.io
#3 DONE 0.0s

#2 [internal] load metadata for docker.io/library/node:20-bookworm-slim
#2 DONE 1.5s

#4 [internal] load .dockerignore
#4 transferring context: 87B done
#4 DONE 0.0s

#5 [ 1/11] FROM docker.io/library/node:20-bookworm-slim@sha256:2cf067cfed83d5ea958367df9f966191a942351a2df77d6f0193e162b5febfc0
#5 DONE 0.0s

#6 [ 2/11] WORKDIR /app
#6 CACHED

#7 [internal] load build context
#7 transferring context: 153.43MB 2.2s done
#7 DONE 2.2s

#8 [ 3/11] COPY package.json package-lock.json ./
#8 DONE 0.4s

#9 [ 4/11] COPY node_modules ./node_modules
#9 DONE 1.2s

#10 [ 5/11] COPY astro.config.mjs ./
#10 DONE 0.0s

#11 [ 6/11] COPY public ./public
#11 DONE 0.0s

#12 [ 7/11] COPY src ./src
#12 DONE 0.0s

#13 [ 8/11] COPY server ./server
#13 DONE 0.0s

#14 [ 9/11] COPY dist ./dist-fallback
#14 DONE 0.0s

#15 [10/11] RUN ./node_modules/.bin/astro build || (rm -rf dist && cp -a dist-fallback dist && echo "used prebuilt frontend")
#15 0.839 23:27:11 [types] Generated 42ms
#15 0.839 23:27:11 [build] output: "server"
#15 0.839 23:27:11 [build] directory: /app/dist/
#15 0.839 23:27:11 [build] adapter: @astrojs/node
#15 0.839 23:27:11 [build] Collecting build info...
#15 0.840 23:27:11 [build] ✓ Completed in 57ms.
#15 0.841 23:27:11 [build] Building server entrypoints...
#15 1.780 23:27:12 [vite] ✓ built in 911ms
#15 1.780 23:27:12 [build] ✓ Completed in 939ms.
#15 1.781 
#15 1.781  building client (vite) 
#15 1.785 23:27:12 [vite] transforming...
#15 1.856 23:27:12 [vite] ✓ 43 modules transformed.
#15 1.869 23:27:12 [vite] rendering chunks...
#15 1.879 23:27:12 [vite] computing gzip size...
#15 1.883 23:27:12 [vite] dist/client/_astro/hoisted.BfVUBpjy.js   0.09 kB │ gzip: 0.08 kB
#15 1.883 23:27:12 [vite] dist/client/_astro/hoisted.BAao1uJk.js   0.12 kB │ gzip: 0.10 kB
#15 1.883 23:27:12 [vite] dist/client/_astro/hoisted.JVfgPCt5.js   0.12 kB │ gzip: 0.10 kB
#15 1.883 23:27:12 [vite] dist/client/_astro/hoisted.CZLy3NXk.js   0.12 kB │ gzip: 0.10 kB
#15 1.883 23:27:12 [vite] dist/client/_astro/hoisted.Cs-Avr8K.js   0.12 kB │ gzip: 0.10 kB
#15 1.883 23:27:12 [vite] dist/client/_astro/hoisted.BpdoDeoi.js   0.12 kB │ gzip: 0.10 kB
#15 1.883 23:27:12 [vite] dist/client/_astro/hoisted.Xke-LRUO.js   0.12 kB │ gzip: 0.10 kB
#15 1.883 23:27:12 [vite] dist/client/_astro/hoisted.ClNHDGU4.js   0.18 kB │ gzip: 0.16 kB
#15 1.883 23:27:12 [vite] dist/client/_astro/hoisted.s5429CEG.js   0.18 kB │ gzip: 0.16 kB
#15 1.883 23:27:12 [vite] dist/client/_astro/format.BaGEAqP4.js    0.88 kB │ gzip: 0.55 kB
#15 1.883 23:27:12 [vite] dist/client/_astro/client.B_lvX2o6.js    1.17 kB │ gzip: 0.60 kB
#15 1.884 23:27:12 [vite] dist/client/_astro/hoisted.BoHb2R5Z.js   1.85 kB │ gzip: 0.89 kB
#15 1.884 23:27:12 [vite] dist/client/_astro/hoisted.D4lVKSIZ.js   2.31 kB │ gzip: 0.89 kB
#15 1.884 23:27:12 [vite] dist/client/_astro/hoisted.gcOrbbzp.js   2.80 kB │ gzip: 1.15 kB
#15 1.884 23:27:12 [vite] dist/client/_astro/hoisted.BvYizyfM.js   4.30 kB │ gzip: 1.86 kB
#15 1.884 23:27:12 [vite] dist/client/_astro/hoisted.Dscve2us.js   5.11 kB │ gzip: 1.91 kB
#15 1.884 23:27:12 [vite] dist/client/_astro/hoisted.DDkGzPGZ.js   8.03 kB │ gzip: 2.84 kB
#15 1.884 23:27:12 [vite] dist/client/_astro/hoisted.Ddnr3Zo7.js  10.46 kB │ gzip: 3.16 kB
#15 1.884 23:27:12 [vite] dist/client/_astro/hoisted.ioRqvOaG.js  11.20 kB │ gzip: 3.44 kB
#15 1.884 23:27:12 [vite] ✓ built in 103ms
#15 1.900 23:27:12 [build] Rearranging server assets...
#15 1.901 23:27:12 [build] Server built in 1.12s
#15 1.901 23:27:12 [build] Complete!
#15 DONE 1.9s

#16 [11/11] RUN mkdir -p /app/.browser_screenshots /app/.downloads
#16 DONE 0.1s

#17 exporting to image
#17 exporting layers
#17 exporting layers 0.7s done
#17 writing image sha256:3cc31350d4482d10760f86dfa3d3906f0dec1647cff84b8f649d05a11392efae done
#17 naming to docker.io/library/deku-fresh-app-e0f889a5-7a3b-5a05-a837-43ac155857a6:latest done
#17 DONE 0.7s

