--- stdout ---
{"level":"http","request_id":"2b704b83e30cdba8","method":"POST","route":"/api/auth/logout","status":200,"ms":3}
{"level":"http","request_id":"974af6bf397713a9","method":"GET","route":"/","status":200,"ms":3}
{"level":"http","request_id":"bb1d5ad6cb85ea0a","method":"GET","route":"/film/table.mp4","status":404,"ms":1}
{"level":"http","request_id":"275d1c8e31c4f653","method":"GET","route":"/shop","status":200,"ms":4}
{"level":"http","request_id":"75cb65715d331357","method":"GET","route":"/api/cart","status":200,"ms":1}
{"level":"http","request_id":"8e9c79ea3219035c","method":"GET","route":"/sign-in","status":200,"ms":3}
{"level":"http","request_id":"d54d72bec453fd04","method":"GET","route":"/api/cart","status":200,"ms":1}
{"level":"http","request_id":"13d913565fb607ff","method":"POST","route":"/api/auth/login","status":200,"ms":85}
{"level":"http","request_id":"81a97d6aec5b5589","method":"GET","route":"/account","status":200,"ms":1}
{"level":"http","request_id":"63fe5a1948a2d833","method":"GET","route":"/api/cart","status":200,"ms":2}
{"level":"http","request_id":"fa1f4d151252fbf4","method":"GET","route":"/api/auth/me","status":200,"ms":9}
{"level":"http","request_id":"8bd408210963bfbe","method":"GET","route":"/api/account/orders","status":200,"ms":1}
{"level":"http","request_id":"57fcc333fa486839","method":"GET","route":"/api/account/devices","status":200,"ms":4}
{"level":"http","request_id":"22c9939598da3aaf","method":"GET","route":"/api/releases","status":200,"ms":7}
{"level":"http","request_id":"e578baabd95b7018","method":"GET","route":"/cart","status":200,"ms":3}
{"level":"http","request_id":"0af1146076c69ca8","method":"GET","route":"/api/cart","status":200,"ms":4}
{"level":"http","request_id":"834f978fa5517aa2","method":"GET","route":"/api/cart","status":200,"ms":2}
{"level":"http","request_id":"defbb166ef72e0aa","method":"GET","route":"/shop/flagship?variant=VELA-A1-YELLOW","status":200,"ms":18}
{"level":"http","request_id":"2cb97b03f959f470","method":"GET","route":"/api/cart","status":200,"ms":2}
{"level":"http","request_id":"a70729ae2286aeb2","method":"GET","route":"/cart","status":200,"ms":6}
{"level":"http","request_id":"37e88c66bf8dafe8","method":"GET","route":"/api/cart","status":200,"ms":2}
{"level":"http","request_id":"32a7f2aab8ea1942","method":"GET","route":"/api/cart","status":200,"ms":2}
{"level":"http","request_id":"4740cd96bf115a05","method":"GET","route":"/checkout/where-it-goes","status":200,"ms":3}
{"level":"http","request_id":"a54cf806fd47ac8b","method":"GET","route":"/_astro/hoisted.JVfgPCt5.js","status":200,"ms":1}
{"level":"http","request_id":"2389332f6c1bb198","method":"GET","route":"/_astro/hoisted.Ddnr3Zo7.js","status":200,"ms":1}
{"level":"http","request_id":"710848fde6bbff30","method":"GET","route":"/api/cart","status":200,"ms":2}
{"level":"http","request_id":"c0f043beba4df86b","method":"GET","route":"/api/cart","status":200,"ms":2}
{"level":"http","request_id":"dc90bc55bead5bcb","method":"POST","route":"/api/cart/delivery","status":400,"ms":3}
{"level":"http","request_id":"010fe323e5694d0b","method":"POST","route":"/api/cart/delivery","status":200,"ms":7}
{"level":"http","request_id":"143da2b2b090bd65","method":"GET","route":"/checkout/how-it-gets-there","status":200,"ms":2}
{"level":"http","request_id":"f411baeabef792ca","method":"GET","route":"/api/cart","status":200,"ms":2}
{"level":"http","request_id":"c80168baca881a29","method":"GET","route":"/api/cart","status":200,"ms":2}
{"level":"http","request_id":"939bdedbcd5ca7eb","method":"POST","route":"/api/cart/delivery","status":200,"ms":11}
{"level":"http","request_id":"78f21297ab5242ad","method":"GET","route":"/checkout/payment","status":200,"ms":2}
{"level":"http","request_id":"e59b3eaf9351bf79","method":"GET","route":"/_astro/hoisted.BAao1uJk.js","status":200,"ms":1}
{"level":"http","request_id":"eec52cdea6a2b397","method":"GET","route":"/api/cart","status":200,"ms":2}
{"level":"http","request_id":"d8107815cc6e95f3","method":"GET","route":"/api/cart","status":200,"ms":2}
{"level":"http","request_id":"22c3159568acad37","method":"POST","route":"/api/orders","status":201,"ms":432}
{"level":"http","request_id":"a06238e237f649a6","method":"GET","route":"/orders/VE-2026-0005?access_token=Lj_evsWmGKRfqwHV9w10uA_I7UBvEGEt","status":200,"ms":12}
{"level":"http","request_id":"87870efa43ec4f78","method":"GET","route":"/api/cart","status":200,"ms":1}
{"level":"http","request_id":"9df6b65796e54d22","method":"GET","route":"/account/orders","status":200,"ms":2}
{"level":"http","request_id":"3d709f011bb5710c","method":"GET","route":"/_astro/hoisted.BpdoDeoi.js","status":200,"ms":1}
{"level":"http","request_id":"deb5d9109044aa03","method":"GET","route":"/api/cart","status":200,"ms":2}
{"level":"http","request_id":"7bf111f3bf0690d2","method":"GET","route":"/api/auth/me","status":200,"ms":7}
{"level":"http","request_id":"f46a46f315ce8818","method":"GET","route":"/api/account/orders","status":200,"ms":3}
{"level":"http","request_id":"dc71f4a6b37273e9","method":"GET","route":"/cart","status":200,"ms":2}
{"level":"http","request_id":"89c2df2b081420f4","method":"GET","route":"/admin","status":404,"ms":6}
{"level":"http","request_id":"b6b4f7cb54789cf0","method":"GET","route":"/api/cart","status":200,"ms":3}
{"level":"http","request_id":"8d5a6fcfb149d546","method":"GET","route":"/_astro/hoisted.Dscve2us.js","status":200,"ms":8}
{"level":"http","request_id":"3fa00b7617eea4f2","method":"GET","route":"/signin","status":404,"ms":2}
{"level":"http","request_id":"324912ca1642e79f","method":"GET","route":"/_astro/_serial_.Br-zNhnN.css","status":200,"ms":1}
{"level":"http","request_id":"9e3f5d77d6c60277","method":"GET","route":"/_astro/hoisted.gcOrbbzp.js","status":200,"ms":1}
{"level":"http","request_id":"3a1eac6ec120d9eb","method":"GET","route":"/sign-in","status":200,"ms":1}
{"level":"http","request_id":"410af60c594c9965","method":"GET","route":"/_astro/hoisted.D4lVKSIZ.js","status":200,"ms":1}
{"level":"http","request_id":"0daf2d912a7794b7","method":"GET","route":"/_astro/client.B_lvX2o6.js","status":200,"ms":1}
{"level":"http","request_id":"795fd34407c22c95","method":"POST","route":"/api/auth/login","status":200,"ms":93}
{"level":"http","request_id":"4772cce46d2ce638","method":"GET","route":"/account","status":200,"ms":1}
{"level":"http","request_id":"82c7da1fbf125102","method":"GET","route":"/_astro/hoisted.Xke-LRUO.js","status":200,"ms":0}
{"level":"http","request_id":"992fd66bb8322aae","method":"GET","route":"/_astro/hoisted.ioRqvOaG.js","status":200,"ms":0}
{"level":"http","request_id":"c6ca110bd4cae475","method":"GET","route":"/_astro/format.BaGEAqP4.js","status":200,"ms":0}
{"level":"http","request_id":"72c5233cdbcd51c8","method":"GET","route":"/api/auth/me","status":200,"ms":1}
{"level":"http","request_id":"f7b2521b259689b5","method":"GET","route":"/api/account/devices","status":200,"ms":2}
{"level":"http","request_id":"1b3b3d677494f0dd","method":"GET","route":"/api/releases","status":200,"ms":6}
{"level":"http","request_id":"d5cd4518d0072b40","method":"GET","route":"/api/account/orders","status":200,"ms":8}
{"level":"http","request_id":"80cb19f9e970b79f","method":"GET","route":"/","status":200,"ms":4}
{"level":"http","request_id":"7fdf9693088941ab","method":"GET","route":"/_astro/hoisted.BvYizyfM.js","status":200,"ms":1}
{"level":"http","request_id":"f744bcc3249098bf","method":"GET","route":"/film/table.mp4","status":404,"ms":1}
{"level":"http","request_id":"4514c1c4d247d1c5","method":"GET","route":"/","status":200,"ms":7}
{"level":"http","request_id":"a25c1e7f2764e759","method":"GET","route":"/film/table.mp4","status":404,"ms":1}
{"level":"http","request_id":"c95abba6ee463984","method":"GET","route":"/","status":200,"ms":11}
{"level":"http","request_id":"cd0d00618503784f","method":"GET","route":"/","status":200,"ms":6}
{"level":"http","request_id":"ee3344f834e99540","method":"GET","route":"/film/table.mp4","status":404,"ms":6}
{"level":"http","request_id":"d8f4d8779bb57d54","method":"GET","route":"/signin","status":404,"ms":4}
{"level":"http","request_id":"591cc54f108f461f","method":"GET","route":"/_astro/_serial_.Br-zNhnN.css","status":200,"ms":1}
{"level":"http","request_id":"efb2451cca5aeeb1","method":"GET","route":"/_astro/hoisted.gcOrbbzp.js","status":200,"ms":1}
{"level":"http","request_id":"62d5b9853c290199","method":"GET","route":"/sign-in","status":200,"ms":2}
{"level":"http","request_id":"78b5756177a2c649","method":"GET","route":"/_astro/hoisted.D4lVKSIZ.js","status":200,"ms":0}
{"level":"http","request_id":"974f99e3f102a183","method":"GET","route":"/_astro/client.B_lvX2o6.js","status":200,"ms":1}
{"level":"http","request_id":"6b3c66a568cf1ac0","method":"POST","route":"/api/auth/login","status":200,"ms":90}
{"level":"http","request_id":"c88ef4199d419ea3","method":"GET","route":"/account","status":200,"ms":1}
{"level":"http","request_id":"62c3df50d3180fb6","method":"GET","route":"/_astro/hoisted.Xke-LRUO.js","status":200,"ms":0}
{"level":"http","request_id":"ebc4d1b7ca10b963","method":"GET","route":"/_astro/hoisted.ioRqvOaG.js","status":200,"ms":1}
{"level":"http","request_id":"9140efd2a92653b2","method":"GET","route":"/_astro/format.BaGEAqP4.js","status":200,"ms":1}
{"level":"http","request_id":"4955559347fe4be2","method":"GET","route":"/api/auth/me","status":200,"ms":2}
{"level":"http","request_id":"b99b73a6e65bd57a","method":"GET","route":"/api/account/devices","status":200,"ms":3}
{"level":"http","request_id":"03257b28cd565087","method":"GET","route":"/api/releases","status":200,"ms":7}
{"level":"http","request_id":"22df2f7333502883","method":"GET","route":"/api/account/orders","status":200,"ms":9}
{"level":"http","request_id":"177e9f29e7433e14","method":"GET","route":"/","status":200,"ms":4}
{"level":"http","request_id":"ba6a5d938c095dd6","method":"GET","route":"/_astro/hoisted.BvYizyfM.js","status":200,"ms":1}
{"level":"http","request_id":"8cc63f1d9af2ab94","method":"GET","route":"/film/table.mp4","status":404,"ms":1}
{"level":"http","request_id":"671f07f6a01baf37","method":"GET","route":"/","status":200,"ms":4}
{"level":"http","request_id":"ab94cb20d2e43b5e","method":"GET","route":"/film/table.mp4","status":404,"ms":2}
{"level":"http","request_id":"5f36ee020caf37f4","method":"GET","route":"/","status":200,"ms":2}
{"level":"http","request_id":"41ba2782eb7e6f71","method":"GET","route":"/admin","status":404,"ms":3}
{"level":"http","request_id":"03dfca42b353b2e3","method":"GET","route":"/staff","status":404,"ms":1}
{"level":"http","request_id":"e20185d876be9263","method":"GET","route":"/returns","status":404,"ms":1}
{"level":"http","request_id":"9ccd633f8c3851e6","method":"GET","route":"/rma","status":404,"ms":1}
{"level":"http","request_id":"0f17373834307448","method":"GET","route":"/jobs","status":404,"ms":1}
{"level":"http","request_id":"4ee9eae5b0cc1b74","method":"GET","route":"/careers","status":404,"ms":1}
{"level":"http","request_id":"571b11b0e364ef4f","method":"GET","route":"/terms","status":404,"ms":0}
{"level":"http","request_id":"dd00a442ebbe6f43","method":"GET","route":"/privacy","status":404,"ms":1}
{"level":"http","request_id":"dcc44f44081ddea4","method":"GET","route":"/admin/orders","status":404,"ms":7}
{"level":"http","request_id":"11f00e6956466e5c","method":"GET","route":"/staff/orders","status":404,"ms":2}
{"level":"http","request_id":"56a92fefdf1db893","method":"GET","route":"/returns/new","status":404,"ms":2}
{"level":"http","request_id":"77bdb16ba269b9f9","method":"GET","route":"/rma/new","status":404,"ms":1}
{"level":"http","request_id":"8faebe34f5f696c4","method":"GET","route":"/jobs/openings","status":404,"ms":1}
{"level":"http","request_id":"f43d7c30a756dad4","method":"GET","route":"/legal","status":404,"ms":1}
{"level":"http","request_id":"485b8db7c9cd3855","method":"GET","route":"/legal/terms","status":404,"ms":0}
{"level":"http","request_id":"100969657e5269cc","method":"GET","route":"/legal/privacy","status":404,"ms":1}
{"level":"http","request_id":"2a9159982aec2561","method":"GET","route":"/api/admin","status":404,"ms":1}
{"level":"http","request_id":"377f2bbe6f132d0f","method":"GET","route":"/api/staff","status":404,"ms":0}
{"level":"http","request_id":"c3673a963770e90c","method":"GET","route":"/api/returns","status":404,"ms":1}
{"level":"http","request_id":"bf73406a6083b201","method":"GET","route":"/api/rma","status":404,"ms":0}
{"level":"http","request_id":"f9c758b4cdb4c354","method":"GET","route":"/api/jobs","status":404,"ms":0}
{"level":"http","request_id":"58bd19bcc1736d4c","method":"GET","route":"/api/careers","status":404,"ms":0}
{"level":"http","request_id":"32c2abc8463fad62","method":"GET","route":"/api/legal","status":404,"ms":0}
{"level":"http","request_id":"4395610e81c76810","method":"GET","route":"/api/privacy","status":404,"ms":0}
{"level":"http","request_id":"655a4a9cde7740e7","method":"GET","route":"/_astro/hoisted.gcOrbbzp.js","status":200,"ms":3}
{"level":"http","request_id":"e27fd7cc6f10f0a0","method":"GET","route":"/robots.txt","status":404,"ms":2}
{"level":"http","request_id":"9fb0d170edf64981","method":"GET","route":"/sitemap-index.xml","status":404,"ms":1}
{"level":"http","request_id":"79977ce489567f84","method":"GET","route":"/sitemap-0.xml","status":404,"ms":1}
{"level":"http","request_id":"ca3e02a0a4dd6a91","method":"GET","route":"/signin","status":404,"ms":3}
{"level":"http","request_id":"ba5b083ed482a96d","method":"GET","route":"/_astro/hoisted.gcOrbbzp.js","status":200,"ms":1}
{"level":"http","request_id":"5cd5b9e114391754","method":"GET","route":"/_astro/_serial_.Br-zNhnN.css","status":200,"ms":2}
{"level":"http","request_id":"68d2aef97c7917ae","method":"GET","route":"/sign-in","status":200,"ms":4}
{"level":"http","request_id":"1571b853ac87b8fa","method":"GET","route":"/_astro/hoisted.D4lVKSIZ.js","status":200,"ms":1}
{"level":"http","request_id":"3275c0b3d791968f","method":"GET","route":"/_astro/client.B_lvX2o6.js","status":200,"ms":1}
{"level":"http","request_id":"f578b2ffbbf1a49b","method":"POST","route":"/api/auth/login","status":200,"ms":89}
{"level":"http","request_id":"49ec2d48b001dd38","method":"GET","route":"/account","status":200,"ms":1}
{"level":"http","request_id":"f28c4d72d0f7d750","method":"GET","route":"/_astro/hoisted.Xke-LRUO.js","status":200,"ms":1}
{"level":"http","request_id":"da656c367631d5b1","method":"GET","route":"/_astro/hoisted.ioRqvOaG.js","status":200,"ms":1}
{"level":"http","request_id":"9d19ccb16d39b98e","method":"GET","route":"/_astro/format.BaGEAqP4.js","status":200,"ms":1}
{"level":"http","request_id":"b8b3a65eea2d7a44","method":"GET","route":"/api/auth/me","status":200,"ms":3}
{"level":"http","request_id":"98173c5a944191df","method":"GET","route":"/api/account/devices","status":200,"ms":3}
{"level":"http","request_id":"a5ba163a148b388c","method":"GET","route":"/api/releases","status":200,"ms":7}
{"level":"http","request_id":"e19bf4ff4f9164b0","method":"GET","route":"/api/account/orders","status":200,"ms":9}
{"level":"http","request_id":"0b1e3d1d3af1cefe","method":"GET","route":"/","status":200,"ms":4}
{"level":"http","request_id":"fa6153a75418d7d1","method":"GET","route":"/_astro/hoisted.BvYizyfM.js","status":200,"ms":1}
{"level":"http","request_id":"de59ae659048a355","method":"GET","route":"/film/table.mp4","status":404,"ms":1}
{"level":"http","request_id":"00c2c05256fdfbdf","method":"GET","route":"/","status":200,"ms":3}
{"level":"http","request_id":"c349348fc98ad115","method":"GET","route":"/film/table.mp4","status":404,"ms":1}
{"level":"http","request_id":"6b409c08afe9f6ed","method":"GET","route":"/package.json","status":404,"ms":1}
{"level":"http","request_id":"a6ad5318fb95df46","method":"GET","route":"/robots.txt","status":404,"ms":3}
{"level":"http","request_id":"694fe148212c6e24","method":"GET","route":"/package-lock.json","status":404,"ms":1}
{"level":"http","request_id":"8812d1c53bb0daf2","method":"GET","route":"/pnpm-lock.yaml","status":404,"ms":1}
{"level":"http","request_id":"be6f4673f2f53740","method":"GET","route":"/yarn.lock","status":404,"ms":1}
{"level":"http","request_id":"bd1673392b4561fa","method":"GET","route":"/.well-known/appspecific/com.chrome.devtools.json","status":404,"ms":2}
{"level":"http","request_id":"e4774a82471cbe31","method":"GET","route":"/_astro/hoisted.gcOrbbzp.js","status":200,"ms":3}
{"level":"http","request_id":"acbd9d78d6e7cd41","method":"GET","route":"/_astro/hoisted.gcOrbbzp.js.map","status":404,"ms":4}
{"level":"http","request_id":"3d1d6a53da58888b","method":"GET","route":"/_astro/package.json","status":404,"ms":1}
{"level":"http","request_id":"c0d158bd699b0113","method":"GET","route":"/api/package.json","status":404,"ms":0}
{"level":"http","request_id":"d2d087f0dcc17408","method":"GET","route":"/manifest.json","status":404,"ms":1}
{"level":"http","request_id":"c30c57c13b8e5f01","method":"GET","route":"/_astro/manifest.json","status":404,"ms":1}
{"level":"http","request_id":"f955f65180ec9f3f","method":"GET","route":"/signin","status":404,"ms":4}
{"level":"http","request_id":"c275224247432ef7","method":"GET","route":"/_astro/hoisted.gcOrbbzp.js","status":200,"ms":1}
{"level":"http","request_id":"d97cd7e30860e30e","method":"GET","route":"/_astro/_serial_.Br-zNhnN.css","status":200,"ms":3}
{"level":"http","request_id":"8a98ba206a33b8f8","method":"GET","route":"/sign-in","status":200,"ms":2}
{"level":"http","request_id":"d025bd0be03a9b87","method":"GET","route":"/_astro/hoisted.D4lVKSIZ.js","status":200,"ms":1}
{"level":"http","request_id":"3a6d1a496a2a0093","method":"GET","route":"/_astro/client.B_lvX2o6.js","status":200,"ms":1}
{"level":"http","request_id":"ea356ba60f08da04","method":"POST","route":"/api/auth/login","status":200,"ms":88}
{"level":"http","request_id":"5846716976a3bec3","method":"GET","route":"/account","status":200,"ms":1}
{"level":"http","request_id":"e314b9f658064067","method":"GET","route":"/_astro/hoisted.Xke-LRUO.js","status":200,"ms":0}
{"level":"http","request_id":"a3d82682a25a7e8b","method":"GET","route":"/_astro/hoisted.ioRqvOaG.js","status":200,"ms":1}
{"level":"http","request_id":"b38b84a7735cd315","method":"GET","route":"/_astro/format.BaGEAqP4.js","status":200,"ms":0}
{"level":"http","request_id":"3938f3681c4b0d40","method":"GET","route":"/api/auth/me","status":200,"ms":1}
{"level":"http","request_id":"5305b5ae4f6fdeec","method":"GET","route":"/api/account/devices","status":200,"ms":3}
{"level":"http","request_id":"02261755bd3aa2c0","method":"GET","route":"/api/releases","status":200,"ms":6}
{"level":"http","request_id":"243e778c7698de95","method":"GET","route":"/api/account/orders","status":200,"ms":8}
{"level":"http","request_id":"74c04a9a321d9795","method":"GET","route":"/","status":200,"ms":5}
{"level":"http","request_id":"768809ef7713823e","method":"GET","route":"/_astro/hoisted.BvYizyfM.js","status":200,"ms":1}
{"level":"http","request_id":"9d3beb5de322fc25","method":"GET","route":"/film/table.mp4","status":404,"ms":1}
{"level":"http","request_id":"cd2d23d17bb4b8d8","method":"GET","route":"/","status":200,"ms":4}
{"level":"http","request_id":"dd2f9b4adf19bffa","method":"GET","route":"/film/table.mp4","status":404,"ms":1}
{"level":"http","request_id":"3e6aba50b606e806","method":"GET","route":"/","status":200,"ms":2}
{"level":"http","request_id":"ad8e0c7a451e4ed2","method":"GET","route":"/shop","status":200,"ms":20}
{"level":"http","request_id":"41e4bdfa1cc7cf75","method":"GET","route":"/downloads","status":200,"ms":4}
{"level":"http","request_id":"8b078cacb1810b47","method":"GET","route":"/account/cameras","status":200,"ms":1}
{"level":"http","request_id":"6fd9178d07116dbd","method":"GET","route":"/firmware","status":404,"ms":1}
{"level":"http","request_id":"ea8e6e2a515bf6a8","method":"GET","route":"/account/cameras","status":200,"ms":4}
{"level":"http","request_id":"841f9f845e5ae23e","method":"GET","route":"/_astro/hoisted.Cs-Avr8K.js","status":200,"ms":1}
{"level":"http","request_id":"6bd1b30f0409c3bc","method":"GET","route":"/api/auth/me","status":200,"ms":2}
{"level":"http","request_id":"8a7537642ca0c512","method":"GET","route":"/api/account/devices","status":200,"ms":3}
{"level":"http","request_id":"078b01880e991900","method":"GET","route":"/shop/flagship","status":200,"ms":7}
{"level":"http","request_id":"94c5d22d912fce0d","method":"GET","route":"/cart","status":200,"ms":1}
{"level":"http","request_id":"9c5ee5d3f505d766","method":"GET","route":"/checkout","status":404,"ms":1}
{"level":"http","request_id":"a946dd4b30ce7845","method":"GET","route":"/doctor","status":200,"ms":1}
{"level":"http","request_id":"99c7ba2c421d6a4c","method":"GET","route":"/account/orders","status":200,"ms":2}
{"level":"http","request_id":"a7afb7b9c5beb355","method":"GET","route":"/","status":200,"ms":13}
{"level":"http","request_id":"6ffb6d439eb9bee2","method":"GET","route":"/film/table.mp4","status":404,"ms":1}
{"level":"http","request_id":"cb726e27644cb94b","method":"GET","route":"/signin","status":404,"ms":2}
{"level":"http","request_id":"6e15ddccc513bd82","method":"GET","route":"/_astro/hoisted.gcOrbbzp.js","status":200,"ms":0}
{"level":"http","request_id":"7c43177102abada4","method":"GET","route":"/_astro/_serial_.Br-zNhnN.css","status":200,"ms":2}
{"level":"http","request_id":"6997b4e1c26b72cf","method":"GET","route":"/sign-in","status":200,"ms":1}
{"level":"http","request_id":"d1d3b7d2badc5106","method":"GET","route":"/_astro/hoisted.D4lVKSIZ.js","status":200,"ms":1}
{"level":"http","request_id":"551d3a354bd35e42","method":"GET","route":"/_astro/client.B_lvX2o6.js","status":200,"ms":1}
{"level":"http","request_id":"6d77d75a0e77475b","method":"POST","route":"/api/auth/login","status":200,"ms":89}
{"level":"http","request_id":"d93356d3b9e0744c","method":"GET","route":"/account","status":200,"ms":1}
{"level":"http","request_id":"5a695f684110ece9","method":"GET","route":"/_astro/hoisted.Xke-LRUO.js","status":200,"ms":0}
{"level":"http","request_id":"ce3d7e4b29e05f7c","method":"GET","route":"/_astro/hoisted.ioRqvOaG.js","status":200,"ms":1}
{"level":"http","request_id":"8b28723a0cd04825","method":"GET","route":"/_astro/format.BaGEAqP4.js","status":200,"ms":1}
{"level":"http","request_id":"7752528672662505","method":"GET","route":"/api/auth/me","status":200,"ms":1}
{"level":"http","request_id":"00060898f260bd01","method":"GET","route":"/api/account/devices","status":200,"ms":4}
{"level":"http","request_id":"214d507d235e6bb2","method":"GET","route":"/api/releases","status":200,"ms":8}
{"level":"http","request_id":"a07964b6b3cb2213","method":"GET","route":"/api/account/orders","status":200,"ms":9}
{"level":"http","request_id":"54d2040702e250f9","method":"GET","route":"/","status":200,"ms":4}
{"level":"http","request_id":"d4fcdef3f425a0a5","method":"GET","route":"/_astro/hoisted.BvYizyfM.js","status":200,"ms":2}
{"level":"http","request_id":"b7d2210d68f5e385","method":"GET","route":"/film/table.mp4","status":404,"ms":1}
{"level":"http","request_id":"c043b11aa03569d4","method":"GET","route":"/","status":200,"ms":3}
{"level":"http","request_id":"049e9571d72be4f4","method":"GET","route":"/film/table.mp4","status":404,"ms":1}
{"level":"http","request_id":"9a793d42b76e2c6d","method":"GET","route":"/","status":200,"ms":4}
{"level":"http","request_id":"9997198431bca747","method":"GET","route":"/_astro/hoisted.BvYizyfM.js","status":200,"ms":3}
{"level":"http","request_id":"ae3f06272202751e","method":"GET","route":"/shop","status":200,"ms":17}
{"level":"http","request_id":"6a45a09affa70866","method":"GET","route":"/shop","status":200,"ms":7}
{"level":"http","request_id":"c770a6670cd10bd9","method":"GET","route":"/_astro/hoisted.gcOrbbzp.js","status":200,"ms":2}
{"level":"http","request_id":"fe5e0b38e0d6d1ee","method":"GET","route":"/shop/flagship","status":200,"ms":8}
{"level":"http","request_id":"d4dbf50413348e0b","method":"GET","route":"/_astro/hoisted.BoHb2R5Z.js","status":200,"ms":1}
{"level":"http","request_id":"961018645f162f4f","method":"GET","route":"/shop/flagship","status":200,"ms":7}
{"level":"http","request_id":"e2ae3a64c1b7ab50","method":"GET","route":"/_astro/hoisted.BoHb2R5Z.js","status":200,"ms":4}
{"level":"http","request_id":"b2ca6e0a98d7a72a","method":"GET","route":"/_astro/client.B_lvX2o6.js","status":200,"ms":2}
{"level":"http","request_id":"a2aac640c587f146","method":"POST","route":"/api/cart/lines","status":200,"ms":24}
{"level":"http","request_id":"006de7826b161be6","method":"GET","route":"/downloads","status":200,"ms":7}
{"level":"http","request_id":"9dd240ab9b8901f3","method":"GET","route":"/_astro/hoisted.ClNHDGU4.js","status":200,"ms":1}
{"level":"http","request_id":"d281d1ca10b4565c","method":"GET","route":"/api/cart","status":200,"ms":2}
{"level":"http","request_id":"19c6267b7c00e933","method":"GET","route":"/account","status":200,"ms":5}
{"level":"http","request_id":"bbc27b74a3800f3f","method":"GET","route":"/api/cart","status":200,"ms":3}
{"level":"http","request_id":"1dbb1aaf768d3b60","method":"GET","route":"/api/auth/me","status":200,"ms":9}
{"level":"http","request_id":"78ad20845df0a6f9","method":"GET","route":"/api/account/orders","status":200,"ms":3}
{"level":"http","request_id":"04593c8b20a34afc","method":"GET","route":"/api/account/devices","status":200,"ms":3}
{"level":"http","request_id":"0f8950585edf0160","method":"GET","route":"/api/releases","status":200,"ms":7}
{"level":"http","request_id":"c0c874c8fc81d98a","method":"GET","route":"/account","status":200,"ms":3}
{"level":"http","request_id":"18d00bf35db3e1f2","method":"GET","route":"/_astro/hoisted.Xke-LRUO.js","status":200,"ms":2}
{"level":"http","request_id":"df56d50447599edc","method":"GET","route":"/_astro/hoisted.ioRqvOaG.js","status":200,"ms":2}
{"level":"http","request_id":"0a40cf64969139b8","method":"GET","route":"/doctor","status":200,"ms":1}
{"level":"http","request_id":"9fa84c3c403c32a3","method":"GET","route":"/_astro/hoisted.DDkGzPGZ.js","status":200,"ms":1}
{"level":"http","request_id":"faaca98d2c9f73cb","method":"GET","route":"/api/cart","status":200,"ms":9}
{"level":"http","request_id":"87b823f6bfe67d7d","method":"GET","route":"/cart","status":200,"ms":6}
{"level":"http","request_id":"fdfa617c8bca9054","method":"GET","route":"/_astro/hoisted.Dscve2us.js","status":200,"ms":1}
{"level":"http","request_id":"84610849818c1827","method":"GET","route":"/api/cart","status":200,"ms":3}
{"level":"http","request_id":"0883e6bfc0eb0bb4","method":"GET","route":"/api/cart","status":200,"ms":2}
{"level":"http","request_id":"513300c45b80dd19","method":"GET","route":"/checkout/where-it-goes","status":200,"ms":5}
{"level":"http","request_id":"97050568a5b23f24","method":"GET","route":"/_astro/hoisted.JVfgPCt5.js","status":200,"ms":1}
{"level":"http","request_id":"c3e3f0c88c953899","method":"GET","route":"/_astro/hoisted.Ddnr3Zo7.js","status":200,"ms":1}
{"level":"http","request_id":"a86db9efb646dad0","method":"GET","route":"/api/cart","status":200,"ms":2}
{"level":"http","request_id":"0437d73033a9d1c8","method":"GET","route":"/api/cart","status":200,"ms":2}
{"level":"http","request_id":"973f00c1f34e84f1","method":"GET","route":"/checkout/where-it-goes","status":200,"ms":2}
{"level":"http","request_id":"c23ab3f46b99507d","method":"GET","route":"/_astro/hoisted.JVfgPCt5.js","status":200,"ms":2}
{"level":"http","request_id":"f7f019dadc6441f7","method":"GET","route":"/_astro/hoisted.Ddnr3Zo7.js","status":200,"ms":3}
{"level":"http","request_id":"0dd2faae91f2bbd7","method":"GET","route":"/package.json","status":404,"ms":3}
{"level":"http","request_id":"833ccf5a4cbb462d","method":"GET","route":"/signin","status":404,"ms":1}
{"level":"http","request_id":"cc348c5b3cc87300","method":"GET","route":"/_astro/_serial_.Br-zNhnN.css","status":200,"ms":2}
{"level":"http","request_id":"1e7a5515e2d47dc0","method":"GET","route":"/_astro/hoisted.gcOrbbzp.js","status":200,"ms":1}
{"level":"http","request_id":"ebc0b0efed2582ca","method":"GET","route":"/sign-in","status":200,"ms":3}
{"level":"http","request_id":"de3291c69b4ba6b0","method":"GET","route":"/_astro/hoisted.D4lVKSIZ.js","status":200,"ms":1}
{"level":"http","request_id":"f08fac684eec4ebd","method":"GET","route":"/_astro/client.B_lvX2o6.js","status":200,"ms":0}
{"level":"http","request_id":"cfc1ea0d5444dda2","method":"POST","route":"/api/auth/login","status":200,"ms":89}
{"level":"http","request_id":"0ebb7bcdb2ff6841","method":"GET","route":"/account","status":200,"ms":1}
{"level":"http","request_id":"f2594840c67d80fb","method":"GET","route":"/_astro/hoisted.Xke-LRUO.js","status":200,"ms":1}
{"level":"http","request_id":"c5b6040a56d71fbe","method":"GET","route":"/_astro/hoisted.ioRqvOaG.js","status":200,"ms":1}
{"level":"http","request_id":"9998feb6e9bd9347","method":"GET","route":"/_astro/format.BaGEAqP4.js","status":200,"ms":1}
{"level":"http","request_id":"4772a43a8eb9087d","method":"GET","route":"/api/auth/me","status":200,"ms":2}
{"level":"http","request_id":"b1d8d4b469612800","method":"GET","route":"/api/account/devices","status":200,"ms":3}
{"level":"http","request_id":"24055ea8f4f4bcc2","method":"GET","route":"/api/releases","status":200,"ms":7}
{"level":"http","request_id":"4f0e5f20ee5a0090","method":"GET","route":"/api/account/orders","status":200,"ms":10}
{"level":"http","request_id":"f81d5ad1f7c68bad","method":"GET","route":"/","status":200,"ms":8}
{"level":"http","request_id":"9abfea487a28a11e","method":"GET","route":"/_astro/hoisted.BvYizyfM.js","status":200,"ms":1}
{"level":"http","request_id":"1730f54b6c0d5a71","method":"GET","route":"/film/table.mp4","status":404,"ms":1}
{"level":"http","request_id":"e5b3dd61e03b53c5","method":"GET","route":"/","status":200,"ms":6}
{"level":"http","request_id":"d716e1066c193707","method":"GET","route":"/film/table.mp4","status":404,"ms":2}
{"level":"http","request_id":"eb3ca5b7ea349c4d","method":"GET","route":"/","status":200,"ms":5}
{"level":"http","request_id":"1bbdc3329888e1af","method":"GET","route":"/shop/compact","status":200,"ms":21}
{"level":"http","request_id":"43b65f1a0fa4fef2","method":"GET","route":"/_astro/hoisted.BoHb2R5Z.js","status":200,"ms":1}
{"level":"http","request_id":"9cb24669dfc9cd54","method":"GET","route":"/shop/compact","status":200,"ms":4}
{"level":"http","request_id":"6d4e742e698d05ce","method":"GET","route":"/_astro/hoisted.BoHb2R5Z.js","status":200,"ms":2}
{"level":"http","request_id":"18b4f72c3ef1f0fa","method":"GET","route":"/_astro/client.B_lvX2o6.js","status":200,"ms":1}
{"level":"http","request_id":"a9eea7fb20530e2f","method":"POST","route":"/api/cart/lines","status":200,"ms":14}
{"level":"http","request_id":"7f94b4e50b7a76cf","method":"GET","route":"/cart","status":200,"ms":2}
{"level":"http","request_id":"5783cd79e7c103fb","method":"GET","route":"/_astro/hoisted.Dscve2us.js","status":200,"ms":1}
{"level":"http","request_id":"5c6202ccb0472ffe","method":"GET","route":"/api/cart","status":200,"ms":1}
{"level":"http","request_id":"150741546766efb4","method":"GET","route":"/api/cart","status":200,"ms":2}
{"level":"http","request_id":"44fa80d78162bf81","method":"GET","route":"/cart","status":200,"ms":2}
{"level":"http","request_id":"b41112c8c3e401dc","method":"GET","route":"/_astro/hoisted.Dscve2us.js","status":200,"ms":1}
{"level":"http","request_id":"ffde9918465c362f","method":"GET","route":"/_astro/format.BaGEAqP4.js","status":200,"ms":2}
{"level":"http","request_id":"43d2967e7e11d10b","method":"GET","route":"/checkout/where-it-goes","status":200,"ms":2}
{"level":"http","request_id":"eb5530e1cf16d811","method":"GET","route":"/_astro/hoisted.JVfgPCt5.js","status":200,"ms":1}
{"level":"http","request_id":"57ee081e79417d8c","method":"GET","route":"/_astro/hoisted.Ddnr3Zo7.js","status":200,"ms":1}
{"level":"http","request_id":"f7ed3d7fe31495cd","method":"GET","route":"/api/cart","status":200,"ms":1}
{"level":"http","request_id":"a94ff086d13ece08","method":"GET","route":"/api/cart","status":200,"ms":1}
{"level":"http","request_id":"de319a2ca2f72c0d","method":"GET","route":"/checkout/where-it-goes","status":200,"ms":3}
{"level":"http","request_id":"e8512785511aa7fb","method":"GET","route":"/_astro/hoisted.JVfgPCt5.js","status":200,"ms":3}
{"level":"http","request_id":"da26995bec561254","method":"GET","route":"/_astro/hoisted.Ddnr3Zo7.js","status":200,"ms":2}
{"level":"http","request_id":"71b1ab44145afc61","method":"POST","route":"/api/cart/delivery","status":200,"ms":8}
{"level":"http","request_id":"002e5b49f16be58d","method":"GET","route":"/checkout/how-it-gets-there","status":200,"ms":1}
{"level":"http","request_id":"b1f4b4b6b3d9f5fa","method":"GET","route":"/api/cart","status":200,"ms":3}
{"level":"http","request_id":"068b29f806bb039f","method":"GET","route":"/api/cart","status":200,"ms":1}
{"level":"http","request_id":"3008743a710e3f87","method":"POST","route":"/api/cart/delivery","status":200,"ms":8}
{"level":"http","request_id":"16d0e1a274918acb","method":"GET","route":"/checkout/payment","status":200,"ms":2}
{"level":"http","request_id":"4ae57f565bdfe4db","method":"GET","route":"/_astro/hoisted.BAao1uJk.js","status":200,"ms":1}
{"level":"http","request_id":"0787ac2e27f0c75f","method":"GET","route":"/api/cart","status":200,"ms":3}
{"level":"http","request_id":"246f6b5752cd37dd","method":"GET","route":"/api/cart","status":200,"ms":2}
{"level":"http","request_id":"056c6f8610afac14","method":"GET","route":"/api/cart","status":200,"ms":6}
{"level":"http","request_id":"2ceefc7c684c8c0d","method":"POST","route":"/api/orders","status":201,"ms":420}
{"level":"http","request_id":"21cbf5f7ddb1df79","method":"GET","route":"/orders/VE-2026-0006?access_token=rDsR-FyWFyhAth7WRpsSFJO_pzmntyOM","status":200,"ms":15}
{"level":"http","request_id":"bb95fbbba765126e","method":"GET","route":"/api/cart","status":200,"ms":1}
{"level":"http","request_id":"5facbba89cc70919","method":"GET","route":"/orders/VE-2026-0006?access_token=rDsR-FyWFyhAth7WRpsSFJO_pzmntyOM","status":200,"ms":7}
{"level":"http","request_id":"52bd2a6f723c1cb4","method":"GET","route":"/api/orders/VE-2026-0006","status":200,"ms":5}
{"level":"http","request_id":"f493fc8b95ee7c53","method":"GET","route":"/signin","status":404,"ms":5}
{"level":"http","request_id":"431ba48bd06b98fc","method":"GET","route":"/_astro/_serial_.Br-zNhnN.css","status":200,"ms":2}
{"level":"http","request_id":"4044a8ca28bd4505","method":"GET","route":"/_astro/hoisted.gcOrbbzp.js","status":200,"ms":1}
{"level":"http","request_id":"e0fa55cb3151753f","method":"GET","route":"/sign-in","status":200,"ms":2}
{"level":"http","request_id":"851ad07b9cd9e1d5","method":"GET","route":"/_astro/hoisted.D4lVKSIZ.js","status":200,"ms":1}
{"level":"http","request_id":"429f6b797442e03a","method":"GET","route":"/_astro/client.B_lvX2o6.js","status":200,"ms":1}
{"level":"http","request_id":"54faa94f801bee2a","method":"POST","route":"/api/auth/login","status":200,"ms":82}
{"level":"http","request_id":"f57bd87cdcd8f3c2","method":"GET","route":"/account","status":200,"ms":1}
{"level":"http","request_id":"5acf39a361f44493","method":"GET","route":"/_astro/hoisted.Xke-LRUO.js","status":200,"ms":0}
{"level":"http","request_id":"4a91ca0647039b51","method":"GET","route":"/_astro/hoisted.ioRqvOaG.js","status":200,"ms":1}
{"level":"http","request_id":"27ae421abd14ad54","method":"GET","route":"/_astro/format.BaGEAqP4.js","status":200,"ms":1}
{"level":"http","request_id":"fa68e16997c7054e","method":"GET","route":"/api/auth/me","status":200,"ms":1}
{"level":"http","request_id":"cd7331a7e9223e90","method":"GET","route":"/api/account/devices","status":200,"ms":3}
{"level":"http","request_id":"6dd5b32e8083a8a5","method":"GET","route":"/api/releases","status":200,"ms":6}
{"level":"http","request_id":"420b8fbcad38ca94","method":"GET","route":"/api/account/orders","status":200,"ms":9}
{"level":"http","request_id":"95d632f82371c0b3","method":"GET","route":"/","status":200,"ms":3}
{"level":"http","request_id":"b3cf1d6133ef5ea5","method":"GET","route":"/_astro/hoisted.BvYizyfM.js","status":200,"ms":2}
{"level":"http","request_id":"f2248507e0bde2dc","method":"GET","route":"/film/table.mp4","status":404,"ms":2}
{"level":"http","request_id":"f0651ea4f3cd5e5c","method":"GET","route":"/","status":200,"ms":5}
{"level":"http","request_id":"a416ee5734664429","method":"GET","route":"/","status":200,"ms":2}
{"level":"http","request_id":"34f939837575968b","method":"GET","route":"/film/table.mp4","status":404,"ms":1}
{"level":"http","request_id":"d5120057326d0e08","method":"GET","route":"/account/cameras","status":200,"ms":3}
{"level":"http","request_id":"e7e2a7b5af2bc76b","method":"GET","route":"/_astro/hoisted.Cs-Avr8K.js","status":200,"ms":1}
{"level":"http","request_id":"df9e4f30a9a8c7ed","method":"GET","route":"/api/auth/me","status":200,"ms":1}
{"level":"http","request_id":"563e31d5523aecf6","method":"GET","route":"/api/account/devices","status":200,"ms":3}
{"level":"http","request_id":"107f1dad462f2fbd","method":"GET","route":"/account/cameras","status":200,"ms":1}
{"level":"http","request_id":"2b7b111d741911bb","method":"GET","route":"/account/orders","status":200,"ms":2}
{"level":"http","request_id":"25926a6798d347b6","method":"GET","route":"/_astro/hoisted.BpdoDeoi.js","status":200,"ms":2}
{"level":"http","request_id":"404e8506b30282d8","method":"GET","route":"/api/auth/me","status":200,"ms":1}
{"level":"http","request_id":"3f82980c2f8ba43a","method":"GET","route":"/api/account/orders","status":200,"ms":2}
{"level":"http","request_id":"7161dfb0ff5e01f3","method":"GET","route":"/_astro/hoisted.Cs-Avr8K.js","status":200,"ms":7}
{"level":"http","request_id":"96f44a96eeae12a6","method":"GET","route":"/account/orders","status":200,"ms":3}
{"level":"http","request_id":"87d61f5bc7fc7374","method":"GET","route":"/account","status":200,"ms":1}
{"level":"http","request_id":"42585224d51d5137","method":"GET","route":"/_astro/hoisted.BpdoDeoi.js","status":200,"ms":2}
{"level":"http","request_id":"9977f736cec62f8e","method":"GET","route":"/_astro/hoisted.Xke-LRUO.js","status":200,"ms":1}
{"level":"http","request_id":"e8e816329c3db910","method":"GET","route":"/_astro/hoisted.ioRqvOaG.js","status":200,"ms":0}
{"level":"http","request_id":"a52c79903eb7ffcb","method":"GET","route":"/_astro/client.B_lvX2o6.js","status":200,"ms":0}
{"level":"http","request_id":"6303c0038e6ecd2d","method":"GET","route":"/account/orders/VE-2026-0006","status":200,"ms":6}
{"level":"http","request_id":"d7cc38f38ef9961c","method":"GET","route":"/_astro/hoisted.CZLy3NXk.js","status":200,"ms":2}
{"level":"http","request_id":"cc14777cc61f690b","method":"GET","route":"/api/auth/me","status":200,"ms":1}
{"level":"http","request_id":"ef1d750497770329","method":"GET","route":"/api/account/orders/VE-2026-0006","status":200,"ms":3}
{"level":"http","request_id":"8e7fb107bcb54041","method":"GET","route":"/_astro/hoisted.ioRqvOaG.js.map","status":404,"ms":3}
{"level":"http","request_id":"7a5ed85c96e980eb","method":"GET","route":"/_astro/client.B_lvX2o6.js.map","status":404,"ms":1}
{"level":"http","request_id":"60f02560a2134a24","method":"GET","route":"/api/auth/me","status":401,"ms":1}
{"level":"http","request_id":"00a02aaacaf9b7f0","method":"GET","route":"/api/account/orders","status":401,"ms":0}
{"level":"http","request_id":"6471a5855510895c","method":"GET","route":"/api/account/devices","status":401,"ms":0}
{"level":"http","request_id":"98405b6e67ba820b","method":"POST","route":"/api/auth/logout","status":200,"ms":4}
{"level":"http","request_id":"6c373ac6076a36df","method":"GET","route":"/","status":200,"ms":2}
{"level":"http","request_id":"45b1ee36d816444e","method":"GET","route":"/film/table.mp4","status":404,"ms":1}
{"level":"http","request_id":"3a9c31a94c8b0d49","method":"GET","route":"/sign-in?next=%2Faccount%2Forders","status":200,"ms":5}
{"level":"http","request_id":"f654751220e1ca59","method":"POST","route":"/api/auth/login","status":200,"ms":84}
{"level":"http","request_id":"8fb73700abc9f777","method":"GET","route":"/account/orders","status":200,"ms":1}
{"level":"http","request_id":"eece6ea688b84a15","method":"GET","route":"/api/auth/me","status":200,"ms":1}
{"level":"http","request_id":"c3e0ffef54950518","method":"GET","route":"/api/account/orders","status":200,"ms":2}
{"level":"http","request_id":"56f009b39c68ea3b","method":"GET","route":"/account/orders/VE-2026-0006","status":200,"ms":5}
{"level":"http","request_id":"3bc9a00f10caa24e","method":"GET","route":"/api/auth/me","status":200,"ms":2}
{"level":"http","request_id":"7cd15d48e3a23f1b","method":"GET","route":"/api/account/orders/VE-2026-0006","status":404,"ms":2}
{"level":"http","request_id":"d7719a9be9f94cfb","method":"GET","route":"/account/cameras","status":200,"ms":5}
{"level":"http","request_id":"94ee968695673dcb","method":"GET","route":"/api/auth/me","status":200,"ms":2}
{"level":"http","request_id":"fcc57245c000beca","method":"GET","route":"/api/account/devices","status":200,"ms":3}
{"level":"http","request_id":"bdc6f97d5ab6e2aa","method":"GET","route":"/account/cameras/VC2609PVDA7Q","status":200,"ms":4}
{"level":"http","request_id":"43fba6bdfa82b6a1","method":"GET","route":"/api/auth/me","status":200,"ms":2}
{"level":"http","request_id":"4b246c42ee740a36","method":"GET","route":"/api/account/devices","status":200,"ms":3}
{"level":"http","request_id":"dfb6fe2f06df946e","method":"GET","route":"/api/openapi.json","status":404,"ms":0}
{"level":"http","request_id":"712f9427e828315a","method":"GET","route":"/openapi.json","status":404,"ms":3}
{"level":"http","request_id":"92e3f407c7c0d529","method":"GET","route":"/api/docs","status":404,"ms":0}
{"level":"http","request_id":"a92ff8f95c8b3679","method":"GET","route":"/api/account/orders/VE-2026-0006","status":401,"ms":0}
{"level":"http","request_id":"0b1e1b5b24efe7ba","method":"GET","route":"/api/account/devices/VC2609PVDA7Q","status":404,"ms":1}
{"level":"http","request_id":"3e93c1b90e8fdd99","method":"GET","route":"/signin","status":404,"ms":3}
{"level":"http","request_id":"d8ebcb02c8fad24c","method":"GET","route":"/_astro/_serial_.Br-zNhnN.css","status":200,"ms":5}
{"level":"http","request_id":"8a4b3f9a3df6ce82","method":"GET","route":"/_astro/hoisted.gcOrbbzp.js","status":200,"ms":4}
{"level":"http","request_id":"2075fbc1a49b9a52","method":"GET","route":"/sign-in","status":200,"ms":2}
{"level":"http","request_id":"24204c1a6a561edc","method":"GET","route":"/_astro/hoisted.D4lVKSIZ.js","status":200,"ms":1}
{"level":"http","request_id":"d88854ba78577824","method":"GET","route":"/_astro/client.B_lvX2o6.js","status":200,"ms":1}
{"level":"http","request_id":"4d4043299b508bde","method":"POST","route":"/api/auth/login","status":200,"ms":90}
{"level":"http","request_id":"12236f64c1d0cb99","method":"GET","route":"/account","status":200,"ms":1}
{"level":"http","request_id":"ece18c532222a916","method":"GET","route":"/_astro/hoisted.Xke-LRUO.js","status":200,"ms":0}
{"level":"http","request_id":"1b5a4d24fb2f0b26","method":"GET","route":"/_astro/hoisted.ioRqvOaG.js","status":200,"ms":1}
{"level":"http","request_id":"9bb7a4aacf4e6909","method":"GET","route":"/_astro/format.BaGEAqP4.js","status":200,"ms":0}
{"level":"http","request_id":"3e20e58f867b8270","method":"GET","route":"/api/auth/me","status":200,"ms":1}
{"level":"http","request_id":"2f874cf448d57ac8","method":"GET","route":"/api/account/devices","status":200,"ms":4}
{"level":"http","request_id":"ca295defc562e9e3","method":"GET","route":"/api/releases","status":200,"ms":9}
{"level":"http","request_id":"4f6667a17974f000","method":"GET","route":"/api/account/orders","status":200,"ms":14}
{"level":"http","request_id":"f275b75d67800bfd","method":"GET","route":"/","status":200,"ms":3}
{"level":"http","request_id":"7eea4da06a65f5d4","method":"GET","route":"/_astro/hoisted.BvYizyfM.js","status":200,"ms":1}
{"level":"http","request_id":"b9dbbb089dcaaa01","method":"GET","route":"/film/table.mp4","status":404,"ms":1}
{"level":"http","request_id":"86685165eba36cc0","method":"GET","route":"/","status":200,"ms":3}
{"level":"http","request_id":"f373b554f664c652","method":"GET","route":"/film/table.mp4","status":404,"ms":1}
{"level":"http","request_id":"65dd45d80f953e0b","method":"GET","route":"/","status":200,"ms":4}
{"level":"http","request_id":"ebfa2b6420914079","method":"GET","route":"/shop","status":200,"ms":24}
{"level":"http","request_id":"19e24cc8768d2b4e","method":"GET","route":"/shop","status":200,"ms":7}
{"level":"http","request_id":"c0d65d67f141a286","method":"GET","route":"/_astro/hoisted.gcOrbbzp.js","status":200,"ms":2}
{"level":"http","request_id":"492a38acc17063a7","method":"GET","route":"/downloads","status":200,"ms":13}
{"level":"http","request_id":"f6fb8ffa3425e423","method":"GET","route":"/account/cameras","status":200,"ms":1}
{"level":"http","request_id":"2e2582c70a4b2632","method":"GET","route":"/api/products","status":200,"ms":10}
{"level":"http","request_id":"4518731c44c122fe","method":"GET","route":"/api/releases","status":200,"ms":1}
{"level":"http","request_id":"d7ed4fda663b3377","method":"GET","route":"/api/firmware","status":404,"ms":1}
{"level":"http","request_id":"2b17df59447cf463","method":"GET","route":"/api/account/cameras","status":404,"ms":0}
{"level":"http","request_id":"c9281fe9341823b2","method":"GET","route":"/_astro/hoisted.Cs-Avr8K.js","status":200,"ms":1}
{"level":"http","request_id":"7863241b98fd27ea","method":"GET","route":"/_astro/hoisted.ioRqvOaG.js","status":200,"ms":2}
{"level":"http","request_id":"0ef69e3f017d7a2d","method":"GET","route":"/account/cameras","status":200,"ms":3}
{"level":"http","request_id":"f1510cf32ea5b5c9","method":"GET","route":"/_astro/hoisted.Cs-Avr8K.js","status":200,"ms":2}
{"level":"http","request_id":"7547426aca41cdbb","method":"GET","route":"/api/auth/me","status":200,"ms":2}
{"level":"http","request_id":"d03530434a0057c3","method":"GET","route":"/api/account/devices","status":200,"ms":3}
{"level":"http","request_id":"99d738b0835d115b","method":"GET","route":"/_astro/client.B_lvX2o6.js","status":200,"ms":2}
{"level":"http","request_id":"1a79b07db45e749d","method":"GET","route":"/package.json","status":404,"ms":4}
{"level":"http","request_id":"dc4b2f29a28f3b94","method":"GET","route":"/src/lib/seed.ts","status":404,"ms":2}
{"level":"http","request_id":"26e20683973e34ae","method":"GET","route":"/src/db/seed.ts","status":404,"ms":2}
{"level":"http","request_id":"e3e6159bb88e6296","method":"GET","route":"/seed.ts","status":404,"ms":1}
{"level":"http","request_id":"2afa251cfc6afd23","method":"GET","route":"/api/openapi.json","status":404,"ms":0}
{"level":"http","request_id":"cc5039ee0b820c00","method":"GET","route":"/openapi.json","status":404,"ms":1}
{"level":"http","request_id":"c3baa42cc3ccafb4","method":"GET","route":"/_astro/client.B_lvX2o6.js.map","status":404,"ms":1}
{"level":"http","request_id":"d138712cab684720","method":"GET","route":"/robots.txt","status":404,"ms":1}
{"level":"http","request_id":"48209d8a57991cab","method":"GET","route":"/doctor","status":200,"ms":5}
{"level":"http","request_id":"6130cff84a7625cc","method":"GET","route":"/_astro/hoisted.DDkGzPGZ.js","status":200,"ms":2}
{"level":"http","request_id":"8ea77ca4b503e8dc","method":"GET","route":"/_astro/hoisted.C5jguIjs.js","status":404,"ms":3}
{"level":"http","request_id":"a9d886e21f08fe75","method":"GET","route":"/doctor","status":200,"ms":3}
{"level":"http","request_id":"fd4f76f02afb88b6","method":"GET","route":"/_astro/hoisted.DDkGzPGZ.js","status":200,"ms":3}
{"level":"http","request_id":"cf68608a123fbf9e","method":"GET","route":"/api/doctor/device","status":200,"ms":18}
{"level":"http","request_id":"5d6eb3c8081b77bf","method":"GET","route":"/api/firmware/manifest","status":200,"ms":2}
{"level":"http","request_id":"ed0dc2161b600d5b","method":"GET","route":"/api/shipping/methods","status":404,"ms":0}
{"level":"http","request_id":"472bcff9f45496e3","method":"GET","route":"/api/shipment-protection","status":404,"ms":1}
{"level":"http","request_id":"60e6ec7d63a55882","method":"GET","route":"/api/cart","status":200,"ms":4}
{"level":"http","request_id":"6e534ba1cfbd44b9","method":"GET","route":"/signin","status":404,"ms":4}
{"level":"http","request_id":"7c1aacba3963fffa","method":"GET","route":"/_astro/_serial_.Br-zNhnN.css","status":200,"ms":1}
{"level":"http","request_id":"5466ed2e899ff546","method":"GET","route":"/_astro/hoisted.gcOrbbzp.js","status":200,"ms":1}
{"level":"http","request_id":"970183f752091021","method":"GET","route":"/sign-in","status":200,"ms":2}
{"level":"http","request_id":"9ab64943a4079cbf","method":"GET","route":"/_astro/hoisted.D4lVKSIZ.js","status":200,"ms":1}
{"level":"http","request_id":"34ab20aa6fc81c5f","method":"GET","route":"/_astro/client.B_lvX2o6.js","status":200,"ms":1}
{"level":"http","request_id":"69fcb56d5046f409","method":"POST","route":"/api/auth/login","status":200,"ms":83}
{"level":"http","request_id":"828c04ef3e420f67","method":"GET","route":"/account","status":200,"ms":1}
{"level":"http","request_id":"c1cc74fdbfce2cab","method":"GET","route":"/_astro/hoisted.Xke-LRUO.js","status":200,"ms":0}
{"level":"http","request_id":"0de41b95625210f3","method":"GET","route":"/_astro/hoisted.ioRqvOaG.js","status":200,"ms":0}
{"level":"http","request_id":"6c170ed7d1b0a8c1","method":"GET","route":"/_astro/format.BaGEAqP4.js","status":200,"ms":1}
{"level":"http","request_id":"faa9fb19c54f6ce0","method":"GET","route":"/api/auth/me","status":200,"ms":1}
{"level":"http","request_id":"ab37f4d6b53c1a29","method":"GET","route":"/api/account/devices","status":200,"ms":2}
{"level":"http","request_id":"e5f5e7c75a15154b","method":"GET","route":"/api/releases","status":200,"ms":7}
{"level":"http","request_id":"8eb0bc94a57a6123","method":"GET","route":"/api/account/orders","status":200,"ms":10}
{"level":"http","request_id":"ecdf600b5e6bc2c1","method":"GET","route":"/","status":200,"ms":4}
{"level":"http","request_id":"0bf1a3b80d7d5cbf","method":"GET","route":"/_astro/hoisted.BvYizyfM.js","status":200,"ms":1}
{"level":"http","request_id":"82889fd78dacf342","method":"GET","route":"/film/table.mp4","status":404,"ms":2}
{"level":"http","request_id":"d9d181517354fd93","method":"GET","route":"/","status":200,"ms":2}
{"level":"http","request_id":"d34252605bf28096","method":"GET","route":"/film/table.mp4","status":404,"ms":2}
{"level":"http","request_id":"7bd91b5bf9ed6c75","method":"GET","route":"/","status":200,"ms":6}
{"level":"http","request_id":"ffeb3f077ec1f65c","method":"GET","route":"/_astro/hoisted.BvYizyfM.js","status":200,"ms":3}
{"level":"http","request_id":"8801752eb5c047bd","method":"GET","route":"/_astro/hoisted.BvYizyfM.js.map","status":404,"ms":2}
{"level":"http","request_id":"e52bc92ef0e2790e","method":"GET","route":"/robots.txt","status":404,"ms":1}
{"level":"http","request_id":"41318b942fa850c6","method":"GET","route":"/sitemap-index.xml","status":404,"ms":1}
{"level":"http","request_id":"7d5245dabecd7e36","method":"GET","route":"/package.json","status":404,"ms":1}
{"level":"http","request_id":"7c96f8eee7bed8c3","method":"GET","route":"/src/config.ts","status":404,"ms":4}
{"level":"http","request_id":"23f19517c9faf3b8","method":"GET","route":"/src/lib/config.ts","status":404,"ms":2}
{"level":"http","request_id":"c118deb95a1c1361","method":"GET","route":"/src/config.js","status":404,"ms":1}
{"level":"http","request_id":"5951db94f850d7d0","method":"GET","route":"/.env","status":404,"ms":1}
{"level":"http","request_id":"b2da26116c7083b5","method":"GET","route":"/_astro/manifest.json","status":404,"ms":1}
{"level":"http","request_id":"eabf9e9fa6c93ec1","method":"GET","route":"/_astro/hoisted.gcOrbbzp.js","status":200,"ms":0}
{"level":"http","request_id":"333d2477c6d08ef9","method":"GET","route":"/signin","status":404,"ms":7}
{"level":"http","request_id":"0cd67cbd24ac05e1","method":"GET","route":"/_astro/hoisted.gcOrbbzp.js","status":200,"ms":1}
{"level":"http","request_id":"b534266ca57509d8","method":"GET","route":"/_astro/_serial_.Br-zNhnN.css","status":200,"ms":1}
{"level":"http","request_id":"03bda860bf1665c9","method":"GET","route":"/sign-in","status":200,"ms":2}
{"level":"http","request_id":"34820e856a591a3a","method":"GET","route":"/_astro/hoisted.D4lVKSIZ.js","status":200,"ms":1}
{"level":"http","request_id":"5fdd1296a990a38a","method":"GET","route":"/_astro/client.B_lvX2o6.js","status":200,"ms":1}
{"level":"http","request_id":"945aafa53b92c85d","method":"POST","route":"/api/auth/login","status":200,"ms":90}
{"level":"http","request_id":"ac8b5f320e935e72","method":"GET","route":"/account","status":200,"ms":1}
{"level":"http","request_id":"d6b84979bcf0dc21","method":"GET","route":"/_astro/hoisted.Xke-LRUO.js","status":200,"ms":1}
{"level":"http","request_id":"68c7747ff77ce92d","method":"GET","route":"/_astro/hoisted.ioRqvOaG.js","status":200,"ms":1}
{"level":"http","request_id":"bc4a6b2c216ed514","method":"GET","route":"/_astro/format.BaGEAqP4.js","status":200,"ms":1}
{"level":"http","request_id":"dd201d039e981d9a","method":"GET","route":"/api/auth/me","status":200,"ms":2}
{"level":"http","request_id":"e43f51641ca2a807","method":"GET","route":"/api/account/devices","status":200,"ms":4}
{"level":"http","request_id":"50828887b5e61cb6","method":"GET","route":"/api/releases","status":200,"ms":7}
{"level":"http","request_id":"6a7a5fc9e497b895","method":"GET","route":"/api/account/orders","status":200,"ms":9}
{"level":"http","request_id":"e02cbae368b06080","method":"GET","route":"/","status":200,"ms":2}
{"level":"http","request_id":"6a4270b5580c34a5","method":"GET","route":"/_astro/hoisted.BvYizyfM.js","status":200,"ms":1}
{"level":"http","request_id":"2fbda90f9af57f4d","method":"GET","route":"/film/table.mp4","status":404,"ms":1}
{"level":"http","request_id":"8e546611d55253a9","method":"GET","route":"/","status":200,"ms":5}
{"level":"http","request_id":"ddb9045a735e7d14","method":"GET","route":"/film/table.mp4","status":404,"ms":1}
{"level":"http","request_id":"8130614d9fbeb0ad","method":"GET","route":"/","status":200,"ms":4}
{"level":"http","request_id":"4ea2f3bb10fbc34a","method":"GET","route":"/shop","status":200,"ms":12}
{"level":"http","request_id":"6099aae78b53d4a4","method":"GET","route":"/downloads","status":200,"ms":5}
{"level":"http","request_id":"edd04df8589dd083","method":"GET","route":"/_astro/hoisted.ClNHDGU4.js","status":200,"ms":1}
{"level":"http","request_id":"f813c1ba1f32cb50","method":"GET","route":"/downloads","status":200,"ms":14}
{"level":"http","request_id":"ee115396b235c26f","method":"GET","route":"/_astro/hoisted.ClNHDGU4.js","status":200,"ms":2}
{"level":"http","request_id":"c85a2e793099d3d0","method":"GET","route":"/downloads/1.4.3","status":200,"ms":18}
{"level":"http","request_id":"c684701b1b29f600","method":"GET","route":"/downloads/arranger/1.4.3","status":404,"ms":1}
{"level":"http","request_id":"44c8878ab9d37f4b","method":"GET","route":"/releases/1.4.3","status":404,"ms":1}
{"level":"http","request_id":"977212a89741339a","method":"GET","route":"/downloads/release/1.4.3","status":404,"ms":1}
{"level":"http","request_id":"22cf0aed165be3ad","method":"GET","route":"/_astro/hoisted.ClNHDGU4.js.map","status":404,"ms":1}
{"level":"http","request_id":"0120ad1fc7df639c","method":"GET","route":"/src/pages/downloads.astro","status":404,"ms":3}
{"level":"http","request_id":"f6567432d14a2885","method":"GET","route":"/src/pages/downloads/[version].astro","status":404,"ms":1}
{"level":"http","request_id":"73a5c4c3f1021e63","method":"GET","route":"/src/data/releases.ts","status":404,"ms":1}
{"level":"http","request_id":"03d7c40faf333bce","method":"GET","route":"/src/lib/releases.ts","status":404,"ms":1}
{"level":"http","request_id":"d4c501ed6fdee14e","method":"GET","route":"/package.json","status":404,"ms":1}
{"level":"http","request_id":"ab28f67e91f83c5e","method":"GET","route":"/.git/HEAD","status":404,"ms":1}
{"level":"http","request_id":"3e98ee965d8ef77a","method":"GET","route":"/astro.config.mjs","status":404,"ms":1}
{"level":"http","request_id":"2d693982fc90eb3c","method":"GET","route":"/downloads/1.4.3","status":200,"ms":4}
{"level":"http","request_id":"99f9b0b9729e0154","method":"GET","route":"/_astro/hoisted.s5429CEG.js","status":200,"ms":1}

--- stderr ---

