exit=0

--- stdout ---

--- stderr ---
#0 building with "desktop-linux" instance using docker driver

#1 [internal] load build definition from Dockerfile
#1 transferring dockerfile: 844B done
#1 DONE 0.0s

#2 [internal] load metadata for docker.io/library/node:20-bookworm-slim
#2 ...

#3 [auth] library/node:pull token for registry-1.docker.io
#3 DONE 0.0s

#2 [internal] load metadata for docker.io/library/node:20-bookworm-slim
#2 DONE 1.6s

#4 [internal] load .dockerignore
#4 transferring context: 133B done
#4 DONE 0.0s

#5 [build 1/6] FROM docker.io/library/node:20-bookworm-slim@sha256:2cf067cfed83d5ea958367df9f966191a942351a2df77d6f0193e162b5febfc0
#5 resolve docker.io/library/node:20-bookworm-slim@sha256:2cf067cfed83d5ea958367df9f966191a942351a2df77d6f0193e162b5febfc0 0.0s done
#5 DONE 0.0s

#6 [build 2/6] WORKDIR /app
#6 CACHED

#7 [internal] load build context
#7 transferring context: 569.95kB 0.0s done
#7 DONE 0.0s

#8 [build 3/6] COPY package.json package-lock.json ./
#8 DONE 0.0s

#9 [runtime 4/6] RUN npm ci --omit=dev --no-audit --no-fund
#9 0.506 npm warn EBADENGINE Unsupported engine {
#9 0.506 npm warn EBADENGINE   package: 'undici@8.10.2',
#9 0.506 npm warn EBADENGINE   required: { node: '>=22.19.0' },
#9 0.506 npm warn EBADENGINE   current: { node: 'v20.20.2', npm: '10.8.2' }
#9 0.506 npm warn EBADENGINE }
#9 2.162 npm warn deprecated tsconfck@3.1.6: unmaintained
#9 4.551 
#9 4.551 added 321 packages in 4s
#9 4.552 npm notice
#9 4.552 npm notice New major version of npm available! 10.8.2 -> 12.0.2
#9 4.552 npm notice Changelog: https://github.com/npm/cli/releases/tag/v12.0.2
#9 4.552 npm notice To update run: npm install -g npm@12.0.2
#9 4.552 npm notice
#9 DONE 5.3s

#10 [build 4/6] RUN npm ci --no-audit --no-fund
#10 0.504 npm warn EBADENGINE Unsupported engine {
#10 0.504 npm warn EBADENGINE   package: 'undici@8.10.2',
#10 0.504 npm warn EBADENGINE   required: { node: '>=22.19.0' },
#10 0.504 npm warn EBADENGINE   current: { node: 'v20.20.2', npm: '10.8.2' }
#10 0.504 npm warn EBADENGINE }
#10 1.765 npm warn deprecated tsconfck@3.1.6: unmaintained
#10 4.615 
#10 4.615 added 323 packages in 4s
#10 4.616 npm notice
#10 4.616 npm notice New major version of npm available! 10.8.2 -> 12.0.2
#10 4.616 npm notice Changelog: https://github.com/npm/cli/releases/tag/v12.0.2
#10 4.616 npm notice To update run: npm install -g npm@12.0.2
#10 4.616 npm notice
#10 DONE 5.3s

#11 [build 5/6] COPY . .
#11 DONE 0.1s

#12 [build 6/6] RUN npm run build && node scripts/build-server.mjs
#12 0.199 
#12 0.199 > vela-storefront@1.0.0 build
#12 0.199 > astro build
#12 0.199 
#12 0.746 08:17:18 [@astrojs/node] Enabling sessions with filesystem storage
#12 0.833 08:17:18 [content] Syncing content
#12 0.836 08:17:18 [content] Synced content
#12 0.836 08:17:18 [types] Generated 73ms
#12 0.837 08:17:18 [build] output: "server"
#12 0.837 08:17:18 [build] mode: "server"
#12 0.837 08:17:18 [build] directory: /app/dist/
#12 0.837 08:17:18 [build] adapter: @astrojs/node
#12 0.837 08:17:18 [build] Collecting build info...
#12 0.837 08:17:18 [build] ✓ Completed in 92ms.
#12 0.838 08:17:18 [build] Building server entrypoints...
#12 2.147 08:17:20 [vite] ✓ built in 1.29s
#12 2.147 08:17:20 [build] ✓ Completed in 1.31s.
#12 2.147 
#12 2.147  building client (vite) 
#12 2.161 08:17:20 [vite] transforming...
#12 2.194 08:17:20 [vite] ✓ 13 modules transformed.
#12 2.204 08:17:20 [vite] rendering chunks...
#12 2.209 08:17:20 [vite] computing gzip size...
#12 2.210 08:17:20 [vite] dist/client/_astro/doctor.astro_astro_type_script_index_0_lang.PbG9dGac.js  6.63 kB │ gzip: 2.48 kB
#12 2.210 08:17:20 [vite] ✓ built in 61ms
#12 2.221 
#12 2.221  prerendering static routes 
#12 2.222 08:17:20 ✓ Completed in 7ms.
#12 2.222 
#12 2.222 08:17:20 [build] Rearranging server assets...
#12 2.224 08:17:20 [build] Server built in 1.48s
#12 2.224 08:17:20 [build] Complete!
#12 2.283 dist/server/entrypoint.mjs written
#12 DONE 2.3s

#13 [runtime 5/6] COPY --from=build /app/dist ./dist
#13 DONE 0.1s

#14 [runtime 6/6] RUN mkdir -p /app/.browser_screenshots /app/.downloads
#14 DONE 0.1s

#15 exporting to image
#15 exporting layers
#15 exporting layers 4.5s done
#15 exporting manifest sha256:15090df924b2bdb62087f9357205fb7ec001455f902eed98dedfa265f89eedf6 done
#15 exporting config sha256:02f65614ef78664ce0f04d133b240702c35d958a906bb58d057c597150f8d427 done
#15 exporting attestation manifest sha256:505a782712f4b5efd2839600e15ecb1cdbf38055b4dc8e06c42852808daa1546 done
#15 exporting manifest list sha256:7a72138f5162cbb9e0db1a634b36fdee4c64d8d84248a512aae2481c0d829f5c done
#15 naming to docker.io/library/deku-fresh-app-e0f889a5-7a3b-5a05-a837-43ac155857a6:latest done
#15 unpacking to docker.io/library/deku-fresh-app-e0f889a5-7a3b-5a05-a837-43ac155857a6:latest
#15 unpacking to docker.io/library/deku-fresh-app-e0f889a5-7a3b-5a05-a837-43ac155857a6:latest 1.4s done
#15 DONE 6.0s

