exit=0

--- stdout ---

--- stderr ---
#0 building with "colima" instance using docker driver

#1 [internal] load build definition from Dockerfile
#1 transferring dockerfile: 984B done
#1 DONE 0.0s

#2 [internal] load metadata for docker.io/library/python:3.12-slim
#2 DONE 0.4s

#3 [internal] load .dockerignore
#3 transferring context: 161B done
#3 DONE 0.0s

#4 [1/8] FROM docker.io/library/python:3.12-slim@sha256:78387bc3881b8273120a12ebe6c1ab22b018ccc2c9adf565ae1ac9b536e184ea
#4 resolve docker.io/library/python:3.12-slim@sha256:78387bc3881b8273120a12ebe6c1ab22b018ccc2c9adf565ae1ac9b536e184ea done
#4 DONE 0.0s

#5 [2/8] WORKDIR /app
#5 CACHED

#6 [internal] load build context
#6 transferring context: 451.89kB 0.0s done
#6 DONE 0.0s

#7 [3/8] COPY requirements.txt ./
#7 DONE 0.0s

#8 [4/8] RUN pip install --no-cache-dir -r requirements.txt
#8 1.670 Collecting flask==3.1.0 (from -r requirements.txt (line 1))
#8 1.734   Downloading flask-3.1.0-py3-none-any.whl.metadata (2.7 kB)
#8 1.793 Collecting gunicorn==23.0.0 (from -r requirements.txt (line 2))
#8 1.803   Downloading gunicorn-23.0.0-py3-none-any.whl.metadata (4.4 kB)
#8 1.855 Collecting psycopg==3.2.3 (from psycopg[binary]==3.2.3->-r requirements.txt (line 3))
#8 1.866   Downloading psycopg-3.2.3-py3-none-any.whl.metadata (4.3 kB)
#8 2.119 Collecting pillow==11.3.0 (from -r requirements.txt (line 4))
#8 2.128   Downloading pillow-11.3.0-cp312-cp312-manylinux_2_27_aarch64.manylinux_2_28_aarch64.whl.metadata (9.0 kB)
#8 2.246 Collecting Werkzeug>=3.1 (from flask==3.1.0->-r requirements.txt (line 1))
#8 2.255   Downloading werkzeug-3.1.8-py3-none-any.whl.metadata (4.0 kB)
#8 2.308 Collecting Jinja2>=3.1.2 (from flask==3.1.0->-r requirements.txt (line 1))
#8 2.318   Downloading jinja2-3.1.6-py3-none-any.whl.metadata (2.9 kB)
#8 2.360 Collecting itsdangerous>=2.2 (from flask==3.1.0->-r requirements.txt (line 1))
#8 2.367   Downloading itsdangerous-2.2.0-py3-none-any.whl.metadata (1.9 kB)
#8 2.418 Collecting click>=8.1.3 (from flask==3.1.0->-r requirements.txt (line 1))
#8 2.426   Downloading click-8.5.0-py3-none-any.whl.metadata (2.6 kB)
#8 2.467 Collecting blinker>=1.9 (from flask==3.1.0->-r requirements.txt (line 1))
#8 2.476   Downloading blinker-1.9.0-py3-none-any.whl.metadata (1.6 kB)
#8 2.520 Collecting packaging (from gunicorn==23.0.0->-r requirements.txt (line 2))
#8 2.528   Downloading packaging-26.3-py3-none-any.whl.metadata (3.5 kB)
#8 2.572 Collecting typing-extensions>=4.6 (from psycopg==3.2.3->psycopg[binary]==3.2.3->-r requirements.txt (line 3))
#8 2.581   Downloading typing_extensions-4.16.0-py3-none-any.whl.metadata (3.3 kB)
#8 2.800 Collecting psycopg-binary==3.2.3 (from psycopg[binary]==3.2.3->-r requirements.txt (line 3))
#8 2.813   Downloading psycopg_binary-3.2.3-cp312-cp312-manylinux_2_17_aarch64.manylinux2014_aarch64.whl.metadata (2.8 kB)
#8 2.884 Collecting MarkupSafe>=2.0 (from Jinja2>=3.1.2->flask==3.1.0->-r requirements.txt (line 1))
#8 2.892   Downloading markupsafe-3.0.3-cp312-cp312-manylinux2014_aarch64.manylinux_2_17_aarch64.manylinux_2_28_aarch64.whl.metadata (2.7 kB)
#8 2.908 Downloading flask-3.1.0-py3-none-any.whl (102 kB)
#8 2.930 Downloading gunicorn-23.0.0-py3-none-any.whl (85 kB)
#8 2.946 Downloading psycopg-3.2.3-py3-none-any.whl (197 kB)
#8 2.971 Downloading pillow-11.3.0-cp312-cp312-manylinux_2_27_aarch64.manylinux_2_28_aarch64.whl (6.0 MB)
#8 3.317    ━━━━━━━━━━━━━━━━━━━━━━━━━━━━━━━━━━━━━━━━ 6.0/6.0 MB 17.5 MB/s eta 0:00:00
#8 3.327 Downloading psycopg_binary-3.2.3-cp312-cp312-manylinux_2_17_aarch64.manylinux2014_aarch64.whl (4.4 MB)
#8 3.799    ━━━━━━━━━━━━━━━━━━━━━━━━━━━━━━━━━━━━━━━━ 4.4/4.4 MB 9.4 MB/s eta 0:00:00
#8 3.807 Downloading blinker-1.9.0-py3-none-any.whl (8.5 kB)
#8 3.819 Downloading click-8.5.0-py3-none-any.whl (125 kB)
#8 3.841 Downloading itsdangerous-2.2.0-py3-none-any.whl (16 kB)
#8 3.852 Downloading jinja2-3.1.6-py3-none-any.whl (134 kB)
#8 3.872 Downloading typing_extensions-4.16.0-py3-none-any.whl (45 kB)
#8 3.887 Downloading werkzeug-3.1.8-py3-none-any.whl (226 kB)
#8 3.918 Downloading packaging-26.3-py3-none-any.whl (129 kB)
#8 3.959 Downloading markupsafe-3.0.3-cp312-cp312-manylinux2014_aarch64.manylinux_2_17_aarch64.manylinux_2_28_aarch64.whl (24 kB)
#8 3.987 Installing collected packages: typing-extensions, psycopg-binary, pillow, packaging, MarkupSafe, itsdangerous, click, blinker, Werkzeug, psycopg, Jinja2, gunicorn, flask
#8 4.892 Successfully installed Jinja2-3.1.6 MarkupSafe-3.0.3 Werkzeug-3.1.8 blinker-1.9.0 click-8.5.0 flask-3.1.0 gunicorn-23.0.0 itsdangerous-2.2.0 packaging-26.3 pillow-11.3.0 psycopg-3.2.3 psycopg-binary-3.2.3 typing-extensions-4.16.0
#8 4.892 WARNING: Running pip as the 'root' user can result in broken permissions and conflicting behaviour with the system package manager, possibly rendering your system unusable. It is recommended to use a virtual environment instead: https://pip.pypa.io/warnings/venv. Use the --root-user-action option if you know what you are doing and want to suppress this warning.
#8 5.150 
#8 5.150 [notice] A new release of pip is available: 25.0.1 -> 26.2.1
#8 5.150 [notice] To update, run: pip install --upgrade pip
#8 DONE 5.5s

#9 [5/8] COPY cirrus ./cirrus
#9 DONE 0.1s

#10 [6/8] COPY run.py wsgi.py gunicorn.conf.py ./
#10 DONE 0.0s

#11 [7/8] RUN python -c "from cirrus.media import build_grain_tile, render_share_image; import os; b=os.path.join(os.getcwd(),'cirrus','static','build'); build_grain_tile(os.path.join(b,'grain.png')); render_share_image(os.path.join(b,'share.png'))"
#11 DONE 1.3s

#12 [8/8] RUN mkdir -p /app/.browser_screenshots /app/.downloads
#12 DONE 0.2s

#13 exporting to image
#13 exporting layers
#13 exporting layers 1.4s done
#13 exporting manifest sha256:65b82752d95713f9d6d70939288bd794260a9a853382150d8b4d2e1c0e41fe14 done
#13 exporting config sha256:72d5eb4e6cf5518171214453914bd1635a5bc4f7c93a35467b473aa26a608fcd done
#13 exporting attestation manifest sha256:00b9442aeeccef64d986d94697c7c22fe38960c7f3758d467be955141ac4ca20 done
#13 exporting manifest list sha256:e9d61193e4ddf8108ebd5336fd195d8bd0a51d8ece4ba7c57c59cb90f263bf4b done
#13 naming to docker.io/library/deku-fresh-app-1b21d4ac-055a-52e7-b754-0620f337b0d4:latest done
#13 unpacking to docker.io/library/deku-fresh-app-1b21d4ac-055a-52e7-b754-0620f337b0d4:latest
#13 unpacking to docker.io/library/deku-fresh-app-1b21d4ac-055a-52e7-b754-0620f337b0d4:latest 1.0s done
#13 DONE 2.5s

