exit=0

--- stdout ---

--- stderr ---
#0 building with "colima" instance using docker driver

#1 [internal] load build definition from Dockerfile
#1 transferring dockerfile: 625B done
#1 DONE 0.0s

#2 [internal] load metadata for docker.io/library/python:3.12-slim
#2 DONE 0.4s

#3 [internal] load .dockerignore
#3 transferring context: 161B done
#3 DONE 0.0s

#4 [internal] load build context
#4 transferring context: 185.55kB 0.0s done
#4 DONE 0.0s

#5 [1/7] FROM docker.io/library/python:3.12-slim@sha256:78387bc3881b8273120a12ebe6c1ab22b018ccc2c9adf565ae1ac9b536e184ea
#5 resolve docker.io/library/python:3.12-slim@sha256:78387bc3881b8273120a12ebe6c1ab22b018ccc2c9adf565ae1ac9b536e184ea 0.0s done
#5 DONE 0.0s

#6 [2/7] WORKDIR /app
#6 CACHED

#7 [3/7] COPY requirements.txt .
#7 DONE 0.0s

#8 [4/7] RUN pip install --no-cache-dir -r requirements.txt
#8 1.161 Collecting flask==3.1.0 (from -r requirements.txt (line 1))
#8 1.223   Downloading flask-3.1.0-py3-none-any.whl.metadata (2.7 kB)
#8 1.379 Collecting psycopg2-binary==2.9.10 (from -r requirements.txt (line 2))
#8 1.389   Downloading psycopg2_binary-2.9.10-cp312-cp312-manylinux_2_17_aarch64.manylinux2014_aarch64.whl.metadata (4.9 kB)
#8 1.592 Collecting pillow==11.3.0 (from -r requirements.txt (line 3))
#8 1.624   Downloading pillow-11.3.0-cp312-cp312-manylinux_2_27_aarch64.manylinux_2_28_aarch64.whl.metadata (9.0 kB)
#8 1.674 Collecting Werkzeug>=3.1 (from flask==3.1.0->-r requirements.txt (line 1))
#8 1.684   Downloading werkzeug-3.1.8-py3-none-any.whl.metadata (4.0 kB)
#8 1.728 Collecting Jinja2>=3.1.2 (from flask==3.1.0->-r requirements.txt (line 1))
#8 1.735   Downloading jinja2-3.1.6-py3-none-any.whl.metadata (2.9 kB)
#8 1.779 Collecting itsdangerous>=2.2 (from flask==3.1.0->-r requirements.txt (line 1))
#8 1.787   Downloading itsdangerous-2.2.0-py3-none-any.whl.metadata (1.9 kB)
#8 1.831 Collecting click>=8.1.3 (from flask==3.1.0->-r requirements.txt (line 1))
#8 1.840   Downloading click-8.5.0-py3-none-any.whl.metadata (2.6 kB)
#8 1.882 Collecting blinker>=1.9 (from flask==3.1.0->-r requirements.txt (line 1))
#8 1.893   Downloading blinker-1.9.0-py3-none-any.whl.metadata (1.6 kB)
#8 1.966 Collecting MarkupSafe>=2.0 (from Jinja2>=3.1.2->flask==3.1.0->-r requirements.txt (line 1))
#8 1.976   Downloading markupsafe-3.0.3-cp312-cp312-manylinux2014_aarch64.manylinux_2_17_aarch64.manylinux_2_28_aarch64.whl.metadata (2.7 kB)
#8 1.989 Downloading flask-3.1.0-py3-none-any.whl (102 kB)
#8 2.032 Downloading psycopg2_binary-2.9.10-cp312-cp312-manylinux_2_17_aarch64.manylinux2014_aarch64.whl (2.9 MB)
#8 2.278    ━━━━━━━━━━━━━━━━━━━━━━━━━━━━━━━━━━━━━━━━ 2.9/2.9 MB 11.3 MB/s eta 0:00:00
#8 2.288 Downloading pillow-11.3.0-cp312-cp312-manylinux_2_27_aarch64.manylinux_2_28_aarch64.whl (6.0 MB)
#8 2.788    ━━━━━━━━━━━━━━━━━━━━━━━━━━━━━━━━━━━━━━━━ 6.0/6.0 MB 11.9 MB/s eta 0:00:00
#8 2.803 Downloading blinker-1.9.0-py3-none-any.whl (8.5 kB)
#8 2.814 Downloading click-8.5.0-py3-none-any.whl (125 kB)
#8 2.835 Downloading itsdangerous-2.2.0-py3-none-any.whl (16 kB)
#8 2.851 Downloading jinja2-3.1.6-py3-none-any.whl (134 kB)
#8 2.875 Downloading werkzeug-3.1.8-py3-none-any.whl (226 kB)
#8 2.909 Downloading markupsafe-3.0.3-cp312-cp312-manylinux2014_aarch64.manylinux_2_17_aarch64.manylinux_2_28_aarch64.whl (24 kB)
#8 2.948 Installing collected packages: psycopg2-binary, pillow, MarkupSafe, itsdangerous, click, blinker, Werkzeug, Jinja2, flask
#8 3.722 Successfully installed Jinja2-3.1.6 MarkupSafe-3.0.3 Werkzeug-3.1.8 blinker-1.9.0 click-8.5.0 flask-3.1.0 itsdangerous-2.2.0 pillow-11.3.0 psycopg2-binary-2.9.10
#8 3.722 WARNING: Running pip as the 'root' user can result in broken permissions and conflicting behaviour with the system package manager, possibly rendering your system unusable. It is recommended to use a virtual environment instead: https://pip.pypa.io/warnings/venv. Use the --root-user-action option if you know what you are doing and want to suppress this warning.
#8 3.898 
#8 3.898 [notice] A new release of pip is available: 25.0.1 -> 26.2.1
#8 3.898 [notice] To update, run: pip install --upgrade pip
#8 DONE 4.0s

#9 [5/7] COPY app.py gen.py ./
#9 DONE 0.0s

#10 [6/7] COPY templates ./templates
#10 DONE 0.0s

#11 [7/7] COPY static ./static
#11 DONE 0.0s

#12 exporting to image
#12 exporting layers
#12 exporting layers 0.8s done
#12 exporting manifest sha256:85402a997731b668665084516713116d2a2aaab1628d5899c9fd8bb7eeada577 done
#12 exporting config sha256:849c1d83fecc51649416a65855bef06a15293f69731719e957ef76a1748a9118 done
#12 exporting attestation manifest sha256:1d4c92e1bdce402ffcd47e882173afbf7c12ac0067988fcccd34b3d3e4d0cc91 0.0s done
#12 exporting manifest list sha256:ca90a135a6aa24ff29d9023c781f5f873008ac2c0c05c87282716ebc02a188cb done
#12 naming to docker.io/library/deku-fresh-app-1b21d4ac-055a-52e7-b754-0620f337b0d4:latest done
#12 unpacking to docker.io/library/deku-fresh-app-1b21d4ac-055a-52e7-b754-0620f337b0d4:latest
#12 unpacking to docker.io/library/deku-fresh-app-1b21d4ac-055a-52e7-b754-0620f337b0d4:latest 0.2s done
#12 DONE 1.1s

