exit=0

--- stdout ---

--- stderr ---
#0 building with "desktop-linux" instance using docker driver

#1 [internal] load build definition from Dockerfile
#1 transferring dockerfile: 1.64kB done
#1 DONE 0.0s

#2 resolve image config for docker-image://docker.io/docker/dockerfile:1
#2 DONE 0.9s

#3 docker-image://docker.io/docker/dockerfile:1@sha256:ecfaec9ed6d810b56388c508f4121597bfbba70d41a6dfeee4d8cad5f295fc32
#3 CACHED

#4 [internal] load metadata for docker.io/library/node:20-bookworm-slim
#4 DONE 0.0s

#5 [internal] load .dockerignore
#5 transferring context: 117B done
#5 DONE 0.0s

#6 [internal] load build context
#6 DONE 0.0s

#7 [deps 1/4] FROM docker.io/library/node:20-bookworm-slim
#7 resolve docker.io/library/node:20-bookworm-slim
#7 resolve docker.io/library/node:20-bookworm-slim 0.8s done
#7 DONE 0.8s

#8 [deps 2/4] WORKDIR /app
#8 CACHED

#6 [internal] load build context
#6 transferring context: 489.31kB 0.5s done
#6 DONE 0.5s

#9 [deps 3/4] COPY package.json package-lock.json ./
#9 DONE 0.0s

#10 [runtime  3/12] RUN apt-get update  && apt-get install -y --no-install-recommends ca-certificates curl  && rm -rf /var/lib/apt/lists/*
#10 0.325 Get:1 http://deb.debian.org/debian bookworm InRelease [151 kB]
#10 0.344 Get:2 http://deb.debian.org/debian bookworm-updates InRelease [55.4 kB]
#10 0.353 Get:3 http://deb.debian.org/debian-security bookworm-security InRelease [34.8 kB]
#10 0.414 Get:4 http://deb.debian.org/debian bookworm/main arm64 Packages [8689 kB]
#10 0.767 Get:5 http://deb.debian.org/debian bookworm-updates/main arm64 Packages [6936 B]
#10 0.782 Get:6 http://deb.debian.org/debian-security bookworm-security/main arm64 Packages [337 kB]
#10 1.708 Fetched 9275 kB in 1s (6497 kB/s)
#10 1.708 Reading package lists...
#10 2.307 Reading package lists...
#10 2.877 Building dependency tree...
#10 3.047 Reading state information...
#10 3.203 The following additional packages will be installed:
#10 3.203   libbrotli1 libcurl4 libgssapi-krb5-2 libk5crypto3 libkeyutils1 libkrb5-3
#10 3.203   libkrb5support0 libldap-2.5-0 libnghttp2-14 libpsl5 librtmp1 libsasl2-2
#10 3.204   libsasl2-modules-db libssh2-1 libssl3 openssl
#10 3.204 Suggested packages:
#10 3.204   krb5-doc krb5-user
#10 3.204 Recommended packages:
#10 3.204   krb5-locales libldap-common publicsuffix libsasl2-modules
#10 3.389 The following NEW packages will be installed:
#10 3.389   ca-certificates curl libbrotli1 libcurl4 libgssapi-krb5-2 libk5crypto3
#10 3.389   libkeyutils1 libkrb5-3 libkrb5support0 libldap-2.5-0 libnghttp2-14 libpsl5
#10 3.390   librtmp1 libsasl2-2 libsasl2-modules-db libssh2-1 libssl3 openssl
#10 3.448 0 upgraded, 18 newly installed, 0 to remove and 14 not upgraded.
#10 3.448 Need to get 5504 kB of archives.
#10 3.448 After this operation, 15.1 MB of additional disk space will be used.
#10 3.448 Get:1 http://deb.debian.org/debian bookworm/main arm64 libssl3 arm64 3.0.20-1~deb12u2 [1824 kB]
#10 3.728 Get:2 http://deb.debian.org/debian bookworm/main arm64 openssl arm64 3.0.20-1~deb12u2 [1405 kB]
#10 4.032 Get:3 http://deb.debian.org/debian-security bookworm-security/main arm64 ca-certificates all 20250419~deb12u1 [162 kB]
#10 4.050 Get:4 http://deb.debian.org/debian bookworm/main arm64 libbrotli1 arm64 1.0.9-2+b6 [269 kB]
#10 4.069 Get:5 http://deb.debian.org/debian bookworm/main arm64 libkrb5support0 arm64 1.20.1-2+deb12u5 [32.6 kB]
#10 4.070 Get:6 http://deb.debian.org/debian bookworm/main arm64 libk5crypto3 arm64 1.20.1-2+deb12u5 [79.9 kB]
#10 4.075 Get:7 http://deb.debian.org/debian bookworm/main arm64 libkeyutils1 arm64 1.6.3-2 [8844 B]
#10 4.075 Get:8 http://deb.debian.org/debian bookworm/main arm64 libkrb5-3 arm64 1.20.1-2+deb12u5 [316 kB]
#10 4.100 Get:9 http://deb.debian.org/debian bookworm/main arm64 libgssapi-krb5-2 arm64 1.20.1-2+deb12u5 [124 kB]
#10 4.103 Get:10 http://deb.debian.org/debian bookworm/main arm64 libsasl2-modules-db arm64 2.1.28+dfsg-10 [20.8 kB]
#10 4.104 Get:11 http://deb.debian.org/debian bookworm/main arm64 libsasl2-2 arm64 2.1.28+dfsg-10 [58.0 kB]
#10 4.109 Get:12 http://deb.debian.org/debian bookworm/main arm64 libldap-2.5-0 arm64 2.5.13+dfsg-5 [171 kB]
#10 4.116 Get:13 http://deb.debian.org/debian bookworm/main arm64 libnghttp2-14 arm64 1.52.0-1+deb12u3 [69.0 kB]
#10 4.119 Get:14 http://deb.debian.org/debian bookworm/main arm64 libpsl5 arm64 0.21.2-1 [58.6 kB]
#10 4.121 Get:15 http://deb.debian.org/debian bookworm/main arm64 librtmp1 arm64 2.4+20151223.gitfa8646d.1-2+b2 [59.4 kB]
#10 4.130 Get:16 http://deb.debian.org/debian-security bookworm-security/main arm64 libssh2-1 arm64 1.10.0-3+deb12u1 [169 kB]
#10 4.144 Get:17 http://deb.debian.org/debian bookworm/main arm64 libcurl4 arm64 7.88.1-10+deb12u15 [367 kB]
#10 4.170 Get:18 http://deb.debian.org/debian bookworm/main arm64 curl arm64 7.88.1-10+deb12u15 [310 kB]
#10 4.514 debconf: delaying package configuration, since apt-utils is not installed
#10 4.564 Fetched 5504 kB in 1s (7066 kB/s)
#10 4.587 Selecting previously unselected package libssl3:arm64.
#10 4.587 (Reading database ... 
(Reading database ... 5%
(Reading database ... 10%
(Reading database ... 15%
(Reading database ... 20%
(Reading database ... 25%
(Reading database ... 30%
(Reading database ... 35%
(Reading database ... 40%
(Reading database ... 45%
(Reading database ... 50%
(Reading database ... 55%
(Reading database ... 60%
(Reading database ... 65%
(Reading database ... 70%
(Reading database ... 75%
(Reading database ... 80%
(Reading database ... 85%
(Reading database ... 90%
(Reading database ... 95%
(Reading database ... 100%
(Reading database ... 6090 files and directories currently installed.)
#10 4.597 Preparing to unpack .../00-libssl3_3.0.20-1~deb12u2_arm64.deb ...
#10 4.602 Unpacking libssl3:arm64 (3.0.20-1~deb12u2) ...
#10 4.773 Selecting previously unselected package openssl.
#10 4.774 Preparing to unpack .../01-openssl_3.0.20-1~deb12u2_arm64.deb ...
#10 4.776 Unpacking openssl (3.0.20-1~deb12u2) ...
#10 4.886 Selecting previously unselected package ca-certificates.
#10 4.887 Preparing to unpack .../02-ca-certificates_20250419~deb12u1_all.deb ...
#10 4.889 Unpacking ca-certificates (20250419~deb12u1) ...
#10 4.938 Selecting previously unselected package libbrotli1:arm64.
#10 4.939 Preparing to unpack .../03-libbrotli1_1.0.9-2+b6_arm64.deb ...
#10 4.941 Unpacking libbrotli1:arm64 (1.0.9-2+b6) ...
#10 5.005 Selecting previously unselected package libkrb5support0:arm64.
#10 5.006 Preparing to unpack .../04-libkrb5support0_1.20.1-2+deb12u5_arm64.deb ...
#10 5.008 Unpacking libkrb5support0:arm64 (1.20.1-2+deb12u5) ...
#10 5.028 Selecting previously unselected package libk5crypto3:arm64.
#10 5.029 Preparing to unpack .../05-libk5crypto3_1.20.1-2+deb12u5_arm64.deb ...
#10 5.031 Unpacking libk5crypto3:arm64 (1.20.1-2+deb12u5) ...
#10 5.060 Selecting previously unselected package libkeyutils1:arm64.
#10 5.060 Preparing to unpack .../06-libkeyutils1_1.6.3-2_arm64.deb ...
#10 5.062 Unpacking libkeyutils1:arm64 (1.6.3-2) ...
#10 5.084 Selecting previously unselected package libkrb5-3:arm64.
#10 5.085 Preparing to unpack .../07-libkrb5-3_1.20.1-2+deb12u5_arm64.deb ...
#10 5.087 Unpacking libkrb5-3:arm64 (1.20.1-2+deb12u5) ...
#10 5.144 Selecting previously unselected package libgssapi-krb5-2:arm64.
#10 5.145 Preparing to unpack .../08-libgssapi-krb5-2_1.20.1-2+deb12u5_arm64.deb ...
#10 5.148 Unpacking libgssapi-krb5-2:arm64 (1.20.1-2+deb12u5) ...
#10 5.179 Selecting previously unselected package libsasl2-modules-db:arm64.
#10 5.180 Preparing to unpack .../09-libsasl2-modules-db_2.1.28+dfsg-10_arm64.deb ...
#10 5.182 Unpacking libsasl2-modules-db:arm64 (2.1.28+dfsg-10) ...
#10 5.202 Selecting previously unselected package libsasl2-2:arm64.
#10 5.204 Preparing to unpack .../10-libsasl2-2_2.1.28+dfsg-10_arm64.deb ...
#10 5.207 Unpacking libsasl2-2:arm64 (2.1.28+dfsg-10) ...
#10 5.233 Selecting previously unselected package libldap-2.5-0:arm64.
#10 5.234 Preparing to unpack .../11-libldap-2.5-0_2.5.13+dfsg-5_arm64.deb ...
#10 5.237 Unpacking libldap-2.5-0:arm64 (2.5.13+dfsg-5) ...
#10 5.268 Selecting previously unselected package libnghttp2-14:arm64.
#10 5.268 Preparing to unpack .../12-libnghttp2-14_1.52.0-1+deb12u3_arm64.deb ...
#10 5.270 Unpacking libnghttp2-14:arm64 (1.52.0-1+deb12u3) ...
#10 5.295 Selecting previously unselected package libpsl5:arm64.
#10 5.296 Preparing to unpack .../13-libpsl5_0.21.2-1_arm64.deb ...
#10 5.299 Unpacking libpsl5:arm64 (0.21.2-1) ...
#10 5.324 Selecting previously unselected package librtmp1:arm64.
#10 5.325 Preparing to unpack .../14-librtmp1_2.4+20151223.gitfa8646d.1-2+b2_arm64.deb ...
#10 5.327 Unpacking librtmp1:arm64 (2.4+20151223.gitfa8646d.1-2+b2) ...
#10 5.352 Selecting previously unselected package libssh2-1:arm64.
#10 5.353 Preparing to unpack .../15-libssh2-1_1.10.0-3+deb12u1_arm64.deb ...
#10 5.356 Unpacking libssh2-1:arm64 (1.10.0-3+deb12u1) ...
#10 5.397 Selecting previously unselected package libcurl4:arm64.
#10 5.398 Preparing to unpack .../16-libcurl4_7.88.1-10+deb12u15_arm64.deb ...
#10 5.400 Unpacking libcurl4:arm64 (7.88.1-10+deb12u15) ...
#10 5.444 Selecting previously unselected package curl.
#10 5.445 Preparing to unpack .../17-curl_7.88.1-10+deb12u15_arm64.deb ...
#10 5.447 Unpacking curl (7.88.1-10+deb12u15) ...
#10 5.492 Setting up libkeyutils1:arm64 (1.6.3-2) ...
#10 5.498 Setting up libpsl5:arm64 (0.21.2-1) ...
#10 5.505 Setting up libbrotli1:arm64 (1.0.9-2+b6) ...
#10 5.511 Setting up libssl3:arm64 (3.0.20-1~deb12u2) ...
#10 5.518 Setting up libnghttp2-14:arm64 (1.52.0-1+deb12u3) ...
#10 5.525 Setting up libkrb5support0:arm64 (1.20.1-2+deb12u5) ...
#10 5.531 Setting up libsasl2-modules-db:arm64 (2.1.28+dfsg-10) ...
#10 5.536 Setting up librtmp1:arm64 (2.4+20151223.gitfa8646d.1-2+b2) ...
#10 5.542 Setting up libk5crypto3:arm64 (1.20.1-2+deb12u5) ...
#10 5.548 Setting up libsasl2-2:arm64 (2.1.28+dfsg-10) ...
#10 5.553 Setting up libssh2-1:arm64 (1.10.0-3+deb12u1) ...
#10 5.557 Setting up libkrb5-3:arm64 (1.20.1-2+deb12u5) ...
#10 5.563 Setting up openssl (3.0.20-1~deb12u2) ...
#10 5.571 Setting up libldap-2.5-0:arm64 (2.5.13+dfsg-5) ...
#10 5.577 Setting up ca-certificates (20250419~deb12u1) ...
#10 5.655 debconf: unable to initialize frontend: Dialog
#10 5.655 debconf: (TERM is not set, so the dialog frontend is not usable.)
#10 5.655 debconf: falling back to frontend: Readline
#10 5.656 debconf: unable to initialize frontend: Readline
#10 5.656 debconf: (Can't locate Term/ReadLine.pm in @INC (you may need to install the Term::ReadLine module) (@INC contains: /etc/perl /usr/local/lib/aarch64-linux-gnu/perl/5.36.0 /usr/local/share/perl/5.36.0 /usr/lib/aarch64-linux-gnu/perl5/5.36 /usr/share/perl5 /usr/lib/aarch64-linux-gnu/perl-base /usr/lib/aarch64-linux-gnu/perl/5.36 /usr/share/perl/5.36 /usr/local/lib/site_perl) at /usr/share/perl5/Debconf/FrontEnd/Readline.pm line 7.)
#10 5.656 debconf: falling back to frontend: Teletype
#10 6.130 Updating certificates in /etc/ssl/certs...
#10 6.723 150 added, 0 removed; done.
#10 ...

#11 [deps 4/4] RUN npm ci --no-audit --no-fund
#11 2.764 npm warn deprecated tsconfck@3.1.6: unmaintained
#11 5.780 
#11 5.780 added 372 packages in 6s
#11 5.781 npm notice
#11 5.781 npm notice New major version of npm available! 10.8.2 -> 12.0.2
#11 5.781 npm notice Changelog: https://github.com/npm/cli/releases/tag/v12.0.2
#11 5.781 npm notice To update run: npm install -g npm@12.0.2
#11 5.781 npm notice
#11 DONE 6.4s

#10 [runtime  3/12] RUN apt-get update  && apt-get install -y --no-install-recommends ca-certificates curl  && rm -rf /var/lib/apt/lists/*
#10 6.879 Setting up libgssapi-krb5-2:arm64 (1.20.1-2+deb12u5) ...
#10 6.885 Setting up libcurl4:arm64 (7.88.1-10+deb12u15) ...
#10 6.889 Setting up curl (7.88.1-10+deb12u15) ...
#10 6.894 Processing triggers for libc-bin (2.36-9+deb12u13) ...
#10 6.914 Processing triggers for ca-certificates (20250419~deb12u1) ...
#10 6.918 Updating certificates in /etc/ssl/certs...
#10 7.287 0 added, 0 removed; done.
#10 7.287 Running hooks in /etc/ca-certificates/update.d...
#10 7.288 done.
#10 DONE 7.3s

#12 [runtime  4/12] COPY package.json package-lock.json ./
#12 DONE 0.1s

#13 [runtime  5/12] RUN npm ci --omit=dev --no-audit --no-fund
#13 ...

#14 [build 3/9] COPY --from=deps /app/node_modules ./node_modules
#14 DONE 2.2s

#15 [build 4/9] COPY package.json package-lock.json astro.config.mjs ./
#15 DONE 0.0s

#16 [build 5/9] COPY src ./src
#16 DONE 0.0s

#17 [build 6/9] COPY server ./server
#17 DONE 0.0s

#13 [runtime  5/12] RUN npm ci --omit=dev --no-audit --no-fund
#13 ...

#18 [build 7/9] COPY data ./data
#18 DONE 0.0s

#19 [build 8/9] COPY public ./public
#19 DONE 0.0s

#20 [build 9/9] RUN npx astro build
#20 1.562 ▶ Astro collects anonymous usage data.
#20 1.562   This information helps us improve Astro.
#20 1.562   Run "astro telemetry disable" to opt-out.
#20 1.562   https://astro.build/telemetry
#20 1.562 
#20 2.227 20:01:36 [types] Generated 77ms
#20 2.228 20:01:36 [build] output: "server"
#20 2.228 20:01:36 [build] directory: /app/dist/
#20 2.228 20:01:36 [build] adapter: @astrojs/node
#20 2.228 20:01:36 [build] Collecting build info...
#20 2.229 20:01:36 [build] ✓ Completed in 97ms.
#20 2.231 20:01:36 [build] Building server entrypoints...
#20 4.853 20:01:38 [vite] ✓ built in 2.58s
#20 4.853 20:01:38 [build] ✓ Completed in 2.62s.
#20 4.854 
#20 4.854  building client (vite) 
#20 4.860 20:01:38 [vite] transforming...
#20 4.920 20:01:39 [vite] ✓ 22 modules transformed.
#20 4.933 20:01:39 [vite] rendering chunks...
#20 4.935 20:01:39 [vite] ✓ built in 79ms
#20 4.950 20:01:39 [build] Rearranging server assets...
#20 4.953 20:01:39 [build] Server built in 2.82s
#20 4.953 20:01:39 [build] Complete!
#20 DONE 5.4s

#13 [runtime  5/12] RUN npm ci --omit=dev --no-audit --no-fund
#13 3.560 npm warn deprecated tsconfck@3.1.6: unmaintained
#13 7.517 
#13 7.517 added 372 packages in 7s
#13 7.519 npm notice
#13 7.519 npm notice New major version of npm available! 10.8.2 -> 12.0.2
#13 7.519 npm notice Changelog: https://github.com/npm/cli/releases/tag/v12.0.2
#13 7.519 npm notice To update run: npm install -g npm@12.0.2
#13 7.519 npm notice
#13 DONE 7.9s

#21 [runtime  6/12] COPY --from=build /app/dist ./dist
#21 DONE 0.0s

#22 [runtime  7/12] COPY server ./server
#22 DONE 0.0s

#23 [runtime  8/12] COPY data ./data
#23 DONE 0.0s

#24 [runtime  9/12] COPY public ./public
#24 DONE 0.0s

#25 [runtime 10/12] COPY server.mjs ./
#25 DONE 0.0s

#26 [runtime 11/12] COPY USER_README.md ./
#26 DONE 0.0s

#27 [runtime 12/12] RUN mkdir -p /app/.browser_screenshots /app/.downloads
#27 DONE 0.1s

#28 exporting to image
#28 exporting layers
#28 exporting layers 1.2s done
#28 writing image sha256:f96c866a466d44601b41a9a8f4109acdb4d35f94a7d0aec615f53ae5f8937c62 done
#28 naming to docker.io/library/deku-fresh-app-e0f889a5-7a3b-5a05-a837-43ac155857a6:latest done
#28 DONE 1.3s

