exit=0

--- stdout ---

--- stderr ---
#0 building with "desktop-linux" instance using docker driver

#1 [internal] load build definition from Dockerfile
#1 transferring dockerfile: 1.85kB done
#1 DONE 0.0s

#2 [internal] load metadata for docker.io/library/python:3.12-slim
#2 DONE 0.4s

#3 [internal] load .dockerignore
#3 transferring context: 194B done
#3 DONE 0.0s

#4 [ 1/11] FROM docker.io/library/python:3.12-slim@sha256:78387bc3881b8273120a12ebe6c1ab22b018ccc2c9adf565ae1ac9b536e184ea
#4 resolve docker.io/library/python:3.12-slim@sha256:78387bc3881b8273120a12ebe6c1ab22b018ccc2c9adf565ae1ac9b536e184ea 0.0s done
#4 CACHED

#5 [internal] load build context
#5 transferring context: 14.82MB 0.2s done
#5 DONE 0.2s

#6 [ 2/11] RUN apt-get update     && apt-get install -y --no-install-recommends libpq5     && rm -rf /var/lib/apt/lists/*
#6 0.272 Get:1 http://deb.debian.org/debian trixie InRelease [140 kB]
#6 0.377 Get:2 http://deb.debian.org/debian trixie-updates InRelease [47.3 kB]
#6 0.414 Get:3 http://deb.debian.org/debian-security trixie-security InRelease [43.4 kB]
#6 0.457 Get:4 http://deb.debian.org/debian trixie/main arm64 Packages [9614 kB]
#6 0.972 Get:5 http://deb.debian.org/debian trixie-updates/main arm64 Packages [4424 B]
#6 1.010 Get:6 http://deb.debian.org/debian-security trixie-security/main arm64 Packages [263 kB]
#6 1.926 Fetched 10.1 MB in 2s (5776 kB/s)
#6 1.926 Reading package lists...
#6 2.428 Reading package lists...
#6 2.912 Building dependency tree...
#6 3.044 Reading state information...
#6 3.253 The following additional packages will be installed:
#6 3.253   libcom-err2 libgssapi-krb5-2 libk5crypto3 libkeyutils1 libkrb5-3
#6 3.254   libkrb5support0 libldap2 libsasl2-2 libsasl2-modules-db
#6 3.255 Suggested packages:
#6 3.255   krb5-doc krb5-user
#6 3.255 Recommended packages:
#6 3.255   krb5-locales libldap-common libsasl2-modules
#6 3.315 The following NEW packages will be installed:
#6 3.315   libcom-err2 libgssapi-krb5-2 libk5crypto3 libkeyutils1 libkrb5-3
#6 3.316   libkrb5support0 libldap2 libpq5 libsasl2-2 libsasl2-modules-db
#6 3.353 0 upgraded, 10 newly installed, 0 to remove and 12 not upgraded.
#6 3.353 Need to get 1069 kB of archives.
#6 3.353 After this operation, 4367 kB of additional disk space will be used.
#6 3.353 Get:1 http://deb.debian.org/debian trixie/main arm64 libcom-err2 arm64 1.47.2-3+b12 [24.9 kB]
#6 3.363 Get:2 http://deb.debian.org/debian trixie/main arm64 libkrb5support0 arm64 1.21.3-5+deb13u1 [32.5 kB]
#6 3.373 Get:3 http://deb.debian.org/debian trixie/main arm64 libk5crypto3 arm64 1.21.3-5+deb13u1 [81.4 kB]
#6 3.376 Get:4 http://deb.debian.org/debian trixie/main arm64 libkeyutils1 arm64 1.6.3-6 [9716 B]
#6 3.388 Get:5 http://deb.debian.org/debian trixie/main arm64 libkrb5-3 arm64 1.21.3-5+deb13u1 [308 kB]
#6 3.426 Get:6 http://deb.debian.org/debian trixie/main arm64 libgssapi-krb5-2 arm64 1.21.3-5+deb13u1 [128 kB]
#6 3.427 Get:7 http://deb.debian.org/debian trixie/main arm64 libsasl2-modules-db arm64 2.1.28+dfsg1-9 [20.1 kB]
#6 3.427 Get:8 http://deb.debian.org/debian trixie/main arm64 libsasl2-2 arm64 2.1.28+dfsg1-9 [55.6 kB]
#6 3.428 Get:9 http://deb.debian.org/debian trixie/main arm64 libldap2 arm64 2.6.10+dfsg-1 [179 kB]
#6 3.433 Get:10 http://deb.debian.org/debian trixie/main arm64 libpq5 arm64 17.11-0+deb13u1 [230 kB]
#6 3.566 debconf: unable to initialize frontend: Dialog
#6 3.566 debconf: (TERM is not set, so the dialog frontend is not usable.)
#6 3.566 debconf: falling back to frontend: Readline
#6 3.566 debconf: unable to initialize frontend: Readline
#6 3.566 debconf: (Can't locate Term/ReadLine.pm in @INC (you may need to install the Term::ReadLine module) (@INC entries checked: /etc/perl /usr/local/lib/aarch64-linux-gnu/perl/5.40.1 /usr/local/share/perl/5.40.1 /usr/lib/aarch64-linux-gnu/perl5/5.40 /usr/share/perl5 /usr/lib/aarch64-linux-gnu/perl-base /usr/lib/aarch64-linux-gnu/perl/5.40 /usr/share/perl/5.40 /usr/local/lib/site_perl) at /usr/share/perl5/Debconf/FrontEnd/Readline.pm line 8, <STDIN> line 10.)
#6 3.566 debconf: falling back to frontend: Teletype
#6 3.569 debconf: unable to initialize frontend: Teletype
#6 3.569 debconf: (This frontend requires a controlling tty.)
#6 3.569 debconf: falling back to frontend: Noninteractive
#6 4.082 Fetched 1069 kB in 0s (9125 kB/s)
#6 4.098 Selecting previously unselected package libcom-err2:arm64.
#6 4.098 (Reading database ... 
(Reading database ... 5%
(Reading database ... 10%
(Reading database ... 15%
(Reading database ... 20%
(Reading database ... 25%
(Reading database ... 30%
(Reading database ... 35%
(Reading database ... 40%
(Reading database ... 45%
(Reading database ... 50%
(Reading database ... 55%
(Reading database ... 60%
(Reading database ... 65%
(Reading database ... 70%
(Reading database ... 75%
(Reading database ... 80%
(Reading database ... 85%
(Reading database ... 90%
(Reading database ... 95%
(Reading database ... 100%
(Reading database ... 5649 files and directories currently installed.)
#6 4.112 Preparing to unpack .../0-libcom-err2_1.47.2-3+b12_arm64.deb ...
#6 4.115 Unpacking libcom-err2:arm64 (1.47.2-3+b12) ...
#6 4.131 Selecting previously unselected package libkrb5support0:arm64.
#6 4.132 Preparing to unpack .../1-libkrb5support0_1.21.3-5+deb13u1_arm64.deb ...
#6 4.133 Unpacking libkrb5support0:arm64 (1.21.3-5+deb13u1) ...
#6 4.148 Selecting previously unselected package libk5crypto3:arm64.
#6 4.149 Preparing to unpack .../2-libk5crypto3_1.21.3-5+deb13u1_arm64.deb ...
#6 4.150 Unpacking libk5crypto3:arm64 (1.21.3-5+deb13u1) ...
#6 4.168 Selecting previously unselected package libkeyutils1:arm64.
#6 4.169 Preparing to unpack .../3-libkeyutils1_1.6.3-6_arm64.deb ...
#6 4.171 Unpacking libkeyutils1:arm64 (1.6.3-6) ...
#6 4.184 Selecting previously unselected package libkrb5-3:arm64.
#6 4.185 Preparing to unpack .../4-libkrb5-3_1.21.3-5+deb13u1_arm64.deb ...
#6 4.186 Unpacking libkrb5-3:arm64 (1.21.3-5+deb13u1) ...
#6 4.219 Selecting previously unselected package libgssapi-krb5-2:arm64.
#6 4.219 Preparing to unpack .../5-libgssapi-krb5-2_1.21.3-5+deb13u1_arm64.deb ...
#6 4.221 Unpacking libgssapi-krb5-2:arm64 (1.21.3-5+deb13u1) ...
#6 4.241 Selecting previously unselected package libsasl2-modules-db:arm64.
#6 4.241 Preparing to unpack .../6-libsasl2-modules-db_2.1.28+dfsg1-9_arm64.deb ...
#6 4.243 Unpacking libsasl2-modules-db:arm64 (2.1.28+dfsg1-9) ...
#6 4.256 Selecting previously unselected package libsasl2-2:arm64.
#6 4.257 Preparing to unpack .../7-libsasl2-2_2.1.28+dfsg1-9_arm64.deb ...
#6 4.259 Unpacking libsasl2-2:arm64 (2.1.28+dfsg1-9) ...
#6 4.275 Selecting previously unselected package libldap2:arm64.
#6 4.276 Preparing to unpack .../8-libldap2_2.6.10+dfsg-1_arm64.deb ...
#6 4.277 Unpacking libldap2:arm64 (2.6.10+dfsg-1) ...
#6 4.300 Selecting previously unselected package libpq5:arm64.
#6 4.301 Preparing to unpack .../9-libpq5_17.11-0+deb13u1_arm64.deb ...
#6 4.302 Unpacking libpq5:arm64 (17.11-0+deb13u1) ...
#6 4.330 Setting up libkeyutils1:arm64 (1.6.3-6) ...
#6 4.334 Setting up libcom-err2:arm64 (1.47.2-3+b12) ...
#6 4.337 Setting up libkrb5support0:arm64 (1.21.3-5+deb13u1) ...
#6 4.341 Setting up libsasl2-modules-db:arm64 (2.1.28+dfsg1-9) ...
#6 4.345 Setting up libk5crypto3:arm64 (1.21.3-5+deb13u1) ...
#6 4.348 Setting up libsasl2-2:arm64 (2.1.28+dfsg1-9) ...
#6 4.351 Setting up libkrb5-3:arm64 (1.21.3-5+deb13u1) ...
#6 4.355 Setting up libldap2:arm64 (2.6.10+dfsg-1) ...
#6 4.358 Setting up libgssapi-krb5-2:arm64 (1.21.3-5+deb13u1) ...
#6 4.362 Setting up libpq5:arm64 (17.11-0+deb13u1) ...
#6 4.366 Processing triggers for libc-bin (2.41-12+deb13u3) ...
#6 DONE 4.4s

#7 [ 3/11] WORKDIR /app
#7 DONE 0.0s

#8 [ 4/11] COPY vendor/ /app/vendor/
#8 DONE 0.0s

#9 [ 5/11] RUN pip install --no-index --find-links=/app/vendor         flask gunicorn psycopg markupsafe blinker click itsdangerous jinja2 werkzeug         pillow packaging typing-extensions
#9 0.984 Looking in links: /app/vendor
#9 0.987 Processing ./vendor/flask-3.1.3-py3-none-any.whl
#9 0.991 Processing ./vendor/gunicorn-26.2.0-py3-none-any.whl
#9 0.994 Processing ./vendor/psycopg-3.3.5-py3-none-any.whl
#9 0.998 Processing ./vendor/markupsafe-3.0.3-cp312-cp312-manylinux2014_aarch64.manylinux_2_17_aarch64.manylinux_2_28_aarch64.whl
#9 1.000 Processing ./vendor/blinker-1.9.0-py3-none-any.whl
#9 1.001 Processing ./vendor/click-8.5.0-py3-none-any.whl
#9 1.002 Processing ./vendor/itsdangerous-2.2.0-py3-none-any.whl
#9 1.003 Processing ./vendor/jinja2-3.1.6-py3-none-any.whl
#9 1.004 Processing ./vendor/werkzeug-3.1.8-py3-none-any.whl
#9 1.006 Processing ./vendor/pillow-12.3.0-cp312-cp312-manylinux_2_27_aarch64.manylinux_2_28_aarch64.whl
#9 1.014 Processing ./vendor/packaging-26.3-py3-none-any.whl
#9 1.016 Processing ./vendor/typing_extensions-4.16.0-py3-none-any.whl
#9 1.032 Installing collected packages: typing-extensions, pillow, packaging, markupsafe, itsdangerous, gunicorn, click, blinker, werkzeug, psycopg, jinja2, flask
#9 1.903 Successfully installed blinker-1.9.0 click-8.5.0 flask-3.1.3 gunicorn-26.2.0 itsdangerous-2.2.0 jinja2-3.1.6 markupsafe-3.0.3 packaging-26.3 pillow-12.3.0 psycopg-3.3.5 typing-extensions-4.16.0 werkzeug-3.1.8
#9 1.903 WARNING: Running pip as the 'root' user can result in broken permissions and conflicting behaviour with the system package manager, possibly rendering your system unusable. It is recommended to use a virtual environment instead: https://pip.pypa.io/warnings/venv. Use the --root-user-action option if you know what you are doing and want to suppress this warning.
#9 DONE 2.0s

#10 [ 6/11] COPY cirrus/ /app/cirrus/
#10 DONE 0.0s

#11 [ 7/11] COPY templates/ /app/templates/
#11 DONE 0.0s

#12 [ 8/11] COPY static/ /app/static/
#12 DONE 0.0s

#13 [ 9/11] COPY run.py /app/run.py
#13 DONE 0.0s

#14 [10/11] RUN mkdir -p /app/static/gen /app/.browser_screenshots /app/.downloads
#14 DONE 0.1s

#15 [11/11] RUN useradd --system --create-home --uid 1001 cirrus     && chown -R cirrus:cirrus /app
#15 0.089 useradd warning: cirrus's uid 1001 is greater than SYS_UID_MAX 999
#15 DONE 0.2s

#16 exporting to image
#16 exporting layers
#16 exporting layers 0.9s done
#16 exporting manifest sha256:061b8978f38dca300c764283631791012f9ff51fd58cc4d7c0e81a24b8ce9deb done
#16 exporting config sha256:af0bfecfa994d12f8b812d9ff1392d7be99da8bef4f4fddbcd2be99e70832d74 done
#16 exporting attestation manifest sha256:6260abe20c0b6b71b922906485bf9f75197a30a12b5e9a1a154561d8922196ed done
#16 exporting manifest list sha256:47195523581c970919d956b2dce4972adf4e98e489d8e427def8039265599c6c done
#16 naming to docker.io/library/deku-fresh-app-1b21d4ac-055a-52e7-b754-0620f337b0d4:latest done
#16 unpacking to docker.io/library/deku-fresh-app-1b21d4ac-055a-52e7-b754-0620f337b0d4:latest
#16 unpacking to docker.io/library/deku-fresh-app-1b21d4ac-055a-52e7-b754-0620f337b0d4:latest 0.4s done
#16 DONE 1.3s

