exit=0

--- stdout ---

--- stderr ---
#0 building with "desktop-linux" instance using docker driver

#1 [internal] load build definition from Dockerfile
#1 transferring dockerfile: 902B done
#1 DONE 0.0s

#2 [internal] load metadata for docker.io/library/python:3.13-slim
#2 DONE 0.4s

#3 [internal] load .dockerignore
#3 transferring context: 142B done
#3 DONE 0.0s

#4 [ 1/11] FROM docker.io/library/python:3.13-slim@sha256:9d2e5553305c7c7b0097999bb17187c69b921ccd6bc9d40e4bb5ebe652c00285
#4 resolve docker.io/library/python:3.13-slim@sha256:9d2e5553305c7c7b0097999bb17187c69b921ccd6bc9d40e4bb5ebe652c00285 done
#4 DONE 0.0s

#5 [ 2/11] WORKDIR /app
#5 CACHED

#6 [internal] load build context
#6 transferring context: 331.29kB 0.0s done
#6 DONE 0.0s

#7 [ 3/11] RUN apt-get update  && apt-get install -y --no-install-recommends curl libpq5  && rm -rf /var/lib/apt/lists/*
#7 0.223 Get:1 http://deb.debian.org/debian trixie InRelease [140 kB]
#7 0.243 Get:2 http://deb.debian.org/debian trixie-updates InRelease [47.3 kB]
#7 0.261 Get:3 http://deb.debian.org/debian-security trixie-security InRelease [43.4 kB]
#7 0.270 Get:4 http://deb.debian.org/debian trixie/main arm64 Packages [9614 kB]
#7 1.099 Get:5 http://deb.debian.org/debian trixie-updates/main arm64 Packages [4424 B]
#7 1.118 Get:6 http://deb.debian.org/debian-security trixie-security/main arm64 Packages [263 kB]
#7 1.864 Fetched 10.1 MB in 2s (5975 kB/s)
#7 1.864 Reading package lists...
#7 2.347 Reading package lists...
#7 2.810 Building dependency tree...
#7 2.916 Reading state information...
#7 3.116 The following additional packages will be installed:
#7 3.116   libbrotli1 libcom-err2 libcurl4t64 libgnutls30t64 libgssapi-krb5-2 libidn2-0
#7 3.116   libk5crypto3 libkeyutils1 libkrb5-3 libkrb5support0 libldap2 libnghttp2-14
#7 3.116   libnghttp3-9 libp11-kit0 libpsl5t64 librtmp1 libsasl2-2 libsasl2-modules-db
#7 3.116   libssh2-1t64 libtasn1-6 libunistring5
#7 3.117 Suggested packages:
#7 3.117   gnutls-bin krb5-doc krb5-user
#7 3.117 Recommended packages:
#7 3.117   bash-completion krb5-locales libldap-common publicsuffix libsasl2-modules
#7 3.377 The following NEW packages will be installed:
#7 3.377   curl libbrotli1 libcom-err2 libcurl4t64 libgnutls30t64 libgssapi-krb5-2
#7 3.377   libidn2-0 libk5crypto3 libkeyutils1 libkrb5-3 libkrb5support0 libldap2
#7 3.377   libnghttp2-14 libnghttp3-9 libp11-kit0 libpq5 libpsl5t64 librtmp1 libsasl2-2
#7 3.377   libsasl2-modules-db libssh2-1t64 libtasn1-6 libunistring5
#7 3.421 0 upgraded, 23 newly installed, 0 to remove and 12 not upgraded.
#7 3.421 Need to get 4879 kB of archives.
#7 3.421 After this operation, 16.8 MB of additional disk space will be used.
#7 3.421 Get:1 http://deb.debian.org/debian trixie/main arm64 libbrotli1 arm64 1.1.0-2+b7 [308 kB]
#7 3.503 Get:2 http://deb.debian.org/debian trixie/main arm64 libkrb5support0 arm64 1.21.3-5+deb13u1 [32.5 kB]
#7 3.511 Get:3 http://deb.debian.org/debian trixie/main arm64 libcom-err2 arm64 1.47.2-3+b12 [24.9 kB]
#7 3.511 Get:4 http://deb.debian.org/debian trixie/main arm64 libk5crypto3 arm64 1.21.3-5+deb13u1 [81.4 kB]
#7 3.512 Get:5 http://deb.debian.org/debian trixie/main arm64 libkeyutils1 arm64 1.6.3-6 [9716 B]
#7 3.513 Get:6 http://deb.debian.org/debian trixie/main arm64 libkrb5-3 arm64 1.21.3-5+deb13u1 [308 kB]
#7 3.539 Get:7 http://deb.debian.org/debian trixie/main arm64 libgssapi-krb5-2 arm64 1.21.3-5+deb13u1 [128 kB]
#7 3.567 Get:8 http://deb.debian.org/debian trixie/main arm64 libunistring5 arm64 1.3-2 [453 kB]
#7 3.599 Get:9 http://deb.debian.org/debian trixie/main arm64 libidn2-0 arm64 2.3.8-2 [107 kB]
#7 3.623 Get:10 http://deb.debian.org/debian trixie/main arm64 libsasl2-modules-db arm64 2.1.28+dfsg1-9 [20.1 kB]
#7 3.624 Get:11 http://deb.debian.org/debian trixie/main arm64 libsasl2-2 arm64 2.1.28+dfsg1-9 [55.6 kB]
#7 3.625 Get:12 http://deb.debian.org/debian trixie/main arm64 libldap2 arm64 2.6.10+dfsg-1 [179 kB]
#7 3.638 Get:13 http://deb.debian.org/debian trixie/main arm64 libnghttp2-14 arm64 1.64.0-1.1+deb13u1 [71.6 kB]
#7 3.643 Get:14 http://deb.debian.org/debian trixie/main arm64 libnghttp3-9 arm64 1.8.0-1 [63.2 kB]
#7 3.652 Get:15 http://deb.debian.org/debian trixie/main arm64 libpsl5t64 arm64 0.21.2-1.1+b1 [57.1 kB]
#7 3.669 Get:16 http://deb.debian.org/debian trixie/main arm64 libp11-kit0 arm64 0.25.5-3 [409 kB]
#7 3.707 Get:17 http://deb.debian.org/debian trixie/main arm64 libtasn1-6 arm64 4.20.0-2+deb13u1 [47.3 kB]
#7 3.707 Get:18 http://deb.debian.org/debian trixie/main arm64 libgnutls30t64 arm64 3.8.9-3+deb13u4 [1379 kB]
#7 3.781 Get:19 http://deb.debian.org/debian trixie/main arm64 librtmp1 arm64 2.4+20151223.gitfa8646d.1-2+b5 [56.8 kB]
#7 3.785 Get:20 http://deb.debian.org/debian trixie/main arm64 libssh2-1t64 arm64 1.11.1-1+deb13u2 [236 kB]
#7 3.810 Get:21 http://deb.debian.org/debian trixie/main arm64 libcurl4t64 arm64 8.14.1-2+deb13u5 [360 kB]
#7 3.830 Get:22 http://deb.debian.org/debian trixie/main arm64 curl arm64 8.14.1-2+deb13u5 [262 kB]
#7 3.858 Get:23 http://deb.debian.org/debian trixie/main arm64 libpq5 arm64 17.11-0+deb13u1 [230 kB]
#7 3.998 debconf: unable to initialize frontend: Dialog
#7 3.998 debconf: (TERM is not set, so the dialog frontend is not usable.)
#7 3.998 debconf: falling back to frontend: Readline
#7 3.998 debconf: unable to initialize frontend: Readline
#7 3.998 debconf: (Can't locate Term/ReadLine.pm in @INC (you may need to install the Term::ReadLine module) (@INC entries checked: /etc/perl /usr/local/lib/aarch64-linux-gnu/perl/5.40.1 /usr/local/share/perl/5.40.1 /usr/lib/aarch64-linux-gnu/perl5/5.40 /usr/share/perl5 /usr/lib/aarch64-linux-gnu/perl-base /usr/lib/aarch64-linux-gnu/perl/5.40 /usr/share/perl/5.40 /usr/local/lib/site_perl) at /usr/share/perl5/Debconf/FrontEnd/Readline.pm line 8, <STDIN> line 23.)
#7 3.998 debconf: falling back to frontend: Teletype
#7 4.001 debconf: unable to initialize frontend: Teletype
#7 4.001 debconf: (This frontend requires a controlling tty.)
#7 4.001 debconf: falling back to frontend: Noninteractive
#7 4.507 Fetched 4879 kB in 0s (10.1 MB/s)
#7 4.524 Selecting previously unselected package libbrotli1:arm64.
#7 4.524 (Reading database ... 
(Reading database ... 5%
(Reading database ... 10%
(Reading database ... 15%
(Reading database ... 20%
(Reading database ... 25%
(Reading database ... 30%
(Reading database ... 35%
(Reading database ... 40%
(Reading database ... 45%
(Reading database ... 50%
(Reading database ... 55%
(Reading database ... 60%
(Reading database ... 65%
(Reading database ... 70%
(Reading database ... 75%
(Reading database ... 80%
(Reading database ... 85%
(Reading database ... 90%
(Reading database ... 95%
(Reading database ... 100%
(Reading database ... 5649 files and directories currently installed.)
#7 4.542 Preparing to unpack .../00-libbrotli1_1.1.0-2+b7_arm64.deb ...
#7 4.545 Unpacking libbrotli1:arm64 (1.1.0-2+b7) ...
#7 4.578 Selecting previously unselected package libkrb5support0:arm64.
#7 4.578 Preparing to unpack .../01-libkrb5support0_1.21.3-5+deb13u1_arm64.deb ...
#7 4.580 Unpacking libkrb5support0:arm64 (1.21.3-5+deb13u1) ...
#7 4.593 Selecting previously unselected package libcom-err2:arm64.
#7 4.594 Preparing to unpack .../02-libcom-err2_1.47.2-3+b12_arm64.deb ...
#7 4.595 Unpacking libcom-err2:arm64 (1.47.2-3+b12) ...
#7 4.615 Selecting previously unselected package libk5crypto3:arm64.
#7 4.616 Preparing to unpack .../03-libk5crypto3_1.21.3-5+deb13u1_arm64.deb ...
#7 4.617 Unpacking libk5crypto3:arm64 (1.21.3-5+deb13u1) ...
#7 4.634 Selecting previously unselected package libkeyutils1:arm64.
#7 4.634 Preparing to unpack .../04-libkeyutils1_1.6.3-6_arm64.deb ...
#7 4.636 Unpacking libkeyutils1:arm64 (1.6.3-6) ...
#7 4.648 Selecting previously unselected package libkrb5-3:arm64.
#7 4.649 Preparing to unpack .../05-libkrb5-3_1.21.3-5+deb13u1_arm64.deb ...
#7 4.650 Unpacking libkrb5-3:arm64 (1.21.3-5+deb13u1) ...
#7 4.680 Selecting previously unselected package libgssapi-krb5-2:arm64.
#7 4.680 Preparing to unpack .../06-libgssapi-krb5-2_1.21.3-5+deb13u1_arm64.deb ...
#7 4.682 Unpacking libgssapi-krb5-2:arm64 (1.21.3-5+deb13u1) ...
#7 4.701 Selecting previously unselected package libunistring5:arm64.
#7 4.701 Preparing to unpack .../07-libunistring5_1.3-2_arm64.deb ...
#7 4.703 Unpacking libunistring5:arm64 (1.3-2) ...
#7 4.743 Selecting previously unselected package libidn2-0:arm64.
#7 4.743 Preparing to unpack .../08-libidn2-0_2.3.8-2_arm64.deb ...
#7 4.745 Unpacking libidn2-0:arm64 (2.3.8-2) ...
#7 4.761 Selecting previously unselected package libsasl2-modules-db:arm64.
#7 4.761 Preparing to unpack .../09-libsasl2-modules-db_2.1.28+dfsg1-9_arm64.deb ...
#7 4.763 Unpacking libsasl2-modules-db:arm64 (2.1.28+dfsg1-9) ...
#7 4.775 Selecting previously unselected package libsasl2-2:arm64.
#7 4.776 Preparing to unpack .../10-libsasl2-2_2.1.28+dfsg1-9_arm64.deb ...
#7 4.777 Unpacking libsasl2-2:arm64 (2.1.28+dfsg1-9) ...
#7 4.792 Selecting previously unselected package libldap2:arm64.
#7 4.793 Preparing to unpack .../11-libldap2_2.6.10+dfsg-1_arm64.deb ...
#7 4.794 Unpacking libldap2:arm64 (2.6.10+dfsg-1) ...
#7 4.813 Selecting previously unselected package libnghttp2-14:arm64.
#7 4.814 Preparing to unpack .../12-libnghttp2-14_1.64.0-1.1+deb13u1_arm64.deb ...
#7 4.815 Unpacking libnghttp2-14:arm64 (1.64.0-1.1+deb13u1) ...
#7 4.830 Selecting previously unselected package libnghttp3-9:arm64.
#7 4.830 Preparing to unpack .../13-libnghttp3-9_1.8.0-1_arm64.deb ...
#7 4.832 Unpacking libnghttp3-9:arm64 (1.8.0-1) ...
#7 4.846 Selecting previously unselected package libpsl5t64:arm64.
#7 4.847 Preparing to unpack .../14-libpsl5t64_0.21.2-1.1+b1_arm64.deb ...
#7 4.848 Unpacking libpsl5t64:arm64 (0.21.2-1.1+b1) ...
#7 4.862 Selecting previously unselected package libp11-kit0:arm64.
#7 4.862 Preparing to unpack .../15-libp11-kit0_0.25.5-3_arm64.deb ...
#7 4.864 Unpacking libp11-kit0:arm64 (0.25.5-3) ...
#7 4.893 Selecting previously unselected package libtasn1-6:arm64.
#7 4.894 Preparing to unpack .../16-libtasn1-6_4.20.0-2+deb13u1_arm64.deb ...
#7 4.895 Unpacking libtasn1-6:arm64 (4.20.0-2+deb13u1) ...
#7 4.910 Selecting previously unselected package libgnutls30t64:arm64.
#7 4.910 Preparing to unpack .../17-libgnutls30t64_3.8.9-3+deb13u4_arm64.deb ...
#7 4.912 Unpacking libgnutls30t64:arm64 (3.8.9-3+deb13u4) ...
#7 4.975 Selecting previously unselected package librtmp1:arm64.
#7 4.975 Preparing to unpack .../18-librtmp1_2.4+20151223.gitfa8646d.1-2+b5_arm64.deb ...
#7 4.976 Unpacking librtmp1:arm64 (2.4+20151223.gitfa8646d.1-2+b5) ...
#7 4.990 Selecting previously unselected package libssh2-1t64:arm64.
#7 4.990 Preparing to unpack .../19-libssh2-1t64_1.11.1-1+deb13u2_arm64.deb ...
#7 4.992 Unpacking libssh2-1t64:arm64 (1.11.1-1+deb13u2) ...
#7 5.014 Selecting previously unselected package libcurl4t64:arm64.
#7 5.014 Preparing to unpack .../20-libcurl4t64_8.14.1-2+deb13u5_arm64.deb ...
#7 5.015 Unpacking libcurl4t64:arm64 (8.14.1-2+deb13u5) ...
#7 5.043 Selecting previously unselected package curl.
#7 5.044 Preparing to unpack .../21-curl_8.14.1-2+deb13u5_arm64.deb ...
#7 5.045 Unpacking curl (8.14.1-2+deb13u5) ...
#7 5.067 Selecting previously unselected package libpq5:arm64.
#7 5.068 Preparing to unpack .../22-libpq5_17.11-0+deb13u1_arm64.deb ...
#7 5.069 Unpacking libpq5:arm64 (17.11-0+deb13u1) ...
#7 5.096 Setting up libkeyutils1:arm64 (1.6.3-6) ...
#7 5.103 Setting up libbrotli1:arm64 (1.1.0-2+b7) ...
#7 5.106 Setting up libnghttp2-14:arm64 (1.64.0-1.1+deb13u1) ...
#7 5.110 Setting up libcom-err2:arm64 (1.47.2-3+b12) ...
#7 5.113 Setting up libkrb5support0:arm64 (1.21.3-5+deb13u1) ...
#7 5.117 Setting up libsasl2-modules-db:arm64 (2.1.28+dfsg1-9) ...
#7 5.120 Setting up libp11-kit0:arm64 (0.25.5-3) ...
#7 5.123 Setting up libunistring5:arm64 (1.3-2) ...
#7 5.126 Setting up libk5crypto3:arm64 (1.21.3-5+deb13u1) ...
#7 5.129 Setting up libsasl2-2:arm64 (2.1.28+dfsg1-9) ...
#7 5.133 Setting up libnghttp3-9:arm64 (1.8.0-1) ...
#7 5.136 Setting up libtasn1-6:arm64 (4.20.0-2+deb13u1) ...
#7 5.139 Setting up libkrb5-3:arm64 (1.21.3-5+deb13u1) ...
#7 5.142 Setting up libssh2-1t64:arm64 (1.11.1-1+deb13u2) ...
#7 5.145 Setting up libldap2:arm64 (2.6.10+dfsg-1) ...
#7 5.148 Setting up libidn2-0:arm64 (2.3.8-2) ...
#7 5.151 Setting up libgssapi-krb5-2:arm64 (1.21.3-5+deb13u1) ...
#7 5.155 Setting up libgnutls30t64:arm64 (3.8.9-3+deb13u4) ...
#7 5.158 Setting up libpsl5t64:arm64 (0.21.2-1.1+b1) ...
#7 5.161 Setting up libpq5:arm64 (17.11-0+deb13u1) ...
#7 5.165 Setting up librtmp1:arm64 (2.4+20151223.gitfa8646d.1-2+b5) ...
#7 5.168 Setting up libcurl4t64:arm64 (8.14.1-2+deb13u5) ...
#7 5.172 Setting up curl (8.14.1-2+deb13u5) ...
#7 5.175 Processing triggers for libc-bin (2.41-12+deb13u3) ...
#7 DONE 5.2s

#8 [ 4/11] COPY requirements.txt ./
#8 DONE 0.0s

#9 [ 5/11] RUN pip install --no-cache-dir -r requirements.txt
#9 1.309 Collecting flask==3.1.0 (from -r requirements.txt (line 1))
#9 1.371   Downloading flask-3.1.0-py3-none-any.whl.metadata (2.7 kB)
#9 1.443 Collecting psycopg==3.2.3 (from psycopg[binary,pool]==3.2.3->-r requirements.txt (line 2))
#9 1.496   Downloading psycopg-3.2.3-py3-none-any.whl.metadata (4.3 kB)
#9 1.995 Collecting pillow==11.3.0 (from -r requirements.txt (line 3))
#9 2.019   Downloading pillow-11.3.0-cp313-cp313-manylinux_2_27_aarch64.manylinux_2_28_aarch64.whl.metadata (9.0 kB)
#9 2.073 Collecting gunicorn==23.0.0 (from -r requirements.txt (line 4))
#9 2.087   Downloading gunicorn-23.0.0-py3-none-any.whl.metadata (4.4 kB)
#9 2.320 Collecting fonttools==4.64.0 (from -r requirements.txt (line 5))
#9 2.330   Downloading fonttools-4.64.0-cp313-cp313-manylinux2014_aarch64.manylinux_2_17_aarch64.manylinux_2_28_aarch64.whl.metadata (123 kB)
#9 2.413 Collecting brotli==1.1.0 (from -r requirements.txt (line 6))
#9 2.422   Downloading Brotli-1.1.0-cp313-cp313-manylinux_2_17_aarch64.manylinux2014_aarch64.whl.metadata (5.5 kB)
#9 2.469 Collecting Werkzeug>=3.1 (from flask==3.1.0->-r requirements.txt (line 1))
#9 2.477   Downloading werkzeug-3.1.8-py3-none-any.whl.metadata (4.0 kB)
#9 2.551 Collecting Jinja2>=3.1.2 (from flask==3.1.0->-r requirements.txt (line 1))
#9 2.593   Downloading jinja2-3.1.6-py3-none-any.whl.metadata (2.9 kB)
#9 2.671 Collecting itsdangerous>=2.2 (from flask==3.1.0->-r requirements.txt (line 1))
#9 2.698   Downloading itsdangerous-2.2.0-py3-none-any.whl.metadata (1.9 kB)
#9 2.786 Collecting click>=8.1.3 (from flask==3.1.0->-r requirements.txt (line 1))
#9 2.810   Downloading click-8.5.0-py3-none-any.whl.metadata (2.6 kB)
#9 2.873 Collecting blinker>=1.9 (from flask==3.1.0->-r requirements.txt (line 1))
#9 2.911   Downloading blinker-1.9.0-py3-none-any.whl.metadata (1.6 kB)
#9 2.987 Collecting packaging (from gunicorn==23.0.0->-r requirements.txt (line 4))
#9 3.009   Downloading packaging-26.3-py3-none-any.whl.metadata (3.5 kB)
#9 3.245 Collecting psycopg-binary==3.2.3 (from psycopg[binary,pool]==3.2.3->-r requirements.txt (line 2))
#9 3.256   Downloading psycopg_binary-3.2.3-cp313-cp313-manylinux_2_17_aarch64.manylinux2014_aarch64.whl.metadata (2.8 kB)
#9 3.296 Collecting psycopg-pool (from psycopg[binary,pool]==3.2.3->-r requirements.txt (line 2))
#9 3.305   Downloading psycopg_pool-3.3.1-py3-none-any.whl.metadata (2.8 kB)
#9 3.403 Collecting MarkupSafe>=2.0 (from Jinja2>=3.1.2->flask==3.1.0->-r requirements.txt (line 1))
#9 3.413   Downloading markupsafe-3.0.3-cp313-cp313-manylinux2014_aarch64.manylinux_2_17_aarch64.manylinux_2_28_aarch64.whl.metadata (2.7 kB)
#9 3.465 Collecting typing-extensions>=4.6 (from psycopg-pool->psycopg[binary,pool]==3.2.3->-r requirements.txt (line 2))
#9 3.473   Downloading typing_extensions-4.16.0-py3-none-any.whl.metadata (3.3 kB)
#9 3.483 Downloading flask-3.1.0-py3-none-any.whl (102 kB)
#9 3.498 Downloading psycopg-3.2.3-py3-none-any.whl (197 kB)
#9 3.556 Downloading pillow-11.3.0-cp313-cp313-manylinux_2_27_aarch64.manylinux_2_28_aarch64.whl (6.0 MB)
#9 5.152    ━━━━━━━━━━━━━━━━━━━━━━━━━━━━━━━━━━━━━━━━ 6.0/6.0 MB 3.7 MB/s  0:00:01
#9 5.163 Downloading gunicorn-23.0.0-py3-none-any.whl (85 kB)
#9 5.189 Downloading fonttools-4.64.0-cp313-cp313-manylinux2014_aarch64.manylinux_2_17_aarch64.manylinux_2_28_aarch64.whl (5.4 MB)
#9 8.205    ━━━━━━━━━━━━━━━━━━━━━━━━━━━━━━━━━━━━━━━━ 5.4/5.4 MB 1.7 MB/s  0:00:03
#9 8.217 Downloading Brotli-1.1.0-cp313-cp313-manylinux_2_17_aarch64.manylinux2014_aarch64.whl (2.9 MB)
#9 9.297    ━━━━━━━━━━━━━━━━━━━━━━━━━━━━━━━━━━━━━━━━ 2.9/2.9 MB 2.6 MB/s  0:00:01
#9 9.308 Downloading psycopg_binary-3.2.3-cp313-cp313-manylinux_2_17_aarch64.manylinux2014_aarch64.whl (4.4 MB)
#9 10.27    ━━━━━━━━━━━━━━━━━━━━━━━━━━━━━━━━━━━━━━━━ 4.4/4.4 MB 4.6 MB/s  0:00:00
#9 10.29 Downloading blinker-1.9.0-py3-none-any.whl (8.5 kB)
#9 10.30 Downloading click-8.5.0-py3-none-any.whl (125 kB)
#9 10.32 Downloading itsdangerous-2.2.0-py3-none-any.whl (16 kB)
#9 10.33 Downloading jinja2-3.1.6-py3-none-any.whl (134 kB)
#9 10.36 Downloading markupsafe-3.0.3-cp313-cp313-manylinux2014_aarch64.manylinux_2_17_aarch64.manylinux_2_28_aarch64.whl (24 kB)
#9 10.38 Downloading werkzeug-3.1.8-py3-none-any.whl (226 kB)
#9 10.41 Downloading packaging-26.3-py3-none-any.whl (129 kB)
#9 10.43 Downloading psycopg_pool-3.3.1-py3-none-any.whl (40 kB)
#9 10.47 Downloading typing_extensions-4.16.0-py3-none-any.whl (45 kB)
#9 10.60 Installing collected packages: brotli, typing-extensions, psycopg-binary, psycopg, pillow, packaging, MarkupSafe, itsdangerous, fonttools, click, blinker, Werkzeug, psycopg-pool, Jinja2, gunicorn, flask
#9 11.98 
#9 11.98 Successfully installed Jinja2-3.1.6 MarkupSafe-3.0.3 Werkzeug-3.1.8 blinker-1.9.0 brotli-1.1.0 click-8.5.0 flask-3.1.0 fonttools-4.64.0 gunicorn-23.0.0 itsdangerous-2.2.0 packaging-26.3 pillow-11.3.0 psycopg-3.2.3 psycopg-binary-3.2.3 psycopg-pool-3.3.1 typing-extensions-4.16.0
#9 11.98 WARNING: Running pip as the 'root' user can result in broken permissions and conflicting behaviour with the system package manager, possibly rendering your system unusable. It is recommended to use a virtual environment instead: https://pip.pypa.io/warnings/venv. Use the --root-user-action option if you know what you are doing and want to suppress this warning.
#9 DONE 12.1s

#10 [ 6/11] COPY app ./app
#10 DONE 0.0s

#11 [ 7/11] COPY static ./static
#11 DONE 0.0s

#12 [ 8/11] COPY migrations ./migrations
#12 DONE 0.0s

#13 [ 9/11] COPY scripts ./scripts
#13 DONE 0.0s

#14 [10/11] COPY entrypoint.sh run.py wsgi.py ./
#14 DONE 0.0s

#15 [11/11] RUN chmod +x entrypoint.sh  && python3 scripts/fetch_fonts.py  && python3 scripts/build_assets.py  && python3 -c "import sys; sys.path.insert(0, '/app'); import app.main; print('import ok')"  && ls -la /app/static/fonts /app/static/media
#15 0.368 font: kept existing cirrus-display.woff2 67444 bytes
#15 0.369 font: kept existing cirrus-text.woff2 48568 bytes
#15 1.403 import ok
#15 1.432 /app/static/fonts:
#15 1.432 total 128
#15 1.432 drwxr-xr-x 2 root root  4096 Sep 18 10:56 .
#15 1.432 drwxr-xr-x 1 root root  4096 Sep 18 10:56 ..
#15 1.432 -rw-r--r-- 1 root root 67444 Sep 15 14:30 cirrus-display.woff2
#15 1.432 -rw-r--r-- 1 root root 48568 Sep 15 14:30 cirrus-text.woff2
#15 1.432 
#15 1.432 /app/static/media:
#15 1.432 total 72
#15 1.432 drwxr-xr-x 1 root root  4096 Sep 17 19:47 .
#15 1.432 drwxr-xr-x 1 root root  4096 Sep 18 10:56 ..
#15 1.432 -rw-r--r-- 1 root root 37070 Sep 18 10:57 grain.png
#15 1.432 -rw-r--r-- 1 root root 13731 Sep 18 10:57 share.png
#15 DONE 1.4s

#16 exporting to image
#16 exporting layers
#16 exporting layers 1.8s done
#16 exporting manifest sha256:03cd8450988c548c75f0e241afdb7f2bc02892e4f282dedbd2239672db19dfa6
#16 exporting manifest sha256:03cd8450988c548c75f0e241afdb7f2bc02892e4f282dedbd2239672db19dfa6 done
#16 exporting config sha256:ab03e94dc9b8e80437b3ea3257ec88bfd263065f2382b9e16e461ec969a626c7 done
#16 exporting attestation manifest sha256:bd475b820899e471dcdf94830e13f66bffc9247819ddb5f09c28ff4aa49485a1 done
#16 exporting manifest list sha256:265a642744dee3b5a5b2231b5294ebb0961fe424d4100b750b9a4f7299c66d52 done
#16 naming to docker.io/library/deku-fresh-app-1b21d4ac-055a-52e7-b754-0620f337b0d4:latest done
#16 unpacking to docker.io/library/deku-fresh-app-1b21d4ac-055a-52e7-b754-0620f337b0d4:latest
#16 unpacking to docker.io/library/deku-fresh-app-1b21d4ac-055a-52e7-b754-0620f337b0d4:latest 0.4s done
#16 DONE 2.2s

