exit=0

--- stdout ---

--- stderr ---
#0 building with "desktop-linux" instance using docker driver

#1 [internal] load build definition from Dockerfile
#1 transferring dockerfile: 600B done
#1 DONE 0.0s

#2 [internal] load metadata for docker.io/library/python:3.12-slim
#2 DONE 0.4s

#3 [internal] load .dockerignore
#3 transferring context: 179B done
#3 DONE 0.0s

#4 [internal] load build context
#4 transferring context: 432.57kB 0.0s done
#4 DONE 0.0s

#5 [1/8] FROM docker.io/library/python:3.12-slim@sha256:78387bc3881b8273120a12ebe6c1ab22b018ccc2c9adf565ae1ac9b536e184ea
#5 resolve docker.io/library/python:3.12-slim@sha256:78387bc3881b8273120a12ebe6c1ab22b018ccc2c9adf565ae1ac9b536e184ea 0.0s done
#5 DONE 0.0s

#6 [2/8] WORKDIR /app
#6 CACHED

#7 [3/8] COPY requirements.txt ./
#7 DONE 0.0s

#8 [4/8] RUN pip install --no-cache-dir -r requirements.txt
#8 1.063 Collecting flask==3.1.2 (from -r requirements.txt (line 1))
#8 1.122   Downloading flask-3.1.2-py3-none-any.whl.metadata (3.2 kB)
#8 1.143 Collecting gunicorn==23.0.0 (from -r requirements.txt (line 2))
#8 1.158   Downloading gunicorn-23.0.0-py3-none-any.whl.metadata (4.4 kB)
#8 1.175 Collecting psycopg==3.2.12 (from psycopg[binary]==3.2.12->-r requirements.txt (line 3))
#8 1.183   Downloading psycopg-3.2.12-py3-none-any.whl.metadata (4.5 kB)
#8 1.318 Collecting Pillow==11.3.0 (from -r requirements.txt (line 4))
#8 1.327   Downloading pillow-11.3.0-cp312-cp312-manylinux_2_27_aarch64.manylinux_2_28_aarch64.whl.metadata (9.0 kB)
#8 1.342 Collecting blinker>=1.9.0 (from flask==3.1.2->-r requirements.txt (line 1))
#8 1.350   Downloading blinker-1.9.0-py3-none-any.whl.metadata (1.6 kB)
#8 1.367 Collecting click>=8.1.3 (from flask==3.1.2->-r requirements.txt (line 1))
#8 1.374   Downloading click-8.5.0-py3-none-any.whl.metadata (2.6 kB)
#8 1.396 Collecting itsdangerous>=2.2.0 (from flask==3.1.2->-r requirements.txt (line 1))
#8 1.402   Downloading itsdangerous-2.2.0-py3-none-any.whl.metadata (1.9 kB)
#8 1.417 Collecting jinja2>=3.1.2 (from flask==3.1.2->-r requirements.txt (line 1))
#8 1.423   Downloading jinja2-3.1.6-py3-none-any.whl.metadata (2.9 kB)
#8 1.458 Collecting markupsafe>=2.1.1 (from flask==3.1.2->-r requirements.txt (line 1))
#8 1.464   Downloading markupsafe-3.0.3-cp312-cp312-manylinux2014_aarch64.manylinux_2_17_aarch64.manylinux_2_28_aarch64.whl.metadata (2.7 kB)
#8 1.482 Collecting werkzeug>=3.1.0 (from flask==3.1.2->-r requirements.txt (line 1))
#8 1.489   Downloading werkzeug-3.1.8-py3-none-any.whl.metadata (4.0 kB)
#8 1.504 Collecting packaging (from gunicorn==23.0.0->-r requirements.txt (line 2))
#8 1.516   Downloading packaging-26.3-py3-none-any.whl.metadata (3.5 kB)
#8 1.532 Collecting typing-extensions>=4.6 (from psycopg==3.2.12->psycopg[binary]==3.2.12->-r requirements.txt (line 3))
#8 1.539   Downloading typing_extensions-4.16.0-py3-none-any.whl.metadata (3.3 kB)
#8 1.635 Collecting psycopg-binary==3.2.12 (from psycopg[binary]==3.2.12->-r requirements.txt (line 3))
#8 1.647   Downloading psycopg_binary-3.2.12-cp312-cp312-manylinux2014_aarch64.manylinux_2_17_aarch64.whl.metadata (2.9 kB)
#8 1.666 Downloading flask-3.1.2-py3-none-any.whl (103 kB)
#8 1.686 Downloading gunicorn-23.0.0-py3-none-any.whl (85 kB)
#8 1.697 Downloading psycopg-3.2.12-py3-none-any.whl (206 kB)
#8 1.712 Downloading pillow-11.3.0-cp312-cp312-manylinux_2_27_aarch64.manylinux_2_28_aarch64.whl (6.0 MB)
#8 1.905    ━━━━━━━━━━━━━━━━━━━━━━━━━━━━━━━━━━━━━━━━ 6.0/6.0 MB 31.0 MB/s eta 0:00:00
#8 1.914 Downloading psycopg_binary-3.2.12-cp312-cp312-manylinux2014_aarch64.manylinux_2_17_aarch64.whl (4.6 MB)
#8 2.040    ━━━━━━━━━━━━━━━━━━━━━━━━━━━━━━━━━━━━━━━━ 4.6/4.6 MB 37.2 MB/s eta 0:00:00
#8 2.049 Downloading blinker-1.9.0-py3-none-any.whl (8.5 kB)
#8 2.061 Downloading click-8.5.0-py3-none-any.whl (125 kB)
#8 2.071 Downloading itsdangerous-2.2.0-py3-none-any.whl (16 kB)
#8 2.078 Downloading jinja2-3.1.6-py3-none-any.whl (134 kB)
#8 2.094 Downloading markupsafe-3.0.3-cp312-cp312-manylinux2014_aarch64.manylinux_2_17_aarch64.manylinux_2_28_aarch64.whl (24 kB)
#8 2.104 Downloading typing_extensions-4.16.0-py3-none-any.whl (45 kB)
#8 2.110 Downloading werkzeug-3.1.8-py3-none-any.whl (226 kB)
#8 2.123 Downloading packaging-26.3-py3-none-any.whl (129 kB)
#8 2.157 Installing collected packages: typing-extensions, psycopg-binary, Pillow, packaging, markupsafe, itsdangerous, click, blinker, werkzeug, psycopg, jinja2, gunicorn, flask
#8 2.986 Successfully installed Pillow-11.3.0 blinker-1.9.0 click-8.5.0 flask-3.1.2 gunicorn-23.0.0 itsdangerous-2.2.0 jinja2-3.1.6 markupsafe-3.0.3 packaging-26.3 psycopg-3.2.12 psycopg-binary-3.2.12 typing-extensions-4.16.0 werkzeug-3.1.8
#8 2.986 WARNING: Running pip as the 'root' user can result in broken permissions and conflicting behaviour with the system package manager, possibly rendering your system unusable. It is recommended to use a virtual environment instead: https://pip.pypa.io/warnings/venv. Use the --root-user-action option if you know what you are doing and want to suppress this warning.
#8 3.069 
#8 3.069 [notice] A new release of pip is available: 25.0.1 -> 26.2.1
#8 3.069 [notice] To update, run: pip install --upgrade pip
#8 DONE 3.2s

#9 [5/8] COPY app.py config.py db.py images.py records.py ./
#9 DONE 0.0s

#10 [6/8] COPY templates ./templates
#10 DONE 0.0s

#11 [7/8] COPY static ./static
#11 DONE 0.0s

#12 [8/8] COPY assets ./assets
#12 DONE 0.0s

#13 exporting to image
#13 exporting layers
#13 exporting layers 1.1s done
#13 exporting manifest sha256:7dc9b2a11522c59a42ebfd9eea8a2f47c750cb679eb709fd4be83ed66f479b1e done
#13 exporting config sha256:08799ced718266734e34b19f311666bc759bd57eefff1cda41c0822a5b97eefc done
#13 exporting attestation manifest sha256:0d23d084229147cb35a67027736a04960e1c131acf3e1483b11a3fbe9952cf86 done
#13 exporting manifest list sha256:5aae467953ccbe2361e8608b7fb32c9aa8bd7f439e37aa2281676e3957b21ea8 done
#13 naming to docker.io/library/deku-fresh-app-1b21d4ac-055a-52e7-b754-0620f337b0d4:latest done
#13 unpacking to docker.io/library/deku-fresh-app-1b21d4ac-055a-52e7-b754-0620f337b0d4:latest
#13 unpacking to docker.io/library/deku-fresh-app-1b21d4ac-055a-52e7-b754-0620f337b0d4:latest 0.2s done
#13 DONE 1.4s

 [33m1 warning found (use docker --debug to expand):
[0m - SecretsUsedInArgOrEnv: Do not use ARG or ENV instructions for sensitive data (ENV "CIRRUS_DEMO_PASSWORD") (line 19)

