exit=0

--- stdout ---

--- stderr ---
#0 building with "default" instance using docker driver

#1 [internal] load build definition from Dockerfile
#1 DONE 0.0s

#1 [internal] load build definition from Dockerfile
#1 transferring dockerfile: 1.29kB done
#1 DONE 0.0s

#2 [internal] load metadata for docker.io/library/node:20-bookworm-slim
#2 DONE 1.1s

#3 [internal] load .dockerignore
#3 transferring context: 191B done
#3 DONE 0.0s

#4 [1/8] FROM docker.io/library/node:20-bookworm-slim@sha256:2cf067cfed83d5ea958367df9f966191a942351a2df77d6f0193e162b5febfc0
#4 CACHED

#5 [internal] load build context
#5 transferring context: 563.36kB done
#5 DONE 0.0s

#6 [2/8] RUN apt-get update   && apt-get install -y --no-install-recommends ca-certificates curl openssl tini   && rm -rf /var/lib/apt/lists/*
#6 0.263 Get:1 http://deb.debian.org/debian bookworm InRelease [151 kB]
#6 0.268 Get:2 http://deb.debian.org/debian bookworm-updates InRelease [55.4 kB]
#6 0.268 Get:3 http://deb.debian.org/debian-security bookworm-security InRelease [34.8 kB]
#6 0.307 Get:4 http://deb.debian.org/debian bookworm/main arm64 Packages [8689 kB]
#6 0.340 Get:5 http://deb.debian.org/debian bookworm-updates/main arm64 Packages [6936 B]
#6 0.371 Get:6 http://deb.debian.org/debian-security bookworm-security/main arm64 Packages [337 kB]
#6 1.034 Fetched 9275 kB in 1s (12.0 MB/s)
#6 1.034 Reading package lists...
#6 1.436 Reading package lists...
#6 1.831 Building dependency tree...
#6 1.950 Reading state information...
#6 2.097 The following additional packages will be installed:
#6 2.097   libbrotli1 libcurl4 libgssapi-krb5-2 libk5crypto3 libkeyutils1 libkrb5-3
#6 2.097   libkrb5support0 libldap-2.5-0 libnghttp2-14 libpsl5 librtmp1 libsasl2-2
#6 2.098   libsasl2-modules-db libssh2-1 libssl3
#6 2.098 Suggested packages:
#6 2.098   krb5-doc krb5-user
#6 2.098 Recommended packages:
#6 2.098   krb5-locales libldap-common publicsuffix libsasl2-modules
#6 2.204 The following NEW packages will be installed:
#6 2.204   ca-certificates curl libbrotli1 libcurl4 libgssapi-krb5-2 libk5crypto3
#6 2.205   libkeyutils1 libkrb5-3 libkrb5support0 libldap-2.5-0 libnghttp2-14 libpsl5
#6 2.205   librtmp1 libsasl2-2 libsasl2-modules-db libssh2-1 libssl3 openssl tini
#6 2.217 0 upgraded, 19 newly installed, 0 to remove and 14 not upgraded.
#6 2.217 Need to get 5728 kB of archives.
#6 2.217 After this operation, 15.8 MB of additional disk space will be used.
#6 2.217 Get:1 http://deb.debian.org/debian bookworm/main arm64 libssl3 arm64 3.0.20-1~deb12u2 [1824 kB]
#6 2.225 Get:2 http://deb.debian.org/debian bookworm/main arm64 openssl arm64 3.0.20-1~deb12u2 [1405 kB]
#6 2.230 Get:3 http://deb.debian.org/debian-security bookworm-security/main arm64 ca-certificates all 20250419~deb12u1 [162 kB]
#6 2.230 Get:4 http://deb.debian.org/debian bookworm/main arm64 libbrotli1 arm64 1.0.9-2+b6 [269 kB]
#6 2.231 Get:5 http://deb.debian.org/debian bookworm/main arm64 libkrb5support0 arm64 1.20.1-2+deb12u5 [32.6 kB]
#6 2.231 Get:6 http://deb.debian.org/debian bookworm/main arm64 libk5crypto3 arm64 1.20.1-2+deb12u5 [79.9 kB]
#6 2.231 Get:7 http://deb.debian.org/debian bookworm/main arm64 libkeyutils1 arm64 1.6.3-2 [8844 B]
#6 2.231 Get:8 http://deb.debian.org/debian bookworm/main arm64 libkrb5-3 arm64 1.20.1-2+deb12u5 [316 kB]
#6 2.233 Get:9 http://deb.debian.org/debian bookworm/main arm64 libgssapi-krb5-2 arm64 1.20.1-2+deb12u5 [124 kB]
#6 2.233 Get:10 http://deb.debian.org/debian bookworm/main arm64 libsasl2-modules-db arm64 2.1.28+dfsg-10 [20.8 kB]
#6 2.233 Get:11 http://deb.debian.org/debian bookworm/main arm64 libsasl2-2 arm64 2.1.28+dfsg-10 [58.0 kB]
#6 2.236 Get:12 http://deb.debian.org/debian bookworm/main arm64 libldap-2.5-0 arm64 2.5.13+dfsg-5 [171 kB]
#6 2.236 Get:13 http://deb.debian.org/debian bookworm/main arm64 libnghttp2-14 arm64 1.52.0-1+deb12u3 [69.0 kB]
#6 2.237 Get:14 http://deb.debian.org/debian bookworm/main arm64 libpsl5 arm64 0.21.2-1 [58.6 kB]
#6 2.237 Get:15 http://deb.debian.org/debian bookworm/main arm64 librtmp1 arm64 2.4+20151223.gitfa8646d.1-2+b2 [59.4 kB]
#6 2.237 Get:16 http://deb.debian.org/debian-security bookworm-security/main arm64 libssh2-1 arm64 1.10.0-3+deb12u1 [169 kB]
#6 2.238 Get:17 http://deb.debian.org/debian bookworm/main arm64 libcurl4 arm64 7.88.1-10+deb12u15 [367 kB]
#6 2.239 Get:18 http://deb.debian.org/debian bookworm/main arm64 curl arm64 7.88.1-10+deb12u15 [310 kB]
#6 2.241 Get:19 http://deb.debian.org/debian bookworm/main arm64 tini arm64 0.19.0-1+b3 [224 kB]
#6 2.317 debconf: delaying package configuration, since apt-utils is not installed
#6 2.338 Fetched 5728 kB in 0s (177 MB/s)
#6 2.351 Selecting previously unselected package libssl3:arm64.
#6 2.351 (Reading database ... 
(Reading database ... 5%
(Reading database ... 10%
(Reading database ... 15%
(Reading database ... 20%
(Reading database ... 25%
(Reading database ... 30%
(Reading database ... 35%
(Reading database ... 40%
(Reading database ... 45%
(Reading database ... 50%
(Reading database ... 55%
(Reading database ... 60%
(Reading database ... 65%
(Reading database ... 70%
(Reading database ... 75%
(Reading database ... 80%
(Reading database ... 85%
(Reading database ... 90%
(Reading database ... 95%
(Reading database ... 100%
(Reading database ... 6090 files and directories currently installed.)
#6 2.354 Preparing to unpack .../00-libssl3_3.0.20-1~deb12u2_arm64.deb ...
#6 2.356 Unpacking libssl3:arm64 (3.0.20-1~deb12u2) ...
#6 2.443 Selecting previously unselected package openssl.
#6 2.444 Preparing to unpack .../01-openssl_3.0.20-1~deb12u2_arm64.deb ...
#6 2.445 Unpacking openssl (3.0.20-1~deb12u2) ...
#6 2.515 Selecting previously unselected package ca-certificates.
#6 2.516 Preparing to unpack .../02-ca-certificates_20250419~deb12u1_all.deb ...
#6 2.517 Unpacking ca-certificates (20250419~deb12u1) ...
#6 2.541 Selecting previously unselected package libbrotli1:arm64.
#6 2.542 Preparing to unpack .../03-libbrotli1_1.0.9-2+b6_arm64.deb ...
#6 2.543 Unpacking libbrotli1:arm64 (1.0.9-2+b6) ...
#6 2.567 Selecting previously unselected package libkrb5support0:arm64.
#6 2.568 Preparing to unpack .../04-libkrb5support0_1.20.1-2+deb12u5_arm64.deb ...
#6 2.569 Unpacking libkrb5support0:arm64 (1.20.1-2+deb12u5) ...
#6 2.582 Selecting previously unselected package libk5crypto3:arm64.
#6 2.583 Preparing to unpack .../05-libk5crypto3_1.20.1-2+deb12u5_arm64.deb ...
#6 2.584 Unpacking libk5crypto3:arm64 (1.20.1-2+deb12u5) ...
#6 2.599 Selecting previously unselected package libkeyutils1:arm64.
#6 2.600 Preparing to unpack .../06-libkeyutils1_1.6.3-2_arm64.deb ...
#6 2.601 Unpacking libkeyutils1:arm64 (1.6.3-2) ...
#6 2.613 Selecting previously unselected package libkrb5-3:arm64.
#6 2.614 Preparing to unpack .../07-libkrb5-3_1.20.1-2+deb12u5_arm64.deb ...
#6 2.615 Unpacking libkrb5-3:arm64 (1.20.1-2+deb12u5) ...
#6 2.644 Selecting previously unselected package libgssapi-krb5-2:arm64.
#6 2.645 Preparing to unpack .../08-libgssapi-krb5-2_1.20.1-2+deb12u5_arm64.deb ...
#6 2.646 Unpacking libgssapi-krb5-2:arm64 (1.20.1-2+deb12u5) ...
#6 2.661 Selecting previously unselected package libsasl2-modules-db:arm64.
#6 2.662 Preparing to unpack .../09-libsasl2-modules-db_2.1.28+dfsg-10_arm64.deb ...
#6 2.663 Unpacking libsasl2-modules-db:arm64 (2.1.28+dfsg-10) ...
#6 2.675 Selecting previously unselected package libsasl2-2:arm64.
#6 2.676 Preparing to unpack .../10-libsasl2-2_2.1.28+dfsg-10_arm64.deb ...
#6 2.677 Unpacking libsasl2-2:arm64 (2.1.28+dfsg-10) ...
#6 2.691 Selecting previously unselected package libldap-2.5-0:arm64.
#6 2.692 Preparing to unpack .../11-libldap-2.5-0_2.5.13+dfsg-5_arm64.deb ...
#6 2.693 Unpacking libldap-2.5-0:arm64 (2.5.13+dfsg-5) ...
#6 2.712 Selecting previously unselected package libnghttp2-14:arm64.
#6 2.713 Preparing to unpack .../12-libnghttp2-14_1.52.0-1+deb12u3_arm64.deb ...
#6 2.714 Unpacking libnghttp2-14:arm64 (1.52.0-1+deb12u3) ...
#6 2.729 Selecting previously unselected package libpsl5:arm64.
#6 2.729 Preparing to unpack .../13-libpsl5_0.21.2-1_arm64.deb ...
#6 2.730 Unpacking libpsl5:arm64 (0.21.2-1) ...
#6 2.744 Selecting previously unselected package librtmp1:arm64.
#6 2.745 Preparing to unpack .../14-librtmp1_2.4+20151223.gitfa8646d.1-2+b2_arm64.deb ...
#6 2.746 Unpacking librtmp1:arm64 (2.4+20151223.gitfa8646d.1-2+b2) ...
#6 2.760 Selecting previously unselected package libssh2-1:arm64.
#6 2.761 Preparing to unpack .../15-libssh2-1_1.10.0-3+deb12u1_arm64.deb ...
#6 2.762 Unpacking libssh2-1:arm64 (1.10.0-3+deb12u1) ...
#6 2.781 Selecting previously unselected package libcurl4:arm64.
#6 2.782 Preparing to unpack .../16-libcurl4_7.88.1-10+deb12u15_arm64.deb ...
#6 2.783 Unpacking libcurl4:arm64 (7.88.1-10+deb12u15) ...
#6 2.809 Selecting previously unselected package curl.
#6 2.810 Preparing to unpack .../17-curl_7.88.1-10+deb12u15_arm64.deb ...
#6 2.811 Unpacking curl (7.88.1-10+deb12u15) ...
#6 2.834 Selecting previously unselected package tini.
#6 2.835 Preparing to unpack .../18-tini_0.19.0-1+b3_arm64.deb ...
#6 2.836 Unpacking tini (0.19.0-1+b3) ...
#6 2.861 Setting up libkeyutils1:arm64 (1.6.3-2) ...
#6 2.864 Setting up libpsl5:arm64 (0.21.2-1) ...
#6 2.868 Setting up libbrotli1:arm64 (1.0.9-2+b6) ...
#6 2.873 Setting up libssl3:arm64 (3.0.20-1~deb12u2) ...
#6 2.880 Setting up libnghttp2-14:arm64 (1.52.0-1+deb12u3) ...
#6 2.887 Setting up libkrb5support0:arm64 (1.20.1-2+deb12u5) ...
#6 2.896 Setting up libsasl2-modules-db:arm64 (2.1.28+dfsg-10) ...
#6 2.904 Setting up librtmp1:arm64 (2.4+20151223.gitfa8646d.1-2+b2) ...
#6 2.913 Setting up tini (0.19.0-1+b3) ...
#6 2.921 Setting up libk5crypto3:arm64 (1.20.1-2+deb12u5) ...
#6 2.929 Setting up libsasl2-2:arm64 (2.1.28+dfsg-10) ...
#6 2.938 Setting up libssh2-1:arm64 (1.10.0-3+deb12u1) ...
#6 2.947 Setting up libkrb5-3:arm64 (1.20.1-2+deb12u5) ...
#6 2.956 Setting up openssl (3.0.20-1~deb12u2) ...
#6 2.968 Setting up libldap-2.5-0:arm64 (2.5.13+dfsg-5) ...
#6 2.977 Setting up ca-certificates (20250419~deb12u1) ...
#6 3.023 debconf: unable to initialize frontend: Dialog
#6 3.023 debconf: (TERM is not set, so the dialog frontend is not usable.)
#6 3.023 debconf: falling back to frontend: Readline
#6 3.023 debconf: unable to initialize frontend: Readline
#6 3.023 debconf: (Can't locate Term/ReadLine.pm in @INC (you may need to install the Term::ReadLine module) (@INC contains: /etc/perl /usr/local/lib/aarch64-linux-gnu/perl/5.36.0 /usr/local/share/perl/5.36.0 /usr/lib/aarch64-linux-gnu/perl5/5.36 /usr/share/perl5 /usr/lib/aarch64-linux-gnu/perl-base /usr/lib/aarch64-linux-gnu/perl/5.36 /usr/share/perl/5.36 /usr/local/lib/site_perl) at /usr/share/perl5/Debconf/FrontEnd/Readline.pm line 7.)
#6 3.023 debconf: falling back to frontend: Teletype
#6 3.247 Updating certificates in /etc/ssl/certs...
#6 3.576 150 added, 0 removed; done.
#6 3.599 Setting up libgssapi-krb5-2:arm64 (1.20.1-2+deb12u5) ...
#6 3.608 Setting up libcurl4:arm64 (7.88.1-10+deb12u15) ...
#6 3.618 Setting up curl (7.88.1-10+deb12u15) ...
#6 3.627 Processing triggers for libc-bin (2.36-9+deb12u13) ...
#6 3.641 Processing triggers for ca-certificates (20250419~deb12u1) ...
#6 3.646 Updating certificates in /etc/ssl/certs...
#6 3.899 0 added, 0 removed; done.
#6 3.899 Running hooks in /etc/ca-certificates/update.d...
#6 3.899 done.
#6 DONE 4.0s

#7 [3/8] WORKDIR /app
#7 DONE 0.0s

#8 [4/8] COPY package.json package-lock.json ./
#8 DONE 0.0s

#9 [5/8] RUN npm ci --no-audit --no-fund
#9 0.652 npm warn EBADENGINE Unsupported engine {
#9 0.652 npm warn EBADENGINE   package: 'undici@8.10.2',
#9 0.652 npm warn EBADENGINE   required: { node: '>=22.19.0' },
#9 0.652 npm warn EBADENGINE   current: { node: 'v20.20.2', npm: '10.8.2' }
#9 0.652 npm warn EBADENGINE }
#9 1.982 npm warn deprecated tsconfck@3.1.6: unmaintained
#9 3.436 
#9 3.436 added 354 packages in 3s
#9 3.437 npm notice
#9 3.437 npm notice New major version of npm available! 10.8.2 -> 12.0.2
#9 3.437 npm notice Changelog: https://github.com/npm/cli/releases/tag/v12.0.2
#9 3.437 npm notice To update run: npm install -g npm@12.0.2
#9 3.437 npm notice
#9 DONE 3.5s

#10 [6/8] COPY . .
#10 DONE 3.7s

#11 [7/8] RUN npm run build
#11 0.365 
#11 0.365 > vela-storefront@1.0.0 build
#11 0.365 > astro build
#11 0.365 
#11 0.723 ▶ Astro collects anonymous usage data.
#11 0.723   This information helps us improve Astro.
#11 0.723   Run "astro telemetry disable" to opt-out.
#11 0.723   https://astro.build/telemetry
#11 0.723 
#11 1.173 07:49:25 [@astrojs/node] Enabling sessions with filesystem storage
#11 1.259 07:49:25 [content] Syncing content
#11 1.262 07:49:25 [content] Synced content
#11 1.262 07:49:25 [types] Generated 72ms
#11 1.262 07:49:25 [build] output: "server"
#11 1.262 07:49:25 [build] mode: "server"
#11 1.262 07:49:25 [build] directory: /app/dist/
#11 1.262 07:49:25 [build] adapter: @astrojs/node
#11 1.263 07:49:25 [build] Collecting build info...
#11 1.263 07:49:25 [build] ✓ Completed in 90ms.
#11 1.264 07:49:25 [build] Building server entrypoints...
#11 2.462 07:49:26 [WARN] [vite] "createResource" and "Suspense" are imported from external module "solid-js" but never used in "src/islands/CartView.jsx".
#11 2.588 07:49:26 [vite] ✓ built in 1.30s
#11 2.588 07:49:26 [build] ✓ Completed in 1.32s.
#11 2.588 
#11 2.588  building client (vite) 
#11 2.596 07:49:26 [vite] transforming...
#11 2.873 07:49:27 [vite] ✓ 30 modules transformed.
#11 2.876 07:49:27 [WARN] [vite] Generated an empty chunk: "ReleaseList.astro_astro_type_script_index_0_lang".
#11 2.894 07:49:27 [vite] rendering chunks...
#11 2.902 07:49:27 [vite] computing gzip size...
#11 2.906 07:49:27 [vite] dist/client/_astro/ReleaseList.astro_astro_type_script_index_0_lang.l0sNRNKZ.js   0.00 kB │ gzip: 0.02 kB
#11 2.906 07:49:27 [vite] dist/client/_astro/index.astro_astro_type_script_index_0_lang.980Lqix6.js         0.16 kB │ gzip: 0.14 kB
#11 2.906 07:49:27 [vite] dist/client/_astro/Shell.astro_astro_type_script_index_0_lang.DQoy-c3p.js         0.44 kB │ gzip: 0.30 kB
#11 2.906 07:49:27 [vite] dist/client/_astro/_handle_.astro_astro_type_script_index_0_lang.C3IaH5W0.js      0.56 kB │ gzip: 0.36 kB
#11 2.906 07:49:27 [vite] dist/client/_astro/_number_.astro_astro_type_script_index_0_lang.Ce0ON3ud.js      0.59 kB │ gzip: 0.42 kB
#11 2.906 07:49:27 [vite] dist/client/_astro/lib.DXTITjc3.js                                                0.96 kB │ gzip: 0.62 kB
#11 2.906 07:49:27 [vite] dist/client/_astro/_serial_.astro_astro_type_script_index_0_lang.IYP5adB5.js      1.02 kB │ gzip: 0.56 kB
#11 2.906 07:49:27 [vite] dist/client/_astro/RegisterRow.9WwbZEyB.js                                        1.84 kB │ gzip: 1.08 kB
#11 2.906 07:49:27 [vite] dist/client/_astro/CameraGrid.C9erXXfP.js                                         1.98 kB │ gzip: 1.02 kB
#11 2.906 07:49:27 [vite] dist/client/_astro/HowItGetsThere.D7lxeVvy.js                                     2.50 kB │ gzip: 1.24 kB
#11 2.906 07:49:27 [vite] dist/client/_astro/AuthForm.ewoHtyla.js                                           2.56 kB │ gzip: 1.18 kB
#11 2.906 07:49:27 [vite] dist/client/_astro/PlaceOrder.BvOJpPM7.js                                         2.82 kB │ gzip: 1.37 kB
#11 2.906 07:49:27 [vite] dist/client/_astro/BuyBox.CJYIsOmc.js                                             4.05 kB │ gzip: 1.86 kB
#11 2.906 07:49:27 [vite] dist/client/_astro/WhereItGoes.CxEt8jXb.js                                        4.14 kB │ gzip: 1.76 kB
#11 2.906 07:49:27 [vite] dist/client/_astro/index.astro_astro_type_script_index_0_lang.DsQoPEkv.js         4.50 kB │ gzip: 1.97 kB
#11 2.906 07:49:27 [vite] dist/client/_astro/CartView.DUW1tpQq.js                                           6.02 kB │ gzip: 2.34 kB
#11 2.906 07:49:27 [vite] dist/client/_astro/client.wUHKqWWg.js                                             6.13 kB │ gzip: 2.56 kB
#11 2.906 07:49:27 [vite] dist/client/_astro/Doctor.DGJxtjrU.js                                            10.13 kB │ gzip: 3.88 kB
#11 2.907 07:49:27 [vite] dist/client/_astro/web.CkcGpwjt.js                                               14.38 kB │ gzip: 5.84 kB
#11 2.907 07:49:27 [vite] ✓ built in 315ms
#11 2.922 
#11 2.922  prerendering static routes 
#11 2.922 07:49:27 ✓ Completed in 11ms.
#11 2.922 
#11 2.922 07:49:27 [build] Rearranging server assets...
#11 2.926 07:49:27 [build] Server built in 1.75s
#11 2.926 07:49:27 [build] Complete!
#11 DONE 3.0s

#12 [8/8] RUN mkdir -p /app/.browser_screenshots /app/.downloads
#12 DONE 0.4s

#13 exporting to image
#13 exporting layers
#13 exporting layers 0.9s done
#13 writing image sha256:00cab207e507c268aa9b5d21516ded2c665df151de1a7cda0d11fbf3e7268ac6 done
#13 naming to docker.io/library/deku-fresh-app-e0f889a5-7a3b-5a05-a837-43ac155857a6:latest done
#13 DONE 0.9s

